[BUILD] Final cleanup (immutable-safe)
[BUILD] Bootstrapping Debian bookworm
[BUILD] Creating Debian base system with mmdebstrap...
I: automatically chosen mode: root
I: chroot architecture amd64 is equal to the host's architecture
I: finding correct signed-by value...
I: automatically chosen format: directory
W: Download is performed unsandboxed as root as file /root/solvionyx-build/solvionyx_build/chroot/var/lib/apt/lists/partial couldn't be accessed by user _apt
I: running apt-get update...
I: downloading packages with apt...
I: extracting archives...
I: installing essential packages...
I: installing remaining packages inside the chroot...
I: cleaning package lists and apt cache...
I: success in 244.1265 seconds
[BUILD] Debian base system created successfully (12.13)
[BUILD] Debootstrap completed, creating mount points...
[BUILD] Mount points created, mounting filesystems...
[BUILD] Mounting /dev...
[BUILD] Mounting /dev/pts...
[BUILD] Mounting /proc...
[BUILD] Mounting /sys...
[BUILD] All chroot filesystems mounted successfully
[BUILD] Ensuring resolv.conf in chroot
[BUILD] Creating temporary directories in chroot...
[BUILD] Setting permissions on temporary directories...
[BUILD] Temporary directories configured
[BUILD] Configuring apt sources + firmware
No diversion 'any diversion of /usr/sbin/update-initramfs', none removed.
Get:1 http://security.debian.org/debian-security bookworm-security InRelease [48.0 kB]
Get:2 http://deb.debian.org/debian bookworm InRelease [151 kB]
Get:3 http://deb.debian.org/debian bookworm-updates InRelease [55.4 kB]
Get:4 http://deb.debian.org/debian bookworm/main amd64 Packages [8792 kB]
Get:5 http://security.debian.org/debian-security bookworm-security/main amd64 Packages [297 kB]
Get:6 http://security.debian.org/debian-security bookworm-security/main Translation-en [182 kB]
Get:7 http://security.debian.org/debian-security bookworm-security/contrib amd64 Packages [896 B]
Get:8 http://security.debian.org/debian-security bookworm-security/contrib Translation-en [652 B]
Get:9 http://security.debian.org/debian-security bookworm-security/non-free-firmware amd64 Packages [688 B]
Get:10 http://security.debian.org/debian-security bookworm-security/non-free-firmware Translation-en [472 B]
Get:11 http://deb.debian.org/debian bookworm/main Translation-en [6108 kB]
Get:12 http://deb.debian.org/debian bookworm/contrib amd64 Packages [53.5 kB]
Get:13 http://deb.debian.org/debian bookworm/contrib Translation-en [48.4 kB]
Get:14 http://deb.debian.org/debian bookworm/non-free amd64 Packages [102 kB]
Get:15 http://deb.debian.org/debian bookworm/non-free Translation-en [68.1 kB]
Get:16 http://deb.debian.org/debian bookworm/non-free-firmware amd64 Packages [6368 B]
Get:17 http://deb.debian.org/debian bookworm/non-free-firmware Translation-en [20.9 kB]
Get:18 http://deb.debian.org/debian bookworm-updates/main amd64 Packages [6924 B]
Get:19 http://deb.debian.org/debian bookworm-updates/main Translation-en [5448 B]
Fetched 15.9 MB in 17s (942 kB/s)
Reading package lists...
Reading package lists...
Building dependency tree...
Reading state information...
The following additional packages will be installed:
  amd64-microcode firmware-amd-graphics firmware-linux-free
  firmware-misc-nonfree intel-microcode iucode-tool
The following NEW packages will be installed:
  amd64-microcode firmware-amd-graphics firmware-iwlwifi firmware-linux
  firmware-linux-free firmware-linux-nonfree firmware-misc-nonfree
  intel-microcode iucode-tool
0 upgraded, 9 newly installed, 0 to remove and 3 not upgraded.
Need to get 47.5 MB of archives.
After this operation, 243 MB of additional disk space will be used.
Get:1 http://deb.debian.org/debian bookworm/non-free-firmware amd64 amd64-microcode amd64 3.20250311.1~deb12u1 [278 kB]
Get:2 http://deb.debian.org/debian bookworm/main amd64 iucode-tool amd64 2.3.1-3 [56.1 kB]
Get:3 http://deb.debian.org/debian bookworm/non-free-firmware amd64 intel-microcode amd64 3.20251111.1~deb12u1 [12.8 MB]
Get:4 http://deb.debian.org/debian bookworm/non-free-firmware amd64 firmware-amd-graphics all 20230210-5 [11.9 MB]
Get:5 http://deb.debian.org/debian bookworm/non-free-firmware amd64 firmware-iwlwifi all 20230210-5 [9336 kB]
Get:6 http://deb.debian.org/debian bookworm/main amd64 firmware-linux-free all 20200122-1 [24.2 kB]
Get:7 http://deb.debian.org/debian bookworm/non-free-firmware amd64 firmware-misc-nonfree all 20230210-5 [13.0 MB]
Get:8 http://deb.debian.org/debian bookworm/non-free-firmware amd64 firmware-linux-nonfree all 20230210-5 [49.5 kB]
Get:9 http://deb.debian.org/debian bookworm/non-free-firmware amd64 firmware-linux all 20230210-5 [49.7 kB]
debconf: delaying package configuration, since apt-utils is not installed
Fetched 47.5 MB in 1min 18s (610 kB/s)
Selecting previously unselected package amd64-microcode.
(Reading database ... (Reading database ... 5%(Reading database ... 10%(Reading database ... 15%(Reading database ... 20%(Reading database ... 25%(Reading database ... 30%(Reading database ... 35%(Reading database ... 40%(Reading database ... 45%(Reading database ... 50%(Reading database ... 55%(Reading database ... 60%(Reading database ... 65%(Reading database ... 70%(Reading database ... 75%(Reading database ... 80%(Reading database ... 85%(Reading database ... 90%(Reading database ... 95%(Reading database ... 100%(Reading database ... 16313 files and directories currently installed.)
Preparing to unpack .../0-amd64-microcode_3.20250311.1~deb12u1_amd64.deb ...
Unpacking amd64-microcode (3.20250311.1~deb12u1) ...
Selecting previously unselected package iucode-tool.
Preparing to unpack .../1-iucode-tool_2.3.1-3_amd64.deb ...
Unpacking iucode-tool (2.3.1-3) ...
Selecting previously unselected package intel-microcode.
Preparing to unpack .../2-intel-microcode_3.20251111.1~deb12u1_amd64.deb ...
Unpacking intel-microcode (3.20251111.1~deb12u1) ...
Selecting previously unselected package firmware-amd-graphics.
Preparing to unpack .../3-firmware-amd-graphics_20230210-5_all.deb ...
Unpacking firmware-amd-graphics (20230210-5) ...
Selecting previously unselected package firmware-iwlwifi.
Preparing to unpack .../4-firmware-iwlwifi_20230210-5_all.deb ...
Unpacking firmware-iwlwifi (20230210-5) ...
Selecting previously unselected package firmware-linux-free.
Preparing to unpack .../5-firmware-linux-free_20200122-1_all.deb ...
Unpacking firmware-linux-free (20200122-1) ...
Selecting previously unselected package firmware-misc-nonfree.
Preparing to unpack .../6-firmware-misc-nonfree_20230210-5_all.deb ...
Unpacking firmware-misc-nonfree (20230210-5) ...
Selecting previously unselected package firmware-linux-nonfree.
Preparing to unpack .../7-firmware-linux-nonfree_20230210-5_all.deb ...
Unpacking firmware-linux-nonfree (20230210-5) ...
Selecting previously unselected package firmware-linux.
Preparing to unpack .../8-firmware-linux_20230210-5_all.deb ...
Unpacking firmware-linux (20230210-5) ...
Setting up firmware-linux-free (20200122-1) ...
Setting up iucode-tool (2.3.1-3) ...
Setting up firmware-iwlwifi (20230210-5) ...
Setting up intel-microcode (3.20251111.1~deb12u1) ...
intel-microcode: microcode will be updated at next boot
Setting up firmware-misc-nonfree (20230210-5) ...
Setting up amd64-microcode (3.20250311.1~deb12u1) ...
amd64-microcode: microcode will be updated at next boot
Setting up firmware-amd-graphics (20230210-5) ...
Setting up firmware-linux-nonfree (20230210-5) ...
Setting up firmware-linux (20230210-5) ...
Processing triggers for initramfs-tools (0.142+deb12u3) ...
update-initramfs: Generating /boot/initrd.img-6.1.0-42-amd64
W: No zstd in /usr/bin:/sbin:/bin, using gzip
[BUILD] Mounting /dev...
[BUILD] Mounting /dev/pts...
[BUILD] Mounting /proc...
[BUILD] Mounting /sys...
[BUILD] All chroot filesystems mounted successfully
[BUILD] Installing base system + desktop + Calamares + live-boot
[BUILD] Executing package installation inside chroot...
===== STARTING PACKAGE INSTALLATION SCRIPT =====
Adding 'local diversion of /usr/sbin/update-initramfs to /usr/sbin/update-initramfs.disabled'
Adding 'local diversion of /sbin/depmod to /sbin/depmod.disabled'
===== UPDATING APT =====
Hit:1 http://security.debian.org/debian-security bookworm-security InRelease
Hit:2 http://deb.debian.org/debian bookworm InRelease
Hit:3 http://deb.debian.org/debian bookworm-updates InRelease
Reading package lists...
===== INSTALLING PACKAGES (this takes 15-30 minutes) =====
Reading package lists...
Building dependency tree...
Reading state information...
0 upgraded, 0 newly installed, 0 to remove and 3 not upgraded.
Package installation attempt 1 of 3...
Reading package lists...
Building dependency tree...
Reading state information...
sudo is already the newest version (1.9.13p3-1+deb12u3).
systemd is already the newest version (252.39-1~deb12u1).
systemd-sysv is already the newest version (252.39-1~deb12u1).
curl is already the newest version (7.88.1-10+deb12u14).
ca-certificates is already the newest version (20230311+deb12u1).
firmware-linux is already the newest version (20230210-5).
firmware-linux-nonfree is already the newest version (20230210-5).
firmware-iwlwifi is already the newest version (20230210-5).
The following additional packages will be installed:
  accountsservice acl adwaita-icon-theme aisleriot alsa-topology-conf
  alsa-ucm-conf alsa-utils anacron apache2-bin apg apparmor appstream
  apt-config-icons aspell aspell-en at-spi2-common at-spi2-core avahi-daemon
  baobab bc bind9-dnsutils bind9-host bind9-libs bluez bluez-obexd bogofilter
  bogofilter-bdb bogofilter-common bolt brasero-common bsd-mailx bsdextrautils
  btrfs-progs bubblewrap busybox bzip2 cdrdao cheese cheese-common
  chrome-gnome-shell coinor-libcbc3 coinor-libcgl1 coinor-libclp1
  coinor-libcoinmp1v5 coinor-libcoinutils3v5 coinor-libosi1v5 colord
  colord-data cpp cpp-12 cracklib-runtime cron cron-daemon-common cups
  cups-browsed cups-client cups-common cups-core-drivers cups-daemon
  cups-filters cups-filters-core-drivers cups-ipp-utils cups-pk-helper
  cups-ppdc cups-server-common dbus-user-session dconf-cli
  dconf-gsettings-backend dconf-service desktop-base desktop-file-utils
  dictionaries-common dirmngr distro-info-data dmidecode dns-root-data
  dnsmasq-base dnsutils docbook-xml dosfstools efibootmgr eject emacsen-common
  enchant-2 eog espeak-ng-data evince evince-common evolution evolution-common
  evolution-data-server evolution-data-server-common
  evolution-plugin-bogofilter evolution-plugin-pstimport evolution-plugins
  exfatprogs exim4-base exim4-config exim4-daemon-light fdisk file file-roller
  firefox-esr five-or-more folks-common fontconfig fontconfig-config
  fonts-cantarell fonts-dejavu fonts-dejavu-core fonts-dejavu-extra
  fonts-droid-fallback fonts-liberation2 fonts-noto-color-emoji
  fonts-noto-mono fonts-opensymbol fonts-quicksand fonts-symbola
  fonts-urw-base35 four-in-a-row fuse3 fwupd-amd64-signed gcr gdisk
  geoclue-2.0 geocode-glib-common gettext-base ghostscript
  gir1.2-accountsservice-1.0 gir1.2-adw-1 gir1.2-atk-1.0 gir1.2-atspi-2.0
  gir1.2-clutter-1.0 gir1.2-cogl-1.0 gir1.2-coglpango-1.0 gir1.2-evince-3.0
  gir1.2-freedesktop gir1.2-gck-1 gir1.2-gcr-3 gir1.2-gdesktopenums-3.0
  gir1.2-gdkpixbuf-2.0 gir1.2-gdm-1.0 gir1.2-geoclue-2.0
  gir1.2-geocodeglib-2.0 gir1.2-glib-2.0 gir1.2-gmenu-3.0
  gir1.2-gnomebluetooth-3.0 gir1.2-gnomedesktop-3.0 gir1.2-gnomedesktop-4.0
  gir1.2-goa-1.0 gir1.2-graphene-1.0 gir1.2-grilo-0.3
  gir1.2-gst-plugins-bad-1.0 gir1.2-gst-plugins-base-1.0 gir1.2-gstreamer-1.0
  gir1.2-gtk-3.0 gir1.2-gtk-4.0 gir1.2-gtkclutter-1.0 gir1.2-gtksource-4
  gir1.2-gweather-4.0 gir1.2-handy-1 gir1.2-harfbuzz-0.0 gir1.2-ibus-1.0
  gir1.2-javascriptcoregtk-4.0 gir1.2-javascriptcoregtk-4.1 gir1.2-json-1.0
  gir1.2-malcontent-0 gir1.2-mediaart-2.0 gir1.2-mutter-11 gir1.2-nm-1.0
  gir1.2-nma-1.0 gir1.2-notify-0.7 gir1.2-packagekitglib-1.0 gir1.2-pango-1.0
  gir1.2-peas-1.0 gir1.2-polkit-1.0 gir1.2-rb-3.0 gir1.2-rest-1.0
  gir1.2-rsvg-2.0 gir1.2-secret-1 gir1.2-shumate-1.0 gir1.2-soup-2.4
  gir1.2-soup-3.0 gir1.2-totem-1.0 gir1.2-totemplparser-1.0 gir1.2-tracker-3.0
  gir1.2-upowerglib-1.0 gir1.2-webkit2-4.0 gir1.2-webkit2-4.1 gir1.2-wnck-3.0
  gjs gkbd-capplet glib-networking glib-networking-common
  glib-networking-services gnome gnome-2048 gnome-accessibility-themes
  gnome-backgrounds gnome-bluetooth-3-common gnome-bluetooth-sendto
  gnome-browser-connector gnome-calculator gnome-calendar gnome-characters
  gnome-chess gnome-clocks gnome-color-manager gnome-contacts
  gnome-control-center gnome-control-center-data gnome-core
  gnome-desktop3-data gnome-disk-utility gnome-font-viewer gnome-games
  gnome-icon-theme gnome-keyring gnome-keyring-pkcs11 gnome-klotski gnome-logs
  gnome-mahjongg gnome-maps gnome-menus gnome-mines gnome-music gnome-nibbles
  gnome-online-accounts gnome-remote-desktop gnome-robots gnome-session
  gnome-session-bin gnome-session-common gnome-settings-daemon
  gnome-settings-daemon-common gnome-shell gnome-shell-common
  gnome-shell-extension-prefs gnome-shell-extensions gnome-software-common
  gnome-sound-recorder gnome-sudoku gnome-sushi gnome-system-monitor
  gnome-taquin gnome-terminal gnome-terminal-data gnome-tetravex
  gnome-text-editor gnome-themes-extra gnome-themes-extra-data gnome-user-docs
  gnome-user-share gnome-video-effects gnome-weather gnupg gnupg-l10n
  gnupg-utils gpg gpg-agent gpg-wks-client gpg-wks-server gpgconf gpgsm
  grilo-plugins-0.3 groff-base grub-common grub-efi-amd64-signed grub2-common
  gsettings-desktop-schemas gsfonts gstreamer1.0-clutter-3.0 gstreamer1.0-gl
  gstreamer1.0-gtk3 gstreamer1.0-libav gstreamer1.0-packagekit
  gstreamer1.0-pipewire gstreamer1.0-plugins-bad gstreamer1.0-plugins-base
  gstreamer1.0-plugins-good gstreamer1.0-plugins-ugly gstreamer1.0-x
  gtk-update-icon-cache gtk2-engines-pixbuf guile-3.0-libs gvfs gvfs-backends
  gvfs-common gvfs-daemons gvfs-fuse gvfs-libs hicolor-icon-theme hitori
  hoichess hunspell-en-us hyphen-en-us i965-va-driver iagno ibus ibus-data
  ibus-gtk ibus-gtk3 ibus-gtk4 iio-sensor-proxy im-config imagemagick-6-common
  intel-media-va-driver inxi ipp-usb iproute2 iso-codes iw javascript-common
  jq kactivities-bin kactivitymanagerd kded5 kio kpackagelauncherqml
  kpackagetool5 kwayland-data kwayland-integration laptop-detect liba52-0.7.4
  libaa1 libaacs0 libabsl20220623 libabw-0.1-1 libaccountsservice0
  libadwaita-1-0 libao-common libao4 libaom3 libapache2-mod-dnssd
  libappstream4 libapr1 libaprutil1 libaprutil1-dbd-sqlite3 libaprutil1-ldap
  libarchive13 libasound2 libasound2-data libaspell15 libass9 libassuan0
  libasyncns0 libatasmart4 libatk-adaptor libatk-bridge2.0-0 libatk1.0-0
  libatkmm-1.6-1v5 libatm1 libatomic1 libatopology2 libatspi2.0-0 libaudio2
  libauthen-sasl-perl libavahi-client3 libavahi-common-data libavahi-common3
  libavahi-core7 libavahi-glib1 libavc1394-0 libavcodec59 libavfilter8
  libavformat59 libavif15 libavutil57 libayatana-appindicator3-1
  libayatana-ido3-0.4-0 libayatana-indicator3-7 libbdplus0 libblas3
  libblockdev-crypto2 libblockdev-fs2 libblockdev-loop2 libblockdev-part-err2
  libblockdev-part2 libblockdev-swap2 libblockdev-utils2 libblockdev2
  libbluetooth3 libbluray2 libboost-filesystem1.74.0 libboost-iostreams1.74.0
  libboost-locale1.74.0 libboost-python1.74.0 libboost-thread1.74.0 libbox2d2
  libbpf1 libbrasero-media3-1 libbrlapi0.8 libbs2b0 libbsd0 libburn4 libcaca0
  libcairo-gobject-perl libcairo-gobject2 libcairo-perl
  libcairo-script-interpreter2 libcairo2 libcairomm-1.0-1v5 libcamel-1.2-64
  libcanberra-gtk3-0 libcanberra-gtk3-module libcanberra-pulse libcanberra0
  libcap2-bin libcbor0.8 libcdio-cdda2 libcdio-paranoia2 libcdio19
  libcdparanoia0 libcdr-0.1-1 libcheese-gtk25 libcheese8 libchromaprint1
  libcjson1 libclone-perl libcloudproviders0 libclucene-contribs1v5
  libclucene-core1v5 libclutter-1.0-0 libclutter-1.0-common
  libclutter-gst-3.0-0 libclutter-gtk-1.0-0 libcmark0.30.2 libcodec2-1.0
  libcogl-common libcogl-pango20 libcogl-path20 libcogl20 libcolamd2
  libcolord-gtk4-1 libcolord2 libcolorhug2 libcrack2 libcue2 libcups2
  libcupsfilters1 libcurl3-gnutls libdaemon0 libdata-dump-perl libdatrie1
  libdav1d6 libdbusmenu-glib4 libdbusmenu-gtk3-4 libdbusmenu-qt5-2
  libdc1394-25 libdca0 libdconf1 libde265-0 libdecor-0-0
  libdecor-0-plugin-1-cairo libdee-1.0-4 libdeflate0 libdirectfb-1.7-7
  libdjvulibre-text libdjvulibre21 libdmapsharing-3.0-2 libdotconf0
  libdouble-conversion3 libdrm-amdgpu1 libdrm-common libdrm-intel1
  libdrm-nouveau2 libdrm-radeon1 libdrm2 libduktape207 libdv4 libdvdnav4
  libdvdread8 libdw1 libe-book-0.1-1 libebackend-1.2-11 libebook-1.2-21
  libebook-contacts-1.2-4 libecal-2.0-2 libedata-book-1.2-27
  libedata-cal-2.0-2 libedataserver-1.2-27 libedataserverui-1.2-4
  libedataserverui4-1.0-0 libedit2 libeditorconfig0 libefiboot1 libefivar1
  libegl-mesa0 libegl1 libelf1 libenchant-2-2 libencode-locale-perl libeot0
  libepoxy0 libept1.6.0 libepubgen-0.1-1 libespeak-ng1 libetonyek-0.1-1
  libevdev2 libevdocument3-4 libevent-2.1-7 libevolution libevview3-3
  libexempi8 libexif12 libexiv2-27 libexttextcat-2.0-0 libexttextcat-data
  libextutils-depends-perl libfaad2 libfftw3-double3 libfftw3-single3
  libfido2-1 libfile-basedir-perl libfile-desktopentry-perl
  libfile-listing-perl libfile-mimeinfo-perl libflac12 libflashrom1
  libflatpak0 libflite1 libfluidsynth3 libfolks-eds26 libfolks26
  libfont-afm-perl libfontconfig1 libfontembed1 libfontenc1 libfreeaptx0
  libfreehand-0.1-1 libfreerdp-server2-2 libfreerdp2-2 libfreetype6
  libfribidi0 libfstrm0 libftdi1-2 libfuse2 libfuse3-3 libfwupd2 libgail-3-0
  libgail-common libgail18 libgav1-1 libgbm1 libgc1 libgcab-1.0-0 libgck-1-0
  libgcr-base-3-1 libgcr-ui-3-1 libgd3 libgdata-common libgdata22
  libgdk-pixbuf-2.0-0 libgdk-pixbuf2.0-bin libgdk-pixbuf2.0-common libgdm1
  libgee-0.8-2 libgeoclue-2-0 libgeocode-glib-2-0 libges-1.0-0 libgexiv2-2
  libgfortran5 libgif7 libgirepository-1.0-1 libgjs0g libgl1 libgl1-mesa-dri
  libglapi-mesa libgles2 libglib-object-introspection-perl libglib-perl
  libglib2.0-0 libglib2.0-bin libglib2.0-data libglibmm-2.4-1v5 libglu1-mesa
  libglvnd0 libglx-mesa0 libglx0 libgme0 libgnome-autoar-0-0
  libgnome-autoar-gtk-0-0 libgnome-bg-4-2 libgnome-bluetooth-3.0-13
  libgnome-bluetooth-ui-3.0-13 libgnome-desktop-3-20 libgnome-desktop-4-2
  libgnome-games-support-1-3 libgnome-games-support-common libgnome-menu-3-0
  libgnome-rr-4-2 libgnomekbd-common libgnomekbd8 libgnutls-dane0
  libgoa-1.0-0b libgoa-1.0-common libgoa-backend-1.0-1 libgom-1.0-0 libgomp1
  libgpgme11 libgpgmepp6 libgphoto2-6 libgphoto2-l10n libgphoto2-port12
  libgpm2 libgpod-common libgpod4 libgraphene-1.0-0 libgraphite2-3
  libgrilo-0.3-0 libgs-common libgs10 libgs10-common libgsf-1-114
  libgsf-1-common libgsf-bin libgsl27 libgslcblas0 libgsm1 libgsound0
  libgspell-1-2 libgspell-1-common libgssdp-1.6-0 libgstreamer-gl1.0-0
  libgstreamer-plugins-bad1.0-0 libgstreamer-plugins-base1.0-0
  libgstreamer1.0-0 libgtk-3-0 libgtk-3-bin libgtk-3-common libgtk-4-1
  libgtk-4-bin libgtk-4-common libgtk2.0-0 libgtk2.0-bin libgtk2.0-common
  libgtk3-perl libgtkmm-3.0-1v5 libgtksourceview-4-0 libgtksourceview-4-common
  libgtksourceview-5-0 libgtksourceview-5-common libgtop-2.0-11
  libgtop2-common libgudev-1.0-0 libgupnp-1.6-0 libgupnp-av-1.0-3
  libgupnp-dlna-2.0-4 libgupnp-igd-1.0-4 libgusb2 libgweather-4-0
  libgweather-4-common libgxps2 libhandy-1-0 libharfbuzz-icu0 libharfbuzz0b
  libheif1 libhfstospell11 libhtml-form-perl libhtml-format-perl
  libhtml-parser-perl libhtml-tagset-perl libhtml-tree-perl
  libhttp-cookies-perl libhttp-daemon-perl libhttp-date-perl
  libhttp-message-perl libhttp-negotiate-perl libhunspell-1.7-0 libhwy1
  libhyphen0 libibus-1.0-5 libical3 libice6 libicu72 libidn12 libiec61883-0
  libieee1284-3 libigdgmm12 libijs-0.35 libimath-3-1-29 libimobiledevice6
  libinput-bin libinput10 libinstpatch-1.0-2 libio-html-perl
  libio-socket-ssl-perl libio-stringy-perl libipc-system-simple-perl
  libiptcdata0 libisl23 libisofs6 libjack-jackd2-0 libjansson4
  libjavascriptcoregtk-4.0-18 libjavascriptcoregtk-4.1-0
  libjavascriptcoregtk-6.0-1 libjaylink0 libjbig0 libjbig2dec0 libjcat1
  libjemalloc2 libjim0.81 libjpeg62-turbo libjq1 libjson-glib-1.0-0
  libjson-glib-1.0-common libjte2 libjxl0.7 libjxr-tools libjxr0 libkate1
  libkf5activities5 libkf5archive-data libkf5archive5 libkf5attica5
  libkf5auth-data libkf5auth5 libkf5authcore5 libkf5codecs-data libkf5codecs5
  libkf5completion-data libkf5completion5 libkf5config-bin libkf5config-data
  libkf5configcore5 libkf5configgui5 libkf5configwidgets-data
  libkf5configwidgets5 libkf5coreaddons-data libkf5coreaddons5 libkf5crash5
  libkf5dbusaddons-bin libkf5dbusaddons-data libkf5dbusaddons5
  libkf5declarative-data libkf5declarative5 libkf5doctools5
  libkf5globalaccel-bin libkf5globalaccel-data libkf5globalaccel5
  libkf5globalaccelprivate5 libkf5guiaddons-bin libkf5guiaddons-data
  libkf5guiaddons5 libkf5i18n-data libkf5i18n5 libkf5iconthemes-bin
  libkf5iconthemes-data libkf5iconthemes5 libkf5itemmodels5
  libkf5itemviews-data libkf5itemviews5 libkf5jobwidgets-data
  libkf5jobwidgets5 libkf5kcmutils-bin libkf5kcmutils-data libkf5kcmutils5
  libkf5kcmutilscore5 libkf5kiocore5 libkf5kiogui5 libkf5kiontlm5
  libkf5kiowidgets5 libkf5kirigami2-5 libkf5newstuffcore5
  libkf5notifications-data libkf5notifications5 libkf5package-data
  libkf5package5 libkf5parts-data libkf5parts-plugins libkf5parts5
  libkf5plasma5 libkf5quickaddons5 libkf5runner5 libkf5service-bin
  libkf5service-data libkf5service5 libkf5solid5 libkf5solid5-data
  libkf5sonnet5-data libkf5sonnetcore5 libkf5sonnetui5 libkf5syndication5abi1
  libkf5textwidgets-data libkf5textwidgets5 libkf5threadweaver5
  libkf5wallet-bin libkf5wallet-data libkf5wallet5 libkf5waylandclient5
  libkf5widgetsaddons-data libkf5widgetsaddons5 libkf5windowsystem-data
  libkf5windowsystem5 libkf5xmlgui-bin libkf5xmlgui-data libkf5xmlgui5
  libkpathsea6 libkpmcore12 libksba8 libkwalletbackend5-5 libkworkspace5-5
  liblangtag-common liblangtag1 liblapack3 liblc3-0 liblcms2-2 libldacbt-abr2
  libldacbt-enc2 libldb2 liblerc4 liblilv-0-0 liblirc-client0 libllvm15
  liblmdb0 liblockfile-bin liblockfile1 liblouis-data liblouis20
  liblouisutdml-bin liblouisutdml-data liblouisutdml9 liblqr-1-0 liblrdf0
  libltc11 libltdl7 liblua5.3-0 liblwp-mediatypes-perl
  liblwp-protocol-https-perl liblzo2-2 libmagic-mgc libmagic1
  libmagickcore-6.q16-6 libmagickcore-6.q16-6-extra libmagickwand-6.q16-6
  libmailtools-perl libmalcontent-0-0 libmalcontent-ui-1-1 libmanette-0.2-0
  libmaxminddb0 libmbedcrypto7 libmbim-glib4 libmbim-proxy libmbim-utils
  libmd4c0 libmediaart-2.0-0 libmfx1 libmhash2 libminiupnpc17
  libmjpegutils-2.1-0 libmm-glib0 libmnl0 libmodplug1 libmozjs-102-0
  libmp3lame0 libmpc3 libmpcdec6 libmpeg2-4 libmpeg2encpp-2.1-0 libmpfr6
  libmpg123-0 libmplex2-2.1-0 libmspub-0.1-1 libmtdev1 libmtp-common
  libmtp-runtime libmtp9 libmutter-11-0 libmwaw-0.3-3 libmysofa1
  libmythes-1.2-0 libnatpmp1 libnautilus-extension4 libncurses6 libncursesw6
  libndp0 libneon27 libnet-dbus-perl libnet-http-perl libnet-smtp-ssl-perl
  libnet-ssleay-perl libnetfilter-conntrack3 libnewt0.52 libnfnetlink0
  libnfs13 libnftables1 libnftnl11 libnice10 libnl-3-200 libnl-genl-3-200
  libnl-route-3-200 libnm0 libnma-common libnma-gtk4-0 libnma0 libnorm1
  libnotify4 libnpth0 libnsl2 libnspr4 libnss-mdns libnss-myhostname libnss3
  libntfs-3g89 libnuma1 libnumbertext-1.0-0 libnumbertext-data liboauth0
  libodfgen-0.1-1 libogg0 libonig5 libopenal-data libopenal1
  libopencore-amrnb0 libopencore-amrwb0 libopenexr-3-1-30 libopengl0
  libopenh264-7 libopenjp2-7 libopenmpt0 libopenni2-0 libopus0 liborc-0.4-0
  liborcus-0.17-0 liborcus-parser-0.17-0 libosinfo-1.0-0 libosinfo-l10n
  libostree-1-1 libpackagekit-glib2-18 libpagemaker-0.0-0 libpam-cap
  libpam-gnome-keyring libpam-systemd libpango-1.0-0 libpangocairo-1.0-0
  libpangoft2-1.0-0 libpangomm-1.4-1v5 libpangoxft-1.0-0 libpaper-utils
  libpaper1 libparted-fs-resize0 libparted2 libpcap0.8 libpcaudio0 libpci3
  libpciaccess0 libpcre2-16-0 libpcsclite1 libpeas-1.0-0 libpeas-common
  libperl4-corelibs-perl libpgm-5.3-0 libphonenumber8 libpipeline1
  libpipewire-0.3-0 libpipewire-0.3-common libpipewire-0.3-modules
  libpixman-1-0 libplacebo208 libplist3 libplymouth5 libpng16-16
  libpocketsphinx3 libpolkit-agent-1-0 libpolkit-gobject-1-0 libpolkit-qt5-1-1
  libpoppler-cpp0v5 libpoppler-glib8 libpoppler126 libpopt0 libportal-gtk3-1
  libportal-gtk4-1 libportal1 libpostproc56 libproc2-0 libprotobuf-c1
  libprotobuf32 libproxy1-plugin-gsettings libproxy1-plugin-networkmanager
  libproxy1-plugin-webkit libproxy1v5 libpst4 libpulse-mainloop-glib0
  libpulse0 libpwquality-common libpwquality1 libpython3-stdlib libpython3.11
  libpython3.11-minimal libpython3.11-stdlib libqca-qt5-2 libqca-qt5-2-plugins
  libqmi-glib5 libqmi-proxy libqmi-utils libqpdf29 libqqwing2v5 libqrencode4
  libqrtr-glib0 libqt5core5a libqt5dbus5 libqt5designer5 libqt5gui5
  libqt5help5 libqt5network5 libqt5positioning5 libqt5printsupport5 libqt5qml5
  libqt5qmlmodels5 libqt5qmlworkerscript5 libqt5quick5 libqt5quickcontrols2-5
  libqt5quickshapes5 libqt5quicktemplates2-5 libqt5quickwidgets5
  libqt5sensors5 libqt5sql5 libqt5sql5-sqlite libqt5svg5 libqt5test5
  libqt5texttospeech5 libqt5waylandclient5 libqt5waylandcompositor5
  libqt5webchannel5 libqt5webkit5 libqt5widgets5 libqt5x11extras5 libqt5xml5
  libquadmath0 libqxp-0.0-0 librabbitmq4 libraptor2-0 librasqal3 librav1e0
  libraw1394-11 libraw20 librdf0 libreadline8 libregexp-ipv6-perl
  libreoffice-base-core libreoffice-calc libreoffice-common libreoffice-core
  libreoffice-draw libreoffice-gnome libreoffice-gtk3 libreoffice-help-common
  libreoffice-help-en-us libreoffice-impress libreoffice-math
  libreoffice-style-colibre libreoffice-style-elementary libreoffice-writer
  librest-1.0-0 librevenge-0.0-0 librhythmbox-core10 librist4 librsvg2-2
  librsvg2-common librubberband2 librygel-core-2.8-0 librygel-db-2.8-0
  librygel-renderer-2.8-0 librygel-renderer-gst-2.8-0 librygel-server-2.8-0
  libsamplerate0 libsane-common libsane1 libsbc1 libsdl2-2.0-0 libsecret-1-0
  libsecret-common libsensors-config libsensors5 libserd-0-0
  libsgutils2-1.46-2 libshine3 libshout3 libshumate-1.0-1 libshumate-common
  libsidplay1v5 libsigc++-2.0-0v5 libslang2 libsm6 libsmbclient libsmbios-c2
  libsnapd-glib-2-1 libsnappy1v5 libsndfile1 libsndio7.0 libsnmp-base
  libsnmp40 libsodium23 libsonic0 libsord-0-0 libsoundtouch1 libsoup-3.0-0
  libsoup-3.0-common libsoup-gnome2.4-1 libsoup2.4-1 libsoup2.4-common
  libsoxr0 libspa-0.2-bluetooth libspa-0.2-modules libspandsp2 libspectre1
  libspeechd2 libspeex1 libsphinxbase3 libsqlite3-0 libsratom-0-0
  libsrt1.5-gnutls libsrtp2-1 libssh-gcrypt-4 libstaroffice-0.0-0
  libstartup-notification0 libstemmer0d libsuitesparseconfig5 libsvtav1enc1
  libswresample4 libswscale6 libsynctex2 libtag1v5 libtag1v5-vanilla
  libtalloc2 libtdb1 libteamdctl0 libtevent0 libtext-iconv-perl libthai-data
  libthai0 libtheora0 libtie-ixhash-perl libtiff6 libtimedate-perl
  libtirpc-common libtirpc3 libtotem-plparser-common libtotem-plparser18
  libtotem0 libtracker-sparql-3.0-0 libtry-tiny-perl libtss2-esys-3.0.2-0
  libtss2-mu0 libtss2-rc0 libtss2-sys1 libtss2-tcti-cmd0 libtss2-tcti-device0
  libtss2-tcti-mssim0 libtss2-tcti-swtpm0 libtss2-tctildr0 libtwolame0
  libuchardet0 libudfread0 libudisks2-0 libunbound8 libunity-protocol-private0
  libunity-scopes-json-def-desktop libunity9 libuno-cppu3
  libuno-cppuhelpergcc3-3 libuno-purpenvhelpergcc3-3 libuno-sal3
  libuno-salhelpergcc3-3 libunwind8 libupower-glib3 liburi-perl libusb-1.0-0
  libusbmuxd6 libuv1 libv4l-0 libv4lconvert0 libva-drm2 libva-x11-2 libva2
  libvdpau-va-gl1 libvdpau1 libvidstab1.1 libvisio-0.1-1 libvisual-0.4-0
  libvo-aacenc0 libvo-amrwbenc0 libvoikko1 libvolume-key1 libvorbis0a
  libvorbisenc2 libvorbisfile3 libvpx7 libvte-2.91-0 libvte-2.91-common
  libvulkan1 libwacom-common libwacom9 libwavpack1 libwayland-client0
  libwayland-cursor0 libwayland-egl1 libwayland-server0 libwbclient0
  libwebkit2gtk-4.0-37 libwebkit2gtk-4.1-0 libwebkitgtk-6.0-4 libwebp7
  libwebpdemux2 libwebpmux3 libwebrtc-audio-processing1 libwildmidi2
  libwinpr2-2 libwireplumber-0.4-0 libwmflite-0.2-7 libwnck-3-0
  libwnck-3-common libwoff1 libwpd-0.10-10 libwpg-0.3-3 libwps-0.4-4 libwrap0
  libwww-perl libwww-robotrules-perl libx11-6 libx11-data libx11-protocol-perl
  libx11-xcb1 libx264-164 libx265-199 libxapian30 libxapp-gtk3-module libxapp1
  libxatracker2 libxau6 libxaw7 libxcb-damage0 libxcb-dri2-0 libxcb-dri3-0
  libxcb-glx0 libxcb-icccm4 libxcb-image0 libxcb-keysyms1 libxcb-present0
  libxcb-randr0 libxcb-record0 libxcb-render-util0 libxcb-render0 libxcb-res0
  libxcb-shape0 libxcb-shm0 libxcb-sync1 libxcb-util1 libxcb-xfixes0
  libxcb-xinerama0 libxcb-xinput0 libxcb-xkb1 libxcb-xv0 libxcb1
  libxcomposite1 libxcursor1 libxcvt0 libxdamage1 libxdmcp6 libxext6
  libxfixes3 libxfont2 libxft2 libxi6 libxinerama1 libxkbcommon-x11-0
  libxkbcommon0 libxkbfile1 libxkbregistry0 libxklavier16 libxml-parser-perl
  libxml-twig-perl libxml-xpathengine-perl libxml2 libxmlb2 libxmlsec1
  libxmlsec1-nss libxmu6 libxmuu1 libxpm4 libxrandr2 libxrender1 libxres1
  libxshmfence1 libxslt1.1 libxss1 libxt6 libxtables12 libxtst6 libxv1
  libxvidcore4 libxvmc1 libxxf86dga1 libxxf86vm1 libyajl2 libyaml-0-2
  libyaml-cpp0.7 libyelp0 libytnef0 libyuv0 libz3-4 libzbar0 libzimg2
  libzmf-0.0-0 libzmq5 libzvbi-common libzvbi0 libzxing2 lightsoff
  linux-image-6.1.0-43-amd64 live-boot-doc live-config-doc live-tools
  lm-sensors low-memory-monitor lp-solve lsb-release lsof lynx lynx-common
  mailcap malcontent malcontent-gui man-db media-player-info media-types
  mesa-utils-bin mesa-va-drivers mesa-vdpau-drivers
  mobile-broadband-provider-info modemmanager mokutil mutter-common
  mythes-en-us nautilus nautilus-data nautilus-extension-gnome-terminal
  netbase netcat-traditional network-manager-gnome node-clipboard
  node-normalize.css node-prismjs notification-daemon ntfs-3g
  ocl-icd-libopencl1 openssh-client orca os-prober osinfo-db p11-kit
  p11-kit-modules p7zip p7zip-full packagekit packagekit-tools parted pci.ids
  pciutils perl-openssl-defaults perl-tk pinentry-curses pinentry-gnome3
  pipewire pipewire-alsa pipewire-audio pipewire-bin pipewire-pulse pkexec
  plymouth-label pocketsphinx-en-us policykit-1-gnome polkitd poppler-data
  poppler-utils ppp procps psmisc python-apt-common python3-apt
  python3-blinker python3-brlapi python3-cairo python3-certifi
  python3-cffi-backend python3-chardet python3-charset-normalizer
  python3-cryptography python3-cups python3-cupshelpers python3-dateutil
  python3-dbus python3-debconf python3-distro python3-distro-info python3-gi
  python3-gi-cairo python3-httplib2 python3-ibus-1.0 python3-idna python3-jwt
  python3-lazr.restfulclient python3-lazr.uri python3-louis python3-mako
  python3-markupsafe python3-minimal python3-oauthlib python3-pkg-resources
  python3-pyatspi python3-pyparsing python3-pyqt5.sip python3-requests
  python3-six python3-smbc python3-software-properties python3-speechd
  python3-uno python3-urllib3 python3-wadllib python3-xdg python3.11
  python3.11-minimal qml-module-org-kde-kcm qml-module-org-kde-kcmutils
  qml-module-org-kde-kirigami2 qml-module-org-kde-kitemmodels
  qml-module-org-kde-newstuff qml-module-org-kde-runnermodel
  qml-module-qtgraphicaleffects qml-module-qtqml qml-module-qtqml-models2
  qml-module-qtquick-controls qml-module-qtquick-controls2
  qml-module-qtquick-layouts qml-module-qtquick-shapes
  qml-module-qtquick-templates2 qml-module-qtquick-window2 qml-module-qtquick2
  qt5-gtk-platformtheme qtspeech5-speechd-plugin qttranslations5-l10n
  qtwayland5 quadrapassel readline-common realmd rhythmbox rhythmbox-data
  rhythmbox-plugin-cdrecorder rhythmbox-plugins rsync rtkit rygel
  rygel-playbin rygel-tracker samba-libs sane-airscan sane-utils seahorse
  sensible-utils sgml-base sgml-data shared-mime-info
  shim-helpers-amd64-signed shim-signed-common shim-unsigned shotwell
  shotwell-common simple-scan software-properties-common
  software-properties-gtk sonnet-plugins sound-icons sound-theme-freedesktop
  speech-dispatcher speech-dispatcher-audio-plugins
  speech-dispatcher-espeak-ng squashfs-tools ssl-cert swell-foop
  switcheroo-control synaptic system-config-printer-common
  system-config-printer-udev systemsettings tali task-desktop tasksel
  tasksel-data timgm6mb-soundfont totem totem-common totem-plugins tpm-udev
  tracker tracker-extract tracker-miner-fs transmission-common
  transmission-gtk tree ucf udisks2 uno-libs-private update-inetd upower ure
  usb-modeswitch usb-modeswitch-data usb.ids usbmuxd usbutils user-setup
  uuid-runtime va-driver-all vdpau-driver-all wamerican webp-pixbuf-loader
  wireless-regdb wireplumber wpasupplicant x11-apps x11-common
  x11-session-utils x11-utils x11-xkb-utils x11-xserver-utils xapp-sn-watcher
  xapps-common xauth xbitmaps xbrlapi xcvt xdg-dbus-proxy xdg-desktop-portal
  xdg-desktop-portal-gnome xdg-desktop-portal-gtk xdg-user-dirs
  xdg-user-dirs-gtk xfonts-100dpi xfonts-75dpi xfonts-base xfonts-encodings
  xfonts-scalable xfonts-utils xinit xkbset xml-core xorg xorg-docs-core
  xserver-common xserver-xephyr xserver-xorg xserver-xorg-core
  xserver-xorg-input-all xserver-xorg-input-libinput xserver-xorg-input-wacom
  xserver-xorg-legacy xserver-xorg-video-all xserver-xorg-video-amdgpu
  xserver-xorg-video-ati xserver-xorg-video-fbdev xserver-xorg-video-intel
  xserver-xorg-video-nouveau xserver-xorg-video-qxl xserver-xorg-video-radeon
  xserver-xorg-video-vesa xserver-xorg-video-vmware xwayland xz-utils yelp
  yelp-xsl zenity zenity-common zutty
Suggested packages:
  gnome-cards-data dialog rsyslog | system-log-daemon powermgmt-base
  apache2-doc apache2-suexec-pristine | apache2-suexec-custom
  apparmor-profiles-extra apparmor-utils aspell-doc spellutils avahi-autoipd
  pulseaudio-module-bluetooth db5.3-util doc-base duperemove bzip2-doc
  gnome-video-effects-frei0r colord-sensor-argyll cpp-doc gcc-12-locales
  cpp-12-doc logrotate checksecurity cups-bsd cups-pdf
  foomatic-db-compressed-ppds | foomatic-db smbclient antiword docx2txt
  imagemagick tor docbook docbook-dsssl docbook-xsl docbook-defguide
  eog-plugins nautilus-sendto unrar evolution-ews
  evolution-plugins-experimental exim4-doc-html | exim4-doc-info eximon4
  spf-tools-perl swaks zip arj lha lzip lzop ncompress rpm2cpio rzip sharutils
  unace unalz unar zoo fonts-stix | otf-stix fonts-lmodern pulseaudio
  fonts-noto fonts-freefont-otf | fonts-freefont-ttf fonts-texgyre
  gir1.2-fwupd-2.0 libpam-fprintd libpam-sss libpam-pkcs11 alacarte empathy
  firefox-esr-l10n-all | firefox-l10n-all goobox | sound-juicer polari vinagre
  webext-ublock-origin-firefox | webext-ublock-origin-chromium chromium
  | chromium-browser firefox bbchess crafty fairymax fruit glaurung gnuchess
  phalanx sjeng stockfish toga2 gstreamer1.0-pulseaudio usbguard
  gir1.2-telepathyglib-0.12 gir1.2-telepathylogger-0.2 apt-config-icons-hidpi
  gnome-software-plugin-flatpak gnome-software-plugin-snap parcimonie
  xloadimage scdaemon groff multiboot-doc grub-emu mtools xorriso
  console-setup frei0r-plugins samba-common hunspell openoffice.org-hunspell
  | openoffice.org-core i965-va-driver-shaders ibus-clutter ibus-doc
  libxml-dumper-perl iproute2-doc isoquery apache2 | lighttpd | httpd
  libsndio6.1 lrzip libasound2-plugins nas libdigest-hmac-perl libgssapi-perl
  libcuda1 libnvcuvid1 libnvidia-encode1 libbluray-bdj libfont-freetype-perl
  libcanberra-gtk0 libdirectfb-extra libdv-bin oss-compat libdvdcss2
  libenchant-2-voikko exiv2 libfftw3-bin libfftw3-dev freerdp2-x11 libgd-tools
  libxml-libxml-perl gphoto2 gpm gsl-ref-psdoc | gsl-doc-pdf | gsl-doc-info
  | gsl-ref-html libvisual-0.4-plugins gstreamer1.0-tools
  libgtk-4-media-gstreamer | libgtk-4-media-ffmpeg libusbmuxd-tools jackd2
  liblcms2-utils lirc ooo2dbk rtf2xml liblrdf0-dev libcrypt-ssleay-perl
  inkscape mmdb-bin minissdpd natpmpc avahi-autoipd | zeroconf libportaudio2
  opus-tools libparted-dev libparted-i18n pcscd qgnomeplatform-qt5
  qt5-image-formats-plugins qt5-qmltooling-plugins raptor2-utils rasqal-utils
  libraw1394-doc librdf-storage-mysql librdf-storage-postgresql
  librdf-storage-sqlite librdf-storage-virtuoso redland-utils libreoffice-base
  libreoffice-evolution libreofficekit-data fonts-crosextra-caladea
  fonts-crosextra-carlito libreoffice-java-common default-jre | java-runtime
  | java8-runtime | jre librsvg2-bin hplip serdi sg3-utils sidplay-base
  libsmbios-doc snapd sndiod snmp-mibs-downloader sordi speex libsub-name-perl
  unity-common libbusiness-isbn-perl voikko-fi libwacom-bin gstreamer1.0-alsa
  libwildmidi-config libauthen-ntlm-perl xapian-tools libunicode-map8-perl
  libunicode-string-perl xml-twig-tools linux-doc-6.1 debian-kernel-handbook
  cryptsetup curlftpfs httpfs2 debian-installer-launcher fancontrol read-edid
  i2c-tools less nautilus-extension-brasero libteam-utils iptables
  network-manager-openconnect-gnome network-manager-openvpn-gnome
  network-manager-vpnc-gnome network-manager-pptp-gnome libjs-html5shiv
  opencl-icd keychain libpam-ssh monkeysphere ssh-askpass brltty p7zip-rar
  parted-doc debhelper pinentry-doc pulseaudio-utils polkitd-pkla
  fonts-japanese-mincho | fonts-ipafont-mincho fonts-japanese-gothic
  | fonts-ipafont-gothic fonts-arphic-ukai fonts-arphic-uming fonts-nanum
  python3-doc python3-tk python3-venv python-apt-doc python-blinker-doc
  python-cryptography-doc python3-cryptography-vectors python-dbus-doc
  python3-crypto python-mako-doc python3-beaker python3-setuptools
  python-pyparsing-doc python3-openssl python3-socks python-requests-doc
  python3-brotli python-pyxdg-doc python3.11-venv python3.11-doc binutils
  binfmt-support readline-doc gnome-codec-install openssh-server
  python3-braceexpand rygel-preferences rygel-ruih tumbler unpaper
  sgml-base-doc perlsgml w3-recs opensp libxml2-utils hspell libttspico-utils
  espeak mbrola speech-dispatcher-doc-cs speech-dispatcher-festival
  speech-dispatcher-cicero speech-dispatcher-flite speech-dispatcher-espeak
  dwww deborphan apt-xapian-index fluid-soundfont-gm f2fs-tools
  libblockdev-mdraid2 mdadm nilfs-tools reiserfsprogs udftools udisks2-bcache
  udisks2-btrfs udisks2-lvm2 udisks2-zram xfsprogs needrestart comgt wvdial
  nvidia-vdpau-driver nvidia-tesla-440-vdpau-driver
  nvidia-tesla-418-vdpau-driver nvidia-legacy-390xx-vdpau-driver
  nvidia-legacy-340xx-vdpau-driver wireplumber-doc wpagui
  libengine-pkcs11-openssl nickle cairo-5c mate-xapp-status-applet xorg-docs
  x11-xfs-utils xinput xserver-xorg-video-r128 xserver-xorg-video-mach64
Recommended packages:
  secureboot-db
The following NEW packages will be installed:
  accountsservice acl adwaita-icon-theme aisleriot alsa-topology-conf
  alsa-ucm-conf alsa-utils anacron apache2-bin apg apparmor appstream
  apt-config-icons apt-listchanges aspell aspell-en at-spi2-common
  at-spi2-core avahi-daemon baobab bc bind9-dnsutils bind9-host bind9-libs
  bluez bluez-obexd bogofilter bogofilter-bdb bogofilter-common bolt
  brasero-common bsd-mailx bsdextrautils btrfs-progs bubblewrap busybox bzip2
  calamares cdrdao cheese cheese-common chrome-gnome-shell coinor-libcbc3
  coinor-libcgl1 coinor-libclp1 coinor-libcoinmp1v5 coinor-libcoinutils3v5
  coinor-libosi1v5 colord colord-data cpp cpp-12 cracklib-runtime cron
  cron-daemon-common cups cups-browsed cups-client cups-common
  cups-core-drivers cups-daemon cups-filters cups-filters-core-drivers
  cups-ipp-utils cups-pk-helper cups-ppdc cups-server-common dbus-user-session
  dconf-cli dconf-gsettings-backend dconf-service desktop-base
  desktop-file-utils dictionaries-common dirmngr distro-info-data dmidecode
  dns-root-data dnsmasq-base dnsutils docbook-xml dosfstools efibootmgr eject
  emacsen-common enchant-2 eog espeak-ng-data evince evince-common evolution
  evolution-common evolution-data-server evolution-data-server-common
  evolution-plugin-bogofilter evolution-plugin-pstimport evolution-plugins
  exfatprogs exim4-base exim4-config exim4-daemon-light fdisk file file-roller
  firefox-esr five-or-more folks-common fontconfig fontconfig-config
  fonts-cantarell fonts-dejavu fonts-dejavu-core fonts-dejavu-extra
  fonts-droid-fallback fonts-liberation2 fonts-noto-color-emoji
  fonts-noto-mono fonts-opensymbol fonts-quicksand fonts-symbola
  fonts-urw-base35 four-in-a-row fuse3 fwupd fwupd-amd64-signed gcr gdisk gdm3
  geoclue-2.0 geocode-glib-common gettext-base ghostscript
  gir1.2-accountsservice-1.0 gir1.2-adw-1 gir1.2-atk-1.0 gir1.2-atspi-2.0
  gir1.2-clutter-1.0 gir1.2-cogl-1.0 gir1.2-coglpango-1.0 gir1.2-evince-3.0
  gir1.2-freedesktop gir1.2-gck-1 gir1.2-gcr-3 gir1.2-gdesktopenums-3.0
  gir1.2-gdkpixbuf-2.0 gir1.2-gdm-1.0 gir1.2-geoclue-2.0
  gir1.2-geocodeglib-2.0 gir1.2-glib-2.0 gir1.2-gmenu-3.0
  gir1.2-gnomebluetooth-3.0 gir1.2-gnomedesktop-3.0 gir1.2-gnomedesktop-4.0
  gir1.2-goa-1.0 gir1.2-graphene-1.0 gir1.2-grilo-0.3
  gir1.2-gst-plugins-bad-1.0 gir1.2-gst-plugins-base-1.0 gir1.2-gstreamer-1.0
  gir1.2-gtk-3.0 gir1.2-gtk-4.0 gir1.2-gtkclutter-1.0 gir1.2-gtksource-4
  gir1.2-gweather-4.0 gir1.2-handy-1 gir1.2-harfbuzz-0.0 gir1.2-ibus-1.0
  gir1.2-javascriptcoregtk-4.0 gir1.2-javascriptcoregtk-4.1 gir1.2-json-1.0
  gir1.2-malcontent-0 gir1.2-mediaart-2.0 gir1.2-mutter-11 gir1.2-nm-1.0
  gir1.2-nma-1.0 gir1.2-notify-0.7 gir1.2-packagekitglib-1.0 gir1.2-pango-1.0
  gir1.2-peas-1.0 gir1.2-polkit-1.0 gir1.2-rb-3.0 gir1.2-rest-1.0
  gir1.2-rsvg-2.0 gir1.2-secret-1 gir1.2-shumate-1.0 gir1.2-soup-2.4
  gir1.2-soup-3.0 gir1.2-totem-1.0 gir1.2-totemplparser-1.0 gir1.2-tracker-3.0
  gir1.2-upowerglib-1.0 gir1.2-webkit2-4.0 gir1.2-webkit2-4.1 gir1.2-wnck-3.0
  gjs gkbd-capplet glib-networking glib-networking-common
  glib-networking-services gnome gnome-2048 gnome-accessibility-themes
  gnome-backgrounds gnome-bluetooth-3-common gnome-bluetooth-sendto
  gnome-browser-connector gnome-calculator gnome-calendar gnome-characters
  gnome-chess gnome-clocks gnome-color-manager gnome-contacts
  gnome-control-center gnome-control-center-data gnome-core
  gnome-desktop3-data gnome-disk-utility gnome-font-viewer gnome-games
  gnome-icon-theme gnome-initial-setup gnome-keyring gnome-keyring-pkcs11
  gnome-klotski gnome-logs gnome-mahjongg gnome-maps gnome-menus gnome-mines
  gnome-music gnome-nibbles gnome-online-accounts gnome-remote-desktop
  gnome-robots gnome-session gnome-session-bin gnome-session-common
  gnome-settings-daemon gnome-settings-daemon-common gnome-shell
  gnome-shell-common gnome-shell-extension-appindicator
  gnome-shell-extension-dashtodock gnome-shell-extension-prefs
  gnome-shell-extensions gnome-software gnome-software-common
  gnome-sound-recorder gnome-sudoku gnome-sushi gnome-system-monitor
  gnome-taquin gnome-terminal gnome-terminal-data gnome-tetravex
  gnome-text-editor gnome-themes-extra gnome-themes-extra-data gnome-tweaks
  gnome-user-docs gnome-user-share gnome-video-effects gnome-weather gnupg
  gnupg-l10n gnupg-utils gpg gpg-agent gpg-wks-client gpg-wks-server gpgconf
  gpgsm grilo-plugins-0.3 groff-base grub-common grub-efi-amd64
  grub-efi-amd64-bin grub-efi-amd64-signed grub2-common
  gsettings-desktop-schemas gsfonts gstreamer1.0-clutter-3.0 gstreamer1.0-gl
  gstreamer1.0-gtk3 gstreamer1.0-libav gstreamer1.0-packagekit
  gstreamer1.0-pipewire gstreamer1.0-plugins-bad gstreamer1.0-plugins-base
  gstreamer1.0-plugins-good gstreamer1.0-plugins-ugly gstreamer1.0-x
  gtk-update-icon-cache gtk2-engines-pixbuf guile-3.0-libs gvfs gvfs-backends
  gvfs-common gvfs-daemons gvfs-fuse gvfs-libs hicolor-icon-theme hitori
  hoichess hunspell-en-us hyphen-en-us i965-va-driver iagno ibus ibus-data
  ibus-gtk ibus-gtk3 ibus-gtk4 iio-sensor-proxy im-config imagemagick-6-common
  intel-media-va-driver inxi ipp-usb iproute2 iso-codes iw javascript-common
  jq kactivities-bin kactivitymanagerd kded5 kio kpackagelauncherqml
  kpackagetool5 kwayland-data kwayland-integration laptop-detect liba52-0.7.4
  libaa1 libaacs0 libabsl20220623 libabw-0.1-1 libaccountsservice0
  libadwaita-1-0 libao-common libao4 libaom3 libapache2-mod-dnssd
  libappstream4 libapr1 libaprutil1 libaprutil1-dbd-sqlite3 libaprutil1-ldap
  libarchive13 libasound2 libasound2-data libaspell15 libass9 libassuan0
  libasyncns0 libatasmart4 libatk-adaptor libatk-bridge2.0-0 libatk1.0-0
  libatkmm-1.6-1v5 libatm1 libatomic1 libatopology2 libatspi2.0-0 libaudio2
  libauthen-sasl-perl libavahi-client3 libavahi-common-data libavahi-common3
  libavahi-core7 libavahi-glib1 libavc1394-0 libavcodec59 libavfilter8
  libavformat59 libavif15 libavutil57 libayatana-appindicator3-1
  libayatana-ido3-0.4-0 libayatana-indicator3-7 libbdplus0 libblas3
  libblockdev-crypto2 libblockdev-fs2 libblockdev-loop2 libblockdev-part-err2
  libblockdev-part2 libblockdev-swap2 libblockdev-utils2 libblockdev2
  libbluetooth3 libbluray2 libboost-filesystem1.74.0 libboost-iostreams1.74.0
  libboost-locale1.74.0 libboost-python1.74.0 libboost-thread1.74.0 libbox2d2
  libbpf1 libbrasero-media3-1 libbrlapi0.8 libbs2b0 libbsd0 libburn4 libcaca0
  libcairo-gobject-perl libcairo-gobject2 libcairo-perl
  libcairo-script-interpreter2 libcairo2 libcairomm-1.0-1v5 libcamel-1.2-64
  libcanberra-gtk3-0 libcanberra-gtk3-module libcanberra-pulse libcanberra0
  libcap2-bin libcbor0.8 libcdio-cdda2 libcdio-paranoia2 libcdio19
  libcdparanoia0 libcdr-0.1-1 libcheese-gtk25 libcheese8 libchromaprint1
  libcjson1 libclone-perl libcloudproviders0 libclucene-contribs1v5
  libclucene-core1v5 libclutter-1.0-0 libclutter-1.0-common
  libclutter-gst-3.0-0 libclutter-gtk-1.0-0 libcmark0.30.2 libcodec2-1.0
  libcogl-common libcogl-pango20 libcogl-path20 libcogl20 libcolamd2
  libcolord-gtk4-1 libcolord2 libcolorhug2 libcrack2 libcue2 libcups2
  libcupsfilters1 libcurl3-gnutls libdaemon0 libdata-dump-perl libdatrie1
  libdav1d6 libdbusmenu-glib4 libdbusmenu-gtk3-4 libdbusmenu-qt5-2
  libdc1394-25 libdca0 libdconf1 libde265-0 libdecor-0-0
  libdecor-0-plugin-1-cairo libdee-1.0-4 libdeflate0 libdirectfb-1.7-7
  libdjvulibre-text libdjvulibre21 libdmapsharing-3.0-2 libdotconf0
  libdouble-conversion3 libdrm-amdgpu1 libdrm-common libdrm-intel1
  libdrm-nouveau2 libdrm-radeon1 libdrm2 libduktape207 libdv4 libdvdnav4
  libdvdread8 libdw1 libe-book-0.1-1 libebackend-1.2-11 libebook-1.2-21
  libebook-contacts-1.2-4 libecal-2.0-2 libedata-book-1.2-27
  libedata-cal-2.0-2 libedataserver-1.2-27 libedataserverui-1.2-4
  libedataserverui4-1.0-0 libedit2 libeditorconfig0 libefiboot1 libefivar1
  libegl-mesa0 libegl1 libelf1 libenchant-2-2 libencode-locale-perl libeot0
  libepoxy0 libept1.6.0 libepubgen-0.1-1 libespeak-ng1 libetonyek-0.1-1
  libevdev2 libevdocument3-4 libevent-2.1-7 libevolution libevview3-3
  libexempi8 libexif12 libexiv2-27 libexttextcat-2.0-0 libexttextcat-data
  libextutils-depends-perl libfaad2 libfftw3-double3 libfftw3-single3
  libfido2-1 libfile-basedir-perl libfile-desktopentry-perl
  libfile-listing-perl libfile-mimeinfo-perl libflac12 libflashrom1
  libflatpak0 libflite1 libfluidsynth3 libfolks-eds26 libfolks26
  libfont-afm-perl libfontconfig1 libfontembed1 libfontenc1 libfreeaptx0
  libfreehand-0.1-1 libfreerdp-server2-2 libfreerdp2-2 libfreetype6
  libfribidi0 libfstrm0 libftdi1-2 libfuse2 libfuse3-3 libfwupd2 libgail-3-0
  libgail-common libgail18 libgav1-1 libgbm1 libgc1 libgcab-1.0-0 libgck-1-0
  libgcr-base-3-1 libgcr-ui-3-1 libgd3 libgdata-common libgdata22
  libgdk-pixbuf-2.0-0 libgdk-pixbuf2.0-bin libgdk-pixbuf2.0-common libgdm1
  libgee-0.8-2 libgeoclue-2-0 libgeocode-glib-2-0 libges-1.0-0 libgexiv2-2
  libgfortran5 libgif7 libgirepository-1.0-1 libgjs0g libgl1 libgl1-mesa-dri
  libglapi-mesa libgles2 libglib-object-introspection-perl libglib-perl
  libglib2.0-0 libglib2.0-bin libglib2.0-data libglibmm-2.4-1v5 libglu1-mesa
  libglvnd0 libglx-mesa0 libglx0 libgme0 libgnome-autoar-0-0
  libgnome-autoar-gtk-0-0 libgnome-bg-4-2 libgnome-bluetooth-3.0-13
  libgnome-bluetooth-ui-3.0-13 libgnome-desktop-3-20 libgnome-desktop-4-2
  libgnome-games-support-1-3 libgnome-games-support-common libgnome-menu-3-0
  libgnome-rr-4-2 libgnomekbd-common libgnomekbd8 libgnutls-dane0
  libgoa-1.0-0b libgoa-1.0-common libgoa-backend-1.0-1 libgom-1.0-0 libgomp1
  libgpgme11 libgpgmepp6 libgphoto2-6 libgphoto2-l10n libgphoto2-port12
  libgpm2 libgpod-common libgpod4 libgraphene-1.0-0 libgraphite2-3
  libgrilo-0.3-0 libgs-common libgs10 libgs10-common libgsf-1-114
  libgsf-1-common libgsf-bin libgsl27 libgslcblas0 libgsm1 libgsound0
  libgspell-1-2 libgspell-1-common libgssdp-1.6-0 libgstreamer-gl1.0-0
  libgstreamer-plugins-bad1.0-0 libgstreamer-plugins-base1.0-0
  libgstreamer1.0-0 libgtk-3-0 libgtk-3-bin libgtk-3-common libgtk-4-1
  libgtk-4-bin libgtk-4-common libgtk2.0-0 libgtk2.0-bin libgtk2.0-common
  libgtk3-perl libgtkmm-3.0-1v5 libgtksourceview-4-0 libgtksourceview-4-common
  libgtksourceview-5-0 libgtksourceview-5-common libgtop-2.0-11
  libgtop2-common libgudev-1.0-0 libgupnp-1.6-0 libgupnp-av-1.0-3
  libgupnp-dlna-2.0-4 libgupnp-igd-1.0-4 libgusb2 libgweather-4-0
  libgweather-4-common libgxps2 libhandy-1-0 libharfbuzz-icu0 libharfbuzz0b
  libheif1 libhfstospell11 libhtml-form-perl libhtml-format-perl
  libhtml-parser-perl libhtml-tagset-perl libhtml-tree-perl
  libhttp-cookies-perl libhttp-daemon-perl libhttp-date-perl
  libhttp-message-perl libhttp-negotiate-perl libhunspell-1.7-0 libhwy1
  libhyphen0 libibus-1.0-5 libical3 libice6 libicu72 libidn12 libiec61883-0
  libieee1284-3 libigdgmm12 libijs-0.35 libimath-3-1-29 libimobiledevice6
  libinput-bin libinput10 libinstpatch-1.0-2 libio-html-perl
  libio-socket-ssl-perl libio-stringy-perl libipc-system-simple-perl
  libiptcdata0 libisl23 libisofs6 libjack-jackd2-0 libjansson4
  libjavascriptcoregtk-4.0-18 libjavascriptcoregtk-4.1-0
  libjavascriptcoregtk-6.0-1 libjaylink0 libjbig0 libjbig2dec0 libjcat1
  libjemalloc2 libjim0.81 libjpeg62-turbo libjq1 libjson-glib-1.0-0
  libjson-glib-1.0-common libjte2 libjxl0.7 libjxr-tools libjxr0 libkate1
  libkf5activities5 libkf5archive-data libkf5archive5 libkf5attica5
  libkf5auth-data libkf5auth5 libkf5authcore5 libkf5codecs-data libkf5codecs5
  libkf5completion-data libkf5completion5 libkf5config-bin libkf5config-data
  libkf5configcore5 libkf5configgui5 libkf5configwidgets-data
  libkf5configwidgets5 libkf5coreaddons-data libkf5coreaddons5 libkf5crash5
  libkf5dbusaddons-bin libkf5dbusaddons-data libkf5dbusaddons5
  libkf5declarative-data libkf5declarative5 libkf5doctools5
  libkf5globalaccel-bin libkf5globalaccel-data libkf5globalaccel5
  libkf5globalaccelprivate5 libkf5guiaddons-bin libkf5guiaddons-data
  libkf5guiaddons5 libkf5i18n-data libkf5i18n5 libkf5iconthemes-bin
  libkf5iconthemes-data libkf5iconthemes5 libkf5itemmodels5
  libkf5itemviews-data libkf5itemviews5 libkf5jobwidgets-data
  libkf5jobwidgets5 libkf5kcmutils-bin libkf5kcmutils-data libkf5kcmutils5
  libkf5kcmutilscore5 libkf5kiocore5 libkf5kiogui5 libkf5kiontlm5
  libkf5kiowidgets5 libkf5kirigami2-5 libkf5newstuffcore5
  libkf5notifications-data libkf5notifications5 libkf5package-data
  libkf5package5 libkf5parts-data libkf5parts-plugins libkf5parts5
  libkf5plasma5 libkf5quickaddons5 libkf5runner5 libkf5service-bin
  libkf5service-data libkf5service5 libkf5solid5 libkf5solid5-data
  libkf5sonnet5-data libkf5sonnetcore5 libkf5sonnetui5 libkf5syndication5abi1
  libkf5textwidgets-data libkf5textwidgets5 libkf5threadweaver5
  libkf5wallet-bin libkf5wallet-data libkf5wallet5 libkf5waylandclient5
  libkf5widgetsaddons-data libkf5widgetsaddons5 libkf5windowsystem-data
  libkf5windowsystem5 libkf5xmlgui-bin libkf5xmlgui-data libkf5xmlgui5
  libkpathsea6 libkpmcore12 libksba8 libkwalletbackend5-5 libkworkspace5-5
  liblangtag-common liblangtag1 liblapack3 liblc3-0 liblcms2-2 libldacbt-abr2
  libldacbt-enc2 libldb2 liblerc4 liblilv-0-0 liblirc-client0 libllvm15
  liblmdb0 liblockfile-bin liblockfile1 liblouis-data liblouis20
  liblouisutdml-bin liblouisutdml-data liblouisutdml9 liblqr-1-0 liblrdf0
  libltc11 libltdl7 liblua5.3-0 liblwp-mediatypes-perl
  liblwp-protocol-https-perl liblzo2-2 libmagic-mgc libmagic1
  libmagickcore-6.q16-6 libmagickcore-6.q16-6-extra libmagickwand-6.q16-6
  libmailtools-perl libmalcontent-0-0 libmalcontent-ui-1-1 libmanette-0.2-0
  libmaxminddb0 libmbedcrypto7 libmbim-glib4 libmbim-proxy libmbim-utils
  libmd4c0 libmediaart-2.0-0 libmfx1 libmhash2 libminiupnpc17
  libmjpegutils-2.1-0 libmm-glib0 libmnl0 libmodplug1 libmozjs-102-0
  libmp3lame0 libmpc3 libmpcdec6 libmpeg2-4 libmpeg2encpp-2.1-0 libmpfr6
  libmpg123-0 libmplex2-2.1-0 libmspub-0.1-1 libmtdev1 libmtp-common
  libmtp-runtime libmtp9 libmutter-11-0 libmwaw-0.3-3 libmysofa1
  libmythes-1.2-0 libnatpmp1 libnautilus-extension4 libncurses6 libncursesw6
  libndp0 libneon27 libnet-dbus-perl libnet-http-perl libnet-smtp-ssl-perl
  libnet-ssleay-perl libnetfilter-conntrack3 libnewt0.52 libnfnetlink0
  libnfs13 libnftables1 libnftnl11 libnice10 libnl-3-200 libnl-genl-3-200
  libnl-route-3-200 libnm0 libnma-common libnma-gtk4-0 libnma0 libnorm1
  libnotify4 libnpth0 libnsl2 libnspr4 libnss-mdns libnss-myhostname libnss3
  libntfs-3g89 libnuma1 libnumbertext-1.0-0 libnumbertext-data liboauth0
  libodfgen-0.1-1 libogg0 libonig5 libopenal-data libopenal1
  libopencore-amrnb0 libopencore-amrwb0 libopenexr-3-1-30 libopengl0
  libopenh264-7 libopenjp2-7 libopenmpt0 libopenni2-0 libopus0 liborc-0.4-0
  liborcus-0.17-0 liborcus-parser-0.17-0 libosinfo-1.0-0 libosinfo-l10n
  libostree-1-1 libpackagekit-glib2-18 libpagemaker-0.0-0 libpam-cap
  libpam-gnome-keyring libpam-systemd libpango-1.0-0 libpangocairo-1.0-0
  libpangoft2-1.0-0 libpangomm-1.4-1v5 libpangoxft-1.0-0 libpaper-utils
  libpaper1 libparted-fs-resize0 libparted2 libpcap0.8 libpcaudio0 libpci3
  libpciaccess0 libpcre2-16-0 libpcsclite1 libpeas-1.0-0 libpeas-common
  libperl4-corelibs-perl libpgm-5.3-0 libphonenumber8 libpipeline1
  libpipewire-0.3-0 libpipewire-0.3-common libpipewire-0.3-modules
  libpixman-1-0 libplacebo208 libplist3 libplymouth5 libpng16-16
  libpocketsphinx3 libpolkit-agent-1-0 libpolkit-gobject-1-0 libpolkit-qt5-1-1
  libpoppler-cpp0v5 libpoppler-glib8 libpoppler126 libpopt0 libportal-gtk3-1
  libportal-gtk4-1 libportal1 libpostproc56 libproc2-0 libprotobuf-c1
  libprotobuf32 libproxy1-plugin-gsettings libproxy1-plugin-networkmanager
  libproxy1-plugin-webkit libproxy1v5 libpst4 libpulse-mainloop-glib0
  libpulse0 libpwquality-common libpwquality1 libpython3-stdlib libpython3.11
  libpython3.11-minimal libpython3.11-stdlib libqca-qt5-2 libqca-qt5-2-plugins
  libqmi-glib5 libqmi-proxy libqmi-utils libqpdf29 libqqwing2v5 libqrencode4
  libqrtr-glib0 libqt5core5a libqt5dbus5 libqt5designer5 libqt5gui5
  libqt5help5 libqt5network5 libqt5positioning5 libqt5printsupport5 libqt5qml5
  libqt5qmlmodels5 libqt5qmlworkerscript5 libqt5quick5 libqt5quickcontrols2-5
  libqt5quickshapes5 libqt5quicktemplates2-5 libqt5quickwidgets5
  libqt5sensors5 libqt5sql5 libqt5sql5-sqlite libqt5svg5 libqt5test5
  libqt5texttospeech5 libqt5waylandclient5 libqt5waylandcompositor5
  libqt5webchannel5 libqt5webkit5 libqt5widgets5 libqt5x11extras5 libqt5xml5
  libquadmath0 libqxp-0.0-0 librabbitmq4 libraptor2-0 librasqal3 librav1e0
  libraw1394-11 libraw20 librdf0 libreadline8 libregexp-ipv6-perl
  libreoffice-base-core libreoffice-calc libreoffice-common libreoffice-core
  libreoffice-draw libreoffice-gnome libreoffice-gtk3 libreoffice-help-common
  libreoffice-help-en-us libreoffice-impress libreoffice-math
  libreoffice-style-colibre libreoffice-style-elementary libreoffice-writer
  librest-1.0-0 librevenge-0.0-0 librhythmbox-core10 librist4 librsvg2-2
  librsvg2-common librubberband2 librygel-core-2.8-0 librygel-db-2.8-0
  librygel-renderer-2.8-0 librygel-renderer-gst-2.8-0 librygel-server-2.8-0
  libsamplerate0 libsane-common libsane1 libsbc1 libsdl2-2.0-0 libsecret-1-0
  libsecret-common libsensors-config libsensors5 libserd-0-0
  libsgutils2-1.46-2 libshine3 libshout3 libshumate-1.0-1 libshumate-common
  libsidplay1v5 libsigc++-2.0-0v5 libslang2 libsm6 libsmbclient libsmbios-c2
  libsnapd-glib-2-1 libsnappy1v5 libsndfile1 libsndio7.0 libsnmp-base
  libsnmp40 libsodium23 libsonic0 libsord-0-0 libsoundtouch1 libsoup-3.0-0
  libsoup-3.0-common libsoup-gnome2.4-1 libsoup2.4-1 libsoup2.4-common
  libsoxr0 libspa-0.2-bluetooth libspa-0.2-modules libspandsp2 libspectre1
  libspeechd2 libspeex1 libsphinxbase3 libsqlite3-0 libsratom-0-0
  libsrt1.5-gnutls libsrtp2-1 libssh-gcrypt-4 libstaroffice-0.0-0
  libstartup-notification0 libstemmer0d libsuitesparseconfig5 libsvtav1enc1
  libswresample4 libswscale6 libsynctex2 libtag1v5 libtag1v5-vanilla
  libtalloc2 libtdb1 libteamdctl0 libtevent0 libtext-iconv-perl libthai-data
  libthai0 libtheora0 libtie-ixhash-perl libtiff6 libtimedate-perl
  libtirpc-common libtirpc3 libtotem-plparser-common libtotem-plparser18
  libtotem0 libtracker-sparql-3.0-0 libtry-tiny-perl libtss2-esys-3.0.2-0
  libtss2-mu0 libtss2-rc0 libtss2-sys1 libtss2-tcti-cmd0 libtss2-tcti-device0
  libtss2-tcti-mssim0 libtss2-tcti-swtpm0 libtss2-tctildr0 libtwolame0
  libuchardet0 libudfread0 libudisks2-0 libunbound8 libunity-protocol-private0
  libunity-scopes-json-def-desktop libunity9 libuno-cppu3
  libuno-cppuhelpergcc3-3 libuno-purpenvhelpergcc3-3 libuno-sal3
  libuno-salhelpergcc3-3 libunwind8 libupower-glib3 liburi-perl libusb-1.0-0
  libusbmuxd6 libuv1 libv4l-0 libv4lconvert0 libva-drm2 libva-x11-2 libva2
  libvdpau-va-gl1 libvdpau1 libvidstab1.1 libvisio-0.1-1 libvisual-0.4-0
  libvo-aacenc0 libvo-amrwbenc0 libvoikko1 libvolume-key1 libvorbis0a
  libvorbisenc2 libvorbisfile3 libvpx7 libvte-2.91-0 libvte-2.91-common
  libvulkan1 libwacom-common libwacom9 libwavpack1 libwayland-client0
  libwayland-cursor0 libwayland-egl1 libwayland-server0 libwbclient0
  libwebkit2gtk-4.0-37 libwebkit2gtk-4.1-0 libwebkitgtk-6.0-4 libwebp7
  libwebpdemux2 libwebpmux3 libwebrtc-audio-processing1 libwildmidi2
  libwinpr2-2 libwireplumber-0.4-0 libwmflite-0.2-7 libwnck-3-0
  libwnck-3-common libwoff1 libwpd-0.10-10 libwpg-0.3-3 libwps-0.4-4 libwrap0
  libwww-perl libwww-robotrules-perl libx11-6 libx11-data libx11-protocol-perl
  libx11-xcb1 libx264-164 libx265-199 libxapian30 libxapp-gtk3-module libxapp1
  libxatracker2 libxau6 libxaw7 libxcb-damage0 libxcb-dri2-0 libxcb-dri3-0
  libxcb-glx0 libxcb-icccm4 libxcb-image0 libxcb-keysyms1 libxcb-present0
  libxcb-randr0 libxcb-record0 libxcb-render-util0 libxcb-render0 libxcb-res0
  libxcb-shape0 libxcb-shm0 libxcb-sync1 libxcb-util1 libxcb-xfixes0
  libxcb-xinerama0 libxcb-xinput0 libxcb-xkb1 libxcb-xv0 libxcb1
  libxcomposite1 libxcursor1 libxcvt0 libxdamage1 libxdmcp6 libxext6
  libxfixes3 libxfont2 libxft2 libxi6 libxinerama1 libxkbcommon-x11-0
  libxkbcommon0 libxkbfile1 libxkbregistry0 libxklavier16 libxml-parser-perl
  libxml-twig-perl libxml-xpathengine-perl libxml2 libxmlb2 libxmlsec1
  libxmlsec1-nss libxmu6 libxmuu1 libxpm4 libxrandr2 libxrender1 libxres1
  libxshmfence1 libxslt1.1 libxss1 libxt6 libxtables12 libxtst6 libxv1
  libxvidcore4 libxvmc1 libxxf86dga1 libxxf86vm1 libyajl2 libyaml-0-2
  libyaml-cpp0.7 libyelp0 libytnef0 libyuv0 libz3-4 libzbar0 libzimg2
  libzmf-0.0-0 libzmq5 libzvbi-common libzvbi0 libzxing2 lightsoff
  linux-image-6.1.0-43-amd64 live-boot live-boot-doc live-boot-initramfs-tools
  live-config live-config-doc live-config-systemd live-tools lm-sensors
  low-memory-monitor lp-solve lsb-release lsof lynx lynx-common mailcap
  malcontent malcontent-gui man-db media-player-info media-types mesa-utils
  mesa-utils-bin mesa-va-drivers mesa-vdpau-drivers mesa-vulkan-drivers
  mobile-broadband-provider-info modemmanager mokutil mutter-common
  mythes-en-us nautilus nautilus-data nautilus-extension-gnome-terminal
  netbase netcat-traditional network-manager network-manager-gnome
  node-clipboard node-normalize.css node-prismjs notification-daemon ntfs-3g
  ocl-icd-libopencl1 openssh-client orca os-prober osinfo-db p11-kit
  p11-kit-modules p7zip p7zip-full packagekit packagekit-tools parted pci.ids
  pciutils perl-openssl-defaults perl-tk pinentry-curses pinentry-gnome3
  pipewire pipewire-alsa pipewire-audio pipewire-bin pipewire-pulse pkexec
  plymouth plymouth-label plymouth-themes pocketsphinx-en-us policykit-1-gnome
  polkitd poppler-data poppler-utils power-profiles-daemon ppp procps psmisc
  python-apt-common python3 python3-apt python3-blinker python3-brlapi
  python3-cairo python3-certifi python3-cffi-backend python3-chardet
  python3-charset-normalizer python3-cryptography python3-cups
  python3-cupshelpers python3-dateutil python3-dbus python3-debconf
  python3-distro python3-distro-info python3-gi python3-gi-cairo
  python3-httplib2 python3-ibus-1.0 python3-idna python3-jwt
  python3-lazr.restfulclient python3-lazr.uri python3-louis python3-mako
  python3-markupsafe python3-minimal python3-oauthlib python3-pkg-resources
  python3-pyatspi python3-pyparsing python3-pyqt5 python3-pyqt5.sip
  python3-requests python3-six python3-smbc python3-software-properties
  python3-speechd python3-uno python3-urllib3 python3-wadllib python3-xdg
  python3.11 python3.11-minimal qml-module-org-kde-kcm
  qml-module-org-kde-kcmutils qml-module-org-kde-kirigami2
  qml-module-org-kde-kitemmodels qml-module-org-kde-newstuff
  qml-module-org-kde-runnermodel qml-module-qtgraphicaleffects
  qml-module-qtqml qml-module-qtqml-models2 qml-module-qtquick-controls
  qml-module-qtquick-controls2 qml-module-qtquick-layouts
  qml-module-qtquick-shapes qml-module-qtquick-templates2
  qml-module-qtquick-window2 qml-module-qtquick2 qt5-gtk-platformtheme
  qtspeech5-speechd-plugin qttranslations5-l10n qtwayland5 quadrapassel
  readline-common realmd rhythmbox rhythmbox-data rhythmbox-plugin-cdrecorder
  rhythmbox-plugins rsync rtkit rygel rygel-playbin rygel-tracker samba-libs
  sane-airscan sane-utils seahorse sensible-utils sgml-base sgml-data
  shared-mime-info shim-helpers-amd64-signed shim-signed shim-signed-common
  shim-unsigned shotwell shotwell-common simple-scan
  software-properties-common software-properties-gtk sonnet-plugins
  sound-icons sound-theme-freedesktop speech-dispatcher
  speech-dispatcher-audio-plugins speech-dispatcher-espeak-ng squashfs-tools
  ssl-cert swell-foop switcheroo-control synaptic system-config-printer-common
  system-config-printer-udev systemsettings tali task-desktop
  task-gnome-desktop tasksel tasksel-data timeshift timgm6mb-soundfont totem
  totem-common totem-plugins tpm-udev tracker tracker-extract tracker-miner-fs
  transmission-common transmission-gtk tree ucf udisks2 unattended-upgrades
  uno-libs-private unzip update-inetd upower ure usb-modeswitch
  usb-modeswitch-data usb.ids usbmuxd usbutils user-setup uuid-runtime
  va-driver-all vdpau-driver-all wamerican webp-pixbuf-loader wireless-regdb
  wireplumber wmctrl wpasupplicant x11-apps x11-common x11-session-utils
  x11-utils x11-xkb-utils x11-xserver-utils xapp-sn-watcher xapps-common xauth
  xbitmaps xbrlapi xcvt xdg-dbus-proxy xdg-desktop-portal
  xdg-desktop-portal-gnome xdg-desktop-portal-gtk xdg-user-dirs
  xdg-user-dirs-gtk xdg-utils xfonts-100dpi xfonts-75dpi xfonts-base
  xfonts-encodings xfonts-scalable xfonts-utils xinit xkbset xml-core xorg
  xorg-docs-core xserver-common xserver-xephyr xserver-xorg xserver-xorg-core
  xserver-xorg-input-all xserver-xorg-input-libinput xserver-xorg-input-wacom
  xserver-xorg-legacy xserver-xorg-video-all xserver-xorg-video-amdgpu
  xserver-xorg-video-ati xserver-xorg-video-fbdev xserver-xorg-video-intel
  xserver-xorg-video-nouveau xserver-xorg-video-qxl xserver-xorg-video-radeon
  xserver-xorg-video-vesa xserver-xorg-video-vmware xwayland xz-utils yelp
  yelp-xsl zenity zenity-common zutty
The following packages will be upgraded:
  linux-image-amd64
1 upgraded, 1605 newly installed, 0 to remove and 2 not upgraded.
Need to get 1073 MB of archives.
After this operation, 4293 MB of additional disk space will be used.
Get:1 http://deb.debian.org/debian bookworm/main amd64 cron-daemon-common all 3.0pl1-162 [12.7 kB]
Get:2 http://deb.debian.org/debian bookworm/main amd64 sensible-utils all 0.0.17+nmu1 [19.0 kB]
Get:3 http://security.debian.org/debian-security bookworm-security/main amd64 imagemagick-6-common all 8:6.9.11.60+dfsg-1.6+deb12u6 [169 kB]
Get:4 http://deb.debian.org/debian bookworm/main amd64 cron amd64 3.0pl1-162 [73.1 kB]
Get:5 http://deb.debian.org/debian bookworm/main amd64 libasound2-data all 1.2.8-1 [20.5 kB]
Get:6 http://deb.debian.org/debian bookworm/main amd64 libasound2 amd64 1.2.8-1+b1 [362 kB]
Get:7 http://security.debian.org/debian-security bookworm-security/main amd64 libmagickcore-6.q16-6 amd64 8:6.9.11.60+dfsg-1.6+deb12u6 [1793 kB]
Get:8 http://deb.debian.org/debian bookworm/main amd64 libelf1 amd64 0.188-2.1 [174 kB]
Get:9 http://deb.debian.org/debian bookworm/main amd64 libdw1 amd64 0.188-2.1 [235 kB]
Get:10 http://deb.debian.org/debian bookworm/main amd64 libglib2.0-0 amd64 2.74.6-2+deb12u8 [1402 kB]
Get:11 http://deb.debian.org/debian bookworm/main amd64 readline-common all 8.2-1.3 [69.0 kB]
Get:12 http://deb.debian.org/debian bookworm/main amd64 libreadline8 amd64 8.2-1.3 [166 kB]
Get:13 http://deb.debian.org/debian bookworm/main amd64 bluez amd64 5.66-1+deb12u2 [1155 kB]
Get:14 http://security.debian.org/debian-security bookworm-security/main amd64 libmagickwand-6.q16-6 amd64 8:6.9.11.60+dfsg-1.6+deb12u6 [412 kB]
Get:15 http://deb.debian.org/debian bookworm/main amd64 bc amd64 1.07.1-3+b1 [110 kB]
Get:16 http://security.debian.org/debian-security bookworm-security/main amd64 libsnmp-base all 5.9.3+dfsg-2+deb12u1 [1753 kB]
Get:17 http://deb.debian.org/debian bookworm/main amd64 libavahi-common-data amd64 0.8-10+deb12u1 [107 kB]
Get:18 http://deb.debian.org/debian bookworm/main amd64 libavahi-common3 amd64 0.8-10+deb12u1 [42.1 kB]
Get:19 http://deb.debian.org/debian bookworm/main amd64 libavahi-client3 amd64 0.8-10+deb12u1 [45.8 kB]
Get:20 http://deb.debian.org/debian bookworm/main amd64 libcups2 amd64 2.4.2-3+deb12u9 [245 kB]
Get:21 http://deb.debian.org/debian bookworm/main amd64 libncursesw6 amd64 6.4-4 [134 kB]
Get:22 http://deb.debian.org/debian bookworm/main amd64 libproc2-0 amd64 2:4.0.2-3 [62.8 kB]
Get:23 http://deb.debian.org/debian bookworm/main amd64 procps amd64 2:4.0.2-3 [709 kB]
Get:24 http://deb.debian.org/debian bookworm/main amd64 ssl-cert all 1.1.2 [21.1 kB]
Get:25 http://deb.debian.org/debian bookworm/main amd64 ucf all 3.0043+nmu1+deb12u1 [55.3 kB]
Get:26 http://deb.debian.org/debian bookworm/main amd64 libpaper1 amd64 1.1.29 [12.5 kB]
Get:27 http://deb.debian.org/debian bookworm/main amd64 cups-daemon amd64 2.4.2-3+deb12u9 [353 kB]
Get:28 http://deb.debian.org/debian bookworm/main amd64 libavahi-glib1 amd64 0.8-10+deb12u1 [27.8 kB]
Get:29 http://deb.debian.org/debian bookworm/main amd64 libexif12 amd64 0.6.24-1+b1 [402 kB]
Get:30 http://deb.debian.org/debian bookworm/main amd64 libjpeg62-turbo amd64 1:2.1.5-2 [166 kB]
Get:31 http://deb.debian.org/debian bookworm/main amd64 libpng16-16 amd64 1.6.39-2+deb12u1 [276 kB]
Get:32 http://deb.debian.org/debian bookworm/main amd64 libdeflate0 amd64 1.14-1 [61.4 kB]
Get:33 http://deb.debian.org/debian bookworm/main amd64 libjbig0 amd64 2.1-6.1 [31.7 kB]
Get:34 http://deb.debian.org/debian bookworm/main amd64 liblerc4 amd64 4.0.0+ds-2 [170 kB]
Get:35 http://deb.debian.org/debian bookworm/main amd64 libwebp7 amd64 1.2.4-0.2+deb12u1 [286 kB]
Get:36 http://deb.debian.org/debian bookworm/main amd64 libtiff6 amd64 4.5.0-6+deb12u3 [316 kB]
Get:37 http://security.debian.org/debian-security bookworm-security/main amd64 libsnmp40 amd64 5.9.3+dfsg-2+deb12u1 [2557 kB]
Get:38 http://deb.debian.org/debian bookworm/main amd64 libcupsfilters1 amd64 1.28.17-3+deb12u2 [126 kB]
Get:39 http://deb.debian.org/debian bookworm/main amd64 cups-browsed amd64 1.28.17-3+deb12u2 [140 kB]
Get:40 http://deb.debian.org/debian bookworm/main amd64 fonts-droid-fallback all 1:6.0.1r16-1.1 [1807 kB]
Get:41 http://deb.debian.org/debian bookworm/main amd64 libgomp1 amd64 12.2.0-14+deb12u1 [116 kB]
Get:42 http://deb.debian.org/debian bookworm/main amd64 libfftw3-double3 amd64 3.3.10-1 [776 kB]
Get:43 http://deb.debian.org/debian bookworm/main amd64 libfreetype6 amd64 2.12.1+dfsg-5+deb12u4 [398 kB]
Get:44 http://deb.debian.org/debian bookworm/main amd64 fonts-dejavu-core all 2.37-6 [1068 kB]
Get:45 http://deb.debian.org/debian bookworm/main amd64 fonts-liberation2 all 2.1.5-1 [1479 kB]
Get:46 http://security.debian.org/debian-security bookworm-security/main amd64 bind9-libs amd64 1:9.18.44-1~deb12u1 [1183 kB]
Get:47 http://deb.debian.org/debian bookworm/main amd64 libfontenc1 amd64 1:1.1.4-1 [24.3 kB]
Get:48 http://deb.debian.org/debian bookworm/main amd64 x11-common all 1:7.7+23 [252 kB]
Get:49 http://deb.debian.org/debian bookworm/main amd64 xfonts-encodings all 1:1.0.4-2.2 [577 kB]
Get:50 http://deb.debian.org/debian bookworm/main amd64 xfonts-utils amd64 1:7.7+6 [93.0 kB]
Get:51 http://deb.debian.org/debian bookworm/main amd64 fonts-urw-base35 all 20200910-7 [10.8 MB]
Get:52 http://security.debian.org/debian-security bookworm-security/main amd64 bind9-host amd64 1:9.18.44-1~deb12u1 [54.7 kB]
Get:53 http://security.debian.org/debian-security bookworm-security/main amd64 bind9-dnsutils amd64 1:9.18.44-1~deb12u1 [155 kB]
Get:54 http://security.debian.org/debian-security bookworm-security/main amd64 python3-urllib3 all 1.26.12-1+deb12u3 [114 kB]
Get:55 http://security.debian.org/debian-security bookworm-security/main amd64 dnsutils all 1:9.18.44-1~deb12u1 [11.3 kB]
Get:56 http://security.debian.org/debian-security bookworm-security/main amd64 firefox-esr amd64 140.7.0esr-1~deb12u1 [76.1 MB]
Get:57 http://deb.debian.org/debian bookworm/main amd64 fontconfig-config amd64 2.14.1-4 [315 kB]
Get:58 http://deb.debian.org/debian bookworm/main amd64 libfontconfig1 amd64 2.14.1-4 [386 kB]
Get:59 http://deb.debian.org/debian bookworm/main amd64 libaom3 amd64 3.6.0-1+deb12u2 [1850 kB]
Get:60 http://deb.debian.org/debian bookworm/main amd64 libdav1d6 amd64 1.0.0-2+deb12u1 [513 kB]
Get:61 http://deb.debian.org/debian bookworm/main amd64 libde265-0 amd64 1.0.11-1+deb12u2 [185 kB]
Get:62 http://deb.debian.org/debian bookworm/main amd64 libnuma1 amd64 2.0.16-1 [21.0 kB]
Get:63 http://deb.debian.org/debian bookworm/main amd64 libx265-199 amd64 3.5-2+b1 [1150 kB]
Get:64 http://deb.debian.org/debian bookworm/main amd64 libheif1 amd64 1.15.1-1+deb12u1 [215 kB]
Get:65 http://deb.debian.org/debian bookworm/main amd64 liblcms2-2 amd64 2.14-2 [154 kB]
Get:66 http://deb.debian.org/debian bookworm/main amd64 liblqr-1-0 amd64 0.4.2-2.1 [29.1 kB]
Get:67 http://deb.debian.org/debian bookworm/main amd64 libltdl7 amd64 2.4.7-7~deb12u1 [393 kB]
Get:68 http://deb.debian.org/debian bookworm/main amd64 libopenjp2-7 amd64 2.5.0-2+deb12u2 [189 kB]
Get:69 http://deb.debian.org/debian bookworm/main amd64 libwebpdemux2 amd64 1.2.4-0.2+deb12u1 [99.4 kB]
Get:70 http://deb.debian.org/debian bookworm/main amd64 libwebpmux3 amd64 1.2.4-0.2+deb12u1 [109 kB]
Get:71 http://deb.debian.org/debian bookworm/main amd64 libxau6 amd64 1:1.0.9-1 [19.7 kB]
Get:72 http://deb.debian.org/debian bookworm/main amd64 libbsd0 amd64 0.11.7-2 [117 kB]
Get:73 http://deb.debian.org/debian bookworm/main amd64 libxdmcp6 amd64 1:1.1.2-3 [26.3 kB]
Get:74 http://deb.debian.org/debian bookworm/main amd64 libxcb1 amd64 1.15-1 [144 kB]
Get:75 http://deb.debian.org/debian bookworm/main amd64 libx11-data all 2:1.8.4-2+deb12u2 [292 kB]
Get:76 http://deb.debian.org/debian bookworm/main amd64 libx11-6 amd64 2:1.8.4-2+deb12u2 [760 kB]
Get:77 http://deb.debian.org/debian bookworm/main amd64 libxext6 amd64 2:1.3.4-1+b1 [52.9 kB]
Get:78 http://deb.debian.org/debian bookworm/main amd64 libicu72 amd64 72.1-3+deb12u1 [9376 kB]
Get:79 http://deb.debian.org/debian bookworm/main amd64 libxml2 amd64 2.9.14+dfsg-1.3~deb12u5 [688 kB]
Get:80 http://deb.debian.org/debian bookworm/main amd64 libunwind8 amd64 1.6.2-3 [51.2 kB]
Get:81 http://deb.debian.org/debian bookworm/main amd64 libcap2-bin amd64 1:2.66-4+deb12u2+b2 [35.2 kB]
Get:82 http://deb.debian.org/debian bookworm/main amd64 libgstreamer1.0-0 amd64 1.22.0-2+deb12u1 [1170 kB]
Get:83 http://deb.debian.org/debian bookworm/main amd64 liborc-0.4-0 amd64 1:0.4.33-2 [164 kB]
Get:84 http://deb.debian.org/debian bookworm/main amd64 iso-codes all 4.15.0-1 [2906 kB]
Get:85 http://deb.debian.org/debian bookworm/main amd64 libgstreamer-plugins-base1.0-0 amd64 1.22.0-3+deb12u5 [934 kB]
Get:86 http://deb.debian.org/debian bookworm/main amd64 libhyphen0 amd64 2.8.8-7 [32.5 kB]
Get:87 http://deb.debian.org/debian bookworm/main amd64 shared-mime-info amd64 2.2-1 [729 kB]
Get:88 http://deb.debian.org/debian bookworm/main amd64 libdouble-conversion3 amd64 3.2.1-1 [41.5 kB]
Get:89 http://deb.debian.org/debian bookworm/main amd64 libpcre2-16-0 amd64 10.42-1 [245 kB]
Get:90 http://deb.debian.org/debian bookworm/main amd64 libqt5core5a amd64 5.15.8+dfsg-11+deb12u3 [1810 kB]
Get:91 http://deb.debian.org/debian bookworm/main amd64 fontconfig amd64 2.14.1-4 [449 kB]
Get:92 http://deb.debian.org/debian bookworm/main amd64 libdrm-common all 2.4.114-1 [7112 B]
Get:93 http://deb.debian.org/debian bookworm/main amd64 libdrm2 amd64 2.4.114-1+b1 [37.5 kB]
Get:94 http://deb.debian.org/debian bookworm/main amd64 libglvnd0 amd64 1.6.0-1 [51.8 kB]
Get:95 http://deb.debian.org/debian bookworm/main amd64 libwayland-server0 amd64 1.21.0-1 [35.9 kB]
Get:96 http://deb.debian.org/debian bookworm/main amd64 libgbm1 amd64 22.3.6-1+deb12u1 [38.0 kB]
Get:97 http://deb.debian.org/debian bookworm/main amd64 libglapi-mesa amd64 22.3.6-1+deb12u1 [35.7 kB]
Get:98 http://deb.debian.org/debian bookworm/main amd64 libwayland-client0 amd64 1.21.0-1 [28.3 kB]
Get:99 http://deb.debian.org/debian bookworm/main amd64 libx11-xcb1 amd64 2:1.8.4-2+deb12u2 [192 kB]
Get:100 http://deb.debian.org/debian bookworm/main amd64 libxcb-dri2-0 amd64 1.15-1 [107 kB]
Get:101 http://deb.debian.org/debian bookworm/main amd64 libxcb-dri3-0 amd64 1.15-1 [107 kB]
Get:102 http://deb.debian.org/debian bookworm/main amd64 libxcb-present0 amd64 1.15-1 [105 kB]
Get:103 http://deb.debian.org/debian bookworm/main amd64 libxcb-randr0 amd64 1.15-1 [117 kB]
Get:104 http://deb.debian.org/debian bookworm/main amd64 libxcb-sync1 amd64 1.15-1 [109 kB]
Get:105 http://deb.debian.org/debian bookworm/main amd64 libxcb-xfixes0 amd64 1.15-1 [109 kB]
Get:106 http://deb.debian.org/debian bookworm/main amd64 libxshmfence1 amd64 1.3-1 [8820 B]
Get:107 http://deb.debian.org/debian bookworm/main amd64 libegl-mesa0 amd64 22.3.6-1+deb12u1 [114 kB]
Get:108 http://deb.debian.org/debian bookworm/main amd64 libegl1 amd64 1.6.0-1 [33.7 kB]
Get:109 http://deb.debian.org/debian bookworm/main amd64 libxcb-glx0 amd64 1.15-1 [122 kB]
Get:110 http://deb.debian.org/debian bookworm/main amd64 libxcb-shm0 amd64 1.15-1 [105 kB]
Get:111 http://deb.debian.org/debian bookworm/main amd64 libxfixes3 amd64 1:6.0.0-2 [22.7 kB]
Get:112 http://deb.debian.org/debian bookworm/main amd64 libxxf86vm1 amd64 1:1.1.4-1+b2 [20.8 kB]
Get:113 http://deb.debian.org/debian bookworm/main amd64 libdrm-amdgpu1 amd64 2.4.114-1+b1 [20.9 kB]
Get:114 http://deb.debian.org/debian bookworm/main amd64 libpciaccess0 amd64 0.17-2 [51.4 kB]
Get:115 http://deb.debian.org/debian bookworm/main amd64 libdrm-intel1 amd64 2.4.114-1+b1 [64.0 kB]
Get:116 http://deb.debian.org/debian bookworm/main amd64 libdrm-nouveau2 amd64 2.4.114-1+b1 [19.1 kB]
Get:117 http://deb.debian.org/debian bookworm/main amd64 libdrm-radeon1 amd64 2.4.114-1+b1 [21.8 kB]
Get:118 http://deb.debian.org/debian bookworm/main amd64 libedit2 amd64 3.1-20221030-2 [93.0 kB]
Get:119 http://deb.debian.org/debian bookworm/main amd64 libz3-4 amd64 4.8.12-3.1 [7216 kB]
Get:120 http://deb.debian.org/debian bookworm/main amd64 libllvm15 amd64 1:15.0.6-4+b1 [23.1 MB]
Get:121 http://deb.debian.org/debian bookworm/main amd64 libsensors-config all 1:3.6.0-7.1 [14.3 kB]
Get:122 http://deb.debian.org/debian bookworm/main amd64 libsensors5 amd64 1:3.6.0-7.1 [34.2 kB]
Get:123 http://deb.debian.org/debian bookworm/main amd64 libgl1-mesa-dri amd64 22.3.6-1+deb12u1 [7239 kB]
Get:124 http://deb.debian.org/debian bookworm/main amd64 libglx-mesa0 amd64 22.3.6-1+deb12u1 [147 kB]
Get:125 http://deb.debian.org/debian bookworm/main amd64 libglx0 amd64 1.6.0-1 [34.4 kB]
Get:126 http://deb.debian.org/debian bookworm/main amd64 libgl1 amd64 1.6.0-1 [88.4 kB]
Get:127 http://deb.debian.org/debian bookworm/main amd64 libgraphite2-3 amd64 1.3.14-1 [81.2 kB]
Get:128 http://deb.debian.org/debian bookworm/main amd64 libharfbuzz0b amd64 6.0.0+dfsg-3 [1945 kB]
Get:129 http://deb.debian.org/debian bookworm/main amd64 libice6 amd64 2:1.0.10-1 [58.5 kB]
Get:130 http://deb.debian.org/debian bookworm/main amd64 libevdev2 amd64 1.13.0+dfsg-1 [34.0 kB]
Get:131 http://deb.debian.org/debian bookworm/main amd64 libmtdev1 amd64 1.1.6-1 [23.0 kB]
Get:132 http://deb.debian.org/debian bookworm/main amd64 libgudev-1.0-0 amd64 237-2 [15.1 kB]
Get:133 http://deb.debian.org/debian bookworm/main amd64 libwacom-common all 2.6.0-1 [58.4 kB]
Get:134 http://deb.debian.org/debian bookworm/main amd64 libwacom9 amd64 2.6.0-1 [21.5 kB]
Get:135 http://deb.debian.org/debian bookworm/main amd64 libinput-bin amd64 1.22.1-1 [23.2 kB]
Get:136 http://deb.debian.org/debian bookworm/main amd64 libinput10 amd64 1.22.1-1 [125 kB]
Get:137 http://deb.debian.org/debian bookworm/main amd64 libmd4c0 amd64 0.4.8-1 [44.2 kB]
Get:138 http://deb.debian.org/debian bookworm/main amd64 libqt5dbus5 amd64 5.15.8+dfsg-11+deb12u3 [212 kB]
Get:139 http://deb.debian.org/debian bookworm/main amd64 libqt5network5 amd64 5.15.8+dfsg-11+deb12u3 [675 kB]
Get:140 http://deb.debian.org/debian bookworm/main amd64 libsm6 amd64 2:1.2.3-1 [35.1 kB]
Get:141 http://deb.debian.org/debian bookworm/main amd64 libxcb-icccm4 amd64 0.4.1-1.1 [27.4 kB]
Get:142 http://deb.debian.org/debian bookworm/main amd64 libxcb-util1 amd64 0.4.0-1+b1 [23.2 kB]
Get:143 http://deb.debian.org/debian bookworm/main amd64 libxcb-image0 amd64 0.4.0-2 [22.9 kB]
Get:144 http://deb.debian.org/debian bookworm/main amd64 libxcb-keysyms1 amd64 0.4.0-1+b2 [16.4 kB]
Get:145 http://deb.debian.org/debian bookworm/main amd64 libxcb-render0 amd64 1.15-1 [115 kB]
Get:146 http://deb.debian.org/debian bookworm/main amd64 libxcb-render-util0 amd64 0.3.9-1+b1 [18.3 kB]
Get:147 http://deb.debian.org/debian bookworm/main amd64 libxcb-shape0 amd64 1.15-1 [106 kB]
Get:148 http://deb.debian.org/debian bookworm/main amd64 libxcb-xinerama0 amd64 1.15-1 [105 kB]
Get:149 http://deb.debian.org/debian bookworm/main amd64 libxcb-xinput0 amd64 1.15-1 [130 kB]
Get:150 http://deb.debian.org/debian bookworm/main amd64 libxcb-xkb1 amd64 1.15-1 [129 kB]
Get:151 http://deb.debian.org/debian bookworm/main amd64 libxkbcommon0 amd64 1.5.0-1 [106 kB]
Get:152 http://deb.debian.org/debian bookworm/main amd64 libxkbcommon-x11-0 amd64 1.5.0-1 [15.6 kB]
Get:153 http://deb.debian.org/debian bookworm/main amd64 libxrender1 amd64 1:0.9.10-1.1 [33.2 kB]
Get:154 http://deb.debian.org/debian bookworm/main amd64 libqt5gui5 amd64 5.15.8+dfsg-11+deb12u3 [3408 kB]
Get:155 http://deb.debian.org/debian bookworm/main amd64 libqt5positioning5 amd64 5.15.8+dfsg-3+deb12u1 [203 kB]
Get:156 http://deb.debian.org/debian bookworm/main amd64 libqt5widgets5 amd64 5.15.8+dfsg-11+deb12u3 [2379 kB]
Get:157 http://deb.debian.org/debian bookworm/main amd64 libqt5printsupport5 amd64 5.15.8+dfsg-11+deb12u3 [202 kB]
Get:158 http://deb.debian.org/debian bookworm/main amd64 libqt5qml5 amd64 5.15.8+dfsg-3 [1356 kB]
Get:159 http://deb.debian.org/debian bookworm/main amd64 libqt5qmlmodels5 amd64 5.15.8+dfsg-3 [189 kB]
Get:160 http://deb.debian.org/debian bookworm/main amd64 libqt5quick5 amd64 5.15.8+dfsg-3 [1592 kB]
Get:161 http://deb.debian.org/debian bookworm/main amd64 libqt5sensors5 amd64 5.15.8-2 [112 kB]
Get:162 http://deb.debian.org/debian bookworm/main amd64 libqt5webchannel5 amd64 5.15.8-2 [58.2 kB]
Get:163 http://deb.debian.org/debian bookworm/main amd64 libsqlite3-0 amd64 3.40.1-2+deb12u2 [839 kB]
Get:164 http://deb.debian.org/debian bookworm/main amd64 libwoff1 amd64 1.0.2-2 [43.0 kB]
Get:165 http://deb.debian.org/debian bookworm/main amd64 libxslt1.1 amd64 1.1.35-1+deb12u3 [231 kB]
Get:166 http://deb.debian.org/debian bookworm/main amd64 libqt5webkit5 amd64 5.212.0~alpha4-30 [11.9 MB]
Get:167 http://deb.debian.org/debian bookworm/main amd64 libsane-common all 1.2.1-2 [1277 kB]
Get:168 http://deb.debian.org/debian bookworm/main amd64 poppler-data all 0.4.12-1 [1601 kB]
Get:169 http://deb.debian.org/debian bookworm/main amd64 libpython3.11-minimal amd64 3.11.2-6+deb12u6 [817 kB]
Get:170 http://deb.debian.org/debian bookworm/main amd64 python3.11-minimal amd64 3.11.2-6+deb12u6 [2064 kB]
Get:171 http://deb.debian.org/debian bookworm/main amd64 python3-minimal amd64 3.11.2-1+b1 [26.3 kB]
Get:172 http://deb.debian.org/debian bookworm/main amd64 media-types all 10.0.0 [26.1 kB]
Get:173 http://deb.debian.org/debian bookworm/main amd64 libtirpc-common all 1.3.3+ds-1 [14.0 kB]
Get:174 http://deb.debian.org/debian bookworm/main amd64 libtirpc3 amd64 1.3.3+ds-1 [85.2 kB]
Get:175 http://deb.debian.org/debian bookworm/main amd64 libnsl2 amd64 1.3.0-2 [39.5 kB]
Get:176 http://deb.debian.org/debian bookworm/main amd64 libpython3.11-stdlib amd64 3.11.2-6+deb12u6 [1798 kB]
Get:177 http://deb.debian.org/debian bookworm/main amd64 python3.11 amd64 3.11.2-6+deb12u6 [573 kB]
Get:178 http://deb.debian.org/debian bookworm/main amd64 libpython3-stdlib amd64 3.11.2-1+b1 [9312 B]
Get:179 http://deb.debian.org/debian bookworm/main amd64 python3 amd64 3.11.2-1+b1 [26.3 kB]
Get:180 http://deb.debian.org/debian bookworm/main amd64 qml-module-qtquick-window2 amd64 5.15.8+dfsg-3 [27.8 kB]
Get:181 http://deb.debian.org/debian bookworm/main amd64 libqt5qmlworkerscript5 amd64 5.15.8+dfsg-3 [34.8 kB]
Get:182 http://deb.debian.org/debian bookworm/main amd64 qml-module-qtquick2 amd64 5.15.8+dfsg-3 [36.5 kB]
Get:183 http://deb.debian.org/debian bookworm/main amd64 qml-module-qtgraphicaleffects amd64 5.15.8-2 [68.9 kB]
Get:184 http://deb.debian.org/debian bookworm/main amd64 qml-module-qtqml amd64 5.15.8+dfsg-3 [20.2 kB]
Get:185 http://deb.debian.org/debian bookworm/main amd64 qml-module-qtqml-models2 amd64 5.15.8+dfsg-3 [21.0 kB]
Get:186 http://deb.debian.org/debian bookworm/main amd64 qml-module-qtquick-layouts amd64 5.15.8+dfsg-3 [54.2 kB]
Get:187 http://deb.debian.org/debian bookworm/main amd64 qml-module-qtquick-controls amd64 5.15.8-2 [530 kB]
Get:188 http://deb.debian.org/debian bookworm/main amd64 libpopt0 amd64 1.19+dfsg-1 [43.3 kB]
Get:189 http://deb.debian.org/debian bookworm/main amd64 rsync amd64 3.2.7-1+deb12u4 [419 kB]
Get:190 http://deb.debian.org/debian bookworm/main amd64 update-inetd all 4.53 [27.1 kB]
Get:191 http://deb.debian.org/debian bookworm/main amd64 libieee1284-3 amd64 0.2.11-14 [29.2 kB]
Get:192 http://deb.debian.org/debian bookworm/main amd64 acl amd64 2.3.1-3 [61.2 kB]
Get:193 http://deb.debian.org/debian bookworm/main amd64 libpixman-1-0 amd64 0.42.2-1 [546 kB]
Get:194 http://deb.debian.org/debian bookworm/main amd64 libcairo2 amd64 1.16.0-7 [575 kB]
Get:195 http://deb.debian.org/debian bookworm/main amd64 libcurl3-gnutls amd64 7.88.1-10+deb12u14 [386 kB]
Get:196 http://deb.debian.org/debian bookworm/main amd64 libabsl20220623 amd64 20220623.1-1+deb12u2 [391 kB]
Get:197 http://deb.debian.org/debian bookworm/main amd64 libgav1-1 amd64 0.18.0-1+b1 [332 kB]
Get:198 http://deb.debian.org/debian bookworm/main amd64 librav1e0 amd64 0.5.1-6 [763 kB]
Get:199 http://deb.debian.org/debian bookworm/main amd64 libsvtav1enc1 amd64 1.4.1+dfsg-1 [2121 kB]
Get:200 http://deb.debian.org/debian bookworm/main amd64 libyuv0 amd64 0.0~git20230123.b2528b0-1 [168 kB]
Get:201 http://deb.debian.org/debian bookworm/main amd64 libavif15 amd64 0.11.1-1+deb12u1 [94.4 kB]
Get:202 http://deb.debian.org/debian bookworm/main amd64 libxpm4 amd64 1:3.5.12-1.1+deb12u1 [48.6 kB]
Get:203 http://deb.debian.org/debian bookworm/main amd64 libgd3 amd64 2.3.3-9 [124 kB]
Get:204 http://deb.debian.org/debian bookworm/main amd64 libusb-1.0-0 amd64 2:1.0.26-1 [62.6 kB]
Get:205 http://deb.debian.org/debian bookworm/main amd64 libgphoto2-port12 amd64 2.5.30-1 [135 kB]
Get:206 http://deb.debian.org/debian bookworm/main amd64 libgphoto2-6 amd64 2.5.30-1 [751 kB]
Get:207 http://deb.debian.org/debian bookworm/main amd64 libnspr4 amd64 2:4.35-1 [113 kB]
Get:208 http://deb.debian.org/debian bookworm/main amd64 libnss3 amd64 2:3.87.1-1+deb12u1 [1331 kB]
Get:209 http://deb.debian.org/debian bookworm/main amd64 libpoppler126 amd64 22.12.0-2+deb12u1 [1853 kB]
Get:210 http://deb.debian.org/debian bookworm/main amd64 libpoppler-glib8 amd64 22.12.0-2+deb12u1 [133 kB]
Get:211 http://deb.debian.org/debian bookworm/main amd64 pci.ids all 0.0~2023.04.11-1 [243 kB]
Get:212 http://deb.debian.org/debian bookworm/main amd64 libpci3 amd64 1:3.9.0-4 [67.4 kB]
Get:213 http://deb.debian.org/debian bookworm/main amd64 libwrap0 amd64 7.6.q-32 [54.9 kB]
Get:214 http://deb.debian.org/debian bookworm/main amd64 libsane1 amd64 1.2.1-2 [2573 kB]
Get:215 http://deb.debian.org/debian bookworm/main amd64 sane-utils amd64 1.2.1-2 [208 kB]
Get:216 http://deb.debian.org/debian bookworm/main amd64 sgml-base all 1.31 [15.4 kB]
Get:217 http://deb.debian.org/debian bookworm/main amd64 tasksel-data all 3.73 [18.0 kB]
Get:218 http://deb.debian.org/debian bookworm/main amd64 tasksel all 3.73 [51.2 kB]
Get:219 http://deb.debian.org/debian bookworm/main amd64 uuid-runtime amd64 2.38.1-5+deb12u3 [48.2 kB]
Get:220 http://deb.debian.org/debian bookworm/main amd64 dmidecode amd64 3.4-1 [68.8 kB]
Get:221 http://deb.debian.org/debian bookworm/main amd64 fdisk amd64 2.38.1-5+deb12u3 [141 kB]
Get:222 http://deb.debian.org/debian bookworm/main amd64 libbpf1 amd64 1:1.1.2-0+deb12u1 [145 kB]
Get:223 http://deb.debian.org/debian bookworm/main amd64 libmnl0 amd64 1.0.4-3 [12.5 kB]
Get:224 http://deb.debian.org/debian bookworm/main amd64 libxtables12 amd64 1.8.9-2 [30.8 kB]
Get:225 http://deb.debian.org/debian bookworm/main amd64 iproute2 amd64 6.1.0-3 [1046 kB]
Get:226 http://deb.debian.org/debian bookworm/main amd64 netbase all 6.4 [12.8 kB]
Get:227 http://deb.debian.org/debian bookworm/main amd64 python-apt-common all 2.6.0 [64.3 kB]
Get:228 http://deb.debian.org/debian bookworm/main amd64 distro-info-data all 0.58+deb12u6 [6528 B]
Get:229 http://deb.debian.org/debian bookworm/main amd64 python3-apt amd64 2.6.0 [159 kB]
Get:230 http://deb.debian.org/debian bookworm/main amd64 python3-debconf all 1.5.82 [3980 B]
Get:231 http://deb.debian.org/debian bookworm/main amd64 apt-listchanges all 3.24 [133 kB]
Get:232 http://deb.debian.org/debian bookworm/main amd64 libuv1 amd64 1.44.2-1+deb12u1 [136 kB]
Get:233 http://deb.debian.org/debian bookworm/main amd64 libfstrm0 amd64 0.6.1-1 [21.6 kB]
Get:234 http://deb.debian.org/debian bookworm/main amd64 libjemalloc2 amd64 5.3.0-1 [275 kB]
Get:235 http://deb.debian.org/debian bookworm/main amd64 liblmdb0 amd64 0.9.24-1 [45.0 kB]
Get:236 http://deb.debian.org/debian bookworm/main amd64 libmaxminddb0 amd64 1.7.1-1 [29.8 kB]
Get:237 http://deb.debian.org/debian bookworm/main amd64 libprotobuf-c1 amd64 1.4.1-1+b1 [27.5 kB]
Get:238 http://deb.debian.org/debian bookworm/main amd64 bzip2 amd64 1.0.8-5+b1 [49.8 kB]
Get:239 http://deb.debian.org/debian bookworm/main amd64 libmagic-mgc amd64 1:5.44-3 [305 kB]
Get:240 http://deb.debian.org/debian bookworm/main amd64 libmagic1 amd64 1:5.44-3 [104 kB]
Get:241 http://deb.debian.org/debian bookworm/main amd64 file amd64 1:5.44-3 [42.5 kB]
Get:242 http://deb.debian.org/debian bookworm/main amd64 gettext-base amd64 0.21-12 [160 kB]
Get:243 http://deb.debian.org/debian bookworm/main amd64 libuchardet0 amd64 0.0.7-1 [67.8 kB]
Get:244 http://deb.debian.org/debian bookworm/main amd64 groff-base amd64 1.22.4-10 [916 kB]
Get:245 http://deb.debian.org/debian bookworm/main amd64 liblockfile-bin amd64 1.17-1+b1 [20.8 kB]
Get:246 http://deb.debian.org/debian bookworm/main amd64 libpam-systemd amd64 252.39-1~deb12u1 [225 kB]
Get:247 http://deb.debian.org/debian bookworm/main amd64 lsof amd64 4.95.0-1 [318 kB]
Get:248 http://deb.debian.org/debian bookworm/main amd64 bsdextrautils amd64 2.38.1-5+deb12u3 [87.0 kB]
Get:249 http://deb.debian.org/debian bookworm/main amd64 libpipeline1 amd64 1.5.7-1 [38.5 kB]
Get:250 http://deb.debian.org/debian bookworm/main amd64 man-db amd64 2.11.2-2 [1386 kB]
Get:251 http://deb.debian.org/debian bookworm/main amd64 netcat-traditional amd64 1.10-47 [67.9 kB]
Get:252 http://deb.debian.org/debian bookworm/main amd64 libcbor0.8 amd64 0.8.0-2+b1 [27.4 kB]
Get:253 http://deb.debian.org/debian bookworm/main amd64 libfido2-1 amd64 1.12.0-2+b1 [77.2 kB]
Get:254 http://deb.debian.org/debian bookworm/main amd64 openssh-client amd64 1:9.2p1-2+deb12u7 [992 kB]
Get:255 http://deb.debian.org/debian bookworm/main amd64 pciutils amd64 1:3.9.0-4 [104 kB]
Get:256 http://deb.debian.org/debian bookworm/main amd64 wamerican all 2020.12.07-2 [221 kB]
Get:257 http://deb.debian.org/debian bookworm/main amd64 xz-utils amd64 5.4.1-1 [471 kB]
Get:258 http://deb.debian.org/debian bookworm/main amd64 libaccountsservice0 amd64 22.08.8-6 [54.3 kB]
Get:259 http://deb.debian.org/debian bookworm/main amd64 libpolkit-gobject-1-0 amd64 122-3 [43.9 kB]
Get:260 http://deb.debian.org/debian bookworm/main amd64 accountsservice amd64 22.08.8-6 [85.5 kB]
Get:261 http://deb.debian.org/debian bookworm/main amd64 hicolor-icon-theme all 0.17-2 [11.4 kB]
Get:262 http://deb.debian.org/debian bookworm/main amd64 libgdk-pixbuf2.0-common all 2.42.10+dfsg-1+deb12u3 [307 kB]
Get:263 http://deb.debian.org/debian bookworm/main amd64 libgdk-pixbuf-2.0-0 amd64 2.42.10+dfsg-1+deb12u3 [139 kB]
Get:264 http://deb.debian.org/debian bookworm/main amd64 gtk-update-icon-cache amd64 3.24.38-2~deb12u3 [44.2 kB]
Get:265 http://deb.debian.org/debian bookworm/main amd64 adwaita-icon-theme all 43-1 [5124 kB]
Get:266 http://deb.debian.org/debian bookworm/main amd64 dbus-user-session amd64 1.14.10-1~deb12u1 [78.1 kB]
Get:267 http://deb.debian.org/debian bookworm/main amd64 libdconf1 amd64 0.40.0-4 [40.9 kB]
Get:268 http://deb.debian.org/debian bookworm/main amd64 dconf-service amd64 0.40.0-4 [31.6 kB]
Get:269 http://deb.debian.org/debian bookworm/main amd64 dconf-gsettings-backend amd64 0.40.0-4 [27.8 kB]
Get:270 http://deb.debian.org/debian bookworm/main amd64 libgc1 amd64 1:8.2.2-3 [245 kB]
Get:271 http://deb.debian.org/debian bookworm/main amd64 guile-3.0-libs amd64 3.0.8-2 [6645 kB]
Get:272 http://deb.debian.org/debian bookworm/main amd64 at-spi2-common all 2.46.0-5 [162 kB]
Get:273 http://deb.debian.org/debian bookworm/main amd64 libatk1.0-0 amd64 2.46.0-5 [49.6 kB]
Get:274 http://deb.debian.org/debian bookworm/main amd64 libtdb1 amd64 1.4.8-2 [44.5 kB]
Get:275 http://deb.debian.org/debian bookworm/main amd64 libogg0 amd64 1.3.5-3 [23.4 kB]
Get:276 http://deb.debian.org/debian bookworm/main amd64 libvorbis0a amd64 1.3.7-1 [93.0 kB]
Get:277 http://deb.debian.org/debian bookworm/main amd64 libvorbisfile3 amd64 1.3.7-1 [26.1 kB]
Get:278 http://deb.debian.org/debian bookworm/main amd64 sound-theme-freedesktop all 0.8-2 [384 kB]
Get:279 http://deb.debian.org/debian bookworm/main amd64 libcanberra0 amd64 0.30-10 [41.3 kB]
Get:280 http://deb.debian.org/debian bookworm/main amd64 libxi6 amd64 2:1.8-1+b1 [84.2 kB]
Get:281 http://deb.debian.org/debian bookworm/main amd64 libatspi2.0-0 amd64 2.46.0-5 [75.4 kB]
Get:282 http://deb.debian.org/debian bookworm/main amd64 libatk-bridge2.0-0 amd64 2.46.0-5 [64.6 kB]
Get:283 http://deb.debian.org/debian bookworm/main amd64 libcairo-gobject2 amd64 1.16.0-7 [112 kB]
Get:284 http://deb.debian.org/debian bookworm/main amd64 libcolord2 amd64 1.4.6-2.2 [137 kB]
Get:285 http://deb.debian.org/debian bookworm/main amd64 libepoxy0 amd64 1.5.10-1 [189 kB]
Get:286 http://deb.debian.org/debian bookworm/main amd64 libfribidi0 amd64 1.0.8-2.1 [65.0 kB]
Get:287 http://deb.debian.org/debian bookworm/main amd64 libthai-data all 0.1.29-1 [176 kB]
Get:288 http://deb.debian.org/debian bookworm/main amd64 libdatrie1 amd64 0.2.13-2+b1 [43.3 kB]
Get:289 http://deb.debian.org/debian bookworm/main amd64 libthai0 amd64 0.1.29-1 [57.5 kB]
Get:290 http://deb.debian.org/debian bookworm/main amd64 libpango-1.0-0 amd64 1.50.12+ds-1 [212 kB]
Get:291 http://deb.debian.org/debian bookworm/main amd64 libpangoft2-1.0-0 amd64 1.50.12+ds-1 [47.4 kB]
Get:292 http://deb.debian.org/debian bookworm/main amd64 libpangocairo-1.0-0 amd64 1.50.12+ds-1 [34.2 kB]
Get:293 http://deb.debian.org/debian bookworm/main amd64 libwayland-cursor0 amd64 1.21.0-1 [14.4 kB]
Get:294 http://deb.debian.org/debian bookworm/main amd64 libwayland-egl1 amd64 1.21.0-1 [8640 B]
Get:295 http://deb.debian.org/debian bookworm/main amd64 libxcomposite1 amd64 1:0.4.5-1 [16.6 kB]
Get:296 http://deb.debian.org/debian bookworm/main amd64 libxcursor1 amd64 1:1.2.1-1 [40.9 kB]
Get:297 http://deb.debian.org/debian bookworm/main amd64 libxdamage1 amd64 1:1.1.6-1 [15.1 kB]
Get:298 http://deb.debian.org/debian bookworm/main amd64 libxinerama1 amd64 2:1.1.4-3 [17.8 kB]
Get:299 http://deb.debian.org/debian bookworm/main amd64 libxrandr2 amd64 2:1.5.2-2+b1 [39.2 kB]
Get:300 http://deb.debian.org/debian bookworm/main amd64 libgtk-3-common all 3.24.38-2~deb12u3 [3895 kB]
Get:301 http://deb.debian.org/debian bookworm/main amd64 libgtk-3-0 amd64 3.24.38-2~deb12u3 [2847 kB]
Get:302 http://deb.debian.org/debian bookworm/main amd64 libcanberra-gtk3-0 amd64 0.30-10 [12.7 kB]
Get:303 http://deb.debian.org/debian bookworm/main amd64 librsvg2-2 amd64 2.54.7+dfsg-1~deb12u1 [2620 kB]
Get:304 http://deb.debian.org/debian bookworm/main amd64 aisleriot amd64 1:3.22.23-1 [1891 kB]
Get:305 http://deb.debian.org/debian bookworm/main amd64 alsa-topology-conf all 1.2.5.1-2 [15.2 kB]
Get:306 http://deb.debian.org/debian bookworm/main amd64 alsa-ucm-conf all 1.2.8-1 [51.7 kB]
Get:307 http://deb.debian.org/debian bookworm/main amd64 libatopology2 amd64 1.2.8-1+b1 [50.4 kB]
Get:308 http://deb.debian.org/debian bookworm/main amd64 libfftw3-single3 amd64 3.3.10-1 [806 kB]
Get:309 http://deb.debian.org/debian bookworm/main amd64 libsamplerate0 amd64 0.2.2-3 [952 kB]
Get:310 http://deb.debian.org/debian bookworm/main amd64 alsa-utils amd64 1.2.8-1 [1098 kB]
Get:311 http://deb.debian.org/debian bookworm/main amd64 anacron amd64 2.3-36 [26.9 kB]
Get:312 http://deb.debian.org/debian bookworm/main amd64 libapr1 amd64 1.7.2-3+deb12u1 [102 kB]
Get:313 http://deb.debian.org/debian bookworm/main amd64 libaprutil1 amd64 1.6.3-1 [87.8 kB]
Get:314 http://deb.debian.org/debian bookworm/main amd64 libaprutil1-dbd-sqlite3 amd64 1.6.3-1 [13.6 kB]
Get:315 http://deb.debian.org/debian bookworm/main amd64 libaprutil1-ldap amd64 1.6.3-1 [11.8 kB]
Get:316 http://deb.debian.org/debian bookworm/main amd64 libjansson4 amd64 2.14-2 [40.8 kB]
Get:317 http://deb.debian.org/debian bookworm/main amd64 liblua5.3-0 amd64 5.3.6-2 [123 kB]
Get:318 http://deb.debian.org/debian bookworm/main amd64 apache2-bin amd64 2.4.66-1~deb12u1 [1400 kB]
Get:319 http://deb.debian.org/debian bookworm/main amd64 apg amd64 2.2.3.dfsg.1-5+b2 [52.7 kB]
Get:320 http://deb.debian.org/debian bookworm/main amd64 apparmor amd64 3.0.8-3 [616 kB]
Get:321 http://deb.debian.org/debian bookworm/main amd64 libstemmer0d amd64 2.2.0-2 [118 kB]
Get:322 http://deb.debian.org/debian bookworm/main amd64 libxmlb2 amd64 0.3.10-2 [60.2 kB]
Get:323 http://deb.debian.org/debian bookworm/main amd64 libyaml-0-2 amd64 0.2.5-1 [53.6 kB]
Get:324 http://deb.debian.org/debian bookworm/main amd64 libappstream4 amd64 0.16.1-2 [199 kB]
Get:325 http://deb.debian.org/debian bookworm/main amd64 appstream amd64 0.16.1-2 [407 kB]
Get:326 http://deb.debian.org/debian bookworm/main amd64 apt-config-icons all 0.16.1-2 [7604 B]
Get:327 http://deb.debian.org/debian bookworm/main amd64 libaspell15 amd64 0.60.8-4+b1 [344 kB]
Get:328 http://deb.debian.org/debian bookworm/main amd64 libtext-iconv-perl amd64 1.7-8 [14.5 kB]
Get:329 http://deb.debian.org/debian bookworm/main amd64 emacsen-common all 3.0.5 [12.3 kB]
Get:330 http://deb.debian.org/debian bookworm/main amd64 dictionaries-common all 1.29.5 [184 kB]
Get:331 http://deb.debian.org/debian bookworm/main amd64 aspell amd64 0.60.8-4+b1 [266 kB]
Get:332 http://deb.debian.org/debian bookworm/main amd64 aspell-en all 2020.12.07-0-1 [306 kB]
Get:333 http://deb.debian.org/debian bookworm/main amd64 libxtst6 amd64 2:1.2.3-1.1 [28.0 kB]
Get:334 http://deb.debian.org/debian bookworm/main amd64 gsettings-desktop-schemas all 43.0-1 [643 kB]
Get:335 http://deb.debian.org/debian bookworm/main amd64 at-spi2-core amd64 2.46.0-5 [57.3 kB]
Get:336 http://deb.debian.org/debian bookworm/main amd64 libavahi-core7 amd64 0.8-10+deb12u1 [103 kB]
Get:337 http://deb.debian.org/debian bookworm/main amd64 libdaemon0 amd64 0.14-7.1 [15.0 kB]
Get:338 http://deb.debian.org/debian bookworm/main amd64 avahi-daemon amd64 0.8-10+deb12u1 [83.0 kB]
Get:339 http://deb.debian.org/debian bookworm/main amd64 libgraphene-1.0-0 amd64 1.10.8-1 [43.2 kB]
Get:340 http://deb.debian.org/debian bookworm/main amd64 liblzo2-2 amd64 2.10-2 [56.9 kB]
Get:341 http://deb.debian.org/debian bookworm/main amd64 libcairo-script-interpreter2 amd64 1.16.0-7 [149 kB]
Get:342 http://deb.debian.org/debian bookworm/main amd64 libcloudproviders0 amd64 0.3.1-2 [27.8 kB]
Get:343 http://deb.debian.org/debian bookworm/main amd64 libgtk-4-common all 4.8.3+ds-2+deb12u1 [1854 kB]
Get:344 http://deb.debian.org/debian bookworm/main amd64 libgtk-4-1 amd64 4.8.3+ds-2+deb12u1 [2767 kB]
Get:345 http://deb.debian.org/debian bookworm/main amd64 libadwaita-1-0 amd64 1.2.2-1 [304 kB]
Get:346 http://deb.debian.org/debian bookworm/main amd64 baobab amd64 43.0-1 [305 kB]
Get:347 http://deb.debian.org/debian bookworm/main amd64 libical3 amd64 3.0.16-1+b1 [288 kB]
Get:348 http://deb.debian.org/debian bookworm/main amd64 bluez-obexd amd64 5.66-1+deb12u2 [236 kB]
Get:349 http://deb.debian.org/debian bookworm/main amd64 bogofilter-common amd64 1.2.5-1+b2 [216 kB]
Get:350 http://deb.debian.org/debian bookworm/main amd64 libgslcblas0 amd64 2.7.1+dfsg-5+deb12u1 [108 kB]
Get:351 http://deb.debian.org/debian bookworm/main amd64 libgsl27 amd64 2.7.1+dfsg-5+deb12u1 [941 kB]
Get:352 http://deb.debian.org/debian bookworm/main amd64 bogofilter-bdb amd64 1.2.5-1+b2 [140 kB]
Get:353 http://deb.debian.org/debian bookworm/main amd64 bogofilter amd64 1.2.5-1+b2 [1344 B]
Get:354 http://deb.debian.org/debian bookworm/main amd64 bolt amd64 0.9.5-1 [147 kB]
Get:355 http://deb.debian.org/debian bookworm/main amd64 brasero-common all 3.12.3-2 [2032 kB]
Get:356 http://deb.debian.org/debian bookworm/main amd64 exim4-config all 4.96-15+deb12u7 [256 kB]
Get:357 http://deb.debian.org/debian bookworm/main amd64 exim4-base amd64 4.96-15+deb12u7 [1118 kB]
Get:358 http://deb.debian.org/debian bookworm/main amd64 libevent-2.1-7 amd64 2.1.12-stable-8 [180 kB]
Get:359 http://deb.debian.org/debian bookworm/main amd64 libunbound8 amd64 1.17.1-2+deb12u4 [553 kB]
Get:360 http://deb.debian.org/debian bookworm/main amd64 libgnutls-dane0 amd64 3.7.9-2+deb12u5 [407 kB]
Get:361 http://deb.debian.org/debian bookworm/main amd64 libidn12 amd64 1.41-1 [83.8 kB]
Get:362 http://deb.debian.org/debian bookworm/main amd64 exim4-daemon-light amd64 4.96-15+deb12u7 [605 kB]
Get:363 http://deb.debian.org/debian bookworm/main amd64 liblockfile1 amd64 1.17-1+b1 [17.0 kB]
Get:364 http://deb.debian.org/debian bookworm/main amd64 bsd-mailx amd64 8.1.2-0.20220412cvs-1 [90.4 kB]
Get:365 http://deb.debian.org/debian bookworm/main amd64 btrfs-progs amd64 6.2-1+deb12u2 [755 kB]
Get:366 http://deb.debian.org/debian bookworm/main amd64 bubblewrap amd64 0.8.0-2+deb12u1 [47.3 kB]
Get:367 http://deb.debian.org/debian bookworm/main amd64 busybox amd64 1:1.35.0-4+b7 [452 kB]
Get:368 http://deb.debian.org/debian bookworm/main amd64 libefivar1 amd64 37-6 [50.0 kB]
Get:369 http://deb.debian.org/debian bookworm/main amd64 libefiboot1 amd64 37-6 [44.1 kB]
Get:370 http://deb.debian.org/debian bookworm/main amd64 libfuse2 amd64 2.9.9-6+b1 [119 kB]
Get:371 http://deb.debian.org/debian bookworm/main amd64 grub-common amd64 2.06-13+deb12u1 [2709 kB]
Get:372 http://deb.debian.org/debian bookworm/main amd64 os-prober amd64 1.81 [30.9 kB]
Get:373 http://deb.debian.org/debian bookworm/main amd64 libkf5coreaddons-data all 5.103.0-1 [132 kB]
Get:374 http://deb.debian.org/debian bookworm/main amd64 libkf5coreaddons5 amd64 5.103.0-1 [270 kB]
Get:375 http://deb.debian.org/debian bookworm/main amd64 libkf5i18n-data all 5.103.0-1 [1047 kB]
Get:376 http://deb.debian.org/debian bookworm/main amd64 libkf5i18n5 amd64 5.103.0-1 [123 kB]
Get:377 http://deb.debian.org/debian bookworm/main amd64 libkf5package-data all 5.103.0-1 [68.5 kB]
Get:378 http://deb.debian.org/debian bookworm/main amd64 libkf5archive-data all 5.103.0-1 [29.3 kB]
Get:379 http://deb.debian.org/debian bookworm/main amd64 libkf5archive5 amd64 5.103.0-1 [90.6 kB]
Get:380 http://deb.debian.org/debian bookworm/main amd64 libkf5package5 amd64 5.103.0-1 [55.0 kB]
Get:381 http://deb.debian.org/debian bookworm/main amd64 kpackagetool5 amd64 5.103.0-1 [54.8 kB]
Get:382 http://deb.debian.org/debian bookworm/main amd64 libboost-python1.74.0 amd64 1.74.0+ds1-21 [289 kB]
Get:383 http://deb.debian.org/debian bookworm/main amd64 libkf5config-data all 5.103.0-2 [90.8 kB]
Get:384 http://deb.debian.org/debian bookworm/main amd64 libkf5configcore5 amd64 5.103.0-2 [134 kB]
Get:385 http://deb.debian.org/debian bookworm/main amd64 libkf5parts-data all 5.103.0-1 [67.6 kB]
Get:386 http://deb.debian.org/debian bookworm/main amd64 libqt5x11extras5 amd64 5.15.8-2 [10.3 kB]
Get:387 http://deb.debian.org/debian bookworm/main amd64 libkf5crash5 amd64 5.103.0-1 [18.1 kB]
Get:388 http://deb.debian.org/debian bookworm/main amd64 libkf5dbusaddons-data all 5.103.0-1 [17.3 kB]
Get:389 http://deb.debian.org/debian bookworm/main amd64 libkf5dbusaddons5 amd64 5.103.0-1 [37.2 kB]
Get:390 http://deb.debian.org/debian bookworm/main amd64 libkf5service-data all 5.103.0-1 [67.0 kB]
Get:391 http://deb.debian.org/debian bookworm/main amd64 libqt5xml5 amd64 5.15.8+dfsg-11+deb12u3 [122 kB]
Get:392 http://deb.debian.org/debian bookworm/main amd64 libkf5service5 amd64 5.103.0-1 [212 kB]
Get:393 http://deb.debian.org/debian bookworm/main amd64 libkf5service-bin amd64 5.103.0-1 [53.2 kB]
Get:394 http://deb.debian.org/debian bookworm/main amd64 kded5 amd64 5.103.0-1 [59.3 kB]
Get:395 http://deb.debian.org/debian bookworm/main amd64 libkf5auth-data all 5.103.0-1 [25.3 kB]
Get:396 http://deb.debian.org/debian bookworm/main amd64 libpolkit-agent-1-0 amd64 122-3 [24.4 kB]
Get:397 http://deb.debian.org/debian bookworm/main amd64 libpolkit-qt5-1-1 amd64 0.114.0-2 [57.4 kB]
Get:398 http://deb.debian.org/debian bookworm/main amd64 libkf5authcore5 amd64 5.103.0-1 [52.4 kB]
Get:399 http://deb.debian.org/debian bookworm/main amd64 libkf5configwidgets-data all 5.103.0-1 [216 kB]
Get:400 http://deb.debian.org/debian bookworm/main amd64 libkf5codecs-data all 5.103.0-1 [48.1 kB]
Get:401 http://deb.debian.org/debian bookworm/main amd64 libkf5codecs5 amd64 5.103.0-1 [94.1 kB]
Get:402 http://deb.debian.org/debian bookworm/main amd64 libkf5configgui5 amd64 5.103.0-2 [52.0 kB]
Get:403 http://deb.debian.org/debian bookworm/main amd64 libkf5guiaddons-data all 5.103.0-1 [6060 B]
Get:404 http://deb.debian.org/debian bookworm/main amd64 libqt5waylandclient5 amd64 5.15.8-2 [370 kB]
Get:405 http://deb.debian.org/debian bookworm/main amd64 libkf5guiaddons5 amd64 5.103.0-1 [83.6 kB]
Get:406 http://deb.debian.org/debian bookworm/main amd64 libkf5widgetsaddons-data all 5.103.0-1 [1056 kB]
Get:407 http://deb.debian.org/debian bookworm/main amd64 libkf5widgetsaddons5 amd64 5.103.0-1 [392 kB]
Get:408 http://deb.debian.org/debian bookworm/main amd64 libkf5configwidgets5 amd64 5.103.0-1 [149 kB]
Get:409 http://deb.debian.org/debian bookworm/main amd64 libkf5doctools5 amd64 5.103.0-1 [16.1 kB]
Get:410 http://deb.debian.org/debian bookworm/main amd64 libkf5itemviews-data all 5.103.0-1 [11.9 kB]
Get:411 http://deb.debian.org/debian bookworm/main amd64 libkf5itemviews5 amd64 5.103.0-1 [75.9 kB]
Get:412 http://deb.debian.org/debian bookworm/main amd64 libkf5kiocore5 amd64 5.103.0-1+deb12u1 [518 kB]
Get:413 http://deb.debian.org/debian bookworm/main amd64 libkf5windowsystem-data all 5.103.0-1 [12.2 kB]
Get:414 http://deb.debian.org/debian bookworm/main amd64 libxcb-res0 amd64 1.15-1 [106 kB]
Get:415 http://deb.debian.org/debian bookworm/main amd64 libkf5windowsystem5 amd64 5.103.0-1 [142 kB]
Get:416 http://deb.debian.org/debian bookworm/main amd64 libkf5kiogui5 amd64 5.103.0-1+deb12u1 [99.0 kB]
Get:417 http://deb.debian.org/debian bookworm/main amd64 libkf5kiontlm5 amd64 5.103.0-1+deb12u1 [23.1 kB]
Get:418 http://deb.debian.org/debian bookworm/main amd64 libkf5completion-data all 5.103.0-1 [16.6 kB]
Get:419 http://deb.debian.org/debian bookworm/main amd64 libkf5completion5 amd64 5.103.0-1 [86.6 kB]
Get:420 http://deb.debian.org/debian bookworm/main amd64 libkf5iconthemes-data all 5.103.0-1 [27.9 kB]
Get:421 http://deb.debian.org/debian bookworm/main amd64 libqt5svg5 amd64 5.15.8-3 [134 kB]
Get:422 http://deb.debian.org/debian bookworm/main amd64 libkf5iconthemes5 amd64 5.103.0-1 [95.4 kB]
Get:423 http://deb.debian.org/debian bookworm/main amd64 libkf5jobwidgets-data all 5.103.0-1 [35.3 kB]
Get:424 http://deb.debian.org/debian bookworm/main amd64 libkf5jobwidgets5 amd64 5.103.0-1 [63.4 kB]
Get:425 http://deb.debian.org/debian bookworm/main amd64 libkf5solid5-data all 5.103.0-1 [101 kB]
Get:426 http://deb.debian.org/debian bookworm/main amd64 libplist3 amd64 2.2.0-6+b2 [33.2 kB]
Get:427 http://deb.debian.org/debian bookworm/main amd64 libusbmuxd6 amd64 2.0.2-3 [20.6 kB]
Get:428 http://deb.debian.org/debian bookworm/main amd64 libimobiledevice6 amd64 1.3.0-6+b3 [71.7 kB]
Get:429 http://deb.debian.org/debian bookworm/main amd64 libkf5solid5 amd64 5.103.0-1 [229 kB]
Get:430 http://deb.debian.org/debian bookworm/main amd64 libkf5kiowidgets5 amd64 5.103.0-1+deb12u1 [421 kB]
Get:431 http://deb.debian.org/debian bookworm/main amd64 libkf5notifications-data all 5.103.0-1 [17.7 kB]
Get:432 http://deb.debian.org/debian bookworm/main amd64 libdbusmenu-qt5-2 amd64 0.9.3+16.04.20160218-2+b1 [78.8 kB]
Get:433 http://deb.debian.org/debian bookworm/main amd64 libqt5texttospeech5 amd64 5.15.8-2 [19.6 kB]
Get:434 http://deb.debian.org/debian bookworm/main amd64 libkf5notifications5 amd64 5.103.0-1 [113 kB]
Get:435 http://deb.debian.org/debian bookworm/main amd64 libkf5textwidgets-data all 5.103.0-1 [179 kB]
Get:436 http://deb.debian.org/debian bookworm/main amd64 libkf5sonnet5-data all 5.103.0-1 [98.4 kB]
Get:437 http://deb.debian.org/debian bookworm/main amd64 libkf5sonnetcore5 amd64 5.103.0-1 [124 kB]
Get:438 http://deb.debian.org/debian bookworm/main amd64 libkf5sonnetui5 amd64 5.103.0-1 [51.8 kB]
Get:439 http://deb.debian.org/debian bookworm/main amd64 libkf5textwidgets5 amd64 5.103.0-1 [82.7 kB]
Get:440 http://deb.debian.org/debian bookworm/main amd64 libkf5wallet-data all 5.103.0-1 [192 kB]
Get:441 http://deb.debian.org/debian bookworm/main amd64 libassuan0 amd64 2.5.5-5 [48.5 kB]
Get:442 http://deb.debian.org/debian bookworm/main amd64 gpgconf amd64 2.2.40-1.1+deb12u2 [565 kB]
Get:443 http://deb.debian.org/debian bookworm/main amd64 libksba8 amd64 1.6.3-2 [128 kB]
Get:444 http://deb.debian.org/debian bookworm/main amd64 libnpth0 amd64 1.6-3 [19.0 kB]
Get:445 http://deb.debian.org/debian bookworm/main amd64 dirmngr amd64 2.2.40-1.1+deb12u2 [793 kB]
Get:446 http://deb.debian.org/debian bookworm/main amd64 gnupg-l10n all 2.2.40-1.1+deb12u2 [1093 kB]
Get:447 http://deb.debian.org/debian bookworm/main amd64 gnupg-utils amd64 2.2.40-1.1+deb12u2 [927 kB]
Get:448 http://deb.debian.org/debian bookworm/main amd64 gpg amd64 2.2.40-1.1+deb12u2 [950 kB]
Get:449 http://deb.debian.org/debian bookworm/main amd64 pinentry-curses amd64 1.2.1-1 [77.4 kB]
Get:450 http://deb.debian.org/debian bookworm/main amd64 libgck-1-0 amd64 3.41.1-1+b1 [75.0 kB]
Get:451 http://deb.debian.org/debian bookworm/main amd64 libgcr-base-3-1 amd64 3.41.1-1+b1 [196 kB]
Get:452 http://deb.debian.org/debian bookworm/main amd64 libgcr-ui-3-1 amd64 3.41.1-1+b1 [131 kB]
Get:453 http://deb.debian.org/debian bookworm/main amd64 libsecret-common all 0.20.5-3 [28.5 kB]
Get:454 http://deb.debian.org/debian bookworm/main amd64 libsecret-1-0 amd64 0.20.5-3 [115 kB]
Get:455 http://deb.debian.org/debian bookworm/main amd64 gcr amd64 3.41.1-1+b1 [272 kB]
Get:456 http://deb.debian.org/debian bookworm/main amd64 pinentry-gnome3 amd64 1.2.1-1 [79.9 kB]
Get:457 http://deb.debian.org/debian bookworm/main amd64 gpg-agent amd64 2.2.40-1.1+deb12u2 [695 kB]
Get:458 http://deb.debian.org/debian bookworm/main amd64 gpg-wks-client amd64 2.2.40-1.1+deb12u2 [541 kB]
Get:459 http://deb.debian.org/debian bookworm/main amd64 gpg-wks-server amd64 2.2.40-1.1+deb12u2 [531 kB]
Get:460 http://security.debian.org/debian-security bookworm-security/main amd64 libsodium23 amd64 1.0.18-1+deb12u1 [162 kB]
Get:461 http://deb.debian.org/debian bookworm/main amd64 gpgsm amd64 2.2.40-1.1+deb12u2 [671 kB]
Get:462 http://security.debian.org/debian-security bookworm-security/main amd64 libmagickcore-6.q16-6-extra amd64 8:6.9.11.60+dfsg-1.6+deb12u6 [175 kB]
Get:463 http://security.debian.org/debian-security bookworm-security/main amd64 linux-image-6.1.0-43-amd64 amd64 6.1.162-1 [70.2 MB]
Get:464 http://deb.debian.org/debian bookworm/main amd64 gnupg all 2.2.40-1.1+deb12u2 [846 kB]
Get:465 http://deb.debian.org/debian bookworm/main amd64 libgpgme11 amd64 1.18.0-3+b1 [300 kB]
Get:466 http://deb.debian.org/debian bookworm/main amd64 libgpgmepp6 amd64 1.18.0-3+b1 [293 kB]
Get:467 http://deb.debian.org/debian bookworm/main amd64 libkwalletbackend5-5 amd64 5.103.0-1 [54.8 kB]
Get:468 http://deb.debian.org/debian bookworm/main amd64 libkf5wallet5 amd64 5.103.0-1 [44.1 kB]
Get:469 http://deb.debian.org/debian bookworm/main amd64 libqca-qt5-2 amd64 2.3.5-2 [304 kB]
Get:470 http://deb.debian.org/debian bookworm/main amd64 libkf5wallet-bin amd64 5.103.0-1 [182 kB]
Get:471 http://deb.debian.org/debian bookworm/main amd64 kio amd64 5.103.0-1+deb12u1 [3152 kB]
Get:472 http://deb.debian.org/debian bookworm/main amd64 libkf5xmlgui-data all 5.103.0-1 [381 kB]
Get:473 http://deb.debian.org/debian bookworm/main amd64 libkf5globalaccel-data all 5.103.0-1 [24.9 kB]
Get:474 http://deb.debian.org/debian bookworm/main amd64 libkf5globalaccel5 amd64 5.103.0-1 [45.9 kB]
Get:475 http://deb.debian.org/debian bookworm/main amd64 libkf5globalaccelprivate5 amd64 5.103.0-1 [59.0 kB]
Get:476 http://deb.debian.org/debian bookworm/main amd64 libxcb-record0 amd64 1.15-1 [107 kB]
Get:477 http://deb.debian.org/debian bookworm/main amd64 libkf5globalaccel-bin amd64 5.103.0-1 [17.4 kB]
Get:478 http://deb.debian.org/debian bookworm/main amd64 libkf5xmlgui5 amd64 5.103.0-1 [277 kB]
Get:479 http://deb.debian.org/debian bookworm/main amd64 libkf5parts5 amd64 5.103.0-1 [119 kB]
Get:480 http://deb.debian.org/debian bookworm/main amd64 libkpmcore12 amd64 22.12.3-1 [617 kB]
Get:481 http://deb.debian.org/debian bookworm/main amd64 libparted2 amd64 3.5-3 [294 kB]
Get:482 http://deb.debian.org/debian bookworm/main amd64 libcrack2 amd64 2.9.6-5+b1 [44.0 kB]
Get:483 http://deb.debian.org/debian bookworm/main amd64 libpwquality-common all 1.4.5-1 [51.3 kB]
Get:484 http://deb.debian.org/debian bookworm/main amd64 libpwquality1 amd64 1.4.5-1+b1 [12.8 kB]
Get:485 http://deb.debian.org/debian bookworm/main amd64 libpython3.11 amd64 3.11.2-6+deb12u6 [1987 kB]
Get:486 http://deb.debian.org/debian bookworm/main amd64 libqt5quickwidgets5 amd64 5.15.8+dfsg-3 [39.4 kB]
Get:487 http://deb.debian.org/debian bookworm/main amd64 libyaml-cpp0.7 amd64 0.7.0+dfsg-8+b1 [110 kB]
Get:488 http://deb.debian.org/debian bookworm/main amd64 calamares amd64 3.2.61-1+b1 [4132 kB]
Get:489 http://deb.debian.org/debian bookworm/main amd64 libao-common all 1.2.2+20180113-1.1 [11.7 kB]
Get:490 http://deb.debian.org/debian bookworm/main amd64 libao4 amd64 1.2.2+20180113-1.1 [37.1 kB]
Get:491 http://deb.debian.org/debian bookworm/main amd64 cdrdao amd64 1:1.2.4-3 [292 kB]
Get:492 http://deb.debian.org/debian bookworm/main amd64 libcogl20 amd64 1.22.8-3+b1 [304 kB]
Get:493 http://deb.debian.org/debian bookworm/main amd64 libcogl-pango20 amd64 1.22.8-3+b1 [24.2 kB]
Get:494 http://deb.debian.org/debian bookworm/main amd64 libcogl-path20 amd64 1.22.8-3+b1 [40.1 kB]
Get:495 http://deb.debian.org/debian bookworm/main amd64 libjson-glib-1.0-common all 1.6.6-1 [57.1 kB]
Get:496 http://deb.debian.org/debian bookworm/main amd64 libjson-glib-1.0-0 amd64 1.6.6-1 [65.6 kB]
Get:497 http://deb.debian.org/debian bookworm/main amd64 libclutter-1.0-0 amd64 1.26.4+dfsg-4 [577 kB]
Get:498 http://deb.debian.org/debian bookworm/main amd64 libclutter-gst-3.0-0 amd64 3.0.27-3 [61.4 kB]
Get:499 http://deb.debian.org/debian bookworm/main amd64 libass9 amd64 1:0.17.1-1 [107 kB]
Get:500 http://deb.debian.org/debian bookworm/main amd64 libbs2b0 amd64 3.1.0+dfsg-7 [11.5 kB]
Get:501 http://deb.debian.org/debian bookworm/main amd64 libva2 amd64 2.17.0-1 [69.2 kB]
Get:502 http://deb.debian.org/debian bookworm/main amd64 libmfx1 amd64 22.5.4-1 [3219 kB]
Get:503 http://deb.debian.org/debian bookworm/main amd64 libva-drm2 amd64 2.17.0-1 [16.4 kB]
Get:504 http://deb.debian.org/debian bookworm/main amd64 libva-x11-2 amd64 2.17.0-1 [21.0 kB]
Get:505 http://deb.debian.org/debian bookworm/main amd64 libvdpau1 amd64 1.5-2 [26.1 kB]
Get:506 http://deb.debian.org/debian bookworm/main amd64 ocl-icd-libopencl1 amd64 2.3.1-1 [43.0 kB]
Get:507 http://deb.debian.org/debian bookworm/main amd64 libavutil57 amd64 7:5.1.8-0+deb12u1 [370 kB]
Get:508 http://deb.debian.org/debian bookworm/main amd64 libcodec2-1.0 amd64 1.0.5-1 [8171 kB]
Get:509 http://deb.debian.org/debian bookworm/main amd64 libgsm1 amd64 1.0.22-1 [30.9 kB]
Get:510 http://deb.debian.org/debian bookworm/main amd64 libhwy1 amd64 1.0.3-3+deb12u1 [348 kB]
Get:511 http://deb.debian.org/debian bookworm/main amd64 libjxl0.7 amd64 0.7.0-10+deb12u1 [1046 kB]
Get:512 http://deb.debian.org/debian bookworm/main amd64 libmp3lame0 amd64 3.100-6 [365 kB]
Get:513 http://deb.debian.org/debian bookworm/main amd64 libopus0 amd64 1.3.1-3 [195 kB]
Get:514 http://deb.debian.org/debian bookworm/main amd64 libshine3 amd64 3.1.1-2 [23.6 kB]
Get:515 http://deb.debian.org/debian bookworm/main amd64 libsnappy1v5 amd64 1.1.9-3 [26.0 kB]
Get:516 http://deb.debian.org/debian bookworm/main amd64 libspeex1 amd64 1.2.1-2 [54.6 kB]
Get:517 http://deb.debian.org/debian bookworm/main amd64 libsoxr0 amd64 0.1.3-4 [77.8 kB]
Get:518 http://deb.debian.org/debian bookworm/main amd64 libswresample4 amd64 7:5.1.8-0+deb12u1 [104 kB]
Get:519 http://deb.debian.org/debian bookworm/main amd64 libtheora0 amd64 1.1.1+dfsg.1-16.1+deb12u1 [154 kB]
Get:520 http://deb.debian.org/debian bookworm/main amd64 libtwolame0 amd64 0.4.0-2 [51.1 kB]
Get:521 http://deb.debian.org/debian bookworm/main amd64 libvorbisenc2 amd64 1.3.7-1 [80.6 kB]
Get:522 http://deb.debian.org/debian bookworm/main amd64 libvpx7 amd64 1.12.0-1+deb12u4 [1003 kB]
Get:523 http://deb.debian.org/debian bookworm/main amd64 libx264-164 amd64 2:0.164.3095+gitbaee400-3 [547 kB]
Get:524 http://deb.debian.org/debian bookworm/main amd64 libxvidcore4 amd64 2:1.3.7-1 [242 kB]
Get:525 http://deb.debian.org/debian bookworm/main amd64 libzvbi-common all 0.2.41-1 [69.7 kB]
Get:526 http://deb.debian.org/debian bookworm/main amd64 libzvbi0 amd64 0.2.41-1 [274 kB]
Get:527 http://deb.debian.org/debian bookworm/main amd64 libavcodec59 amd64 7:5.1.8-0+deb12u1 [5230 kB]
Get:528 http://deb.debian.org/debian bookworm/main amd64 libchromaprint1 amd64 1.5.1-2+b1 [41.0 kB]
Get:529 http://deb.debian.org/debian bookworm/main amd64 libraw1394-11 amd64 2.1.2-2 [41.1 kB]
Get:530 http://deb.debian.org/debian bookworm/main amd64 libdc1394-25 amd64 2.2.6-4 [109 kB]
Get:531 http://deb.debian.org/debian bookworm/main amd64 libdca0 amd64 0.0.7-2 [89.8 kB]
Get:532 http://deb.debian.org/debian bookworm/main amd64 libgles2 amd64 1.6.0-1 [16.8 kB]
Get:533 http://deb.debian.org/debian bookworm/main amd64 libdirectfb-1.7-7 amd64 1.7.7-11 [1046 kB]
Get:534 http://deb.debian.org/debian bookworm/main amd64 libdvdread8 amd64 6.1.3-1 [91.9 kB]
Get:535 http://deb.debian.org/debian bookworm/main amd64 libdvdnav4 amd64 6.1.1-1 [47.5 kB]
Get:536 http://deb.debian.org/debian bookworm/main amd64 libfaad2 amd64 2.10.1-1 [160 kB]
Get:537 http://deb.debian.org/debian bookworm/main amd64 libflite1 amd64 2.2-5 [12.8 MB]
Get:538 http://deb.debian.org/debian bookworm/main amd64 libflac12 amd64 1.4.2+ds-2 [198 kB]
Get:539 http://deb.debian.org/debian bookworm/main amd64 libmpg123-0 amd64 1.31.2-1+deb12u1 [147 kB]
Get:540 http://deb.debian.org/debian bookworm/main amd64 libsndfile1 amd64 1.2.0-1+deb12u1 [197 kB]
Get:541 http://deb.debian.org/debian bookworm/main amd64 libinstpatch-1.0-2 amd64 1.1.6-1 [259 kB]
Get:542 http://deb.debian.org/debian bookworm/main amd64 libjack-jackd2-0 amd64 1.9.21~dfsg-3 [281 kB]
Get:543 http://deb.debian.org/debian bookworm/main amd64 libasyncns0 amd64 0.8-6+b3 [12.9 kB]
Get:544 http://deb.debian.org/debian bookworm/main amd64 libpulse0 amd64 16.1+dfsg1-2+b1 [274 kB]
Get:545 http://deb.debian.org/debian bookworm/main amd64 libdecor-0-0 amd64 0.1.1-2 [14.6 kB]
Get:546 http://deb.debian.org/debian bookworm/main amd64 libxss1 amd64 1:1.2.3-1 [17.8 kB]
Get:547 http://deb.debian.org/debian bookworm/main amd64 libsdl2-2.0-0 amd64 2.26.5+dfsg-1 [629 kB]
Get:548 http://deb.debian.org/debian bookworm/main amd64 timgm6mb-soundfont all 1.3-5 [5427 kB]
Get:549 http://deb.debian.org/debian bookworm/main amd64 libfluidsynth3 amd64 2.3.1-2 [241 kB]
Get:550 http://deb.debian.org/debian bookworm/main amd64 libfreeaptx0 amd64 0.1.1-2 [11.7 kB]
Get:551 http://deb.debian.org/debian bookworm/main amd64 libgme0 amd64 0.6.3-6 [130 kB]
Get:552 http://deb.debian.org/debian bookworm/main amd64 libgstreamer-gl1.0-0 amd64 1.22.0-3+deb12u5 [246 kB]
Get:553 http://deb.debian.org/debian bookworm/main amd64 libproxy1v5 amd64 0.4.18-1.2 [56.2 kB]
Get:554 http://deb.debian.org/debian bookworm/main amd64 glib-networking-common all 2.74.0-4 [80.3 kB]
Get:555 http://deb.debian.org/debian bookworm/main amd64 glib-networking-services amd64 2.74.0-4 [12.0 kB]
Get:556 http://deb.debian.org/debian bookworm/main amd64 glib-networking amd64 2.74.0-4 [68.4 kB]
Get:557 http://deb.debian.org/debian bookworm/main amd64 libsoup-3.0-common all 3.2.3-0+deb12u2 [62.5 kB]
Get:558 http://deb.debian.org/debian bookworm/main amd64 libsoup-3.0-0 amd64 3.2.3-0+deb12u2 [272 kB]
Get:559 http://deb.debian.org/debian bookworm/main amd64 libgssdp-1.6-0 amd64 1.6.2-2 [38.8 kB]
Get:560 http://deb.debian.org/debian bookworm/main amd64 libgupnp-1.6-0 amd64 1.6.3-1 [87.1 kB]
Get:561 http://deb.debian.org/debian bookworm/main amd64 libgupnp-igd-1.0-4 amd64 1.2.0-3 [14.6 kB]
Get:562 http://deb.debian.org/debian bookworm/main amd64 libnice10 amd64 0.1.21-1 [154 kB]
Get:563 http://deb.debian.org/debian bookworm/main amd64 libvulkan1 amd64 1.3.239.0-1 [116 kB]
Get:564 http://deb.debian.org/debian bookworm/main amd64 libgstreamer-plugins-bad1.0-0 amd64 1.22.0-4+deb12u6 [766 kB]
Get:565 http://deb.debian.org/debian bookworm/main amd64 libimath-3-1-29 amd64 3.1.6-1 [47.4 kB]
Get:566 http://deb.debian.org/debian bookworm/main amd64 libkate1 amd64 0.4.1-11 [44.3 kB]
Get:567 http://deb.debian.org/debian bookworm/main amd64 libldacbt-enc2 amd64 2.0.2.3+git20200429+ed310a0-4 [24.6 kB]
Get:568 http://deb.debian.org/debian bookworm/main amd64 libserd-0-0 amd64 0.30.16-1 [47.5 kB]
Get:569 http://deb.debian.org/debian bookworm/main amd64 libsord-0-0 amd64 0.16.14+git221008-1 [20.8 kB]
Get:570 http://deb.debian.org/debian bookworm/main amd64 libsratom-0-0 amd64 0.6.14-1 [17.7 kB]
Get:571 http://deb.debian.org/debian bookworm/main amd64 liblilv-0-0 amd64 0.24.14-1 [49.4 kB]
Get:572 http://deb.debian.org/debian bookworm/main amd64 libyajl2 amd64 2.1.0-3+deb12u2 [23.0 kB]
Get:573 http://deb.debian.org/debian bookworm/main amd64 libraptor2-0 amd64 2.0.15-4+deb12u1 [160 kB]
Get:574 http://deb.debian.org/debian bookworm/main amd64 liblrdf0 amd64 0.6.1-4 [21.8 kB]
Get:575 http://deb.debian.org/debian bookworm/main amd64 libltc11 amd64 1.3.2-1 [14.1 kB]
Get:576 http://deb.debian.org/debian bookworm/main amd64 libmjpegutils-2.1-0 amd64 1:2.1.0+debian-7 [27.8 kB]
Get:577 http://deb.debian.org/debian bookworm/main amd64 libmodplug1 amd64 1:0.8.9.0-3 [164 kB]
Get:578 http://deb.debian.org/debian bookworm/main amd64 libmpcdec6 amd64 2:0.1~r495-2 [32.9 kB]
Get:579 http://deb.debian.org/debian bookworm/main amd64 libmpeg2encpp-2.1-0 amd64 1:2.1.0+debian-7 [76.6 kB]
Get:580 http://deb.debian.org/debian bookworm/main amd64 libmplex2-2.1-0 amd64 1:2.1.0+debian-7 [50.7 kB]
Get:581 http://deb.debian.org/debian bookworm/main amd64 libneon27 amd64 0.32.5-1 [97.2 kB]
Get:582 http://deb.debian.org/debian bookworm/main amd64 libopenal-data all 1:1.19.1-2 [170 kB]
Get:583 http://deb.debian.org/debian bookworm/main amd64 libsndio7.0 amd64 1.9.0-0.3+b2 [27.3 kB]
Get:584 http://deb.debian.org/debian bookworm/main amd64 libopenal1 amd64 1:1.19.1-2 [501 kB]
Get:585 http://deb.debian.org/debian bookworm/main amd64 libopenexr-3-1-30 amd64 3.1.5-5 [923 kB]
Get:586 http://deb.debian.org/debian bookworm/main amd64 libopenh264-7 amd64 2.3.1+dfsg-3+deb12u2 [393 kB]
Get:587 http://deb.debian.org/debian bookworm/main amd64 libopenmpt0 amd64 0.6.9-1 [693 kB]
Get:588 http://deb.debian.org/debian bookworm/main amd64 libopenni2-0 amd64 2.2.0.33+dfsg-15+b1 [388 kB]
Get:589 http://deb.debian.org/debian bookworm/main amd64 libqrencode4 amd64 4.1.1-1 [40.4 kB]
Get:590 http://deb.debian.org/debian bookworm/main amd64 libsbc1 amd64 2.0-1 [32.0 kB]
Get:591 http://deb.debian.org/debian bookworm/main amd64 libsoundtouch1 amd64 2.3.2+ds1-1 [51.8 kB]
Get:592 http://deb.debian.org/debian bookworm/main amd64 libspandsp2 amd64 0.0.6+dfsg-2+b1 [282 kB]
Get:593 http://deb.debian.org/debian bookworm/main amd64 libsrt1.5-gnutls amd64 1.5.1-1+deb12u1 [313 kB]
Get:594 http://deb.debian.org/debian bookworm/main amd64 libsrtp2-1 amd64 2.5.0-3 [43.9 kB]
Get:595 http://deb.debian.org/debian bookworm/main amd64 libvo-aacenc0 amd64 0.1.3-2 [69.2 kB]
Get:596 http://deb.debian.org/debian bookworm/main amd64 libvo-amrwbenc0 amd64 0.1.3-2 [68.4 kB]
Get:597 http://deb.debian.org/debian bookworm/main amd64 libwebrtc-audio-processing1 amd64 0.3-1+b1 [264 kB]
Get:598 http://deb.debian.org/debian bookworm/main amd64 libwildmidi2 amd64 0.4.3-1 [65.3 kB]
Get:599 http://deb.debian.org/debian bookworm/main amd64 libv4lconvert0 amd64 1.22.1-5+b2 [143 kB]
Get:600 http://deb.debian.org/debian bookworm/main amd64 libv4l-0 amd64 1.22.1-5+b2 [109 kB]
Get:601 http://deb.debian.org/debian bookworm/main amd64 libzbar0 amd64 0.23.92-7+deb12u1 [130 kB]
Get:602 http://deb.debian.org/debian bookworm/main amd64 libzxing2 amd64 1.4.0-3+b1 [601 kB]
Get:603 http://deb.debian.org/debian bookworm/main amd64 libcdparanoia0 amd64 3.10.2+debian-14 [48.8 kB]
Get:604 http://deb.debian.org/debian bookworm/main amd64 libvisual-0.4-0 amd64 0.4.0-19 [132 kB]
Get:605 http://deb.debian.org/debian bookworm/main amd64 gstreamer1.0-plugins-base amd64 1.22.0-3+deb12u5 [740 kB]
Get:606 http://deb.debian.org/debian bookworm/main amd64 libgpm2 amd64 1.20.7-10+b1 [14.2 kB]
Get:607 http://deb.debian.org/debian bookworm/main amd64 libncurses6 amd64 6.4-4 [103 kB]
Get:608 http://deb.debian.org/debian bookworm/main amd64 libslang2 amd64 2.3.3-3 [554 kB]
Get:609 http://deb.debian.org/debian bookworm/main amd64 libaa1 amd64 1.4p5-50 [55.7 kB]
Get:610 http://deb.debian.org/debian bookworm/main amd64 libavc1394-0 amd64 0.5.4-5 [19.9 kB]
Get:611 http://deb.debian.org/debian bookworm/main amd64 libcaca0 amd64 0.99.beta20-3 [205 kB]
Get:612 http://deb.debian.org/debian bookworm/main amd64 libdv4 amd64 1.0.0-15 [74.4 kB]
Get:613 http://deb.debian.org/debian bookworm/main amd64 libiec61883-0 amd64 1.2.0-6+b1 [30.5 kB]
Get:614 http://deb.debian.org/debian bookworm/main amd64 libshout3 amd64 2.4.6-1+b1 [56.4 kB]
Get:615 http://deb.debian.org/debian bookworm/main amd64 libtag1v5-vanilla amd64 1.13-2 [298 kB]
Get:616 http://deb.debian.org/debian bookworm/main amd64 libtag1v5 amd64 1.13-2 [18.7 kB]
Get:617 http://deb.debian.org/debian bookworm/main amd64 libwavpack1 amd64 5.6.0-1 [85.7 kB]
Get:618 http://deb.debian.org/debian bookworm/main amd64 libsoup2.4-common all 2.74.3-1+deb12u1 [56.2 kB]
Get:619 http://deb.debian.org/debian bookworm/main amd64 libsoup2.4-1 amd64 2.74.3-1+deb12u1 [269 kB]
Get:620 http://deb.debian.org/debian bookworm/main amd64 gstreamer1.0-plugins-good amd64 1.22.0-5+deb12u3 [2222 kB]
Get:621 http://deb.debian.org/debian bookworm/main amd64 gstreamer1.0-plugins-bad amd64 1.22.0-4+deb12u6 [2993 kB]
Get:622 http://deb.debian.org/debian bookworm/main amd64 cheese-common all 43.0-1 [723 kB]
Get:623 http://deb.debian.org/debian bookworm/main amd64 libxv1 amd64 2:1.0.11-1.1 [24.8 kB]
Get:624 http://deb.debian.org/debian bookworm/main amd64 gstreamer1.0-x amd64 1.22.0-3+deb12u5 [140 kB]
Get:625 http://deb.debian.org/debian bookworm/main amd64 libcheese8 amd64 43.0-1 [35.0 kB]
Get:626 http://deb.debian.org/debian bookworm/main amd64 libclutter-gtk-1.0-0 amd64 1.8.4-4+b1 [28.9 kB]
Get:627 http://deb.debian.org/debian bookworm/main amd64 gstreamer1.0-clutter-3.0 amd64 3.0.27-3 [10.4 kB]
Get:628 http://deb.debian.org/debian bookworm/main amd64 libcheese-gtk25 amd64 43.0-1 [29.5 kB]
Get:629 http://deb.debian.org/debian bookworm/main amd64 gnome-desktop3-data all 43.2-2 [431 kB]
Get:630 http://deb.debian.org/debian bookworm/main amd64 libxkbregistry0 amd64 1.5.0-1 [14.8 kB]
Get:631 http://deb.debian.org/debian bookworm/main amd64 libgnome-desktop-3-20 amd64 43.2-2 [90.2 kB]
Get:632 http://deb.debian.org/debian bookworm/main amd64 gnome-video-effects all 0.5.0-1 [51.0 kB]
Get:633 http://deb.debian.org/debian bookworm/main amd64 cheese amd64 43.0-1 [146 kB]
Get:634 http://deb.debian.org/debian bookworm/main amd64 libgirepository-1.0-1 amd64 1.74.0-3 [101 kB]
Get:635 http://deb.debian.org/debian bookworm/main amd64 gir1.2-glib-2.0 amd64 1.74.0-3 [159 kB]
Get:636 http://deb.debian.org/debian bookworm/main amd64 gir1.2-accountsservice-1.0 amd64 22.08.8-6 [8888 B]
Get:637 http://deb.debian.org/debian bookworm/main amd64 gir1.2-freedesktop amd64 1.74.0-3 [37.2 kB]
Get:638 http://deb.debian.org/debian bookworm/main amd64 gir1.2-gdkpixbuf-2.0 amd64 2.42.10+dfsg-1+deb12u3 [13.7 kB]
Get:639 http://deb.debian.org/debian bookworm/main amd64 gir1.2-graphene-1.0 amd64 1.10.8-1 [12.3 kB]
Get:640 http://deb.debian.org/debian bookworm/main amd64 gir1.2-harfbuzz-0.0 amd64 6.0.0+dfsg-3 [1579 kB]
Get:641 http://deb.debian.org/debian bookworm/main amd64 libxft2 amd64 2.3.6-1 [61.8 kB]
Get:642 http://deb.debian.org/debian bookworm/main amd64 libpangoxft-1.0-0 amd64 1.50.12+ds-1 [26.7 kB]
Get:643 http://deb.debian.org/debian bookworm/main amd64 gir1.2-pango-1.0 amd64 1.50.12+ds-1 [37.4 kB]
Get:644 http://deb.debian.org/debian bookworm/main amd64 gir1.2-gtk-4.0 amd64 4.8.3+ds-2+deb12u1 [191 kB]
Get:645 http://deb.debian.org/debian bookworm/main amd64 gir1.2-adw-1 amd64 1.2.2-1 [29.6 kB]
Get:646 http://deb.debian.org/debian bookworm/main amd64 gir1.2-atk-1.0 amd64 2.46.0-5 [23.7 kB]
Get:647 http://deb.debian.org/debian bookworm/main amd64 gir1.2-atspi-2.0 amd64 2.46.0-5 [20.7 kB]
Get:648 http://deb.debian.org/debian bookworm/main amd64 gir1.2-gck-1 amd64 3.41.1-1+b1 [13.2 kB]
Get:649 http://deb.debian.org/debian bookworm/main amd64 gir1.2-gtk-3.0 amd64 3.24.38-2~deb12u3 [220 kB]
Get:650 http://deb.debian.org/debian bookworm/main amd64 gir1.2-gcr-3 amd64 3.41.1-1+b1 [18.5 kB]
Get:651 http://deb.debian.org/debian bookworm/main amd64 gir1.2-gdesktopenums-3.0 amd64 43.0-1 [11.4 kB]
Get:652 http://deb.debian.org/debian bookworm/main amd64 libgdm1 amd64 43.0-3 [64.0 kB]
Get:653 http://deb.debian.org/debian bookworm/main amd64 gir1.2-gdm-1.0 amd64 43.0-3 [19.5 kB]
Get:654 http://deb.debian.org/debian bookworm/main amd64 libgeoclue-2-0 amd64 2.6.0-2+deb12u1 [42.7 kB]
Get:655 http://deb.debian.org/debian bookworm/main amd64 gir1.2-geoclue-2.0 amd64 2.6.0-2+deb12u1 [16.9 kB]
Get:656 http://deb.debian.org/debian bookworm/main amd64 libupower-glib3 amd64 0.99.20-2 [36.4 kB]
Get:657 http://deb.debian.org/debian bookworm/main amd64 gnome-bluetooth-3-common all 42.5-3 [140 kB]
Get:658 http://deb.debian.org/debian bookworm/main amd64 libgnome-bluetooth-3.0-13 amd64 42.5-3 [55.8 kB]
Get:659 http://deb.debian.org/debian bookworm/main amd64 gir1.2-gnomebluetooth-3.0 amd64 42.5-3 [6388 B]
Get:660 http://deb.debian.org/debian bookworm/main amd64 gir1.2-gnomedesktop-3.0 amd64 43.2-2 [16.4 kB]
Get:661 http://deb.debian.org/debian bookworm/main amd64 gir1.2-gstreamer-1.0 amd64 1.22.0-2+deb12u1 [105 kB]
Get:662 http://deb.debian.org/debian bookworm/main amd64 geocode-glib-common all 3.26.3-6 [18.4 kB]
Get:663 http://deb.debian.org/debian bookworm/main amd64 libgeocode-glib-2-0 amd64 3.26.3-6 [43.7 kB]
Get:664 http://deb.debian.org/debian bookworm/main amd64 libgweather-4-common all 4.2.0-2 [2492 kB]
Get:665 http://deb.debian.org/debian bookworm/main amd64 libgweather-4-0 amd64 4.2.0-2 [309 kB]
Get:666 http://deb.debian.org/debian bookworm/main amd64 gir1.2-gweather-4.0 amd64 4.2.0-2 [10.5 kB]
Get:667 http://deb.debian.org/debian bookworm/main amd64 libibus-1.0-5 amd64 1.5.27-5 [420 kB]
Get:668 http://deb.debian.org/debian bookworm/main amd64 gir1.2-ibus-1.0 amd64 1.5.27-5 [332 kB]
Get:669 http://deb.debian.org/debian bookworm/main amd64 mutter-common all 43.8-0+deb12u1 [460 kB]
Get:670 http://deb.debian.org/debian bookworm/main amd64 libspa-0.2-modules amd64 0.3.65-3+deb12u1 [542 kB]
Get:671 http://deb.debian.org/debian bookworm/main amd64 libpipewire-0.3-0 amd64 0.3.65-3+deb12u1 [243 kB]
Get:672 http://deb.debian.org/debian bookworm/main amd64 libstartup-notification0 amd64 0.12-6+b1 [23.1 kB]
Get:673 http://deb.debian.org/debian bookworm/main amd64 libxkbfile1 amd64 1:1.1.0-1 [75.2 kB]
Get:674 http://deb.debian.org/debian bookworm/main amd64 libmutter-11-0 amd64 43.8-0+deb12u1 [1329 kB]
Get:675 http://deb.debian.org/debian bookworm/main amd64 gir1.2-json-1.0 amd64 1.6.6-1 [13.4 kB]
Get:676 http://deb.debian.org/debian bookworm/main amd64 gir1.2-mutter-11 amd64 43.8-0+deb12u1 [132 kB]
Get:677 http://deb.debian.org/debian bookworm/main amd64 libnm0 amd64 1.42.4-1+deb12u1 [436 kB]
Get:678 http://deb.debian.org/debian bookworm/main amd64 gir1.2-nm-1.0 amd64 1.42.4-1+deb12u1 [77.3 kB]
Get:679 http://deb.debian.org/debian bookworm/main amd64 libnma-common all 1.10.6-1 [135 kB]
Get:680 http://deb.debian.org/debian bookworm/main amd64 libnma0 amd64 1.10.6-1 [96.6 kB]
Get:681 http://deb.debian.org/debian bookworm/main amd64 gir1.2-nma-1.0 amd64 1.10.6-1 [7572 B]
Get:682 http://deb.debian.org/debian bookworm/main amd64 gir1.2-polkit-1.0 amd64 122-3 [16.3 kB]
Get:683 http://deb.debian.org/debian bookworm/main amd64 gir1.2-rsvg-2.0 amd64 2.54.7+dfsg-1~deb12u1 [20.8 kB]
Get:684 http://deb.debian.org/debian bookworm/main amd64 gir1.2-soup-3.0 amd64 3.2.3-0+deb12u2 [27.7 kB]
Get:685 http://deb.debian.org/debian bookworm/main amd64 gir1.2-upowerglib-1.0 amd64 0.99.20-2 [7256 B]
Get:686 http://deb.debian.org/debian bookworm/main amd64 libatomic1 amd64 12.2.0-14+deb12u1 [9376 B]
Get:687 http://deb.debian.org/debian bookworm/main amd64 libjavascriptcoregtk-4.1-0 amd64 2.50.4-1~deb12u1 [7242 kB]
Get:688 http://deb.debian.org/debian bookworm/main amd64 xdg-dbus-proxy amd64 0.1.4-3 [23.2 kB]
Get:689 http://deb.debian.org/debian bookworm/main amd64 hunspell-en-us all 1:2020.12.07-2 [269 kB]
Get:690 http://deb.debian.org/debian bookworm/main amd64 libhunspell-1.7-0 amd64 1.7.1-1 [193 kB]
Get:691 http://deb.debian.org/debian bookworm/main amd64 libenchant-2-2 amd64 2.3.3-2 [47.0 kB]
Get:692 http://deb.debian.org/debian bookworm/main amd64 libharfbuzz-icu0 amd64 6.0.0+dfsg-3 [1557 kB]
Get:693 http://deb.debian.org/debian bookworm/main amd64 libmanette-0.2-0 amd64 0.2.6-3+b1 [28.4 kB]
Get:694 http://deb.debian.org/debian bookworm/main amd64 libwebkit2gtk-4.1-0 amd64 2.50.4-1~deb12u1 [22.6 MB]
Get:695 http://security.debian.org/debian-security bookworm-security/main amd64 linux-image-amd64 amd64 6.1.162-1 [1480 B]
Get:696 http://security.debian.org/debian-security bookworm-security/main amd64 usbmuxd amd64 1.1.1-2+deb12u1 [39.3 kB]
Get:697 http://deb.debian.org/debian bookworm/main amd64 gir1.2-javascriptcoregtk-4.1 amd64 2.50.4-1~deb12u1 [52.1 kB]
Get:698 http://deb.debian.org/debian bookworm/main amd64 gir1.2-webkit2-4.1 amd64 2.50.4-1~deb12u1 [109 kB]
Get:699 http://deb.debian.org/debian bookworm/main amd64 gnome-backgrounds all 43.1-1 [32.5 MB]
Get:700 http://deb.debian.org/debian bookworm/main amd64 gnome-settings-daemon-common all 43.0-4 [615 kB]
Get:701 http://deb.debian.org/debian bookworm/main amd64 libbluetooth3 amd64 5.66-1+deb12u2 [107 kB]
Get:702 http://deb.debian.org/debian bookworm/main amd64 liblc3-0 amd64 1.0.1-1+b1 [62.7 kB]
Get:703 http://deb.debian.org/debian bookworm/main amd64 libldacbt-abr2 amd64 2.0.2.3+git20200429+ed310a0-4 [5152 B]
Get:704 http://deb.debian.org/debian bookworm/main amd64 libspa-0.2-bluetooth amd64 0.3.65-3+deb12u1 [333 kB]
Get:705 http://deb.debian.org/debian bookworm/main amd64 libpipewire-0.3-modules amd64 0.3.65-3+deb12u1 [578 kB]
Get:706 http://deb.debian.org/debian bookworm/main amd64 pipewire-bin amd64 0.3.65-3+deb12u1 [316 kB]
Get:707 http://deb.debian.org/debian bookworm/main amd64 pipewire amd64 0.3.65-3+deb12u1 [79.8 kB]
Get:708 http://deb.debian.org/debian bookworm/main amd64 pipewire-alsa amd64 0.3.65-3+deb12u1 [54.2 kB]
Get:709 http://deb.debian.org/debian bookworm/main amd64 pipewire-pulse amd64 0.3.65-3+deb12u1 [19.3 kB]
Get:710 http://deb.debian.org/debian bookworm/main amd64 libwireplumber-0.4-0 amd64 0.4.13-1 [247 kB]
Get:711 http://deb.debian.org/debian bookworm/main amd64 wireplumber amd64 0.4.13-1 [80.9 kB]
Get:712 http://deb.debian.org/debian bookworm/main amd64 pipewire-audio all 0.3.65-3+deb12u1 [15.3 kB]
Get:713 http://deb.debian.org/debian bookworm/main amd64 libmm-glib0 amd64 1.20.4-1 [237 kB]
Get:714 http://deb.debian.org/debian bookworm/main amd64 libnotify4 amd64 0.8.1-1 [30.1 kB]
Get:715 http://deb.debian.org/debian bookworm/main amd64 libpulse-mainloop-glib0 amd64 16.1+dfsg1-2+b1 [27.3 kB]
Get:716 http://deb.debian.org/debian bookworm/main amd64 gnome-settings-daemon amd64 43.0-4 [320 kB]
Get:717 http://deb.debian.org/debian bookworm/main amd64 gnome-shell-common all 43.9-0+deb12u2 [799 kB]
Get:718 http://deb.debian.org/debian bookworm/main amd64 gstreamer1.0-pipewire amd64 0.3.65-3+deb12u1 [60.0 kB]
Get:719 http://deb.debian.org/debian bookworm/main amd64 libglib2.0-data all 2.74.6-2+deb12u8 [1210 kB]
Get:720 http://deb.debian.org/debian bookworm/main amd64 libglib2.0-bin amd64 2.74.6-2+deb12u8 [112 kB]
Get:721 http://deb.debian.org/debian bookworm/main amd64 libcamel-1.2-64 amd64 3.46.4-2 [452 kB]
Get:722 http://deb.debian.org/debian bookworm/main amd64 evolution-data-server-common all 3.46.4-2 [1317 kB]
Get:723 http://deb.debian.org/debian bookworm/main amd64 libedataserver-1.2-27 amd64 3.46.4-2 [266 kB]
Get:724 http://deb.debian.org/debian bookworm/main amd64 libecal-2.0-2 amd64 3.46.4-2 [158 kB]
Get:725 http://deb.debian.org/debian bookworm/main amd64 libmozjs-102-0 amd64 102.15.1-1~deb12u1 [7924 kB]
Get:726 http://deb.debian.org/debian bookworm/main amd64 libgjs0g amd64 1.74.2-1+deb12u1 [397 kB]
Get:727 http://deb.debian.org/debian bookworm/main amd64 libarchive13 amd64 3.6.2-1+deb12u3 [343 kB]
Get:728 http://deb.debian.org/debian bookworm/main amd64 libgnome-autoar-0-0 amd64 0.4.3-1 [27.6 kB]
Get:729 http://deb.debian.org/debian bookworm/main amd64 gnome-shell amd64 43.9-0+deb12u2 [856 kB]
Get:730 http://deb.debian.org/debian bookworm/main amd64 python3-gi amd64 3.42.2-3+b1 [219 kB]
Get:731 http://deb.debian.org/debian bookworm/main amd64 python3-certifi all 2022.9.24-1 [153 kB]
Get:732 http://deb.debian.org/debian bookworm/main amd64 python3-charset-normalizer all 3.0.1-2 [49.3 kB]
Get:733 http://deb.debian.org/debian bookworm/main amd64 python3-idna all 3.3-1+deb12u1 [41.0 kB]
Get:734 http://deb.debian.org/debian bookworm/main amd64 python3-six all 1.16.0-4 [17.5 kB]
Get:735 http://deb.debian.org/debian bookworm/main amd64 python3-pkg-resources all 66.1.1-1+deb12u2 [297 kB]
Get:736 http://deb.debian.org/debian bookworm/main amd64 python3-chardet all 5.1.0+dfsg-2 [110 kB]
Get:737 http://deb.debian.org/debian bookworm/main amd64 python3-requests all 2.28.1+dfsg-1 [67.9 kB]
Get:738 http://deb.debian.org/debian bookworm/main amd64 gnome-browser-connector all 42.1-3 [14.6 kB]
Get:739 http://deb.debian.org/debian bookworm/main amd64 chrome-gnome-shell all 42.1-3 [2352 B]
Get:740 http://deb.debian.org/debian bookworm/main amd64 libblas3 amd64 3.11.0-2 [149 kB]
Get:741 http://deb.debian.org/debian bookworm/main amd64 libquadmath0 amd64 12.2.0-14+deb12u1 [145 kB]
Get:742 http://deb.debian.org/debian bookworm/main amd64 libgfortran5 amd64 12.2.0-14+deb12u1 [793 kB]
Get:743 http://deb.debian.org/debian bookworm/main amd64 liblapack3 amd64 3.11.0-2 [2323 kB]
Get:744 http://deb.debian.org/debian bookworm/main amd64 coinor-libcoinutils3v5 amd64 2.11.4+repack1-2 [440 kB]
Get:745 http://deb.debian.org/debian bookworm/main amd64 coinor-libosi1v5 amd64 0.108.6+repack1-2 [276 kB]
Get:746 http://deb.debian.org/debian bookworm/main amd64 coinor-libclp1 amd64 1.17.6-3 [843 kB]
Get:747 http://deb.debian.org/debian bookworm/main amd64 coinor-libcgl1 amd64 0.60.3+repack1-4 [409 kB]
Get:748 http://deb.debian.org/debian bookworm/main amd64 coinor-libcbc3 amd64 2.10.8+ds1-1 [715 kB]
Get:749 http://deb.debian.org/debian bookworm/main amd64 coinor-libcoinmp1v5 amd64 1.8.3-3 [31.6 kB]
Get:750 http://deb.debian.org/debian bookworm/main amd64 colord-data all 1.4.6-2.2 [277 kB]
Get:751 http://deb.debian.org/debian bookworm/main amd64 xml-core all 0.18+nmu1 [23.8 kB]
Get:752 http://deb.debian.org/debian bookworm/main amd64 libduktape207 amd64 2.7.0-2 [134 kB]
Get:753 http://deb.debian.org/debian bookworm/main amd64 polkitd amd64 122-3 [112 kB]
Get:754 http://deb.debian.org/debian bookworm/main amd64 libgusb2 amd64 0.3.10-1 [28.8 kB]
Get:755 http://deb.debian.org/debian bookworm/main amd64 libcolorhug2 amd64 1.4.6-2.2 [39.2 kB]
Get:756 http://deb.debian.org/debian bookworm/main amd64 colord amd64 1.4.6-2.2 [195 kB]
Get:757 http://deb.debian.org/debian bookworm/main amd64 libisl23 amd64 0.25-1.1 [683 kB]
Get:758 http://deb.debian.org/debian bookworm/main amd64 libmpfr6 amd64 4.2.0-1 [701 kB]
Get:759 http://deb.debian.org/debian bookworm/main amd64 libmpc3 amd64 1.3.1-1 [51.5 kB]
Get:760 http://deb.debian.org/debian bookworm/main amd64 cpp-12 amd64 12.2.0-14+deb12u1 [9768 kB]
Get:761 http://deb.debian.org/debian bookworm/main amd64 cpp amd64 4:12.2.0-3 [6836 B]
Get:762 http://deb.debian.org/debian bookworm/main amd64 cracklib-runtime amd64 2.9.6-5+b1 [143 kB]
Get:763 http://deb.debian.org/debian bookworm/main amd64 cups-common all 2.4.2-3+deb12u9 [256 kB]
Get:764 http://deb.debian.org/debian bookworm/main amd64 cups-client amd64 2.4.2-3+deb12u9 [161 kB]
Get:765 http://deb.debian.org/debian bookworm/main amd64 cups-ipp-utils amd64 2.4.2-3+deb12u9 [236 kB]
Get:766 http://deb.debian.org/debian bookworm/main amd64 poppler-utils amd64 22.12.0-2+deb12u1 [191 kB]
Get:767 http://deb.debian.org/debian bookworm/main amd64 libpoppler-cpp0v5 amd64 22.12.0-2+deb12u1 [41.7 kB]
Get:768 http://deb.debian.org/debian bookworm/main amd64 libqpdf29 amd64 11.3.0-1+deb12u1 [867 kB]
Get:769 http://deb.debian.org/debian bookworm/main amd64 cups-filters-core-drivers amd64 1.28.17-3+deb12u2 [205 kB]
Get:770 http://deb.debian.org/debian bookworm/main amd64 cups-core-drivers amd64 2.4.2-3+deb12u9 [39.6 kB]
Get:771 http://deb.debian.org/debian bookworm/main amd64 libgs-common all 10.0.0~dfsg-11+deb12u8 [149 kB]
Get:772 http://deb.debian.org/debian bookworm/main amd64 libgs10-common all 10.0.0~dfsg-11+deb12u8 [587 kB]
Get:773 http://deb.debian.org/debian bookworm/main amd64 libijs-0.35 amd64 0.35-15 [16.4 kB]
Get:774 http://deb.debian.org/debian bookworm/main amd64 libjbig2dec0 amd64 0.19-3 [67.2 kB]
Get:775 http://deb.debian.org/debian bookworm/main amd64 libxt6 amd64 1:1.2.1-1.1 [186 kB]
Get:776 http://deb.debian.org/debian bookworm/main amd64 libgs10 amd64 10.0.0~dfsg-11+deb12u8 [2467 kB]
Get:777 http://deb.debian.org/debian bookworm/main amd64 ghostscript amd64 10.0.0~dfsg-11+deb12u8 [57.8 kB]
Get:778 http://deb.debian.org/debian bookworm/main amd64 libfontembed1 amd64 1.28.17-3+deb12u2 [52.9 kB]
Get:779 http://deb.debian.org/debian bookworm/main amd64 cups-filters amd64 1.28.17-3+deb12u2 [569 kB]
Get:780 http://deb.debian.org/debian bookworm/main amd64 cups-ppdc amd64 2.4.2-3+deb12u9 [125 kB]
Get:781 http://deb.debian.org/debian bookworm/main amd64 cups-server-common all 2.4.2-3+deb12u9 [413 kB]
Get:782 http://deb.debian.org/debian bookworm/main amd64 cups amd64 2.4.2-3+deb12u9 [291 kB]
Get:783 http://deb.debian.org/debian bookworm/main amd64 cups-pk-helper amd64 0.2.6-1+b1 [78.1 kB]
Get:784 http://deb.debian.org/debian bookworm/main amd64 dconf-cli amd64 0.40.0-4 [25.9 kB]
Get:785 http://deb.debian.org/debian bookworm/main amd64 librsvg2-common amd64 2.54.7+dfsg-1~deb12u1 [21.4 kB]
Get:786 http://deb.debian.org/debian bookworm/main amd64 fonts-quicksand all 0.2016-2.1 [128 kB]
Get:787 http://deb.debian.org/debian bookworm/main amd64 desktop-base all 12.0.6+nmu1~deb12u1 [7865 kB]
Get:788 http://deb.debian.org/debian bookworm/main amd64 desktop-file-utils amd64 0.26-1 [91.2 kB]
Get:789 http://deb.debian.org/debian bookworm/main amd64 dns-root-data all 2024071801~deb12u1 [5752 B]
Get:790 http://deb.debian.org/debian bookworm/main amd64 libnfnetlink0 amd64 1.0.2-2 [15.1 kB]
Get:791 http://deb.debian.org/debian bookworm/main amd64 libnetfilter-conntrack3 amd64 1.0.9-3 [40.7 kB]
Get:792 http://deb.debian.org/debian bookworm/main amd64 libnftnl11 amd64 1.2.4-2 [61.6 kB]
Get:793 http://deb.debian.org/debian bookworm/main amd64 libnftables1 amd64 1.0.6-2+deb12u2 [299 kB]
Get:794 http://deb.debian.org/debian bookworm/main amd64 dnsmasq-base amd64 2.90-4~deb12u1 [498 kB]
Get:795 http://deb.debian.org/debian bookworm/main amd64 sgml-data all 2.0.11+nmu1 [179 kB]
Get:796 http://deb.debian.org/debian bookworm/main amd64 docbook-xml all 4.5-12 [85.2 kB]
Get:797 http://deb.debian.org/debian bookworm/main amd64 dosfstools amd64 4.2-1 [142 kB]
Get:798 http://deb.debian.org/debian bookworm/main amd64 efibootmgr amd64 17-2 [27.6 kB]
Get:799 http://deb.debian.org/debian bookworm/main amd64 eject amd64 2.38.1-5+deb12u3 [48.1 kB]
Get:800 http://deb.debian.org/debian bookworm/main amd64 enchant-2 amd64 2.3.3-2 [14.7 kB]
Get:801 http://deb.debian.org/debian bookworm/main amd64 libexempi8 amd64 2.6.3-1 [560 kB]
Get:802 http://deb.debian.org/debian bookworm/main amd64 libhandy-1-0 amd64 1.8.1-1 [321 kB]
Get:803 http://deb.debian.org/debian bookworm/main amd64 libpeas-common all 1.34.0-1 [54.3 kB]
Get:804 http://deb.debian.org/debian bookworm/main amd64 libpeas-1.0-0 amd64 1.34.0-1+b1 [60.8 kB]
Get:805 http://deb.debian.org/debian bookworm/main amd64 gir1.2-peas-1.0 amd64 1.34.0-1+b1 [7900 B]
Get:806 http://deb.debian.org/debian bookworm/main amd64 webp-pixbuf-loader amd64 0.2.1-1 [10.5 kB]
Get:807 http://deb.debian.org/debian bookworm/main amd64 eog amd64 43.2-1 [1158 kB]
Get:808 http://deb.debian.org/debian bookworm/main amd64 espeak-ng-data amd64 1.51+dfsg-10+deb12u2 [4256 kB]
Get:809 http://deb.debian.org/debian bookworm/main amd64 evince-common all 43.1-2 [1024 kB]
Get:810 http://deb.debian.org/debian bookworm/main amd64 libdjvulibre-text all 3.5.28-2.2~deb12u1 [52.1 kB]
Get:811 http://deb.debian.org/debian bookworm/main amd64 libdjvulibre21 amd64 3.5.28-2.2~deb12u1 [585 kB]
Get:812 http://deb.debian.org/debian bookworm/main amd64 libgxps2 amd64 0.3.2-2+b1 [53.0 kB]
Get:813 http://deb.debian.org/debian bookworm/main amd64 libkpathsea6 amd64 2022.20220321.62855-5.1+deb12u2 [152 kB]
Get:814 http://deb.debian.org/debian bookworm/main amd64 libspectre1 amd64 0.2.12-1 [50.6 kB]
Get:815 http://deb.debian.org/debian bookworm/main amd64 libsynctex2 amd64 2022.20220321.62855-5.1+deb12u2 [59.9 kB]
Get:816 http://deb.debian.org/debian bookworm/main amd64 libevdocument3-4 amd64 43.1-2+b1 [174 kB]
Get:817 http://deb.debian.org/debian bookworm/main amd64 libgspell-1-common all 1.12.0-1 [32.9 kB]
Get:818 http://deb.debian.org/debian bookworm/main amd64 libgspell-1-2 amd64 1.12.0-1+b2 [52.6 kB]
Get:819 http://deb.debian.org/debian bookworm/main amd64 libevview3-3 amd64 43.1-2+b1 [140 kB]
Get:820 http://deb.debian.org/debian bookworm/main amd64 evince amd64 43.1-2+b1 [286 kB]
Get:821 http://deb.debian.org/debian bookworm/main amd64 libcmark0.30.2 amd64 0.30.2-6 [115 kB]
Get:822 http://deb.debian.org/debian bookworm/main amd64 libprotobuf32 amd64 3.21.12-3 [932 kB]
Get:823 http://deb.debian.org/debian bookworm/main amd64 libphonenumber8 amd64 8.12.57+ds-3 [206 kB]
Get:824 http://deb.debian.org/debian bookworm/main amd64 libebook-contacts-1.2-4 amd64 3.46.4-2 [59.5 kB]
Get:825 http://deb.debian.org/debian bookworm/main amd64 libebackend-1.2-11 amd64 3.46.4-2 [109 kB]
Get:826 http://deb.debian.org/debian bookworm/main amd64 libedata-book-1.2-27 amd64 3.46.4-2 [215 kB]
Get:827 http://deb.debian.org/debian bookworm/main amd64 libebook-1.2-21 amd64 3.46.4-2 [85.8 kB]
Get:828 http://deb.debian.org/debian bookworm/main amd64 libedataserverui-1.2-4 amd64 3.46.4-2 [73.3 kB]
Get:829 http://deb.debian.org/debian bookworm/main amd64 libgail-3-0 amd64 3.24.38-2~deb12u3 [41.6 kB]
Get:830 http://deb.debian.org/debian bookworm/main amd64 libgnome-autoar-gtk-0-0 amd64 0.4.3-1 [9324 B]
Get:831 http://deb.debian.org/debian bookworm/main amd64 libytnef0 amd64 2.0-1+b1 [26.9 kB]
Get:832 http://deb.debian.org/debian bookworm/main amd64 evolution-common all 3.46.4-2+deb12u1 [8545 kB]
Get:833 http://deb.debian.org/debian bookworm/main amd64 libevolution amd64 3.46.4-2+deb12u1 [2637 kB]
Get:834 http://deb.debian.org/debian bookworm/main amd64 libedata-cal-2.0-2 amd64 3.46.4-2 [133 kB]
Get:835 http://deb.debian.org/debian bookworm/main amd64 libgoa-1.0-common all 3.46.0-1 [178 kB]
Get:836 http://deb.debian.org/debian bookworm/main amd64 libgoa-1.0-0b amd64 3.46.0-1 [71.4 kB]
Get:837 http://deb.debian.org/debian bookworm/main amd64 p11-kit-modules amd64 0.24.1-2 [233 kB]
Get:838 http://deb.debian.org/debian bookworm/main amd64 p11-kit amd64 0.24.1-2 [292 kB]
Get:839 http://deb.debian.org/debian bookworm/main amd64 gnome-keyring amd64 42.1-1+b2 [1020 kB]
Get:840 http://deb.debian.org/debian bookworm/main amd64 evolution-data-server amd64 3.46.4-2 [697 kB]
Get:841 http://deb.debian.org/debian bookworm/main amd64 psmisc amd64 23.6-1 [259 kB]
Get:842 http://deb.debian.org/debian bookworm/main amd64 evolution amd64 3.46.4-2+deb12u1 [310 kB]
Get:843 http://deb.debian.org/debian bookworm/main amd64 evolution-plugin-bogofilter amd64 3.46.4-2+deb12u1 [16.1 kB]
Get:844 http://deb.debian.org/debian bookworm/main amd64 libpst4 amd64 0.6.76-1 [78.1 kB]
Get:845 http://deb.debian.org/debian bookworm/main amd64 evolution-plugin-pstimport amd64 3.46.4-2+deb12u1 [27.4 kB]
Get:846 http://deb.debian.org/debian bookworm/main amd64 libdbusmenu-glib4 amd64 18.10.20180917~bzr492+repack1-3 [42.1 kB]
Get:847 http://deb.debian.org/debian bookworm/main amd64 libdee-1.0-4 amd64 1.2.7+17.10.20170616-7+b2 [82.9 kB]
Get:848 http://deb.debian.org/debian bookworm/main amd64 libunity-protocol-private0 amd64 7.1.4+19.04.20190319-6+b1 [106 kB]
Get:849 http://deb.debian.org/debian bookworm/main amd64 libunity-scopes-json-def-desktop all 7.1.4+19.04.20190319-6 [24.6 kB]
Get:850 http://deb.debian.org/debian bookworm/main amd64 libunity9 amd64 7.1.4+19.04.20190319-6+b1 [235 kB]
Get:851 http://deb.debian.org/debian bookworm/main amd64 evolution-plugins amd64 3.46.4-2+deb12u1 [85.0 kB]
Get:852 http://deb.debian.org/debian bookworm/main amd64 exfatprogs amd64 1.2.0-1+deb12u1 [57.7 kB]
Get:853 http://deb.debian.org/debian bookworm/main amd64 p7zip amd64 16.02+dfsg-8 [381 kB]
Get:854 http://deb.debian.org/debian bookworm/main amd64 p7zip-full amd64 16.02+dfsg-8 [1183 kB]
Get:855 http://deb.debian.org/debian bookworm/main amd64 libnautilus-extension4 amd64 43.2-1 [16.4 kB]
Get:856 http://deb.debian.org/debian bookworm/main amd64 file-roller amd64 43.0-1 [742 kB]
Get:857 http://deb.debian.org/debian bookworm/main amd64 libgee-0.8-2 amd64 0.20.6-1 [236 kB]
Get:858 http://deb.debian.org/debian bookworm/main amd64 libgnome-games-support-common all 1.8.2-1 [19.7 kB]
Get:859 http://deb.debian.org/debian bookworm/main amd64 libgnome-games-support-1-3 amd64 1.8.2-1+b1 [30.2 kB]
Get:860 http://deb.debian.org/debian bookworm/main amd64 five-or-more amd64 1:3.32.3-1 [1255 kB]
Get:861 http://deb.debian.org/debian bookworm/main amd64 folks-common all 0.15.5-2 [159 kB]
Get:862 http://deb.debian.org/debian bookworm/main amd64 fonts-cantarell all 0.303.1-1 [265 kB]
Get:863 http://deb.debian.org/debian bookworm/main amd64 fonts-dejavu-extra all 2.37-6 [1985 kB]
Get:864 http://deb.debian.org/debian bookworm/main amd64 fonts-dejavu all 2.37-6 [27.8 kB]
Get:865 http://deb.debian.org/debian bookworm/main amd64 fonts-noto-color-emoji all 2.042-0+deb12u1 [9894 kB]
Get:866 http://deb.debian.org/debian bookworm/main amd64 fonts-noto-mono all 20201225-1 [402 kB]
Get:867 http://deb.debian.org/debian bookworm/main amd64 fonts-opensymbol all 4:102.12+LibO7.4.7-1+deb12u10 [114 kB]
Get:868 http://deb.debian.org/debian bookworm/main amd64 fonts-symbola all 2.60-1.1 [1279 kB]
Get:869 http://deb.debian.org/debian bookworm/main amd64 libgsound0 amd64 1.0.3-2 [8812 B]
Get:870 http://deb.debian.org/debian bookworm/main amd64 four-in-a-row amd64 1:3.38.1-1+b1 [558 kB]
Get:871 http://deb.debian.org/debian bookworm/main amd64 libfuse3-3 amd64 3.14.0-4 [88.1 kB]
Get:872 http://deb.debian.org/debian bookworm/main amd64 fuse3 amd64 3.14.0-4 [35.9 kB]
Get:873 http://deb.debian.org/debian bookworm/main amd64 libftdi1-2 amd64 1.5-6+b2 [31.6 kB]
Get:874 http://deb.debian.org/debian bookworm/main amd64 libjaylink0 amd64 0.3.1-1 [23.4 kB]
Get:875 http://deb.debian.org/debian bookworm/main amd64 libflashrom1 amd64 1.3.0-2.1 [204 kB]
Get:876 http://deb.debian.org/debian bookworm/main amd64 libjcat1 amd64 0.1.9-1 [26.1 kB]
Get:877 http://deb.debian.org/debian bookworm/main amd64 libfwupd2 amd64 1.8.12-2 [113 kB]
Get:878 http://deb.debian.org/debian bookworm/main amd64 libgcab-1.0-0 amd64 1.5-1 [31.3 kB]
Get:879 http://deb.debian.org/debian bookworm/main amd64 libmbim-glib4 amd64 1.28.2-1 [175 kB]
Get:880 http://deb.debian.org/debian bookworm/main amd64 libmbim-proxy amd64 1.28.2-1 [8632 B]
Get:881 http://deb.debian.org/debian bookworm/main amd64 libqrtr-glib0 amd64 1.2.2-1 [16.6 kB]
Get:882 http://deb.debian.org/debian bookworm/main amd64 libqmi-glib5 amd64 1.32.2-1 [715 kB]
Get:883 http://deb.debian.org/debian bookworm/main amd64 libqmi-proxy amd64 1.32.2-1 [9312 B]
Get:884 http://deb.debian.org/debian bookworm/main amd64 libsmbios-c2 amd64 2.4.3-1 [74.7 kB]
Get:885 http://deb.debian.org/debian bookworm/main amd64 tpm-udev all 0.6 [3160 B]
Get:886 http://deb.debian.org/debian bookworm/main amd64 libtss2-mu0 amd64 3.2.1-3 [76.9 kB]
Get:887 http://deb.debian.org/debian bookworm/main amd64 libtss2-tcti-cmd0 amd64 3.2.1-3 [35.0 kB]
Get:888 http://deb.debian.org/debian bookworm/main amd64 libtss2-tcti-device0 amd64 3.2.1-3 [33.8 kB]
Get:889 http://deb.debian.org/debian bookworm/main amd64 libtss2-tcti-mssim0 amd64 3.2.1-3 [34.0 kB]
Get:890 http://deb.debian.org/debian bookworm/main amd64 libtss2-tcti-swtpm0 amd64 3.2.1-3 [34.0 kB]
Get:891 http://deb.debian.org/debian bookworm/main amd64 libtss2-sys1 amd64 3.2.1-3 [57.1 kB]
Get:892 http://deb.debian.org/debian bookworm/main amd64 libtss2-esys-3.0.2-0 amd64 3.2.1-3 [158 kB]
Get:893 http://deb.debian.org/debian bookworm/main amd64 fwupd amd64 1.8.12-2 [2845 kB]
Get:894 http://deb.debian.org/debian bookworm/main amd64 fwupd-amd64-signed amd64 1:1.4+1 [26.5 kB]
Get:895 http://deb.debian.org/debian bookworm/main amd64 gdisk amd64 1.0.9-2.1 [221 kB]
Get:896 http://deb.debian.org/debian bookworm/main amd64 upower amd64 0.99.20-2 [81.2 kB]
Get:897 http://deb.debian.org/debian bookworm/main amd64 libxmu6 amd64 2:1.1.3-3 [60.1 kB]
Get:898 http://deb.debian.org/debian bookworm/main amd64 libxaw7 amd64 2:1.0.14-1 [201 kB]
Get:899 http://deb.debian.org/debian bookworm/main amd64 x11-xkb-utils amd64 7.7+7 [165 kB]
Get:900 http://deb.debian.org/debian bookworm/main amd64 xserver-common all 2:21.1.7-3+deb12u11 [2383 kB]
Get:901 http://deb.debian.org/debian bookworm/main amd64 libxcvt0 amd64 0.1.2-1 [5400 B]
Get:902 http://deb.debian.org/debian bookworm/main amd64 libxfont2 amd64 1:2.0.6-1 [136 kB]
Get:903 http://deb.debian.org/debian bookworm/main amd64 xwayland amd64 2:22.1.9-1 [870 kB]
Get:904 http://deb.debian.org/debian bookworm/main amd64 gnome-session-bin amd64 43.0-1+deb12u1 [122 kB]
Get:905 http://deb.debian.org/debian bookworm/main amd64 gnome-session-common all 43.0-1+deb12u1 [198 kB]
Get:906 http://deb.debian.org/debian bookworm/main amd64 xdg-desktop-portal amd64 1.16.0-2 [332 kB]
Get:907 http://deb.debian.org/debian bookworm/main amd64 xdg-desktop-portal-gtk amd64 1.14.1-1 [132 kB]
Get:908 http://deb.debian.org/debian bookworm/main amd64 libgnome-desktop-4-2 amd64 43.2-2 [83.3 kB]
Get:909 http://deb.debian.org/debian bookworm/main amd64 libgnome-bg-4-2 amd64 43.2-2 [60.6 kB]
Get:910 http://deb.debian.org/debian bookworm/main amd64 xdg-desktop-portal-gnome amd64 43.1-2 [175 kB]
Get:911 http://deb.debian.org/debian bookworm/main amd64 gnome-session all 43.0-1+deb12u1 [25.2 kB]
Get:912 http://deb.debian.org/debian bookworm/main amd64 zutty amd64 0.14.0.20230218+dfsg1-1 [177 kB]
Get:913 http://deb.debian.org/debian bookworm/main amd64 gnome-terminal-data all 3.46.8-1 [949 kB]
Get:914 http://deb.debian.org/debian bookworm/main amd64 libvte-2.91-common amd64 0.70.6-2~deb12u1 [642 kB]
Get:915 http://deb.debian.org/debian bookworm/main amd64 libvte-2.91-0 amd64 0.70.6-2~deb12u1 [799 kB]
Get:916 http://deb.debian.org/debian bookworm/main amd64 gnome-terminal amd64 3.46.8-1 [230 kB]
Get:917 http://deb.debian.org/debian bookworm/main amd64 libxmuu1 amd64 2:1.1.3-3 [23.9 kB]
Get:918 http://deb.debian.org/debian bookworm/main amd64 x11-xserver-utils amd64 7.7+9+b1 [169 kB]
Get:919 http://deb.debian.org/debian bookworm/main amd64 gdm3 amd64 43.0-3 [744 kB]
Get:920 http://deb.debian.org/debian bookworm/main amd64 geoclue-2.0 amd64 2.6.0-2+deb12u1 [113 kB]
Get:921 http://deb.debian.org/debian bookworm/main amd64 gir1.2-cogl-1.0 amd64 1.22.8-3+b1 [41.0 kB]
Get:922 http://deb.debian.org/debian bookworm/main amd64 gir1.2-coglpango-1.0 amd64 1.22.8-3+b1 [13.2 kB]
Get:923 http://deb.debian.org/debian bookworm/main amd64 gir1.2-clutter-1.0 amd64 1.26.4+dfsg-4 [152 kB]
Get:924 http://deb.debian.org/debian bookworm/main amd64 gir1.2-evince-3.0 amd64 43.1-2+b1 [32.9 kB]
Get:925 http://deb.debian.org/debian bookworm/main amd64 gir1.2-geocodeglib-2.0 amd64 3.26.3-6 [16.4 kB]
Get:926 http://deb.debian.org/debian bookworm/main amd64 libgnome-menu-3-0 amd64 3.36.0-1.1 [95.7 kB]
Get:927 http://deb.debian.org/debian bookworm/main amd64 gir1.2-gmenu-3.0 amd64 3.36.0-1.1 [59.7 kB]
Get:928 http://deb.debian.org/debian bookworm/main amd64 gir1.2-gnomedesktop-4.0 amd64 43.2-2 [12.7 kB]
Get:929 http://deb.debian.org/debian bookworm/main amd64 gir1.2-goa-1.0 amd64 3.46.0-1 [21.0 kB]
Get:930 http://deb.debian.org/debian bookworm/main amd64 libsoup-gnome2.4-1 amd64 2.74.3-1+deb12u1 [11.2 kB]
Get:931 http://deb.debian.org/debian bookworm/main amd64 gir1.2-soup-2.4 amd64 2.74.3-1+deb12u1 [33.0 kB]
Get:932 http://deb.debian.org/debian bookworm/main amd64 libtotem-plparser-common all 3.26.6-1 [32.1 kB]
Get:933 http://deb.debian.org/debian bookworm/main amd64 libtotem-plparser18 amd64 3.26.6-1+b1 [64.1 kB]
Get:934 http://deb.debian.org/debian bookworm/main amd64 libgrilo-0.3-0 amd64 0.3.15-1 [151 kB]
Get:935 http://deb.debian.org/debian bookworm/main amd64 gir1.2-grilo-0.3 amd64 0.3.15-1 [20.2 kB]
Get:936 http://deb.debian.org/debian bookworm/main amd64 gir1.2-gst-plugins-base-1.0 amd64 1.22.0-3+deb12u5 [153 kB]
Get:937 http://deb.debian.org/debian bookworm/main amd64 gir1.2-gst-plugins-bad-1.0 amd64 1.22.0-4+deb12u6 [195 kB]
Get:938 http://deb.debian.org/debian bookworm/main amd64 gir1.2-gtkclutter-1.0 amd64 1.8.4-4+b1 [7652 B]
Get:939 http://deb.debian.org/debian bookworm/main amd64 libgtksourceview-4-common all 4.8.4-4 [532 kB]
Get:940 http://deb.debian.org/debian bookworm/main amd64 libgtksourceview-4-0 amd64 4.8.4-4 [216 kB]
Get:941 http://deb.debian.org/debian bookworm/main amd64 gir1.2-gtksource-4 amd64 4.8.4-4 [19.9 kB]
Get:942 http://deb.debian.org/debian bookworm/main amd64 gir1.2-handy-1 amd64 1.8.1-1 [19.2 kB]
Get:943 http://deb.debian.org/debian bookworm/main amd64 libjavascriptcoregtk-4.0-18 amd64 2.50.4-1~deb12u1 [7241 kB]
Get:944 http://deb.debian.org/debian bookworm/main amd64 gir1.2-javascriptcoregtk-4.0 amd64 2.50.4-1~deb12u1 [52.1 kB]
Get:945 http://deb.debian.org/debian bookworm/main amd64 libmalcontent-0-0 amd64 0.11.0-4 [21.4 kB]
Get:946 http://deb.debian.org/debian bookworm/main amd64 gir1.2-malcontent-0 amd64 0.11.0-4 [6484 B]
Get:947 http://deb.debian.org/debian bookworm/main amd64 libmediaart-2.0-0 amd64 1.9.6-1 [18.2 kB]
Get:948 http://deb.debian.org/debian bookworm/main amd64 gir1.2-mediaart-2.0 amd64 1.9.6-1 [5176 B]
Get:949 http://deb.debian.org/debian bookworm/main amd64 gir1.2-notify-0.7 amd64 0.8.1-1 [11.6 kB]
Get:950 http://deb.debian.org/debian bookworm/main amd64 libpackagekit-glib2-18 amd64 1.2.6-5 [113 kB]
Get:951 http://deb.debian.org/debian bookworm/main amd64 gir1.2-packagekitglib-1.0 amd64 1.2.6-5 [25.9 kB]
Get:952 http://deb.debian.org/debian bookworm/main amd64 librhythmbox-core10 amd64 3.4.6-2+b1 [800 kB]
Get:953 http://deb.debian.org/debian bookworm/main amd64 gir1.2-rb-3.0 amd64 3.4.6-2+b1 [367 kB]
Get:954 http://deb.debian.org/debian bookworm/main amd64 librest-1.0-0 amd64 0.9.1-6 [32.0 kB]
Get:955 http://deb.debian.org/debian bookworm/main amd64 gir1.2-rest-1.0 amd64 0.9.1-6 [8136 B]
Get:956 http://deb.debian.org/debian bookworm/main amd64 gir1.2-secret-1 amd64 0.20.5-3 [13.5 kB]
Get:957 http://deb.debian.org/debian bookworm/main amd64 libshumate-common all 1.0.3-2 [9116 B]
Get:958 http://deb.debian.org/debian bookworm/main amd64 libshumate-1.0-1 amd64 1.0.3-2 [67.2 kB]
Get:959 http://deb.debian.org/debian bookworm/main amd64 gir1.2-shumate-1.0 amd64 1.0.3-2 [11.9 kB]
Get:960 http://deb.debian.org/debian bookworm/main amd64 gir1.2-totemplparser-1.0 amd64 3.26.6-1+b1 [12.1 kB]
Get:961 http://deb.debian.org/debian bookworm/main amd64 libtotem0 amd64 43.0-2 [180 kB]
Get:962 http://deb.debian.org/debian bookworm/main amd64 gir1.2-totem-1.0 amd64 43.0-2 [29.6 kB]
Get:963 http://deb.debian.org/debian bookworm/main amd64 libtracker-sparql-3.0-0 amd64 3.4.2-1 [274 kB]
Get:964 http://deb.debian.org/debian bookworm/main amd64 gir1.2-tracker-3.0 amd64 3.4.2-1 [11.5 kB]
Get:965 http://deb.debian.org/debian bookworm/main amd64 libwebkit2gtk-4.0-37 amd64 2.50.4-1~deb12u1 [22.6 MB]
Get:966 http://deb.debian.org/debian bookworm/main amd64 gir1.2-webkit2-4.0 amd64 2.50.4-1~deb12u1 [109 kB]
Get:967 http://deb.debian.org/debian bookworm/main amd64 libxres1 amd64 2:1.2.1-1 [19.2 kB]
Get:968 http://deb.debian.org/debian bookworm/main amd64 libwnck-3-common all 43.0-3 [229 kB]
Get:969 http://deb.debian.org/debian bookworm/main amd64 libwnck-3-0 amd64 43.0-3 [112 kB]
Get:970 http://deb.debian.org/debian bookworm/main amd64 gir1.2-wnck-3.0 amd64 43.0-3 [28.6 kB]
Get:971 http://deb.debian.org/debian bookworm/main amd64 gjs amd64 1.74.2-1+deb12u1 [113 kB]
Get:972 http://deb.debian.org/debian bookworm/main amd64 libgnomekbd-common all 3.28.1-1 [76.5 kB]
Get:973 http://deb.debian.org/debian bookworm/main amd64 libxklavier16 amd64 5.4-4 [48.2 kB]
Get:974 http://deb.debian.org/debian bookworm/main amd64 libgnomekbd8 amd64 3.28.1-1 [49.2 kB]
Get:975 http://deb.debian.org/debian bookworm/main amd64 gkbd-capplet amd64 3.28.1-1 [12.5 kB]
Get:976 http://deb.debian.org/debian bookworm/main amd64 gnome-bluetooth-sendto amd64 42.5-3 [17.2 kB]
Get:977 http://deb.debian.org/debian bookworm/main amd64 libgtksourceview-5-common all 5.6.2-1 [552 kB]
Get:978 http://deb.debian.org/debian bookworm/main amd64 libgtksourceview-5-0 amd64 5.6.2-1 [318 kB]
Get:979 http://deb.debian.org/debian bookworm/main amd64 gnome-calculator amd64 1:43.0.1-2 [993 kB]
Get:980 http://deb.debian.org/debian bookworm/main amd64 gnome-characters amd64 43.1-1+deb12u1 [410 kB]
Get:981 http://deb.debian.org/debian bookworm/main amd64 libfolks26 amd64 0.15.5-2+b1 [174 kB]
Get:982 http://deb.debian.org/debian bookworm/main amd64 libfolks-eds26 amd64 0.15.5-2+b1 [73.6 kB]
Get:983 http://deb.debian.org/debian bookworm/main amd64 libportal1 amd64 0.6-4 [40.0 kB]
Get:984 http://deb.debian.org/debian bookworm/main amd64 gnome-contacts amd64 43.1-1 [376 kB]
Get:985 http://deb.debian.org/debian bookworm/main amd64 libcolord-gtk4-1 amd64 0.3.0-3.1 [16.4 kB]
Get:986 http://deb.debian.org/debian bookworm/main amd64 libgnome-bluetooth-ui-3.0-13 amd64 42.5-3 [65.6 kB]
Get:987 http://deb.debian.org/debian bookworm/main amd64 libgnome-rr-4-2 amd64 43.2-2 [73.9 kB]
Get:988 http://deb.debian.org/debian bookworm/main amd64 libgoa-backend-1.0-1 amd64 3.46.0-1 [108 kB]
Get:989 http://deb.debian.org/debian bookworm/main amd64 libgtop2-common all 2.40.0-2 [95.2 kB]
Get:990 http://deb.debian.org/debian bookworm/main amd64 libgtop-2.0-11 amd64 2.40.0-2 [72.1 kB]
Get:991 http://deb.debian.org/debian bookworm/main amd64 libnma-gtk4-0 amd64 1.10.6-1 [94.5 kB]
Get:992 http://deb.debian.org/debian bookworm/main amd64 libtalloc2 amd64 2.4.0-f2 [25.6 kB]
Get:993 http://deb.debian.org/debian bookworm/main amd64 libtevent0 amd64 0.14.1-1 [37.9 kB]
Get:994 http://deb.debian.org/debian bookworm/main amd64 libldb2 amd64 2:2.6.2+samba4.17.12+dfsg-0+deb12u3 [162 kB]
Get:995 http://deb.debian.org/debian bookworm/main amd64 libwbclient0 amd64 2:4.17.12+dfsg-0+deb12u3 [54.5 kB]
Get:996 http://deb.debian.org/debian bookworm/main amd64 samba-libs amd64 2:4.17.12+dfsg-0+deb12u3 [5657 kB]
Get:997 http://deb.debian.org/debian bookworm/main amd64 libsmbclient amd64 2:4.17.12+dfsg-0+deb12u3 [83.3 kB]
Get:998 http://deb.debian.org/debian bookworm/main amd64 libsnapd-glib-2-1 amd64 1.63-5 [96.0 kB]
Get:999 http://deb.debian.org/debian bookworm/main amd64 libudisks2-0 amd64 2.9.4-4+deb12u2 [146 kB]
Get:1000 http://deb.debian.org/debian bookworm/main amd64 gnome-control-center-data all 1:43.6-2~deb12u1 [3595 kB]
Get:1001 http://deb.debian.org/debian bookworm/main amd64 gnome-control-center amd64 1:43.6-2~deb12u1 [1143 kB]
Get:1002 http://deb.debian.org/debian bookworm/main amd64 libblockdev-part-err2 amd64 2.28-2+deb12u1 [5724 B]
Get:1003 http://deb.debian.org/debian bookworm/main amd64 libblockdev-utils2 amd64 2.28-2+deb12u1 [15.3 kB]
Get:1004 http://deb.debian.org/debian bookworm/main amd64 libparted-fs-resize0 amd64 3.5-3 [38.2 kB]
Get:1005 http://deb.debian.org/debian bookworm/main amd64 libblockdev-fs2 amd64 2.28-2+deb12u1 [22.8 kB]
Get:1006 http://deb.debian.org/debian bookworm/main amd64 libblockdev-loop2 amd64 2.28-2+deb12u1 [8416 B]
Get:1007 http://deb.debian.org/debian bookworm/main amd64 libblockdev-part2 amd64 2.28-2+deb12u1 [17.6 kB]
Get:1008 http://deb.debian.org/debian bookworm/main amd64 libblockdev-swap2 amd64 2.28-2+deb12u1 [10.3 kB]
Get:1009 http://deb.debian.org/debian bookworm/main amd64 parted amd64 3.5-3 [39.1 kB]
Get:1010 http://deb.debian.org/debian bookworm/main amd64 libatasmart4 amd64 0.19-5 [23.8 kB]
Get:1011 http://deb.debian.org/debian bookworm/main amd64 libblockdev2 amd64 2.28-2+deb12u1 [38.8 kB]
Get:1012 http://deb.debian.org/debian bookworm/main amd64 udisks2 amd64 2.9.4-4+deb12u2 [402 kB]
Get:1013 http://deb.debian.org/debian bookworm/main amd64 gnome-disk-utility amd64 43.0-1 [1003 kB]
Get:1014 http://deb.debian.org/debian bookworm/main amd64 gnome-font-viewer amd64 43.0-1 [176 kB]
Get:1015 http://deb.debian.org/debian bookworm/main amd64 gnome-logs amd64 43.0-1 [219 kB]
Get:1016 http://deb.debian.org/debian bookworm/main amd64 gnome-menus amd64 3.36.0-1.1 [158 kB]
Get:1017 http://deb.debian.org/debian bookworm/main amd64 gnome-online-accounts amd64 3.46.0-1 [89.7 kB]
Get:1018 http://deb.debian.org/debian bookworm/main amd64 gvfs-common all 1.50.3-1 [480 kB]
Get:1019 http://deb.debian.org/debian bookworm/main amd64 gvfs-libs amd64 1.50.3-1 [103 kB]
Get:1020 http://deb.debian.org/debian bookworm/main amd64 libudfread0 amd64 1.1.2-1 [16.5 kB]
Get:1021 http://deb.debian.org/debian bookworm/main amd64 libbluray2 amd64 1:1.3.4-1 [138 kB]
Get:1022 http://deb.debian.org/debian bookworm/main amd64 gvfs-daemons amd64 1.50.3-1 [125 kB]
Get:1023 http://deb.debian.org/debian bookworm/main amd64 gvfs amd64 1.50.3-1 [123 kB]
Get:1024 http://deb.debian.org/debian bookworm/main amd64 gnome-shell-extensions all 43.1-1 [161 kB]
Get:1025 http://deb.debian.org/debian bookworm/main amd64 gnome-software-common all 43.5-1~deb12u1 [751 kB]
Get:1026 http://deb.debian.org/debian bookworm/main amd64 libcairo-perl amd64 1.109-3+b1 [91.6 kB]
Get:1027 http://deb.debian.org/debian bookworm/main amd64 libextutils-depends-perl all 0.8001-2 [17.1 kB]
Get:1028 http://deb.debian.org/debian bookworm/main amd64 libglib-perl amd64 3:1.329.3-2+b2 [337 kB]
Get:1029 http://deb.debian.org/debian bookworm/main amd64 libcairo-gobject-perl amd64 1.005-4 [11.7 kB]
Get:1030 http://deb.debian.org/debian bookworm/main amd64 libglib-object-introspection-perl amd64 0.049-3 [66.7 kB]
Get:1031 http://deb.debian.org/debian bookworm/main amd64 libgtk3-perl all 0.038-3 [32.2 kB]
Get:1032 http://deb.debian.org/debian bookworm/main amd64 packagekit amd64 1.2.6-5 [610 kB]
Get:1033 http://deb.debian.org/debian bookworm/main amd64 python3-dateutil all 2.8.2-2 [78.3 kB]
Get:1034 http://deb.debian.org/debian bookworm/main amd64 python3-distro-info all 1.5+deb12u1 [6772 B]
Get:1035 http://deb.debian.org/debian bookworm/main amd64 lsb-release all 12.0-1 [6416 B]
Get:1036 http://deb.debian.org/debian bookworm/main amd64 python3-pyparsing all 3.0.9-1 [138 kB]
Get:1037 http://deb.debian.org/debian bookworm/main amd64 python3-httplib2 all 0.20.4-3 [36.0 kB]
Get:1038 http://deb.debian.org/debian bookworm/main amd64 python3-lazr.uri all 1.0.6-3 [13.7 kB]
Get:1039 http://deb.debian.org/debian bookworm/main amd64 python3-wadllib all 1.3.6-4 [37.2 kB]
Get:1040 http://deb.debian.org/debian bookworm/main amd64 python3-distro all 1.8.0-1 [20.5 kB]
Get:1041 http://deb.debian.org/debian bookworm/main amd64 python3-blinker all 1.5-1 [14.7 kB]
Get:1042 http://deb.debian.org/debian bookworm/main amd64 python3-cffi-backend amd64 1.15.1-5+b1 [84.6 kB]
Get:1043 http://deb.debian.org/debian bookworm/main amd64 python3-cryptography amd64 38.0.4-3+deb12u1 [665 kB]
Get:1044 http://deb.debian.org/debian bookworm/main amd64 python3-jwt all 2.6.0-1 [26.6 kB]
Get:1045 http://deb.debian.org/debian bookworm/main amd64 python3-oauthlib all 3.2.2-1 [95.4 kB]
Get:1046 http://deb.debian.org/debian bookworm/main amd64 python3-lazr.restfulclient all 0.14.5-1 [50.4 kB]
Get:1047 http://deb.debian.org/debian bookworm/main amd64 python3-software-properties all 0.99.30-4.1~deb12u1 [32.9 kB]
Get:1048 http://deb.debian.org/debian bookworm/main amd64 python3-dbus amd64 1.3.2-4+b1 [95.1 kB]
Get:1049 http://deb.debian.org/debian bookworm/main amd64 software-properties-common all 0.99.30-4.1~deb12u1 [62.1 kB]
Get:1050 http://deb.debian.org/debian bookworm/main amd64 software-properties-gtk all 0.99.30-4.1~deb12u1 [65.6 kB]
Get:1051 http://deb.debian.org/debian bookworm/main amd64 gnome-software amd64 43.5-1~deb12u1 [624 kB]
Get:1052 http://deb.debian.org/debian bookworm/main amd64 nautilus-data all 43.2-1 [1680 kB]
Get:1053 http://deb.debian.org/debian bookworm/main amd64 tracker amd64 3.4.2-1 [500 kB]
Get:1054 http://deb.debian.org/debian bookworm/main amd64 libcue2 amd64 2.2.1-4+deb12u1 [22.6 kB]
Get:1055 http://deb.debian.org/debian bookworm/main amd64 libexiv2-27 amd64 0.27.6-1 [1539 kB]
Get:1056 http://deb.debian.org/debian bookworm/main amd64 libgexiv2-2 amd64 0.14.0-1+b1 [76.9 kB]
Get:1057 http://deb.debian.org/debian bookworm/main amd64 libgif7 amd64 5.2.1-2.5 [46.9 kB]
Get:1058 http://deb.debian.org/debian bookworm/main amd64 libgsf-1-common all 1.14.50-1+deb12u1 [154 kB]
Get:1059 http://deb.debian.org/debian bookworm/main amd64 libgsf-1-114 amd64 1.14.50-1+deb12u1 [154 kB]
Get:1060 http://deb.debian.org/debian bookworm/main amd64 libiptcdata0 amd64 1.0.5-2.3 [29.4 kB]
Get:1061 http://deb.debian.org/debian bookworm/main amd64 usb.ids all 2025.07.26-0+deb12u1 [209 kB]
Get:1062 http://deb.debian.org/debian bookworm/main amd64 libosinfo-l10n all 1.10.0-2 [176 kB]
Get:1063 http://deb.debian.org/debian bookworm/main amd64 osinfo-db all 0.20221130-2 [142 kB]
Get:1064 http://deb.debian.org/debian bookworm/main amd64 libosinfo-1.0-0 amd64 1.10.0-2 [227 kB]
Get:1065 http://deb.debian.org/debian bookworm/main amd64 tracker-extract amd64 3.4.3-1 [725 kB]
Get:1066 http://deb.debian.org/debian bookworm/main amd64 tracker-miner-fs amd64 3.4.3-1 [68.8 kB]
Get:1067 http://deb.debian.org/debian bookworm/main amd64 libportal-gtk4-1 amd64 0.6-4 [10.0 kB]
Get:1068 http://deb.debian.org/debian bookworm/main amd64 nautilus amd64 43.2-1 [520 kB]
Get:1069 http://deb.debian.org/debian bookworm/main amd64 gstreamer1.0-gtk3 amd64 1.22.0-5+deb12u3 [92.9 kB]
Get:1070 http://deb.debian.org/debian bookworm/main amd64 gnome-sushi amd64 43.0-2 [83.9 kB]
Get:1071 http://deb.debian.org/debian bookworm/main amd64 libsigc++-2.0-0v5 amd64 2.12.0-1 [25.7 kB]
Get:1072 http://deb.debian.org/debian bookworm/main amd64 libglibmm-2.4-1v5 amd64 2.66.5-2 [607 kB]
Get:1073 http://deb.debian.org/debian bookworm/main amd64 libatkmm-1.6-1v5 amd64 2.28.3-1 [81.8 kB]
Get:1074 http://deb.debian.org/debian bookworm/main amd64 libcairomm-1.0-1v5 amd64 1.14.4-2 [56.5 kB]
Get:1075 http://deb.debian.org/debian bookworm/main amd64 libpangomm-1.4-1v5 amd64 2.46.3-1 [64.9 kB]
Get:1076 http://deb.debian.org/debian bookworm/main amd64 libgtkmm-3.0-1v5 amd64 3.24.7-1 [986 kB]
Get:1077 http://deb.debian.org/debian bookworm/main amd64 gnome-system-monitor amd64 42.0-2 [698 kB]
Get:1078 http://deb.debian.org/debian bookworm/main amd64 libeditorconfig0 amd64 0.12.6-0.1 [13.3 kB]
Get:1079 http://deb.debian.org/debian bookworm/main amd64 gnome-text-editor amd64 43.2-1 [399 kB]
Get:1080 http://deb.debian.org/debian bookworm/main amd64 gnome-themes-extra-data all 3.28-2 [575 kB]
Get:1081 http://deb.debian.org/debian bookworm/main amd64 gtk2-engines-pixbuf amd64 2.24.33-2+deb12u1 [22.8 kB]
Get:1082 http://deb.debian.org/debian bookworm/main amd64 gnome-themes-extra amd64 3.28-2 [522 kB]
Get:1083 http://deb.debian.org/debian bookworm/main amd64 libyelp0 amd64 42.2-1+deb12u1 [159 kB]
Get:1084 http://deb.debian.org/debian bookworm/main amd64 yelp-xsl all 42.1-2+deb12u1 [468 kB]
Get:1085 http://deb.debian.org/debian bookworm/main amd64 yelp amd64 42.2-1+deb12u1 [780 kB]
Get:1086 http://deb.debian.org/debian bookworm/main amd64 gnome-user-docs all 43.0-2 [8523 kB]
Get:1087 http://deb.debian.org/debian bookworm/main amd64 libapache2-mod-dnssd amd64 0.6-4 [13.5 kB]
Get:1088 http://deb.debian.org/debian bookworm/main amd64 gnome-user-share amd64 43.0-1 [63.3 kB]
Get:1089 http://deb.debian.org/debian bookworm/main amd64 gstreamer1.0-packagekit amd64 1.2.6-5 [12.2 kB]
Get:1090 http://deb.debian.org/debian bookworm/main amd64 libcdio19 amd64 2.1.0-4 [203 kB]
Get:1091 http://deb.debian.org/debian bookworm/main amd64 libcdio-cdda2 amd64 10.2+2.0.1-1 [20.9 kB]
Get:1092 http://deb.debian.org/debian bookworm/main amd64 libcdio-paranoia2 amd64 10.2+2.0.1-1 [20.4 kB]
Get:1093 http://deb.debian.org/debian bookworm/main amd64 libgdata-common all 0.18.1-2 [110 kB]
Get:1094 http://deb.debian.org/debian bookworm/main amd64 libgdata22 amd64 0.18.1-2 [278 kB]
Get:1095 http://deb.debian.org/debian bookworm/main amd64 libmtp-common all 1.1.20-1 [58.6 kB]
Get:1096 http://deb.debian.org/debian bookworm/main amd64 libmtp9 amd64 1.1.20-1 [214 kB]
Get:1097 http://deb.debian.org/debian bookworm/main amd64 libnfs13 amd64 4.0.0-1 [100 kB]
Get:1098 http://deb.debian.org/debian bookworm/main amd64 gvfs-backends amd64 1.50.3-1 [365 kB]
Get:1099 http://deb.debian.org/debian bookworm/main amd64 gvfs-fuse amd64 1.50.3-1 [20.5 kB]
Get:1100 http://deb.debian.org/debian bookworm/main amd64 libatk-adaptor amd64 2.46.0-5 [9728 B]
Get:1101 http://deb.debian.org/debian bookworm/main amd64 libcanberra-pulse amd64 0.30-10 [16.4 kB]
Get:1102 http://deb.debian.org/debian bookworm/main amd64 libpam-gnome-keyring amd64 42.1-1+b2 [310 kB]
Get:1103 http://deb.debian.org/debian bookworm/main amd64 libproxy1-plugin-gsettings amd64 0.4.18-1.2 [24.1 kB]
Get:1104 http://deb.debian.org/debian bookworm/main amd64 libproxy1-plugin-webkit amd64 0.4.18-1.2 [15.5 kB]
Get:1105 http://deb.debian.org/debian bookworm/main amd64 python3-cairo amd64 1.20.1-5+b1 [63.1 kB]
Get:1106 http://deb.debian.org/debian bookworm/main amd64 python3-cups amd64 2.0.1-5+b4 [62.6 kB]
Get:1107 http://deb.debian.org/debian bookworm/main amd64 python3-cupshelpers all 1.5.18-1 [127 kB]
Get:1108 http://deb.debian.org/debian bookworm/main amd64 system-config-printer-common all 1.5.18-1 [802 kB]
Get:1109 http://deb.debian.org/debian bookworm/main amd64 system-config-printer-udev amd64 1.5.18-1 [115 kB]
Get:1110 http://deb.debian.org/debian bookworm/main amd64 libdmapsharing-3.0-2 amd64 2.9.41-3+b1 [118 kB]
Get:1111 http://deb.debian.org/debian bookworm/main amd64 libgom-1.0-0 amd64 0.4-1 [44.1 kB]
Get:1112 http://deb.debian.org/debian bookworm/main amd64 liboauth0 amd64 1.0.3-5 [21.4 kB]
Get:1113 http://deb.debian.org/debian bookworm/main amd64 grilo-plugins-0.3 amd64 0.3.15-2 [949 kB]
Get:1114 http://deb.debian.org/debian bookworm/main amd64 totem-common all 43.0-2 [770 kB]
Get:1115 http://deb.debian.org/debian bookworm/main amd64 gstreamer1.0-gl amd64 1.22.0-3+deb12u5 [179 kB]
Get:1116 http://deb.debian.org/debian bookworm/main amd64 totem amd64 43.0-2 [103 kB]
Get:1117 http://deb.debian.org/debian bookworm/main amd64 zenity-common all 3.44.0-1 [2974 kB]
Get:1118 http://deb.debian.org/debian bookworm/main amd64 zenity amd64 3.44.0-1 [63.2 kB]
Get:1119 http://deb.debian.org/debian bookworm/main amd64 gnome-core amd64 1:43+1 [5988 B]
Get:1120 http://deb.debian.org/debian bookworm/main amd64 libproxy1-plugin-networkmanager amd64 0.4.18-1.2 [11.0 kB]
Get:1121 http://deb.debian.org/debian bookworm/main amd64 libayatana-ido3-0.4-0 amd64 0.9.3-1 [57.6 kB]
Get:1122 http://deb.debian.org/debian bookworm/main amd64 libayatana-indicator3-7 amd64 0.9.3-1 [32.8 kB]
Get:1123 http://deb.debian.org/debian bookworm/main amd64 libdbusmenu-gtk3-4 amd64 18.10.20180917~bzr492+repack1-3 [29.0 kB]
Get:1124 http://deb.debian.org/debian bookworm/main amd64 libayatana-appindicator3-1 amd64 0.5.92-1 [24.5 kB]
Get:1125 http://deb.debian.org/debian bookworm/main amd64 libndp0 amd64 1.8-1+deb12u1 [12.0 kB]
Get:1126 http://deb.debian.org/debian bookworm/main amd64 libnewt0.52 amd64 0.52.23-1+b1 [59.2 kB]
Get:1127 http://deb.debian.org/debian bookworm/main amd64 libteamdctl0 amd64 1.31-1 [12.1 kB]
Get:1128 http://deb.debian.org/debian bookworm/main amd64 network-manager amd64 1.42.4-1+deb12u1 [3142 kB]
Get:1129 http://deb.debian.org/debian bookworm/main amd64 policykit-1-gnome amd64 0.105-8 [64.9 kB]
Get:1130 http://deb.debian.org/debian bookworm/main amd64 network-manager-gnome amd64 1.30.0-2 [894 kB]
Get:1131 http://deb.debian.org/debian bookworm/main amd64 libjavascriptcoregtk-6.0-1 amd64 2.50.4-1~deb12u1 [7242 kB]
Get:1132 http://deb.debian.org/debian bookworm/main amd64 libwebkitgtk-6.0-4 amd64 2.50.4-1~deb12u1 [22.5 MB]
Get:1133 http://deb.debian.org/debian bookworm/main amd64 libedataserverui4-1.0-0 amd64 3.46.4-2 [73.3 kB]
Get:1134 http://deb.debian.org/debian bookworm/main amd64 gnome-calendar amd64 43.1-2 [398 kB]
Get:1135 http://deb.debian.org/debian bookworm/main amd64 gnome-clocks amd64 43.0-1 [284 kB]
Get:1136 http://deb.debian.org/debian bookworm/main amd64 gnome-color-manager amd64 3.36.0-1+b1 [1060 kB]
Get:1137 http://deb.debian.org/debian bookworm/main amd64 gnome-maps amd64 43.5-2~deb12u1 [703 kB]
Get:1138 http://deb.debian.org/debian bookworm/main amd64 python3-gi-cairo amd64 3.42.2-3+b1 [11.7 kB]
Get:1139 http://deb.debian.org/debian bookworm/main amd64 gnome-music amd64 42.1-1 [292 kB]
Get:1140 http://deb.debian.org/debian bookworm/main amd64 libraw20 amd64 0.20.2-2.1+deb12u1 [352 kB]
Get:1141 http://deb.debian.org/debian bookworm/main amd64 shotwell-common all 0.30.17-1 [1379 kB]
Get:1142 http://deb.debian.org/debian bookworm/main amd64 shotwell amd64 0.30.17-1+b1 [1863 kB]
Get:1143 http://deb.debian.org/debian bookworm/main amd64 gnome-weather all 43.0-1 [147 kB]
Get:1144 http://deb.debian.org/debian bookworm/main amd64 libbrlapi0.8 amd64 6.5-7+deb12u1 [90.5 kB]
Get:1145 http://deb.debian.org/debian bookworm/main amd64 python3-brlapi amd64 6.5-7+deb12u1 [146 kB]
Get:1146 http://deb.debian.org/debian bookworm/main amd64 liblouis-data all 3.24.0-1 [1989 kB]
Get:1147 http://deb.debian.org/debian bookworm/main amd64 liblouis20 amd64 3.24.0-1 [98.6 kB]
Get:1148 http://deb.debian.org/debian bookworm/main amd64 python3-louis all 3.24.0-1 [23.6 kB]
Get:1149 http://deb.debian.org/debian bookworm/main amd64 python3-pyatspi all 2.46.0-2 [41.9 kB]
Get:1150 http://deb.debian.org/debian bookworm/main amd64 python3-xdg all 0.28-2 [40.5 kB]
Get:1151 http://deb.debian.org/debian bookworm/main amd64 python3-speechd all 0.11.4-2 [43.1 kB]
Get:1152 http://deb.debian.org/debian bookworm/main amd64 libaudio2 amd64 1.9.4-7 [80.4 kB]
Get:1153 http://deb.debian.org/debian bookworm/main amd64 speech-dispatcher-audio-plugins amd64 0.11.4-2 [29.8 kB]
Get:1154 http://deb.debian.org/debian bookworm/main amd64 libdotconf0 amd64 1.3-0.3 [14.8 kB]
Get:1155 http://deb.debian.org/debian bookworm/main amd64 libspeechd2 amd64 0.11.4-2 [20.3 kB]
Get:1156 http://deb.debian.org/debian bookworm/main amd64 speech-dispatcher amd64 0.11.4-2 [3768 kB]
Get:1157 http://deb.debian.org/debian bookworm/main amd64 xkbset amd64 0.6-3 [19.3 kB]
Get:1158 http://deb.debian.org/debian bookworm/main amd64 orca all 43.1-1 [1990 kB]
Get:1159 http://deb.debian.org/debian bookworm/main amd64 libges-1.0-0 amd64 1.22.0-2 [359 kB]
Get:1160 http://deb.debian.org/debian bookworm/main amd64 libgupnp-av-1.0-3 amd64 0.14.1-1 [75.4 kB]
Get:1161 http://deb.debian.org/debian bookworm/main amd64 libgupnp-dlna-2.0-4 amd64 0.12.0-3 [57.1 kB]
Get:1162 http://deb.debian.org/debian bookworm/main amd64 librygel-core-2.8-0 amd64 0.42.1-1 [104 kB]
Get:1163 http://deb.debian.org/debian bookworm/main amd64 librygel-db-2.8-0 amd64 0.42.1-1 [24.1 kB]
Get:1164 http://deb.debian.org/debian bookworm/main amd64 librygel-renderer-2.8-0 amd64 0.42.1-1 [50.4 kB]
Get:1165 http://deb.debian.org/debian bookworm/main amd64 librygel-server-2.8-0 amd64 0.42.1-1 [198 kB]
Get:1166 http://deb.debian.org/debian bookworm/main amd64 rygel amd64 0.42.1-1 [569 kB]
Get:1167 http://deb.debian.org/debian bookworm/main amd64 librygel-renderer-gst-2.8-0 amd64 0.42.1-1 [24.2 kB]
Get:1168 http://deb.debian.org/debian bookworm/main amd64 rygel-playbin amd64 0.42.1-1 [13.9 kB]
Get:1169 http://deb.debian.org/debian bookworm/main amd64 rygel-tracker amd64 0.42.1-1 [63.6 kB]
Get:1170 http://deb.debian.org/debian bookworm/main amd64 xdg-utils all 1.1.3-4.1 [75.5 kB]
Get:1171 http://deb.debian.org/debian bookworm/main amd64 simple-scan amd64 42.5-2 [1054 kB]
Get:1172 http://deb.debian.org/debian bookworm/main amd64 gnome-sound-recorder all 43~beta-1 [103 kB]
Get:1173 http://deb.debian.org/debian bookworm/main amd64 gnome-tweaks all 42~beta-4 [196 kB]
Get:1174 http://deb.debian.org/debian bookworm/main amd64 libgsf-bin amd64 1.14.50-1+deb12u1 [70.1 kB]
Get:1175 http://deb.debian.org/debian bookworm/main amd64 libreoffice-style-colibre all 4:7.4.7-1+deb12u10 [7171 kB]
Get:1176 http://deb.debian.org/debian bookworm/main amd64 libuno-sal3 amd64 4:7.4.7-1+deb12u10 [196 kB]
Get:1177 http://deb.debian.org/debian bookworm/main amd64 libuno-salhelpergcc3-3 amd64 4:7.4.7-1+deb12u10 [38.3 kB]
Get:1178 http://deb.debian.org/debian bookworm/main amd64 libuno-cppu3 amd64 4:7.4.7-1+deb12u10 [102 kB]
Get:1179 http://deb.debian.org/debian bookworm/main amd64 uno-libs-private amd64 4:7.4.7-1+deb12u10 [228 kB]
Get:1180 http://deb.debian.org/debian bookworm/main amd64 liblangtag-common all 0.6.4-2 [191 kB]
Get:1181 http://deb.debian.org/debian bookworm/main amd64 liblangtag1 amd64 0.6.4-2 [51.5 kB]
Get:1182 http://deb.debian.org/debian bookworm/main amd64 libuno-cppuhelpergcc3-3 amd64 4:7.4.7-1+deb12u10 [298 kB]
Get:1183 http://deb.debian.org/debian bookworm/main amd64 libuno-purpenvhelpergcc3-3 amd64 4:7.4.7-1+deb12u10 [37.4 kB]
Get:1184 http://deb.debian.org/debian bookworm/main amd64 ure amd64 4:7.4.7-1+deb12u10 [1228 kB]
Get:1185 http://deb.debian.org/debian bookworm/main amd64 libnumbertext-data all 1.0.11-1 [70.2 kB]
Get:1186 http://deb.debian.org/debian bookworm/main amd64 libreoffice-common all 4:7.4.7-1+deb12u10 [24.5 MB]
Get:1187 http://deb.debian.org/debian bookworm/main amd64 libboost-thread1.74.0 amd64 1.74.0+ds1-21 [257 kB]
Get:1188 http://deb.debian.org/debian bookworm/main amd64 libboost-locale1.74.0 amd64 1.74.0+ds1-21 [449 kB]
Get:1189 http://deb.debian.org/debian bookworm/main amd64 libclucene-core1v5 amd64 2.3.3.4+dfsg-1.1 [489 kB]
Get:1190 http://deb.debian.org/debian bookworm/main amd64 libclucene-contribs1v5 amd64 2.3.3.4+dfsg-1.1 [85.7 kB]
Get:1191 http://deb.debian.org/debian bookworm/main amd64 libeot0 amd64 0.01-5+b1 [27.1 kB]
Get:1192 http://deb.debian.org/debian bookworm/main amd64 libexttextcat-data all 3.4.5-1 [164 kB]
Get:1193 http://deb.debian.org/debian bookworm/main amd64 libexttextcat-2.0-0 amd64 3.4.5-1 [15.9 kB]
Get:1194 http://deb.debian.org/debian bookworm/main amd64 libmythes-1.2-0 amd64 2:1.2.5-1 [11.1 kB]
Get:1195 http://deb.debian.org/debian bookworm/main amd64 libnumbertext-1.0-0 amd64 1.0.11-1 [106 kB]
Get:1196 http://deb.debian.org/debian bookworm/main amd64 libboost-filesystem1.74.0 amd64 1.74.0+ds1-21 [258 kB]
Get:1197 http://deb.debian.org/debian bookworm/main amd64 libboost-iostreams1.74.0 amd64 1.74.0+ds1-21 [240 kB]
Get:1198 http://deb.debian.org/debian bookworm/main amd64 liborcus-parser-0.17-0 amd64 0.17.2-2+b2 [111 kB]
Get:1199 http://deb.debian.org/debian bookworm/main amd64 liborcus-0.17-0 amd64 0.17.2-2+b2 [383 kB]
Get:1200 http://deb.debian.org/debian bookworm/main amd64 libmhash2 amd64 0.9.9.9-9 [94.2 kB]
Get:1201 http://deb.debian.org/debian bookworm/main amd64 librasqal3 amd64 0.9.33-2 [191 kB]
Get:1202 http://deb.debian.org/debian bookworm/main amd64 librdf0 amd64 1.0.17-3 [105 kB]
Get:1203 http://deb.debian.org/debian bookworm/main amd64 librevenge-0.0-0 amd64 0.0.5-3 [287 kB]
Get:1204 http://deb.debian.org/debian bookworm/main amd64 libxmlsec1 amd64 1.2.37-2 [153 kB]
Get:1205 http://deb.debian.org/debian bookworm/main amd64 libxmlsec1-nss amd64 1.2.37-2 [64.8 kB]
Get:1206 http://deb.debian.org/debian bookworm/main amd64 libreoffice-core amd64 4:7.4.7-1+deb12u10 [32.6 MB]
Get:1207 http://deb.debian.org/debian bookworm/main amd64 libreoffice-gnome amd64 4:7.4.7-1+deb12u10 [87.6 kB]
Get:1208 http://deb.debian.org/debian bookworm/main amd64 libreoffice-base-core amd64 4:7.4.7-1+deb12u10 [799 kB]
Get:1209 http://deb.debian.org/debian bookworm/main amd64 libabw-0.1-1 amd64 0.1.3-1 [128 kB]
Get:1210 http://deb.debian.org/debian bookworm/main amd64 libe-book-0.1-1 amd64 0.1.3-2+b2 [198 kB]
Get:1211 http://deb.debian.org/debian bookworm/main amd64 libepubgen-0.1-1 amd64 0.1.1-1 [153 kB]
Get:1212 http://deb.debian.org/debian bookworm/main amd64 libetonyek-0.1-1 amd64 0.1.10-3+b1 [803 kB]
Get:1213 http://deb.debian.org/debian bookworm/main amd64 libmwaw-0.3-3 amd64 0.3.21-1 [2606 kB]
Get:1214 http://deb.debian.org/debian bookworm/main amd64 libodfgen-0.1-1 amd64 0.1.8-2 [293 kB]
Get:1215 http://deb.debian.org/debian bookworm/main amd64 libstaroffice-0.0-0 amd64 0.0.7-1 [728 kB]
Get:1216 http://deb.debian.org/debian bookworm/main amd64 libwpd-0.10-10 amd64 0.10.3-2+b1 [261 kB]
Get:1217 http://deb.debian.org/debian bookworm/main amd64 libwpg-0.3-3 amd64 0.3.3-1 [76.3 kB]
Get:1218 http://deb.debian.org/debian bookworm/main amd64 libwps-0.4-4 amd64 0.4.13-1 [886 kB]
Get:1219 http://deb.debian.org/debian bookworm/main amd64 libreoffice-writer amd64 4:7.4.7-1+deb12u10 [9260 kB]
Get:1220 http://deb.debian.org/debian bookworm/main amd64 libsuitesparseconfig5 amd64 1:5.12.0+dfsg-2 [23.9 kB]
Get:1221 http://deb.debian.org/debian bookworm/main amd64 libcolamd2 amd64 1:5.12.0+dfsg-2 [32.9 kB]
Get:1222 http://deb.debian.org/debian bookworm/main amd64 lp-solve amd64 5.5.2.5-2 [293 kB]
Get:1223 http://deb.debian.org/debian bookworm/main amd64 libreoffice-calc amd64 4:7.4.7-1+deb12u10 [7411 kB]
Get:1224 http://deb.debian.org/debian bookworm/main amd64 libcdr-0.1-1 amd64 0.1.6-2+b2 [392 kB]
Get:1225 http://deb.debian.org/debian bookworm/main amd64 libfreehand-0.1-1 amd64 0.1.2-3 [267 kB]
Get:1226 http://deb.debian.org/debian bookworm/main amd64 libmspub-0.1-1 amd64 0.1.4-3+b3 [174 kB]
Get:1227 http://deb.debian.org/debian bookworm/main amd64 libpagemaker-0.0-0 amd64 0.0.4-1 [79.6 kB]
Get:1228 http://deb.debian.org/debian bookworm/main amd64 libqxp-0.0-0 amd64 0.0.2-1+b3 [125 kB]
Get:1229 http://deb.debian.org/debian bookworm/main amd64 libvisio-0.1-1 amd64 0.1.7-1+b3 [304 kB]
Get:1230 http://deb.debian.org/debian bookworm/main amd64 libzmf-0.0-0 amd64 0.0.2-1+b5 [84.2 kB]
Get:1231 http://deb.debian.org/debian bookworm/main amd64 libreoffice-draw amd64 4:7.4.7-1+deb12u10 [2703 kB]
Get:1232 http://deb.debian.org/debian bookworm/main amd64 libbox2d2 amd64 2.4.1-3 [97.1 kB]
Get:1233 http://deb.debian.org/debian bookworm/main amd64 libreoffice-impress amd64 4:7.4.7-1+deb12u10 [1117 kB]
Get:1234 http://deb.debian.org/debian bookworm/main amd64 rhythmbox-data all 3.4.6-2 [1748 kB]
Get:1235 http://deb.debian.org/debian bookworm/main amd64 media-player-info all 24-2 [31.8 kB]
Get:1236 http://deb.debian.org/debian bookworm/main amd64 rhythmbox amd64 3.4.6-2+b1 [446 kB]
Get:1237 http://deb.debian.org/debian bookworm/main amd64 seahorse amd64 43.0-1 [1176 kB]
Get:1238 http://deb.debian.org/debian bookworm/main amd64 xdg-user-dirs amd64 0.18-1 [54.4 kB]
Get:1239 http://deb.debian.org/debian bookworm/main amd64 xdg-user-dirs-gtk amd64 0.11-1 [45.7 kB]
Get:1240 http://deb.debian.org/debian bookworm/main amd64 librabbitmq4 amd64 0.11.0-1+deb12u1 [41.4 kB]
Get:1241 http://deb.debian.org/debian bookworm/main amd64 libcjson1 amd64 1.7.15-1+deb12u4 [23.2 kB]
Get:1242 http://deb.debian.org/debian bookworm/main amd64 libmbedcrypto7 amd64 2.28.3-1 [277 kB]
Get:1243 http://deb.debian.org/debian bookworm/main amd64 librist4 amd64 0.2.7+dfsg-1 [73.9 kB]
Get:1244 http://deb.debian.org/debian bookworm/main amd64 libssh-gcrypt-4 amd64 0.10.6-0+deb12u2 [220 kB]
Get:1245 http://deb.debian.org/debian bookworm/main amd64 libnorm1 amd64 1.5.9+dfsg-2 [221 kB]
Get:1246 http://deb.debian.org/debian bookworm/main amd64 libpgm-5.3-0 amd64 5.3.128~dfsg-2 [161 kB]
Get:1247 http://deb.debian.org/debian bookworm/main amd64 libzmq5 amd64 4.3.4-6 [273 kB]
Get:1248 http://deb.debian.org/debian bookworm/main amd64 libavformat59 amd64 7:5.1.8-0+deb12u1 [1110 kB]
Get:1249 http://deb.debian.org/debian bookworm/main amd64 libmysofa1 amd64 1.3.1~dfsg0-1 [1158 kB]
Get:1250 http://deb.debian.org/debian bookworm/main amd64 libplacebo208 amd64 4.208.0-3 [2239 kB]
Get:1251 http://deb.debian.org/debian bookworm/main amd64 libsphinxbase3 amd64 0.8+5prealpha+1-16 [118 kB]
Get:1252 http://deb.debian.org/debian bookworm/main amd64 libpocketsphinx3 amd64 0.8+5prealpha+1-15 [125 kB]
Get:1253 http://deb.debian.org/debian bookworm/main amd64 libpostproc56 amd64 7:5.1.8-0+deb12u1 [100 kB]
Get:1254 http://deb.debian.org/debian bookworm/main amd64 librubberband2 amd64 3.1.2+dfsg0-1 [137 kB]
Get:1255 http://deb.debian.org/debian bookworm/main amd64 libswscale6 amd64 7:5.1.8-0+deb12u1 [221 kB]
Get:1256 http://deb.debian.org/debian bookworm/main amd64 libvidstab1.1 amd64 1.1.0-2+b1 [37.8 kB]
Get:1257 http://deb.debian.org/debian bookworm/main amd64 libzimg2 amd64 3.0.4+ds1-1 [227 kB]
Get:1258 http://deb.debian.org/debian bookworm/main amd64 libavfilter8 amd64 7:5.1.8-0+deb12u1 [3709 kB]
Get:1259 http://deb.debian.org/debian bookworm/main amd64 gstreamer1.0-libav amd64 1.22.0-2 [104 kB]
Get:1260 http://deb.debian.org/debian bookworm/main amd64 liba52-0.7.4 amd64 0.7.4-20 [31.4 kB]
Get:1261 http://deb.debian.org/debian bookworm/main amd64 libmpeg2-4 amd64 0.5.1-9 [55.7 kB]
Get:1262 http://deb.debian.org/debian bookworm/main amd64 libopencore-amrnb0 amd64 0.1.6-1 [96.5 kB]
Get:1263 http://deb.debian.org/debian bookworm/main amd64 libopencore-amrwb0 amd64 0.1.6-1 [52.0 kB]
Get:1264 http://deb.debian.org/debian bookworm/main amd64 libsidplay1v5 amd64 1.36.60-1 [66.7 kB]
Get:1265 http://deb.debian.org/debian bookworm/main amd64 gstreamer1.0-plugins-ugly amd64 1.22.0-2+deb12u1 [213 kB]
Get:1266 http://deb.debian.org/debian bookworm/main amd64 libgpod4 amd64 0.8.3-17+b1 [228 kB]
Get:1267 http://deb.debian.org/debian bookworm/main amd64 liblirc-client0 amd64 0.10.1-7.2 [47.0 kB]
Get:1268 http://deb.debian.org/debian bookworm/main amd64 python3-markupsafe amd64 2.1.2-1+b1 [13.2 kB]
Get:1269 http://deb.debian.org/debian bookworm/main amd64 python3-mako all 1.2.4+ds-1 [81.9 kB]
Get:1270 http://deb.debian.org/debian bookworm/main amd64 rhythmbox-plugins amd64 3.4.6-2+b1 [657 kB]
Get:1271 http://deb.debian.org/debian bookworm/main amd64 libburn4 amd64 1.5.4-1 [166 kB]
Get:1272 http://deb.debian.org/debian bookworm/main amd64 libjte2 amd64 1.22-3 [30.0 kB]
Get:1273 http://deb.debian.org/debian bookworm/main amd64 libisofs6 amd64 1.5.4-1 [209 kB]
Get:1274 http://deb.debian.org/debian bookworm/main amd64 libbrasero-media3-1 amd64 3.12.3-2 [919 kB]
Get:1275 http://deb.debian.org/debian bookworm/main amd64 rhythmbox-plugin-cdrecorder amd64 3.4.6-2+b1 [342 kB]
Get:1276 http://deb.debian.org/debian bookworm/main amd64 libportal-gtk3-1 amd64 0.6-4 [9964 B]
Get:1277 http://deb.debian.org/debian bookworm/main amd64 totem-plugins amd64 43.0-2 [144 kB]
Get:1278 http://deb.debian.org/debian bookworm/main amd64 gnome amd64 1:43+1 [5820 B]
Get:1279 http://deb.debian.org/debian bookworm/main amd64 gnome-2048 amd64 3.38.2-3 [110 kB]
Get:1280 http://deb.debian.org/debian bookworm/main amd64 gnome-accessibility-themes all 3.28-2 [2894 kB]
Get:1281 http://deb.debian.org/debian bookworm/main amd64 hoichess amd64 0.22.0-3 [187 kB]
Get:1282 http://deb.debian.org/debian bookworm/main amd64 gnome-chess amd64 1:43.1-1 [427 kB]
Get:1283 http://deb.debian.org/debian bookworm/main amd64 gnome-klotski amd64 1:3.38.2-1 [967 kB]
Get:1284 http://deb.debian.org/debian bookworm/main amd64 gnome-mahjongg amd64 1:3.38.3-2 [2680 kB]
Get:1285 http://deb.debian.org/debian bookworm/main amd64 gnome-mines amd64 1:40.1-1 [242 kB]
Get:1286 http://deb.debian.org/debian bookworm/main amd64 gnome-nibbles amd64 1:3.38.2-2+b1 [318 kB]
Get:1287 http://deb.debian.org/debian bookworm/main amd64 gnome-robots amd64 1:40.0-2 [418 kB]
Get:1288 http://deb.debian.org/debian bookworm/main amd64 libqqwing2v5 amd64 1.3.4-1.1+b1 [18.3 kB]
Get:1289 http://deb.debian.org/debian bookworm/main amd64 gnome-sudoku amd64 1:43.1-1 [341 kB]
Get:1290 http://deb.debian.org/debian bookworm/main amd64 gnome-taquin amd64 3.38.1-2+b1 [4532 kB]
Get:1291 http://deb.debian.org/debian bookworm/main amd64 gnome-tetravex amd64 1:3.38.2-3 [1016 kB]
Get:1292 http://deb.debian.org/debian bookworm/main amd64 hitori amd64 3.38.4-2 [168 kB]
Get:1293 http://deb.debian.org/debian bookworm/main amd64 iagno amd64 1:3.38.1-2 [575 kB]
Get:1294 http://deb.debian.org/debian bookworm/main amd64 lightsoff amd64 1:40.0.1-1 [572 kB]
Get:1295 http://deb.debian.org/debian bookworm/main amd64 quadrapassel amd64 1:40.2-1 [276 kB]
Get:1296 http://deb.debian.org/debian bookworm/main amd64 swell-foop amd64 1:41.1-1 [283 kB]
Get:1297 http://deb.debian.org/debian bookworm/main amd64 tali amd64 1:40.9-1 [348 kB]
Get:1298 http://deb.debian.org/debian bookworm/main amd64 gnome-games all 1:43+1 [4848 B]
Get:1299 http://deb.debian.org/debian bookworm/main amd64 gnome-icon-theme all 3.12.0-5 [9867 kB]
Get:1300 http://deb.debian.org/debian bookworm/main amd64 libostree-1-1 amd64 2022.7-2+deb12u1 [321 kB]
Get:1301 http://deb.debian.org/debian bookworm/main amd64 libflatpak0 amd64 1.14.10-1~deb12u1 [363 kB]
Get:1302 http://deb.debian.org/debian bookworm/main amd64 libmalcontent-ui-1-1 amd64 0.11.0-4 [23.1 kB]
Get:1303 http://deb.debian.org/debian bookworm/main amd64 pkexec amd64 122-3 [22.8 kB]
Get:1304 http://deb.debian.org/debian bookworm/main amd64 gnome-initial-setup amd64 43.2-6 [491 kB]
Get:1305 http://deb.debian.org/debian bookworm/main amd64 gnome-keyring-pkcs11 amd64 42.1-1+b2 [315 kB]
Get:1306 http://deb.debian.org/debian bookworm/main amd64 libwinpr2-2 amd64 2.11.7+dfsg1-6~deb12u1 [356 kB]
Get:1307 http://deb.debian.org/debian bookworm/main amd64 libfreerdp2-2 amd64 2.11.7+dfsg1-6~deb12u1 [551 kB]
Get:1308 http://deb.debian.org/debian bookworm/main amd64 libfreerdp-server2-2 amd64 2.11.7+dfsg1-6~deb12u1 [121 kB]
Get:1309 http://deb.debian.org/debian bookworm/main amd64 libtss2-rc0 amd64 3.2.1-3 [29.0 kB]
Get:1310 http://deb.debian.org/debian bookworm/main amd64 libtss2-tctildr0 amd64 3.2.1-3 [34.8 kB]
Get:1311 http://deb.debian.org/debian bookworm/main amd64 gnome-remote-desktop amd64 43.3-1 [200 kB]
Get:1312 http://deb.debian.org/debian bookworm/main amd64 gnome-shell-extension-appindicator all 46-1 [49.7 kB]
Get:1313 http://deb.debian.org/debian bookworm/main amd64 gnome-shell-extension-dashtodock all 75-1 [155 kB]
Get:1314 http://deb.debian.org/debian bookworm/main amd64 gnome-shell-extension-prefs amd64 43.9-0+deb12u2 [28.3 kB]
Get:1315 http://deb.debian.org/debian bookworm/main amd64 grub2-common amd64 2.06-13+deb12u1 [614 kB]
Get:1316 http://deb.debian.org/debian bookworm/main amd64 grub-efi-amd64-bin amd64 2.06-13+deb12u1 [1574 kB]
Get:1317 http://deb.debian.org/debian bookworm/main amd64 grub-efi-amd64 amd64 2.06-13+deb12u1 [45.7 kB]
Get:1318 http://deb.debian.org/debian bookworm/main amd64 grub-efi-amd64-signed amd64 1+2.06+13+deb12u1 [1259 kB]
Get:1319 http://deb.debian.org/debian bookworm/main amd64 gsfonts all 2:20200910-7 [18.5 kB]
Get:1320 http://deb.debian.org/debian bookworm/main amd64 hyphen-en-us all 2.8.8-7 [54.2 kB]
Get:1321 http://deb.debian.org/debian bookworm/main amd64 i965-va-driver amd64 2.4.1+dfsg1-1 [309 kB]
Get:1322 http://deb.debian.org/debian bookworm/main amd64 ibus-data all 1.5.27-5 [10.5 MB]
Get:1323 http://deb.debian.org/debian bookworm/main amd64 python3-ibus-1.0 all 1.5.27-5 [270 kB]
Get:1324 http://deb.debian.org/debian bookworm/main amd64 ibus amd64 1.5.27-5 [568 kB]
Get:1325 http://deb.debian.org/debian bookworm/main amd64 libgtk2.0-common all 2.24.33-2+deb12u1 [2660 kB]
Get:1326 http://deb.debian.org/debian bookworm/main amd64 libgtk2.0-0 amd64 2.24.33-2+deb12u1 [1811 kB]
Get:1327 http://deb.debian.org/debian bookworm/main amd64 ibus-gtk amd64 1.5.27-5 [279 kB]
Get:1328 http://deb.debian.org/debian bookworm/main amd64 ibus-gtk3 amd64 1.5.27-5 [279 kB]
Get:1329 http://deb.debian.org/debian bookworm/main amd64 ibus-gtk4 amd64 1.5.27-5 [278 kB]
Get:1330 http://deb.debian.org/debian bookworm/main amd64 iio-sensor-proxy amd64 3.0-2 [39.6 kB]
Get:1331 http://deb.debian.org/debian bookworm/main amd64 im-config all 0.55-2 [57.3 kB]
Get:1332 http://deb.debian.org/debian bookworm/main amd64 libigdgmm12 amd64 22.3.3+ds1-1 [139 kB]
Get:1333 http://deb.debian.org/debian bookworm/main amd64 intel-media-va-driver amd64 23.1.1+dfsg1-1 [2882 kB]
Get:1334 http://deb.debian.org/debian bookworm/main amd64 inxi all 3.3.26-1-1 [525 kB]
Get:1335 http://deb.debian.org/debian bookworm/main amd64 ipp-usb amd64 0.9.23-1+b4 [1893 kB]
Get:1336 http://deb.debian.org/debian bookworm/main amd64 libnl-3-200 amd64 3.7.0-0.2+b1 [63.1 kB]
Get:1337 http://deb.debian.org/debian bookworm/main amd64 libnl-genl-3-200 amd64 3.7.0-0.2+b1 [21.6 kB]
Get:1338 http://deb.debian.org/debian bookworm/main amd64 iw amd64 5.19-1 [104 kB]
Get:1339 http://deb.debian.org/debian bookworm/main amd64 javascript-common all 11+nmu1 [6260 B]
Get:1340 http://deb.debian.org/debian bookworm/main amd64 libonig5 amd64 6.9.8-1 [188 kB]
Get:1341 http://deb.debian.org/debian bookworm/main amd64 libjq1 amd64 1.6-2.1+deb12u1 [134 kB]
Get:1342 http://deb.debian.org/debian bookworm/main amd64 jq amd64 1.6-2.1+deb12u1 [63.7 kB]
Get:1343 http://deb.debian.org/debian bookworm/main amd64 libkf5activities5 amd64 5.103.0-1 [66.8 kB]
Get:1344 http://deb.debian.org/debian bookworm/main amd64 kactivities-bin amd64 5.103.0-1 [16.0 kB]
Get:1345 http://deb.debian.org/debian bookworm/main amd64 libqt5sql5 amd64 5.15.8+dfsg-11+deb12u3 [122 kB]
Get:1346 http://deb.debian.org/debian bookworm/main amd64 libqt5sql5-sqlite amd64 5.15.8+dfsg-11+deb12u3 [57.2 kB]
Get:1347 http://deb.debian.org/debian bookworm/main amd64 kactivitymanagerd amd64 5.27.5-2 [182 kB]
Get:1348 http://deb.debian.org/debian bookworm/main amd64 libkf5declarative-data all 5.103.0-1 [57.6 kB]
Get:1349 http://deb.debian.org/debian bookworm/main amd64 libkf5declarative5 amd64 5.103.0-1 [29.2 kB]
Get:1350 http://deb.debian.org/debian bookworm/main amd64 kpackagelauncherqml amd64 5.103.0-1 [15.8 kB]
Get:1351 http://deb.debian.org/debian bookworm/main amd64 kwayland-data all 4:5.103.0-1 [7068 B]
Get:1352 http://deb.debian.org/debian bookworm/main amd64 libkf5waylandclient5 amd64 4:5.103.0-1 [202 kB]
Get:1353 http://deb.debian.org/debian bookworm/main amd64 kwayland-integration amd64 5.27.5-2 [31.9 kB]
Get:1354 http://deb.debian.org/debian bookworm/main amd64 laptop-detect all 0.16 [7238 B]
Get:1355 http://deb.debian.org/debian bookworm/main amd64 libaacs0 amd64 0.11.1-2 [57.1 kB]
Get:1356 http://deb.debian.org/debian bookworm/main amd64 libatm1 amd64 1:2.5.1-4+b2 [68.3 kB]
Get:1357 http://deb.debian.org/debian bookworm/main amd64 libauthen-sasl-perl all 2.1600-3 [43.9 kB]
Get:1358 http://deb.debian.org/debian bookworm/main amd64 libbdplus0 amd64 0.2.0-3 [52.6 kB]
Get:1359 http://deb.debian.org/debian bookworm/main amd64 libvolume-key1 amd64 0.3.12-5+b1 [120 kB]
Get:1360 http://deb.debian.org/debian bookworm/main amd64 libblockdev-crypto2 amd64 2.28-2+deb12u1 [18.4 kB]
Get:1361 http://deb.debian.org/debian bookworm/main amd64 libcanberra-gtk3-module amd64 0.30-10 [15.0 kB]
Get:1362 http://deb.debian.org/debian bookworm/main amd64 libclone-perl amd64 0.46-1 [13.7 kB]
Get:1363 http://deb.debian.org/debian bookworm/main amd64 libclutter-1.0-common all 1.26.4+dfsg-4 [411 kB]
Get:1364 http://deb.debian.org/debian bookworm/main amd64 libcogl-common all 1.22.8-3 [256 kB]
Get:1365 http://deb.debian.org/debian bookworm/main amd64 libdata-dump-perl all 1.25-1 [28.4 kB]
Get:1366 http://deb.debian.org/debian bookworm/main amd64 libdecor-0-plugin-1-cairo amd64 0.1.1-2 [20.1 kB]
Get:1367 http://deb.debian.org/debian bookworm/main amd64 libencode-locale-perl all 1.05-3 [12.9 kB]
Get:1368 http://deb.debian.org/debian bookworm/main amd64 libept1.6.0 amd64 1.2.1 [95.5 kB]
Get:1369 http://deb.debian.org/debian bookworm/main amd64 libpcaudio0 amd64 1.2-2 [8800 B]
Get:1370 http://deb.debian.org/debian bookworm/main amd64 libsonic0 amd64 0.2.0-12 [11.0 kB]
Get:1371 http://deb.debian.org/debian bookworm/main amd64 libespeak-ng1 amd64 1.51+dfsg-10+deb12u2 [200 kB]
Get:1372 http://deb.debian.org/debian bookworm/main amd64 libipc-system-simple-perl all 1.30-2 [26.8 kB]
Get:1373 http://deb.debian.org/debian bookworm/main amd64 libfile-basedir-perl all 0.09-2 [15.1 kB]
Get:1374 http://deb.debian.org/debian bookworm/main amd64 libregexp-ipv6-perl all 0.03-3 [5212 B]
Get:1375 http://deb.debian.org/debian bookworm/main amd64 liburi-perl all 5.17-1 [90.4 kB]
Get:1376 http://deb.debian.org/debian bookworm/main amd64 libfile-desktopentry-perl all 0.22-3 [17.6 kB]
Get:1377 http://deb.debian.org/debian bookworm/main amd64 libtimedate-perl all 2.3300-2 [39.3 kB]
Get:1378 http://deb.debian.org/debian bookworm/main amd64 libhttp-date-perl all 6.05-2 [10.5 kB]
Get:1379 http://deb.debian.org/debian bookworm/main amd64 libfile-listing-perl all 6.15-1 [12.6 kB]
Get:1380 http://deb.debian.org/debian bookworm/main amd64 libfile-mimeinfo-perl all 0.33-1 [48.3 kB]
Get:1381 http://deb.debian.org/debian bookworm/main amd64 libfont-afm-perl all 1.20-4 [13.1 kB]
Get:1382 http://deb.debian.org/debian bookworm/main amd64 libgail18 amd64 2.24.33-2+deb12u1 [17.7 kB]
Get:1383 http://deb.debian.org/debian bookworm/main amd64 libgail-common amd64 2.24.33-2+deb12u1 [119 kB]
Get:1384 http://deb.debian.org/debian bookworm/main amd64 libgdk-pixbuf2.0-bin amd64 2.42.10+dfsg-1+deb12u3 [18.1 kB]
Get:1385 http://deb.debian.org/debian bookworm/main amd64 libopengl0 amd64 1.6.0-1 [30.6 kB]
Get:1386 http://deb.debian.org/debian bookworm/main amd64 libglu1-mesa amd64 9.0.2-1.1 [178 kB]
Get:1387 http://deb.debian.org/debian bookworm/main amd64 libgphoto2-l10n all 2.5.30-1 [514 kB]
Get:1388 http://deb.debian.org/debian bookworm/main amd64 libsgutils2-1.46-2 amd64 1.46-3 [117 kB]
Get:1389 http://deb.debian.org/debian bookworm/main amd64 libgpod-common amd64 0.8.3-17+b1 [89.6 kB]
Get:1390 http://deb.debian.org/debian bookworm/main amd64 libgtk-3-bin amd64 3.24.38-2~deb12u3 [82.7 kB]
Get:1391 http://deb.debian.org/debian bookworm/main amd64 libgtk-4-bin amd64 4.8.3+ds-2+deb12u1 [2733 kB]
Get:1392 http://deb.debian.org/debian bookworm/main amd64 libgtk2.0-bin amd64 2.24.33-2+deb12u1 [10.9 kB]
Get:1393 http://deb.debian.org/debian bookworm/main amd64 libhfstospell11 amd64 0.5.3-1+b2 [81.4 kB]
Get:1394 http://deb.debian.org/debian bookworm/main amd64 libhtml-tagset-perl all 3.20-6 [11.7 kB]
Get:1395 http://deb.debian.org/debian bookworm/main amd64 libhtml-parser-perl amd64 3.81-1 [101 kB]
Get:1396 http://deb.debian.org/debian bookworm/main amd64 libio-html-perl all 1.004-3 [16.2 kB]
Get:1397 http://deb.debian.org/debian bookworm/main amd64 liblwp-mediatypes-perl all 6.04-2 [20.2 kB]
Get:1398 http://deb.debian.org/debian bookworm/main amd64 libhttp-message-perl all 6.44-1 [81.7 kB]
Get:1399 http://deb.debian.org/debian bookworm/main amd64 libhtml-form-perl all 6.11-1 [33.1 kB]
Get:1400 http://deb.debian.org/debian bookworm/main amd64 libhtml-tree-perl all 5.07-3 [211 kB]
Get:1401 http://deb.debian.org/debian bookworm/main amd64 libhtml-format-perl all 2.16-2 [38.8 kB]
Get:1402 http://deb.debian.org/debian bookworm/main amd64 libhttp-cookies-perl all 6.10-1 [19.6 kB]
Get:1403 http://deb.debian.org/debian bookworm/main amd64 libhttp-daemon-perl all 6.16-1 [23.5 kB]
Get:1404 http://deb.debian.org/debian bookworm/main amd64 libhttp-negotiate-perl all 6.01-2 [13.1 kB]
Get:1405 http://deb.debian.org/debian bookworm/main amd64 perl-openssl-defaults amd64 7+b1 [7924 B]
Get:1406 http://deb.debian.org/debian bookworm/main amd64 libnet-ssleay-perl amd64 1.92-2+b1 [317 kB]
Get:1407 http://deb.debian.org/debian bookworm/main amd64 libio-socket-ssl-perl all 2.081-2 [219 kB]
Get:1408 http://deb.debian.org/debian bookworm/main amd64 libio-stringy-perl all 2.111-3 [56.5 kB]
Get:1409 http://deb.debian.org/debian bookworm/main amd64 libjim0.81 amd64 0.81+dfsg0-2 [127 kB]
Get:1410 http://deb.debian.org/debian bookworm/main amd64 libjxr0 amd64 1.2~git20170615.f752187-5 [162 kB]
Get:1411 http://deb.debian.org/debian bookworm/main amd64 libjxr-tools amd64 1.2~git20170615.f752187-5 [17.3 kB]
Get:1412 http://deb.debian.org/debian bookworm/main amd64 libkf5attica5 amd64 5.103.0-1 [145 kB]
Get:1413 http://deb.debian.org/debian bookworm/main amd64 libkf5auth5 amd64 5.103.0-1 [12.1 kB]
Get:1414 http://deb.debian.org/debian bookworm/main amd64 libkf5config-bin amd64 5.103.0-2 [40.0 kB]
Get:1415 http://deb.debian.org/debian bookworm/main amd64 libkf5dbusaddons-bin amd64 5.103.0-1 [8640 B]
Get:1416 http://deb.debian.org/debian bookworm/main amd64 libkf5guiaddons-bin amd64 5.103.0-1 [12.1 kB]
Get:1417 http://deb.debian.org/debian bookworm/main amd64 libkf5iconthemes-bin amd64 5.103.0-1 [10.4 kB]
Get:1418 http://deb.debian.org/debian bookworm/main amd64 libkf5itemmodels5 amd64 5.103.0-1 [97.8 kB]
Get:1419 http://deb.debian.org/debian bookworm/main amd64 libkf5kcmutils-bin amd64 5.103.0-3 [11.2 kB]
Get:1420 http://deb.debian.org/debian bookworm/main amd64 libkf5kcmutils-data all 5.103.0-3 [89.8 kB]
Get:1421 http://deb.debian.org/debian bookworm/main amd64 libkf5kcmutilscore5 amd64 5.103.0-3 [21.1 kB]
Get:1422 http://deb.debian.org/debian bookworm/main amd64 libkf5quickaddons5 amd64 5.103.0-1 [39.2 kB]
Get:1423 http://deb.debian.org/debian bookworm/main amd64 libkf5kcmutils5 amd64 5.103.0-3 [110 kB]
Get:1424 http://deb.debian.org/debian bookworm/main amd64 libqt5quicktemplates2-5 amd64 5.15.8+dfsg-2 [397 kB]
Get:1425 http://deb.debian.org/debian bookworm/main amd64 libqt5quickcontrols2-5 amd64 5.15.8+dfsg-2 [62.7 kB]
Get:1426 http://deb.debian.org/debian bookworm/main amd64 libkf5kirigami2-5 amd64 5.103.0-1 [65.6 kB]
Get:1427 http://deb.debian.org/debian bookworm/main amd64 libkf5syndication5abi1 amd64 1:5.103.0-1 [170 kB]
Get:1428 http://deb.debian.org/debian bookworm/main amd64 libkf5newstuffcore5 amd64 5.103.0-1 [242 kB]
Get:1429 http://deb.debian.org/debian bookworm/main amd64 libkf5parts-plugins amd64 5.103.0-1 [10.3 kB]
Get:1430 http://deb.debian.org/debian bookworm/main amd64 libkf5plasma5 amd64 5.103.0-1+deb12u1 [241 kB]
Get:1431 http://deb.debian.org/debian bookworm/main amd64 libkf5threadweaver5 amd64 5.103.0-1 [51.8 kB]
Get:1432 http://deb.debian.org/debian bookworm/main amd64 libkf5runner5 amd64 5.103.0-1 [92.7 kB]
Get:1433 http://deb.debian.org/debian bookworm/main amd64 libkf5xmlgui-bin amd64 5.103.0-1 [18.4 kB]
Get:1434 http://deb.debian.org/debian bookworm/main amd64 libkworkspace5-5 amd64 4:5.27.5-2+deb12u2 [91.9 kB]
Get:1435 http://deb.debian.org/debian bookworm/main amd64 liblouisutdml-data all 2.11.0-2 [44.2 kB]
Get:1436 http://deb.debian.org/debian bookworm/main amd64 liblouisutdml9 amd64 2.11.0-2 [86.7 kB]
Get:1437 http://deb.debian.org/debian bookworm/main amd64 liblouisutdml-bin amd64 2.11.0-2 [14.0 kB]
Get:1438 http://deb.debian.org/debian bookworm/main amd64 libnet-http-perl all 6.22-1 [25.3 kB]
Get:1439 http://deb.debian.org/debian bookworm/main amd64 libtry-tiny-perl all 0.31-2 [22.6 kB]
Get:1440 http://deb.debian.org/debian bookworm/main amd64 libwww-robotrules-perl all 6.02-1 [12.9 kB]
Get:1441 http://deb.debian.org/debian bookworm/main amd64 libwww-perl all 6.68-1 [186 kB]
Get:1442 http://deb.debian.org/debian bookworm/main amd64 liblwp-protocol-https-perl all 6.10-1 [12.2 kB]
Get:1443 http://deb.debian.org/debian bookworm/main amd64 libwmflite-0.2-7 amd64 0.2.12-5.1 [75.2 kB]
Get:1444 http://deb.debian.org/debian bookworm/main amd64 libnet-smtp-ssl-perl all 1.04-2 [6548 B]
Get:1445 http://deb.debian.org/debian bookworm/main amd64 libmailtools-perl all 2.21-2 [95.6 kB]
Get:1446 http://deb.debian.org/debian bookworm/main amd64 libmbim-utils amd64 1.28.2-1 [66.4 kB]
Get:1447 http://deb.debian.org/debian bookworm/main amd64 libminiupnpc17 amd64 2.2.4-1+b1 [33.7 kB]
Get:1448 http://deb.debian.org/debian bookworm/main amd64 libmtp-runtime amd64 1.1.20-1 [47.8 kB]
Get:1449 http://deb.debian.org/debian bookworm/main amd64 libnatpmp1 amd64 20150609-7.1+b2 [8404 B]
Get:1450 http://deb.debian.org/debian bookworm/main amd64 libxml-parser-perl amd64 2.46-4 [201 kB]
Get:1451 http://deb.debian.org/debian bookworm/main amd64 libxml-twig-perl all 1:3.52-2 [181 kB]
Get:1452 http://deb.debian.org/debian bookworm/main amd64 libnet-dbus-perl amd64 1.2.0-2 [177 kB]
Get:1453 http://deb.debian.org/debian bookworm/main amd64 libnl-route-3-200 amd64 3.7.0-0.2+b1 [185 kB]
Get:1454 http://deb.debian.org/debian bookworm/main amd64 libnss-mdns amd64 0.15.1-3 [20.6 kB]
Get:1455 http://deb.debian.org/debian bookworm/main amd64 libnss-myhostname amd64 252.39-1~deb12u1 [84.8 kB]
Get:1456 http://deb.debian.org/debian bookworm/main amd64 libntfs-3g89 amd64 1:2022.10.3-1+deb12u2 [164 kB]
Get:1457 http://deb.debian.org/debian bookworm/main amd64 libpam-cap amd64 1:2.66-4+deb12u2+b2 [15.0 kB]
Get:1458 http://deb.debian.org/debian bookworm/main amd64 libpaper-utils amd64 1.1.29 [8868 B]
Get:1459 http://deb.debian.org/debian bookworm/main amd64 libpcap0.8 amd64 1.10.3-1 [157 kB]
Get:1460 http://deb.debian.org/debian bookworm/main amd64 libpcsclite1 amd64 1.9.9-2 [49.7 kB]
Get:1461 http://deb.debian.org/debian bookworm/main amd64 libperl4-corelibs-perl all 0.004-3 [38.5 kB]
Get:1462 http://deb.debian.org/debian bookworm/main amd64 libpipewire-0.3-common all 0.3.65-3+deb12u1 [72.0 kB]
Get:1463 http://deb.debian.org/debian bookworm/main amd64 libplymouth5 amd64 22.02.122-3 [99.1 kB]
Get:1464 http://deb.debian.org/debian bookworm/main amd64 libqca-qt5-2-plugins amd64 2.3.5-2 [187 kB]
Get:1465 http://deb.debian.org/debian bookworm/main amd64 libqmi-utils amd64 1.32.2-1 [189 kB]
Get:1466 http://deb.debian.org/debian bookworm/main amd64 libqt5designer5 amd64 5.15.8-2 [2748 kB]
Get:1467 http://deb.debian.org/debian bookworm/main amd64 libqt5help5 amd64 5.15.8-2 [149 kB]
Get:1468 http://deb.debian.org/debian bookworm/main amd64 libqt5quickshapes5 amd64 5.15.8+dfsg-3 [97.2 kB]
Get:1469 http://deb.debian.org/debian bookworm/main amd64 libqt5test5 amd64 5.15.8+dfsg-11+deb12u3 [146 kB]
Get:1470 http://deb.debian.org/debian bookworm/main amd64 libqt5waylandcompositor5 amd64 5.15.8-2 [354 kB]
Get:1471 http://deb.debian.org/debian bookworm/main amd64 libreoffice-gtk3 amd64 4:7.4.7-1+deb12u10 [475 kB]
Get:1472 http://deb.debian.org/debian bookworm/main amd64 node-normalize.css all 8.0.1-5 [12.7 kB]
Get:1473 http://deb.debian.org/debian bookworm/main amd64 node-clipboard all 2.0.11+ds+~cs9.6.11-1 [21.0 kB]
Get:1474 http://deb.debian.org/debian bookworm/main amd64 node-prismjs all 1.29.0+dfsg+~1.26.0-1 [430 kB]
Get:1475 http://deb.debian.org/debian bookworm/main amd64 libreoffice-help-common all 4:7.4.7-1+deb12u10 [3742 kB]
Get:1476 http://deb.debian.org/debian bookworm/main amd64 libreoffice-help-en-us all 4:7.4.7-1+deb12u10 [1753 kB]
Get:1477 http://deb.debian.org/debian bookworm/main amd64 libreoffice-math amd64 4:7.4.7-1+deb12u10 [540 kB]
Get:1478 http://deb.debian.org/debian bookworm/main amd64 libreoffice-style-elementary all 4:7.4.7-1+deb12u10 [8100 kB]
Get:1479 http://deb.debian.org/debian bookworm/main amd64 libtie-ixhash-perl all 1.23-4 [11.7 kB]
Get:1480 http://deb.debian.org/debian bookworm/main amd64 libvdpau-va-gl1 amd64 0.4.2-1+b1 [71.3 kB]
Get:1481 http://deb.debian.org/debian bookworm/main amd64 libvoikko1 amd64 4.3.1-1+b1 [121 kB]
Get:1482 http://deb.debian.org/debian bookworm/main amd64 libx11-protocol-perl all 0.56-9 [120 kB]
Get:1483 http://deb.debian.org/debian bookworm/main amd64 libxapian30 amd64 1.4.22-1 [1100 kB]
Get:1484 http://deb.debian.org/debian bookworm/main amd64 xapps-common all 2.4.2-3 [49.2 kB]
Get:1485 http://deb.debian.org/debian bookworm/main amd64 libxapp1 amd64 2.4.2-3 [75.1 kB]
Get:1486 http://deb.debian.org/debian bookworm/main amd64 libxapp-gtk3-module amd64 2.4.2-3 [8556 B]
Get:1487 http://deb.debian.org/debian bookworm/main amd64 libxatracker2 amd64 22.3.6-1+deb12u1 [1902 kB]
Get:1488 http://deb.debian.org/debian bookworm/main amd64 libxcb-damage0 amd64 1.15-1 [105 kB]
Get:1489 http://deb.debian.org/debian bookworm/main amd64 libxcb-xv0 amd64 1.15-1 [109 kB]
Get:1490 http://deb.debian.org/debian bookworm/main amd64 libxml-xpathengine-perl all 0.14-2 [33.5 kB]
Get:1491 http://deb.debian.org/debian bookworm/main amd64 libxvmc1 amd64 2:1.0.12-2 [25.6 kB]
Get:1492 http://deb.debian.org/debian bookworm/main amd64 libxxf86dga1 amd64 2:1.1.5-1 [22.1 kB]
Get:1493 http://deb.debian.org/debian bookworm/main amd64 live-boot-initramfs-tools all 1:20230131+deb12u1 [5908 B]
Get:1494 http://deb.debian.org/debian bookworm/main amd64 live-boot all 1:20230131+deb12u1 [29.0 kB]
Get:1495 http://deb.debian.org/debian bookworm/main amd64 live-boot-doc all 1:20230131+deb12u1 [48.4 kB]
Get:1496 http://deb.debian.org/debian bookworm/main amd64 live-config-systemd all 11.0.3+nmu1 [4932 B]
Get:1497 http://deb.debian.org/debian bookworm/main amd64 live-config all 11.0.3+nmu1 [16.3 kB]
Get:1498 http://deb.debian.org/debian bookworm/main amd64 live-config-doc all 11.0.3+nmu1 [35.4 kB]
Get:1499 http://deb.debian.org/debian bookworm/main amd64 live-tools all 1:20190831.1 [26.1 kB]
Get:1500 http://deb.debian.org/debian bookworm/main amd64 lm-sensors amd64 1:3.6.0-7.1 [97.2 kB]
Get:1501 http://deb.debian.org/debian bookworm/main amd64 low-memory-monitor amd64 2.1-1 [13.3 kB]
Get:1502 http://deb.debian.org/debian bookworm/main amd64 lynx-common all 2.9.0dev.12-1 [1166 kB]
Get:1503 http://deb.debian.org/debian bookworm/main amd64 lynx amd64 2.9.0dev.12-1 [637 kB]
Get:1504 http://deb.debian.org/debian bookworm/main amd64 mailcap all 3.70+nmu1 [32.0 kB]
Get:1505 http://deb.debian.org/debian bookworm/main amd64 malcontent all 0.11.0-4 [51.6 kB]
Get:1506 http://deb.debian.org/debian bookworm/main amd64 malcontent-gui amd64 0.11.0-4 [53.9 kB]
Get:1507 http://deb.debian.org/debian bookworm/main amd64 mesa-utils-bin amd64 8.5.0-1 [53.3 kB]
Get:1508 http://deb.debian.org/debian bookworm/main amd64 mesa-utils amd64 8.5.0-1 [955 kB]
Get:1509 http://deb.debian.org/debian bookworm/main amd64 mesa-va-drivers amd64 22.3.6-1+deb12u1 [3299 kB]
Get:1510 http://deb.debian.org/debian bookworm/main amd64 mesa-vdpau-drivers amd64 22.3.6-1+deb12u1 [3181 kB]
Get:1511 http://deb.debian.org/debian bookworm/main amd64 mesa-vulkan-drivers amd64 22.3.6-1+deb12u1 [8000 kB]
Get:1512 http://deb.debian.org/debian bookworm/main amd64 mobile-broadband-provider-info all 20230416-1 [63.2 kB]
Get:1513 http://deb.debian.org/debian bookworm/main amd64 modemmanager amd64 1.20.4-1 [1008 kB]
Get:1514 http://deb.debian.org/debian bookworm/main amd64 mokutil amd64 0.6.0-2 [26.9 kB]
Get:1515 http://deb.debian.org/debian bookworm/main amd64 mythes-en-us all 1:7.5.0-1 [3297 kB]
Get:1516 http://deb.debian.org/debian bookworm/main amd64 nautilus-extension-gnome-terminal amd64 3.46.8-1 [30.3 kB]
Get:1517 http://deb.debian.org/debian bookworm/main amd64 notification-daemon amd64 3.20.0-4+b1 [61.8 kB]
Get:1518 http://deb.debian.org/debian bookworm/main amd64 ntfs-3g amd64 1:2022.10.3-1+deb12u2 [406 kB]
Get:1519 http://deb.debian.org/debian bookworm/main amd64 packagekit-tools amd64 1.2.6-5 [30.9 kB]
Get:1520 http://deb.debian.org/debian bookworm/main amd64 perl-tk amd64 1:804.036-1+b2 [2009 kB]
Get:1521 http://deb.debian.org/debian bookworm/main amd64 plymouth amd64 22.02.122-3 [134 kB]
Get:1522 http://deb.debian.org/debian bookworm/main amd64 plymouth-label amd64 22.02.122-3 [9068 B]
Get:1523 http://deb.debian.org/debian bookworm/main amd64 plymouth-themes amd64 22.02.122-3 [763 kB]
Get:1524 http://deb.debian.org/debian bookworm/main amd64 pocketsphinx-en-us all 0.8+5prealpha+1-15 [24.3 MB]
Get:1525 http://deb.debian.org/debian bookworm/main amd64 power-profiles-daemon amd64 0.12-1+b1 [34.5 kB]
Get:1526 http://deb.debian.org/debian bookworm/main amd64 ppp amd64 2.4.9-1+1.1+b1 [364 kB]
Get:1527 http://deb.debian.org/debian bookworm/main amd64 python3-pyqt5.sip amd64 12.11.1-1 [56.4 kB]
Get:1528 http://deb.debian.org/debian bookworm/main amd64 python3-pyqt5 amd64 5.15.9+dfsg-1 [2489 kB]
Get:1529 http://deb.debian.org/debian bookworm/main amd64 python3-smbc amd64 1.0.23-2+b4 [19.1 kB]
Get:1530 http://deb.debian.org/debian bookworm/main amd64 python3-uno amd64 4:7.4.7-1+deb12u10 [159 kB]
Get:1531 http://deb.debian.org/debian bookworm/main amd64 qml-module-qtquick-templates2 amd64 5.15.8+dfsg-2 [70.4 kB]
Get:1532 http://deb.debian.org/debian bookworm/main amd64 qml-module-qtquick-controls2 amd64 5.15.8+dfsg-2 [903 kB]
Get:1533 http://deb.debian.org/debian bookworm/main amd64 qml-module-org-kde-kirigami2 amd64 5.103.0-1 [335 kB]
Get:1534 http://deb.debian.org/debian bookworm/main amd64 qml-module-org-kde-kcm amd64 5.103.0-1 [27.3 kB]
Get:1535 http://deb.debian.org/debian bookworm/main amd64 qml-module-org-kde-kcmutils amd64 5.103.0-3 [17.5 kB]
Get:1536 http://deb.debian.org/debian bookworm/main amd64 qml-module-org-kde-kitemmodels amd64 5.103.0-1 [24.4 kB]
Get:1537 http://deb.debian.org/debian bookworm/main amd64 qml-module-org-kde-newstuff amd64 5.103.0-1 [76.1 kB]
Get:1538 http://deb.debian.org/debian bookworm/main amd64 qml-module-org-kde-runnermodel amd64 5.103.0-1 [18.1 kB]
Get:1539 http://deb.debian.org/debian bookworm/main amd64 qml-module-qtquick-shapes amd64 5.15.8+dfsg-3 [19.7 kB]
Get:1540 http://deb.debian.org/debian bookworm/main amd64 qt5-gtk-platformtheme amd64 5.15.8+dfsg-11+deb12u3 [126 kB]
Get:1541 http://deb.debian.org/debian bookworm/main amd64 qtspeech5-speechd-plugin amd64 5.15.8-2 [16.1 kB]
Get:1542 http://deb.debian.org/debian bookworm/main amd64 qttranslations5-l10n all 5.15.8-2 [1834 kB]
Get:1543 http://deb.debian.org/debian bookworm/main amd64 qtwayland5 amd64 5.15.8-2 [204 kB]
Get:1544 http://deb.debian.org/debian bookworm/main amd64 realmd amd64 0.17.1-1 [226 kB]
Get:1545 http://deb.debian.org/debian bookworm/main amd64 rtkit amd64 0.13-5 [33.3 kB]
Get:1546 http://deb.debian.org/debian bookworm/main amd64 sane-airscan amd64 0.99.27-1+b1 [122 kB]
Get:1547 http://deb.debian.org/debian bookworm/main amd64 shim-unsigned amd64 15.8-1~deb12u1 [440 kB]
Get:1548 http://deb.debian.org/debian bookworm/main amd64 shim-helpers-amd64-signed amd64 1+15.8+1~deb12u1 [301 kB]
Get:1549 http://deb.debian.org/debian bookworm/main amd64 shim-signed-common all 1.44~1+deb12u1+15.8-1~deb12u1 [13.6 kB]
Get:1550 http://deb.debian.org/debian bookworm/main amd64 shim-signed amd64 1.44~1+deb12u1+15.8-1~deb12u1 [329 kB]
Get:1551 http://deb.debian.org/debian bookworm/main amd64 sonnet-plugins amd64 5.103.0-1 [53.1 kB]
Get:1552 http://deb.debian.org/debian bookworm/main amd64 sound-icons all 0.1-8 [472 kB]
Get:1553 http://deb.debian.org/debian bookworm/main amd64 speech-dispatcher-espeak-ng amd64 0.11.4-2 [28.5 kB]
Get:1554 http://deb.debian.org/debian bookworm/main amd64 squashfs-tools amd64 1:4.5.1-1 [183 kB]
Get:1555 http://deb.debian.org/debian bookworm/main amd64 switcheroo-control amd64 2.6-1+b1 [16.3 kB]
Get:1556 http://deb.debian.org/debian bookworm/main amd64 synaptic amd64 0.91.3 [2062 kB]
Get:1557 http://deb.debian.org/debian bookworm/main amd64 systemsettings amd64 4:5.27.5-2 [338 kB]
Get:1558 http://deb.debian.org/debian bookworm/main amd64 xserver-xorg-core amd64 2:21.1.7-3+deb12u11 [3720 kB]
Get:1559 http://deb.debian.org/debian bookworm/main amd64 xserver-xorg-video-amdgpu amd64 23.0.0-1 [136 kB]
Get:1560 http://deb.debian.org/debian bookworm/main amd64 xserver-xorg-video-radeon amd64 1:19.1.0-3 [503 kB]
Get:1561 http://deb.debian.org/debian bookworm/main amd64 xserver-xorg-video-ati amd64 1:19.1.0-3 [363 kB]
Get:1562 http://deb.debian.org/debian bookworm/main amd64 xserver-xorg-video-fbdev amd64 1:0.5.0-2 [25.4 kB]
Get:1563 http://deb.debian.org/debian bookworm/main amd64 xserver-xorg-video-nouveau amd64 1:1.0.17-2 [331 kB]
Get:1564 http://deb.debian.org/debian bookworm/main amd64 xserver-xorg-video-vesa amd64 1:2.5.0-1+b1 [32.6 kB]
Get:1565 http://deb.debian.org/debian bookworm/main amd64 xserver-xorg-video-vmware amd64 1:13.3.0-3.1+b1 [114 kB]
Get:1566 http://deb.debian.org/debian bookworm/main amd64 xserver-xorg-video-all amd64 1:7.7+23 [38.7 kB]
Get:1567 http://deb.debian.org/debian bookworm/main amd64 xserver-xorg-video-qxl amd64 0.1.5+git20200331-3 [83.7 kB]
Get:1568 http://deb.debian.org/debian bookworm/main amd64 xserver-xorg-video-intel amd64 2:2.99.917+git20210115-1 [1642 kB]
Get:1569 http://deb.debian.org/debian bookworm/main amd64 xserver-xorg-input-libinput amd64 1.2.1-1+b1 [64.6 kB]
Get:1570 http://deb.debian.org/debian bookworm/main amd64 xserver-xorg-input-all amd64 1:7.7+23 [38.7 kB]
Get:1571 http://deb.debian.org/debian bookworm/main amd64 xserver-xorg-input-wacom amd64 1.1.0-1 [377 kB]
Get:1572 http://deb.debian.org/debian bookworm/main amd64 xserver-xorg amd64 1:7.7+23 [94.2 kB]
Get:1573 http://deb.debian.org/debian bookworm/main amd64 xfonts-base all 1:1.0.5+nmu1 [5895 kB]
Get:1574 http://deb.debian.org/debian bookworm/main amd64 xfonts-100dpi all 1:1.0.5 [3819 kB]
Get:1575 http://deb.debian.org/debian bookworm/main amd64 xfonts-75dpi all 1:1.0.5 [3365 kB]
Get:1576 http://deb.debian.org/debian bookworm/main amd64 xfonts-scalable all 1:1.0.3-1.3 [306 kB]
Get:1577 http://deb.debian.org/debian bookworm/main amd64 x11-apps amd64 7.7+9 [666 kB]
Get:1578 http://deb.debian.org/debian bookworm/main amd64 x11-session-utils amd64 7.7+5 [71.8 kB]
Get:1579 http://deb.debian.org/debian bookworm/main amd64 x11-utils amd64 7.7+5 [202 kB]
Get:1580 http://deb.debian.org/debian bookworm/main amd64 xauth amd64 1:1.1.2-1 [36.0 kB]
Get:1581 http://deb.debian.org/debian bookworm/main amd64 xinit amd64 1.4.0-1 [50.2 kB]
Get:1582 http://deb.debian.org/debian bookworm/main amd64 xorg-docs-core all 1:1.7.1-1.2 [84.2 kB]
Get:1583 http://deb.debian.org/debian bookworm/main amd64 xorg amd64 1:7.7+23 [39.1 kB]
Get:1584 http://deb.debian.org/debian bookworm/main amd64 task-desktop all 3.73 [1036 B]
Get:1585 http://deb.debian.org/debian bookworm/main amd64 task-gnome-desktop all 3.73 [1184 B]
Get:1586 http://deb.debian.org/debian bookworm/main amd64 timeshift amd64 22.11.2-1+deb12u1 [617 kB]
Get:1587 http://deb.debian.org/debian bookworm/main amd64 transmission-common all 3.00-2.1+deb12u1 [227 kB]
Get:1588 http://deb.debian.org/debian bookworm/main amd64 transmission-gtk amd64 3.00-2.1+deb12u1 [746 kB]
Get:1589 http://deb.debian.org/debian bookworm/main amd64 tree amd64 2.1.0-1 [52.5 kB]
Get:1590 http://deb.debian.org/debian bookworm/main amd64 unattended-upgrades all 2.9.1+nmu3 [63.3 kB]
Get:1591 http://deb.debian.org/debian bookworm/main amd64 unzip amd64 6.0-28 [166 kB]
Get:1592 http://deb.debian.org/debian bookworm/main amd64 usb-modeswitch-data all 20191128-5 [47.9 kB]
Get:1593 http://deb.debian.org/debian bookworm/main amd64 usb-modeswitch amd64 2.6.1-3+b1 [59.6 kB]
Get:1594 http://deb.debian.org/debian bookworm/main amd64 usbutils amd64 1:014-1+deb12u1 [73.5 kB]
Get:1595 http://deb.debian.org/debian bookworm/main amd64 user-setup all 1.95 [106 kB]
Get:1596 http://deb.debian.org/debian bookworm/main amd64 va-driver-all amd64 2.17.0-1 [12.8 kB]
Get:1597 http://deb.debian.org/debian bookworm/main amd64 vdpau-driver-all amd64 1.5-2 [4348 B]
Get:1598 http://deb.debian.org/debian bookworm/main amd64 wireless-regdb all 2025.07.10-1~deb12u1 [11.9 kB]
Get:1599 http://deb.debian.org/debian bookworm/main amd64 wmctrl amd64 1.07-7+b1 [21.5 kB]
Get:1600 http://deb.debian.org/debian bookworm/main amd64 wpasupplicant amd64 2:2.10-12+deb12u3 [1419 kB]
Get:1601 http://deb.debian.org/debian bookworm/main amd64 xapp-sn-watcher amd64 2.4.2-3 [32.0 kB]
Get:1602 http://deb.debian.org/debian bookworm/main amd64 xbitmaps all 1.1.1-2.2 [25.1 kB]
Get:1603 http://deb.debian.org/debian bookworm/main amd64 xbrlapi amd64 6.5-7+deb12u1 [138 kB]
Get:1604 http://deb.debian.org/debian bookworm/main amd64 xcvt amd64 0.1.2-1 [7644 B]
Get:1605 http://deb.debian.org/debian bookworm/main amd64 xserver-xephyr amd64 2:21.1.7-3+deb12u11 [3294 kB]
Get:1606 http://deb.debian.org/debian bookworm/main amd64 xserver-xorg-legacy amd64 2:21.1.7-3+deb12u11 [2389 kB]
debconf: delaying package configuration, since apt-utils is not installed
Fetched 1073 MB in 26min 8s (684 kB/s)
Selecting previously unselected package cron-daemon-common.
(Reading database ... (Reading database ... 5%(Reading database ... 10%(Reading database ... 15%(Reading database ... 20%(Reading database ... 25%(Reading database ... 30%(Reading database ... 35%(Reading database ... 40%(Reading database ... 45%(Reading database ... 50%(Reading database ... 55%(Reading database ... 60%(Reading database ... 65%(Reading database ... 70%(Reading database ... 75%(Reading database ... 80%(Reading database ... 85%(Reading database ... 90%(Reading database ... 95%(Reading database ... 100%(Reading database ... 18253 files and directories currently installed.)
Preparing to unpack .../cron-daemon-common_3.0pl1-162_all.deb ...
Unpacking cron-daemon-common (3.0pl1-162) ...
Selecting previously unselected package sensible-utils.
Preparing to unpack .../sensible-utils_0.0.17+nmu1_all.deb ...
Unpacking sensible-utils (0.0.17+nmu1) ...
Setting up cron-daemon-common (3.0pl1-162) ...
Adding group `crontab' (GID 106) ...
Done.
Selecting previously unselected package cron.
(Reading database ... (Reading database ... 5%(Reading database ... 10%(Reading database ... 15%(Reading database ... 20%(Reading database ... 25%(Reading database ... 30%(Reading database ... 35%(Reading database ... 40%(Reading database ... 45%(Reading database ... 50%(Reading database ... 55%(Reading database ... 60%(Reading database ... 65%(Reading database ... 70%(Reading database ... 75%(Reading database ... 80%(Reading database ... 85%(Reading database ... 90%(Reading database ... 95%(Reading database ... 100%(Reading database ... 18298 files and directories currently installed.)
Preparing to unpack .../000-cron_3.0pl1-162_amd64.deb ...
Unpacking cron (3.0pl1-162) ...
Selecting previously unselected package libasound2-data.
Preparing to unpack .../001-libasound2-data_1.2.8-1_all.deb ...
Unpacking libasound2-data (1.2.8-1) ...
Selecting previously unselected package libasound2:amd64.
Preparing to unpack .../002-libasound2_1.2.8-1+b1_amd64.deb ...
Unpacking libasound2:amd64 (1.2.8-1+b1) ...
Selecting previously unselected package libelf1:amd64.
Preparing to unpack .../003-libelf1_0.188-2.1_amd64.deb ...
Unpacking libelf1:amd64 (0.188-2.1) ...
Selecting previously unselected package libdw1:amd64.
Preparing to unpack .../004-libdw1_0.188-2.1_amd64.deb ...
Unpacking libdw1:amd64 (0.188-2.1) ...
Selecting previously unselected package libglib2.0-0:amd64.
Preparing to unpack .../005-libglib2.0-0_2.74.6-2+deb12u8_amd64.deb ...
Unpacking libglib2.0-0:amd64 (2.74.6-2+deb12u8) ...
Selecting previously unselected package readline-common.
Preparing to unpack .../006-readline-common_8.2-1.3_all.deb ...
Unpacking readline-common (8.2-1.3) ...
Selecting previously unselected package libreadline8:amd64.
Preparing to unpack .../007-libreadline8_8.2-1.3_amd64.deb ...
Unpacking libreadline8:amd64 (8.2-1.3) ...
Selecting previously unselected package bluez.
Preparing to unpack .../008-bluez_5.66-1+deb12u2_amd64.deb ...
Unpacking bluez (5.66-1+deb12u2) ...
Selecting previously unselected package bc.
Preparing to unpack .../009-bc_1.07.1-3+b1_amd64.deb ...
Unpacking bc (1.07.1-3+b1) ...
Selecting previously unselected package libavahi-common-data:amd64.
Preparing to unpack .../010-libavahi-common-data_0.8-10+deb12u1_amd64.deb ...
Unpacking libavahi-common-data:amd64 (0.8-10+deb12u1) ...
Selecting previously unselected package libavahi-common3:amd64.
Preparing to unpack .../011-libavahi-common3_0.8-10+deb12u1_amd64.deb ...
Unpacking libavahi-common3:amd64 (0.8-10+deb12u1) ...
Selecting previously unselected package libavahi-client3:amd64.
Preparing to unpack .../012-libavahi-client3_0.8-10+deb12u1_amd64.deb ...
Unpacking libavahi-client3:amd64 (0.8-10+deb12u1) ...
Selecting previously unselected package libcups2:amd64.
Preparing to unpack .../013-libcups2_2.4.2-3+deb12u9_amd64.deb ...
Unpacking libcups2:amd64 (2.4.2-3+deb12u9) ...
Selecting previously unselected package libncursesw6:amd64.
Preparing to unpack .../014-libncursesw6_6.4-4_amd64.deb ...
Unpacking libncursesw6:amd64 (6.4-4) ...
Selecting previously unselected package libproc2-0:amd64.
Preparing to unpack .../015-libproc2-0_2%3a4.0.2-3_amd64.deb ...
Unpacking libproc2-0:amd64 (2:4.0.2-3) ...
Selecting previously unselected package procps.
Preparing to unpack .../016-procps_2%3a4.0.2-3_amd64.deb ...
Unpacking procps (2:4.0.2-3) ...
Selecting previously unselected package ssl-cert.
Preparing to unpack .../017-ssl-cert_1.1.2_all.deb ...
Unpacking ssl-cert (1.1.2) ...
Selecting previously unselected package ucf.
Preparing to unpack .../018-ucf_3.0043+nmu1+deb12u1_all.deb ...
Moving old data out of the way
Unpacking ucf (3.0043+nmu1+deb12u1) ...
Selecting previously unselected package libpaper1:amd64.
Preparing to unpack .../019-libpaper1_1.1.29_amd64.deb ...
Unpacking libpaper1:amd64 (1.1.29) ...
Selecting previously unselected package cups-daemon.
Preparing to unpack .../020-cups-daemon_2.4.2-3+deb12u9_amd64.deb ...
Unpacking cups-daemon (2.4.2-3+deb12u9) ...
Selecting previously unselected package libavahi-glib1:amd64.
Preparing to unpack .../021-libavahi-glib1_0.8-10+deb12u1_amd64.deb ...
Unpacking libavahi-glib1:amd64 (0.8-10+deb12u1) ...
Selecting previously unselected package libexif12:amd64.
Preparing to unpack .../022-libexif12_0.6.24-1+b1_amd64.deb ...
Unpacking libexif12:amd64 (0.6.24-1+b1) ...
Selecting previously unselected package libjpeg62-turbo:amd64.
Preparing to unpack .../023-libjpeg62-turbo_1%3a2.1.5-2_amd64.deb ...
Unpacking libjpeg62-turbo:amd64 (1:2.1.5-2) ...
Selecting previously unselected package libpng16-16:amd64.
Preparing to unpack .../024-libpng16-16_1.6.39-2+deb12u1_amd64.deb ...
Unpacking libpng16-16:amd64 (1.6.39-2+deb12u1) ...
Selecting previously unselected package libdeflate0:amd64.
Preparing to unpack .../025-libdeflate0_1.14-1_amd64.deb ...
Unpacking libdeflate0:amd64 (1.14-1) ...
Selecting previously unselected package libjbig0:amd64.
Preparing to unpack .../026-libjbig0_2.1-6.1_amd64.deb ...
Unpacking libjbig0:amd64 (2.1-6.1) ...
Selecting previously unselected package liblerc4:amd64.
Preparing to unpack .../027-liblerc4_4.0.0+ds-2_amd64.deb ...
Unpacking liblerc4:amd64 (4.0.0+ds-2) ...
Selecting previously unselected package libwebp7:amd64.
Preparing to unpack .../028-libwebp7_1.2.4-0.2+deb12u1_amd64.deb ...
Unpacking libwebp7:amd64 (1.2.4-0.2+deb12u1) ...
Selecting previously unselected package libtiff6:amd64.
Preparing to unpack .../029-libtiff6_4.5.0-6+deb12u3_amd64.deb ...
Unpacking libtiff6:amd64 (4.5.0-6+deb12u3) ...
Selecting previously unselected package libcupsfilters1:amd64.
Preparing to unpack .../030-libcupsfilters1_1.28.17-3+deb12u2_amd64.deb ...
Unpacking libcupsfilters1:amd64 (1.28.17-3+deb12u2) ...
Selecting previously unselected package cups-browsed.
Preparing to unpack .../031-cups-browsed_1.28.17-3+deb12u2_amd64.deb ...
Unpacking cups-browsed (1.28.17-3+deb12u2) ...
Selecting previously unselected package fonts-droid-fallback.
Preparing to unpack .../032-fonts-droid-fallback_1%3a6.0.1r16-1.1_all.deb ...
Unpacking fonts-droid-fallback (1:6.0.1r16-1.1) ...
Selecting previously unselected package libgomp1:amd64.
Preparing to unpack .../033-libgomp1_12.2.0-14+deb12u1_amd64.deb ...
Unpacking libgomp1:amd64 (12.2.0-14+deb12u1) ...
Selecting previously unselected package libfftw3-double3:amd64.
Preparing to unpack .../034-libfftw3-double3_3.3.10-1_amd64.deb ...
Unpacking libfftw3-double3:amd64 (3.3.10-1) ...
Selecting previously unselected package libfreetype6:amd64.
Preparing to unpack .../035-libfreetype6_2.12.1+dfsg-5+deb12u4_amd64.deb ...
Unpacking libfreetype6:amd64 (2.12.1+dfsg-5+deb12u4) ...
Selecting previously unselected package fonts-dejavu-core.
Preparing to unpack .../036-fonts-dejavu-core_2.37-6_all.deb ...
Unpacking fonts-dejavu-core (2.37-6) ...
Selecting previously unselected package fonts-liberation2.
Preparing to unpack .../037-fonts-liberation2_2.1.5-1_all.deb ...
Unpacking fonts-liberation2 (2.1.5-1) ...
Selecting previously unselected package libfontenc1:amd64.
Preparing to unpack .../038-libfontenc1_1%3a1.1.4-1_amd64.deb ...
Unpacking libfontenc1:amd64 (1:1.1.4-1) ...
Selecting previously unselected package x11-common.
Preparing to unpack .../039-x11-common_1%3a7.7+23_all.deb ...
Unpacking x11-common (1:7.7+23) ...
Selecting previously unselected package xfonts-encodings.
Preparing to unpack .../040-xfonts-encodings_1%3a1.0.4-2.2_all.deb ...
Unpacking xfonts-encodings (1:1.0.4-2.2) ...
Selecting previously unselected package xfonts-utils.
Preparing to unpack .../041-xfonts-utils_1%3a7.7+6_amd64.deb ...
Unpacking xfonts-utils (1:7.7+6) ...
Selecting previously unselected package fonts-urw-base35.
Preparing to unpack .../042-fonts-urw-base35_20200910-7_all.deb ...
Unpacking fonts-urw-base35 (20200910-7) ...
Selecting previously unselected package fontconfig-config.
Preparing to unpack .../043-fontconfig-config_2.14.1-4_amd64.deb ...
Unpacking fontconfig-config (2.14.1-4) ...
Selecting previously unselected package libfontconfig1:amd64.
Preparing to unpack .../044-libfontconfig1_2.14.1-4_amd64.deb ...
Unpacking libfontconfig1:amd64 (2.14.1-4) ...
Selecting previously unselected package libaom3:amd64.
Preparing to unpack .../045-libaom3_3.6.0-1+deb12u2_amd64.deb ...
Unpacking libaom3:amd64 (3.6.0-1+deb12u2) ...
Selecting previously unselected package libdav1d6:amd64.
Preparing to unpack .../046-libdav1d6_1.0.0-2+deb12u1_amd64.deb ...
Unpacking libdav1d6:amd64 (1.0.0-2+deb12u1) ...
Selecting previously unselected package libde265-0:amd64.
Preparing to unpack .../047-libde265-0_1.0.11-1+deb12u2_amd64.deb ...
Unpacking libde265-0:amd64 (1.0.11-1+deb12u2) ...
Selecting previously unselected package libnuma1:amd64.
Preparing to unpack .../048-libnuma1_2.0.16-1_amd64.deb ...
Unpacking libnuma1:amd64 (2.0.16-1) ...
Selecting previously unselected package libx265-199:amd64.
Preparing to unpack .../049-libx265-199_3.5-2+b1_amd64.deb ...
Unpacking libx265-199:amd64 (3.5-2+b1) ...
Selecting previously unselected package libheif1:amd64.
Preparing to unpack .../050-libheif1_1.15.1-1+deb12u1_amd64.deb ...
Unpacking libheif1:amd64 (1.15.1-1+deb12u1) ...
Selecting previously unselected package liblcms2-2:amd64.
Preparing to unpack .../051-liblcms2-2_2.14-2_amd64.deb ...
Unpacking liblcms2-2:amd64 (2.14-2) ...
Selecting previously unselected package liblqr-1-0:amd64.
Preparing to unpack .../052-liblqr-1-0_0.4.2-2.1_amd64.deb ...
Unpacking liblqr-1-0:amd64 (0.4.2-2.1) ...
Selecting previously unselected package libltdl7:amd64.
Preparing to unpack .../053-libltdl7_2.4.7-7~deb12u1_amd64.deb ...
Unpacking libltdl7:amd64 (2.4.7-7~deb12u1) ...
Selecting previously unselected package libopenjp2-7:amd64.
Preparing to unpack .../054-libopenjp2-7_2.5.0-2+deb12u2_amd64.deb ...
Unpacking libopenjp2-7:amd64 (2.5.0-2+deb12u2) ...
Selecting previously unselected package libwebpdemux2:amd64.
Preparing to unpack .../055-libwebpdemux2_1.2.4-0.2+deb12u1_amd64.deb ...
Unpacking libwebpdemux2:amd64 (1.2.4-0.2+deb12u1) ...
Selecting previously unselected package libwebpmux3:amd64.
Preparing to unpack .../056-libwebpmux3_1.2.4-0.2+deb12u1_amd64.deb ...
Unpacking libwebpmux3:amd64 (1.2.4-0.2+deb12u1) ...
Selecting previously unselected package libxau6:amd64.
Preparing to unpack .../057-libxau6_1%3a1.0.9-1_amd64.deb ...
Unpacking libxau6:amd64 (1:1.0.9-1) ...
Selecting previously unselected package libbsd0:amd64.
Preparing to unpack .../058-libbsd0_0.11.7-2_amd64.deb ...
Unpacking libbsd0:amd64 (0.11.7-2) ...
Selecting previously unselected package libxdmcp6:amd64.
Preparing to unpack .../059-libxdmcp6_1%3a1.1.2-3_amd64.deb ...
Unpacking libxdmcp6:amd64 (1:1.1.2-3) ...
Selecting previously unselected package libxcb1:amd64.
Preparing to unpack .../060-libxcb1_1.15-1_amd64.deb ...
Unpacking libxcb1:amd64 (1.15-1) ...
Selecting previously unselected package libx11-data.
Preparing to unpack .../061-libx11-data_2%3a1.8.4-2+deb12u2_all.deb ...
Unpacking libx11-data (2:1.8.4-2+deb12u2) ...
Selecting previously unselected package libx11-6:amd64.
Preparing to unpack .../062-libx11-6_2%3a1.8.4-2+deb12u2_amd64.deb ...
Unpacking libx11-6:amd64 (2:1.8.4-2+deb12u2) ...
Selecting previously unselected package libxext6:amd64.
Preparing to unpack .../063-libxext6_2%3a1.3.4-1+b1_amd64.deb ...
Unpacking libxext6:amd64 (2:1.3.4-1+b1) ...
Selecting previously unselected package libicu72:amd64.
Preparing to unpack .../064-libicu72_72.1-3+deb12u1_amd64.deb ...
Unpacking libicu72:amd64 (72.1-3+deb12u1) ...
Selecting previously unselected package libxml2:amd64.
Preparing to unpack .../065-libxml2_2.9.14+dfsg-1.3~deb12u5_amd64.deb ...
Unpacking libxml2:amd64 (2.9.14+dfsg-1.3~deb12u5) ...
Selecting previously unselected package imagemagick-6-common.
Preparing to unpack .../066-imagemagick-6-common_8%3a6.9.11.60+dfsg-1.6+deb12u6_all.deb ...
Unpacking imagemagick-6-common (8:6.9.11.60+dfsg-1.6+deb12u6) ...
Selecting previously unselected package libmagickcore-6.q16-6:amd64.
Preparing to unpack .../067-libmagickcore-6.q16-6_8%3a6.9.11.60+dfsg-1.6+deb12u6_amd64.deb ...
Unpacking libmagickcore-6.q16-6:amd64 (8:6.9.11.60+dfsg-1.6+deb12u6) ...
Selecting previously unselected package libmagickwand-6.q16-6:amd64.
Preparing to unpack .../068-libmagickwand-6.q16-6_8%3a6.9.11.60+dfsg-1.6+deb12u6_amd64.deb ...
Unpacking libmagickwand-6.q16-6:amd64 (8:6.9.11.60+dfsg-1.6+deb12u6) ...
Selecting previously unselected package libunwind8:amd64.
Preparing to unpack .../069-libunwind8_1.6.2-3_amd64.deb ...
Unpacking libunwind8:amd64 (1.6.2-3) ...
Selecting previously unselected package libcap2-bin.
Preparing to unpack .../070-libcap2-bin_1%3a2.66-4+deb12u2+b2_amd64.deb ...
Unpacking libcap2-bin (1:2.66-4+deb12u2+b2) ...
Selecting previously unselected package libgstreamer1.0-0:amd64.
Preparing to unpack .../071-libgstreamer1.0-0_1.22.0-2+deb12u1_amd64.deb ...
Unpacking libgstreamer1.0-0:amd64 (1.22.0-2+deb12u1) ...
Selecting previously unselected package liborc-0.4-0:amd64.
Preparing to unpack .../072-liborc-0.4-0_1%3a0.4.33-2_amd64.deb ...
Unpacking liborc-0.4-0:amd64 (1:0.4.33-2) ...
Selecting previously unselected package iso-codes.
Preparing to unpack .../073-iso-codes_4.15.0-1_all.deb ...
Unpacking iso-codes (4.15.0-1) ...
Selecting previously unselected package libgstreamer-plugins-base1.0-0:amd64.
Preparing to unpack .../074-libgstreamer-plugins-base1.0-0_1.22.0-3+deb12u5_amd64.deb ...
Unpacking libgstreamer-plugins-base1.0-0:amd64 (1.22.0-3+deb12u5) ...
Selecting previously unselected package libhyphen0:amd64.
Preparing to unpack .../075-libhyphen0_2.8.8-7_amd64.deb ...
Unpacking libhyphen0:amd64 (2.8.8-7) ...
Selecting previously unselected package shared-mime-info.
Preparing to unpack .../076-shared-mime-info_2.2-1_amd64.deb ...
Unpacking shared-mime-info (2.2-1) ...
Selecting previously unselected package libdouble-conversion3:amd64.
Preparing to unpack .../077-libdouble-conversion3_3.2.1-1_amd64.deb ...
Unpacking libdouble-conversion3:amd64 (3.2.1-1) ...
Selecting previously unselected package libpcre2-16-0:amd64.
Preparing to unpack .../078-libpcre2-16-0_10.42-1_amd64.deb ...
Unpacking libpcre2-16-0:amd64 (10.42-1) ...
Selecting previously unselected package libqt5core5a:amd64.
Preparing to unpack .../079-libqt5core5a_5.15.8+dfsg-11+deb12u3_amd64.deb ...
Unpacking libqt5core5a:amd64 (5.15.8+dfsg-11+deb12u3) ...
Selecting previously unselected package fontconfig.
Preparing to unpack .../080-fontconfig_2.14.1-4_amd64.deb ...
Unpacking fontconfig (2.14.1-4) ...
Selecting previously unselected package libdrm-common.
Preparing to unpack .../081-libdrm-common_2.4.114-1_all.deb ...
Unpacking libdrm-common (2.4.114-1) ...
Selecting previously unselected package libdrm2:amd64.
Preparing to unpack .../082-libdrm2_2.4.114-1+b1_amd64.deb ...
Unpacking libdrm2:amd64 (2.4.114-1+b1) ...
Selecting previously unselected package libglvnd0:amd64.
Preparing to unpack .../083-libglvnd0_1.6.0-1_amd64.deb ...
Unpacking libglvnd0:amd64 (1.6.0-1) ...
Selecting previously unselected package libwayland-server0:amd64.
Preparing to unpack .../084-libwayland-server0_1.21.0-1_amd64.deb ...
Unpacking libwayland-server0:amd64 (1.21.0-1) ...
Selecting previously unselected package libgbm1:amd64.
Preparing to unpack .../085-libgbm1_22.3.6-1+deb12u1_amd64.deb ...
Unpacking libgbm1:amd64 (22.3.6-1+deb12u1) ...
Selecting previously unselected package libglapi-mesa:amd64.
Preparing to unpack .../086-libglapi-mesa_22.3.6-1+deb12u1_amd64.deb ...
Unpacking libglapi-mesa:amd64 (22.3.6-1+deb12u1) ...
Selecting previously unselected package libwayland-client0:amd64.
Preparing to unpack .../087-libwayland-client0_1.21.0-1_amd64.deb ...
Unpacking libwayland-client0:amd64 (1.21.0-1) ...
Selecting previously unselected package libx11-xcb1:amd64.
Preparing to unpack .../088-libx11-xcb1_2%3a1.8.4-2+deb12u2_amd64.deb ...
Unpacking libx11-xcb1:amd64 (2:1.8.4-2+deb12u2) ...
Selecting previously unselected package libxcb-dri2-0:amd64.
Preparing to unpack .../089-libxcb-dri2-0_1.15-1_amd64.deb ...
Unpacking libxcb-dri2-0:amd64 (1.15-1) ...
Selecting previously unselected package libxcb-dri3-0:amd64.
Preparing to unpack .../090-libxcb-dri3-0_1.15-1_amd64.deb ...
Unpacking libxcb-dri3-0:amd64 (1.15-1) ...
Selecting previously unselected package libxcb-present0:amd64.
Preparing to unpack .../091-libxcb-present0_1.15-1_amd64.deb ...
Unpacking libxcb-present0:amd64 (1.15-1) ...
Selecting previously unselected package libxcb-randr0:amd64.
Preparing to unpack .../092-libxcb-randr0_1.15-1_amd64.deb ...
Unpacking libxcb-randr0:amd64 (1.15-1) ...
Selecting previously unselected package libxcb-sync1:amd64.
Preparing to unpack .../093-libxcb-sync1_1.15-1_amd64.deb ...
Unpacking libxcb-sync1:amd64 (1.15-1) ...
Selecting previously unselected package libxcb-xfixes0:amd64.
Preparing to unpack .../094-libxcb-xfixes0_1.15-1_amd64.deb ...
Unpacking libxcb-xfixes0:amd64 (1.15-1) ...
Selecting previously unselected package libxshmfence1:amd64.
Preparing to unpack .../095-libxshmfence1_1.3-1_amd64.deb ...
Unpacking libxshmfence1:amd64 (1.3-1) ...
Selecting previously unselected package libegl-mesa0:amd64.
Preparing to unpack .../096-libegl-mesa0_22.3.6-1+deb12u1_amd64.deb ...
Unpacking libegl-mesa0:amd64 (22.3.6-1+deb12u1) ...
Selecting previously unselected package libegl1:amd64.
Preparing to unpack .../097-libegl1_1.6.0-1_amd64.deb ...
Unpacking libegl1:amd64 (1.6.0-1) ...
Selecting previously unselected package libxcb-glx0:amd64.
Preparing to unpack .../098-libxcb-glx0_1.15-1_amd64.deb ...
Unpacking libxcb-glx0:amd64 (1.15-1) ...
Selecting previously unselected package libxcb-shm0:amd64.
Preparing to unpack .../099-libxcb-shm0_1.15-1_amd64.deb ...
Unpacking libxcb-shm0:amd64 (1.15-1) ...
Selecting previously unselected package libxfixes3:amd64.
Preparing to unpack .../100-libxfixes3_1%3a6.0.0-2_amd64.deb ...
Unpacking libxfixes3:amd64 (1:6.0.0-2) ...
Selecting previously unselected package libxxf86vm1:amd64.
Preparing to unpack .../101-libxxf86vm1_1%3a1.1.4-1+b2_amd64.deb ...
Unpacking libxxf86vm1:amd64 (1:1.1.4-1+b2) ...
Selecting previously unselected package libdrm-amdgpu1:amd64.
Preparing to unpack .../102-libdrm-amdgpu1_2.4.114-1+b1_amd64.deb ...
Unpacking libdrm-amdgpu1:amd64 (2.4.114-1+b1) ...
Selecting previously unselected package libpciaccess0:amd64.
Preparing to unpack .../103-libpciaccess0_0.17-2_amd64.deb ...
Unpacking libpciaccess0:amd64 (0.17-2) ...
Selecting previously unselected package libdrm-intel1:amd64.
Preparing to unpack .../104-libdrm-intel1_2.4.114-1+b1_amd64.deb ...
Unpacking libdrm-intel1:amd64 (2.4.114-1+b1) ...
Selecting previously unselected package libdrm-nouveau2:amd64.
Preparing to unpack .../105-libdrm-nouveau2_2.4.114-1+b1_amd64.deb ...
Unpacking libdrm-nouveau2:amd64 (2.4.114-1+b1) ...
Selecting previously unselected package libdrm-radeon1:amd64.
Preparing to unpack .../106-libdrm-radeon1_2.4.114-1+b1_amd64.deb ...
Unpacking libdrm-radeon1:amd64 (2.4.114-1+b1) ...
Selecting previously unselected package libedit2:amd64.
Preparing to unpack .../107-libedit2_3.1-20221030-2_amd64.deb ...
Unpacking libedit2:amd64 (3.1-20221030-2) ...
Selecting previously unselected package libz3-4:amd64.
Preparing to unpack .../108-libz3-4_4.8.12-3.1_amd64.deb ...
Unpacking libz3-4:amd64 (4.8.12-3.1) ...
Selecting previously unselected package libllvm15:amd64.
Preparing to unpack .../109-libllvm15_1%3a15.0.6-4+b1_amd64.deb ...
Unpacking libllvm15:amd64 (1:15.0.6-4+b1) ...
Selecting previously unselected package libsensors-config.
Preparing to unpack .../110-libsensors-config_1%3a3.6.0-7.1_all.deb ...
Unpacking libsensors-config (1:3.6.0-7.1) ...
Selecting previously unselected package libsensors5:amd64.
Preparing to unpack .../111-libsensors5_1%3a3.6.0-7.1_amd64.deb ...
Unpacking libsensors5:amd64 (1:3.6.0-7.1) ...
Selecting previously unselected package libgl1-mesa-dri:amd64.
Preparing to unpack .../112-libgl1-mesa-dri_22.3.6-1+deb12u1_amd64.deb ...
Unpacking libgl1-mesa-dri:amd64 (22.3.6-1+deb12u1) ...
Selecting previously unselected package libglx-mesa0:amd64.
Preparing to unpack .../113-libglx-mesa0_22.3.6-1+deb12u1_amd64.deb ...
Unpacking libglx-mesa0:amd64 (22.3.6-1+deb12u1) ...
Selecting previously unselected package libglx0:amd64.
Preparing to unpack .../114-libglx0_1.6.0-1_amd64.deb ...
Unpacking libglx0:amd64 (1.6.0-1) ...
Selecting previously unselected package libgl1:amd64.
Preparing to unpack .../115-libgl1_1.6.0-1_amd64.deb ...
Unpacking libgl1:amd64 (1.6.0-1) ...
Selecting previously unselected package libgraphite2-3:amd64.
Preparing to unpack .../116-libgraphite2-3_1.3.14-1_amd64.deb ...
Unpacking libgraphite2-3:amd64 (1.3.14-1) ...
Selecting previously unselected package libharfbuzz0b:amd64.
Preparing to unpack .../117-libharfbuzz0b_6.0.0+dfsg-3_amd64.deb ...
Unpacking libharfbuzz0b:amd64 (6.0.0+dfsg-3) ...
Selecting previously unselected package libice6:amd64.
Preparing to unpack .../118-libice6_2%3a1.0.10-1_amd64.deb ...
Unpacking libice6:amd64 (2:1.0.10-1) ...
Selecting previously unselected package libevdev2:amd64.
Preparing to unpack .../119-libevdev2_1.13.0+dfsg-1_amd64.deb ...
Unpacking libevdev2:amd64 (1.13.0+dfsg-1) ...
Selecting previously unselected package libmtdev1:amd64.
Preparing to unpack .../120-libmtdev1_1.1.6-1_amd64.deb ...
Unpacking libmtdev1:amd64 (1.1.6-1) ...
Selecting previously unselected package libgudev-1.0-0:amd64.
Preparing to unpack .../121-libgudev-1.0-0_237-2_amd64.deb ...
Unpacking libgudev-1.0-0:amd64 (237-2) ...
Selecting previously unselected package libwacom-common.
Preparing to unpack .../122-libwacom-common_2.6.0-1_all.deb ...
Unpacking libwacom-common (2.6.0-1) ...
Selecting previously unselected package libwacom9:amd64.
Preparing to unpack .../123-libwacom9_2.6.0-1_amd64.deb ...
Unpacking libwacom9:amd64 (2.6.0-1) ...
Selecting previously unselected package libinput-bin.
Preparing to unpack .../124-libinput-bin_1.22.1-1_amd64.deb ...
Unpacking libinput-bin (1.22.1-1) ...
Selecting previously unselected package libinput10:amd64.
Preparing to unpack .../125-libinput10_1.22.1-1_amd64.deb ...
Unpacking libinput10:amd64 (1.22.1-1) ...
Selecting previously unselected package libmd4c0:amd64.
Preparing to unpack .../126-libmd4c0_0.4.8-1_amd64.deb ...
Unpacking libmd4c0:amd64 (0.4.8-1) ...
Selecting previously unselected package libqt5dbus5:amd64.
Preparing to unpack .../127-libqt5dbus5_5.15.8+dfsg-11+deb12u3_amd64.deb ...
Unpacking libqt5dbus5:amd64 (5.15.8+dfsg-11+deb12u3) ...
Selecting previously unselected package libqt5network5:amd64.
Preparing to unpack .../128-libqt5network5_5.15.8+dfsg-11+deb12u3_amd64.deb ...
Unpacking libqt5network5:amd64 (5.15.8+dfsg-11+deb12u3) ...
Selecting previously unselected package libsm6:amd64.
Preparing to unpack .../129-libsm6_2%3a1.2.3-1_amd64.deb ...
Unpacking libsm6:amd64 (2:1.2.3-1) ...
Selecting previously unselected package libxcb-icccm4:amd64.
Preparing to unpack .../130-libxcb-icccm4_0.4.1-1.1_amd64.deb ...
Unpacking libxcb-icccm4:amd64 (0.4.1-1.1) ...
Selecting previously unselected package libxcb-util1:amd64.
Preparing to unpack .../131-libxcb-util1_0.4.0-1+b1_amd64.deb ...
Unpacking libxcb-util1:amd64 (0.4.0-1+b1) ...
Selecting previously unselected package libxcb-image0:amd64.
Preparing to unpack .../132-libxcb-image0_0.4.0-2_amd64.deb ...
Unpacking libxcb-image0:amd64 (0.4.0-2) ...
Selecting previously unselected package libxcb-keysyms1:amd64.
Preparing to unpack .../133-libxcb-keysyms1_0.4.0-1+b2_amd64.deb ...
Unpacking libxcb-keysyms1:amd64 (0.4.0-1+b2) ...
Selecting previously unselected package libxcb-render0:amd64.
Preparing to unpack .../134-libxcb-render0_1.15-1_amd64.deb ...
Unpacking libxcb-render0:amd64 (1.15-1) ...
Selecting previously unselected package libxcb-render-util0:amd64.
Preparing to unpack .../135-libxcb-render-util0_0.3.9-1+b1_amd64.deb ...
Unpacking libxcb-render-util0:amd64 (0.3.9-1+b1) ...
Selecting previously unselected package libxcb-shape0:amd64.
Preparing to unpack .../136-libxcb-shape0_1.15-1_amd64.deb ...
Unpacking libxcb-shape0:amd64 (1.15-1) ...
Selecting previously unselected package libxcb-xinerama0:amd64.
Preparing to unpack .../137-libxcb-xinerama0_1.15-1_amd64.deb ...
Unpacking libxcb-xinerama0:amd64 (1.15-1) ...
Selecting previously unselected package libxcb-xinput0:amd64.
Preparing to unpack .../138-libxcb-xinput0_1.15-1_amd64.deb ...
Unpacking libxcb-xinput0:amd64 (1.15-1) ...
Selecting previously unselected package libxcb-xkb1:amd64.
Preparing to unpack .../139-libxcb-xkb1_1.15-1_amd64.deb ...
Unpacking libxcb-xkb1:amd64 (1.15-1) ...
Selecting previously unselected package libxkbcommon0:amd64.
Preparing to unpack .../140-libxkbcommon0_1.5.0-1_amd64.deb ...
Unpacking libxkbcommon0:amd64 (1.5.0-1) ...
Selecting previously unselected package libxkbcommon-x11-0:amd64.
Preparing to unpack .../141-libxkbcommon-x11-0_1.5.0-1_amd64.deb ...
Unpacking libxkbcommon-x11-0:amd64 (1.5.0-1) ...
Selecting previously unselected package libxrender1:amd64.
Preparing to unpack .../142-libxrender1_1%3a0.9.10-1.1_amd64.deb ...
Unpacking libxrender1:amd64 (1:0.9.10-1.1) ...
Selecting previously unselected package libqt5gui5:amd64.
Preparing to unpack .../143-libqt5gui5_5.15.8+dfsg-11+deb12u3_amd64.deb ...
Unpacking libqt5gui5:amd64 (5.15.8+dfsg-11+deb12u3) ...
Selecting previously unselected package libqt5positioning5:amd64.
Preparing to unpack .../144-libqt5positioning5_5.15.8+dfsg-3+deb12u1_amd64.deb ...
Unpacking libqt5positioning5:amd64 (5.15.8+dfsg-3+deb12u1) ...
Selecting previously unselected package libqt5widgets5:amd64.
Preparing to unpack .../145-libqt5widgets5_5.15.8+dfsg-11+deb12u3_amd64.deb ...
Unpacking libqt5widgets5:amd64 (5.15.8+dfsg-11+deb12u3) ...
Selecting previously unselected package libqt5printsupport5:amd64.
Preparing to unpack .../146-libqt5printsupport5_5.15.8+dfsg-11+deb12u3_amd64.deb ...
Unpacking libqt5printsupport5:amd64 (5.15.8+dfsg-11+deb12u3) ...
Selecting previously unselected package libqt5qml5:amd64.
Preparing to unpack .../147-libqt5qml5_5.15.8+dfsg-3_amd64.deb ...
Unpacking libqt5qml5:amd64 (5.15.8+dfsg-3) ...
Selecting previously unselected package libqt5qmlmodels5:amd64.
Preparing to unpack .../148-libqt5qmlmodels5_5.15.8+dfsg-3_amd64.deb ...
Unpacking libqt5qmlmodels5:amd64 (5.15.8+dfsg-3) ...
Selecting previously unselected package libqt5quick5:amd64.
Preparing to unpack .../149-libqt5quick5_5.15.8+dfsg-3_amd64.deb ...
Unpacking libqt5quick5:amd64 (5.15.8+dfsg-3) ...
Selecting previously unselected package libqt5sensors5:amd64.
Preparing to unpack .../150-libqt5sensors5_5.15.8-2_amd64.deb ...
Unpacking libqt5sensors5:amd64 (5.15.8-2) ...
Selecting previously unselected package libqt5webchannel5:amd64.
Preparing to unpack .../151-libqt5webchannel5_5.15.8-2_amd64.deb ...
Unpacking libqt5webchannel5:amd64 (5.15.8-2) ...
Selecting previously unselected package libsqlite3-0:amd64.
Preparing to unpack .../152-libsqlite3-0_3.40.1-2+deb12u2_amd64.deb ...
Unpacking libsqlite3-0:amd64 (3.40.1-2+deb12u2) ...
Selecting previously unselected package libwoff1:amd64.
Preparing to unpack .../153-libwoff1_1.0.2-2_amd64.deb ...
Unpacking libwoff1:amd64 (1.0.2-2) ...
Selecting previously unselected package libxslt1.1:amd64.
Preparing to unpack .../154-libxslt1.1_1.1.35-1+deb12u3_amd64.deb ...
Unpacking libxslt1.1:amd64 (1.1.35-1+deb12u3) ...
Selecting previously unselected package libqt5webkit5:amd64.
Preparing to unpack .../155-libqt5webkit5_5.212.0~alpha4-30_amd64.deb ...
Unpacking libqt5webkit5:amd64 (5.212.0~alpha4-30) ...
Selecting previously unselected package libsane-common.
Preparing to unpack .../156-libsane-common_1.2.1-2_all.deb ...
Unpacking libsane-common (1.2.1-2) ...
Selecting previously unselected package poppler-data.
Preparing to unpack .../157-poppler-data_0.4.12-1_all.deb ...
Unpacking poppler-data (0.4.12-1) ...
Selecting previously unselected package libpython3.11-minimal:amd64.
Preparing to unpack .../158-libpython3.11-minimal_3.11.2-6+deb12u6_amd64.deb ...
Unpacking libpython3.11-minimal:amd64 (3.11.2-6+deb12u6) ...
Selecting previously unselected package python3.11-minimal.
Preparing to unpack .../159-python3.11-minimal_3.11.2-6+deb12u6_amd64.deb ...
Unpacking python3.11-minimal (3.11.2-6+deb12u6) ...
Setting up libpython3.11-minimal:amd64 (3.11.2-6+deb12u6) ...
Setting up python3.11-minimal (3.11.2-6+deb12u6) ...
Selecting previously unselected package python3-minimal.
(Reading database ... (Reading database ... 5%(Reading database ... 10%(Reading database ... 15%(Reading database ... 20%(Reading database ... 25%(Reading database ... 30%(Reading database ... 35%(Reading database ... 40%(Reading database ... 45%(Reading database ... 50%(Reading database ... 55%(Reading database ... 60%(Reading database ... 65%(Reading database ... 70%(Reading database ... 75%(Reading database ... 80%(Reading database ... 85%(Reading database ... 90%(Reading database ... 95%(Reading database ... 100%(Reading database ... 24132 files and directories currently installed.)
Preparing to unpack .../0-python3-minimal_3.11.2-1+b1_amd64.deb ...
Unpacking python3-minimal (3.11.2-1+b1) ...
Selecting previously unselected package media-types.
Preparing to unpack .../1-media-types_10.0.0_all.deb ...
Unpacking media-types (10.0.0) ...
Selecting previously unselected package libtirpc-common.
Preparing to unpack .../2-libtirpc-common_1.3.3+ds-1_all.deb ...
Unpacking libtirpc-common (1.3.3+ds-1) ...
Selecting previously unselected package libtirpc3:amd64.
Preparing to unpack .../3-libtirpc3_1.3.3+ds-1_amd64.deb ...
Unpacking libtirpc3:amd64 (1.3.3+ds-1) ...
Selecting previously unselected package libnsl2:amd64.
Preparing to unpack .../4-libnsl2_1.3.0-2_amd64.deb ...
Unpacking libnsl2:amd64 (1.3.0-2) ...
Selecting previously unselected package libpython3.11-stdlib:amd64.
Preparing to unpack .../5-libpython3.11-stdlib_3.11.2-6+deb12u6_amd64.deb ...
Unpacking libpython3.11-stdlib:amd64 (3.11.2-6+deb12u6) ...
Selecting previously unselected package python3.11.
Preparing to unpack .../6-python3.11_3.11.2-6+deb12u6_amd64.deb ...
Unpacking python3.11 (3.11.2-6+deb12u6) ...
Selecting previously unselected package libpython3-stdlib:amd64.
Preparing to unpack .../7-libpython3-stdlib_3.11.2-1+b1_amd64.deb ...
Unpacking libpython3-stdlib:amd64 (3.11.2-1+b1) ...
Setting up python3-minimal (3.11.2-1+b1) ...
Selecting previously unselected package python3.
(Reading database ... (Reading database ... 5%(Reading database ... 10%(Reading database ... 15%(Reading database ... 20%(Reading database ... 25%(Reading database ... 30%(Reading database ... 35%(Reading database ... 40%(Reading database ... 45%(Reading database ... 50%(Reading database ... 55%(Reading database ... 60%(Reading database ... 65%(Reading database ... 70%(Reading database ... 75%(Reading database ... 80%(Reading database ... 85%(Reading database ... 90%(Reading database ... 95%(Reading database ... 100%(Reading database ... 24562 files and directories currently installed.)
Preparing to unpack .../0000-python3_3.11.2-1+b1_amd64.deb ...
Unpacking python3 (3.11.2-1+b1) ...
Selecting previously unselected package qml-module-qtquick-window2:amd64.
Preparing to unpack .../0001-qml-module-qtquick-window2_5.15.8+dfsg-3_amd64.deb ...
Unpacking qml-module-qtquick-window2:amd64 (5.15.8+dfsg-3) ...
Selecting previously unselected package libqt5qmlworkerscript5:amd64.
Preparing to unpack .../0002-libqt5qmlworkerscript5_5.15.8+dfsg-3_amd64.deb ...
Unpacking libqt5qmlworkerscript5:amd64 (5.15.8+dfsg-3) ...
Selecting previously unselected package qml-module-qtquick2:amd64.
Preparing to unpack .../0003-qml-module-qtquick2_5.15.8+dfsg-3_amd64.deb ...
Unpacking qml-module-qtquick2:amd64 (5.15.8+dfsg-3) ...
Selecting previously unselected package qml-module-qtgraphicaleffects:amd64.
Preparing to unpack .../0004-qml-module-qtgraphicaleffects_5.15.8-2_amd64.deb ...
Unpacking qml-module-qtgraphicaleffects:amd64 (5.15.8-2) ...
Selecting previously unselected package qml-module-qtqml:amd64.
Preparing to unpack .../0005-qml-module-qtqml_5.15.8+dfsg-3_amd64.deb ...
Unpacking qml-module-qtqml:amd64 (5.15.8+dfsg-3) ...
Selecting previously unselected package qml-module-qtqml-models2:amd64.
Preparing to unpack .../0006-qml-module-qtqml-models2_5.15.8+dfsg-3_amd64.deb ...
Unpacking qml-module-qtqml-models2:amd64 (5.15.8+dfsg-3) ...
Selecting previously unselected package qml-module-qtquick-layouts:amd64.
Preparing to unpack .../0007-qml-module-qtquick-layouts_5.15.8+dfsg-3_amd64.deb ...
Unpacking qml-module-qtquick-layouts:amd64 (5.15.8+dfsg-3) ...
Selecting previously unselected package qml-module-qtquick-controls:amd64.
Preparing to unpack .../0008-qml-module-qtquick-controls_5.15.8-2_amd64.deb ...
Unpacking qml-module-qtquick-controls:amd64 (5.15.8-2) ...
Selecting previously unselected package libpopt0:amd64.
Preparing to unpack .../0009-libpopt0_1.19+dfsg-1_amd64.deb ...
Unpacking libpopt0:amd64 (1.19+dfsg-1) ...
Selecting previously unselected package rsync.
Preparing to unpack .../0010-rsync_3.2.7-1+deb12u4_amd64.deb ...
Unpacking rsync (3.2.7-1+deb12u4) ...
Selecting previously unselected package update-inetd.
Preparing to unpack .../0011-update-inetd_4.53_all.deb ...
Unpacking update-inetd (4.53) ...
Selecting previously unselected package libieee1284-3:amd64.
Preparing to unpack .../0012-libieee1284-3_0.2.11-14_amd64.deb ...
Unpacking libieee1284-3:amd64 (0.2.11-14) ...
Selecting previously unselected package acl.
Preparing to unpack .../0013-acl_2.3.1-3_amd64.deb ...
Unpacking acl (2.3.1-3) ...
Selecting previously unselected package libpixman-1-0:amd64.
Preparing to unpack .../0014-libpixman-1-0_0.42.2-1_amd64.deb ...
Unpacking libpixman-1-0:amd64 (0.42.2-1) ...
Selecting previously unselected package libcairo2:amd64.
Preparing to unpack .../0015-libcairo2_1.16.0-7_amd64.deb ...
Unpacking libcairo2:amd64 (1.16.0-7) ...
Selecting previously unselected package libcurl3-gnutls:amd64.
Preparing to unpack .../0016-libcurl3-gnutls_7.88.1-10+deb12u14_amd64.deb ...
Unpacking libcurl3-gnutls:amd64 (7.88.1-10+deb12u14) ...
Selecting previously unselected package libabsl20220623:amd64.
Preparing to unpack .../0017-libabsl20220623_20220623.1-1+deb12u2_amd64.deb ...
Unpacking libabsl20220623:amd64 (20220623.1-1+deb12u2) ...
Selecting previously unselected package libgav1-1:amd64.
Preparing to unpack .../0018-libgav1-1_0.18.0-1+b1_amd64.deb ...
Unpacking libgav1-1:amd64 (0.18.0-1+b1) ...
Selecting previously unselected package librav1e0:amd64.
Preparing to unpack .../0019-librav1e0_0.5.1-6_amd64.deb ...
Unpacking librav1e0:amd64 (0.5.1-6) ...
Selecting previously unselected package libsvtav1enc1:amd64.
Preparing to unpack .../0020-libsvtav1enc1_1.4.1+dfsg-1_amd64.deb ...
Unpacking libsvtav1enc1:amd64 (1.4.1+dfsg-1) ...
Selecting previously unselected package libyuv0:amd64.
Preparing to unpack .../0021-libyuv0_0.0~git20230123.b2528b0-1_amd64.deb ...
Unpacking libyuv0:amd64 (0.0~git20230123.b2528b0-1) ...
Selecting previously unselected package libavif15:amd64.
Preparing to unpack .../0022-libavif15_0.11.1-1+deb12u1_amd64.deb ...
Unpacking libavif15:amd64 (0.11.1-1+deb12u1) ...
Selecting previously unselected package libxpm4:amd64.
Preparing to unpack .../0023-libxpm4_1%3a3.5.12-1.1+deb12u1_amd64.deb ...
Unpacking libxpm4:amd64 (1:3.5.12-1.1+deb12u1) ...
Selecting previously unselected package libgd3:amd64.
Preparing to unpack .../0024-libgd3_2.3.3-9_amd64.deb ...
Unpacking libgd3:amd64 (2.3.3-9) ...
Selecting previously unselected package libusb-1.0-0:amd64.
Preparing to unpack .../0025-libusb-1.0-0_2%3a1.0.26-1_amd64.deb ...
Unpacking libusb-1.0-0:amd64 (2:1.0.26-1) ...
Selecting previously unselected package libgphoto2-port12:amd64.
Preparing to unpack .../0026-libgphoto2-port12_2.5.30-1_amd64.deb ...
Unpacking libgphoto2-port12:amd64 (2.5.30-1) ...
Selecting previously unselected package libgphoto2-6:amd64.
Preparing to unpack .../0027-libgphoto2-6_2.5.30-1_amd64.deb ...
Unpacking libgphoto2-6:amd64 (2.5.30-1) ...
Selecting previously unselected package libnspr4:amd64.
Preparing to unpack .../0028-libnspr4_2%3a4.35-1_amd64.deb ...
Unpacking libnspr4:amd64 (2:4.35-1) ...
Selecting previously unselected package libnss3:amd64.
Preparing to unpack .../0029-libnss3_2%3a3.87.1-1+deb12u1_amd64.deb ...
Unpacking libnss3:amd64 (2:3.87.1-1+deb12u1) ...
Selecting previously unselected package libpoppler126:amd64.
Preparing to unpack .../0030-libpoppler126_22.12.0-2+deb12u1_amd64.deb ...
Unpacking libpoppler126:amd64 (22.12.0-2+deb12u1) ...
Selecting previously unselected package libpoppler-glib8:amd64.
Preparing to unpack .../0031-libpoppler-glib8_22.12.0-2+deb12u1_amd64.deb ...
Unpacking libpoppler-glib8:amd64 (22.12.0-2+deb12u1) ...
Selecting previously unselected package pci.ids.
Preparing to unpack .../0032-pci.ids_0.0~2023.04.11-1_all.deb ...
Unpacking pci.ids (0.0~2023.04.11-1) ...
Selecting previously unselected package libpci3:amd64.
Preparing to unpack .../0033-libpci3_1%3a3.9.0-4_amd64.deb ...
Unpacking libpci3:amd64 (1:3.9.0-4) ...
Selecting previously unselected package libwrap0:amd64.
Preparing to unpack .../0034-libwrap0_7.6.q-32_amd64.deb ...
Unpacking libwrap0:amd64 (7.6.q-32) ...
Selecting previously unselected package libsnmp-base.
Preparing to unpack .../0035-libsnmp-base_5.9.3+dfsg-2+deb12u1_all.deb ...
Unpacking libsnmp-base (5.9.3+dfsg-2+deb12u1) ...
Selecting previously unselected package libsnmp40:amd64.
Preparing to unpack .../0036-libsnmp40_5.9.3+dfsg-2+deb12u1_amd64.deb ...
Unpacking libsnmp40:amd64 (5.9.3+dfsg-2+deb12u1) ...
Selecting previously unselected package libsane1:amd64.
Preparing to unpack .../0037-libsane1_1.2.1-2_amd64.deb ...
Unpacking libsane1:amd64 (1.2.1-2) ...
Selecting previously unselected package sane-utils.
Preparing to unpack .../0038-sane-utils_1.2.1-2_amd64.deb ...
Unpacking sane-utils (1.2.1-2) ...
Selecting previously unselected package sgml-base.
Preparing to unpack .../0039-sgml-base_1.31_all.deb ...
Unpacking sgml-base (1.31) ...
Selecting previously unselected package tasksel-data.
Preparing to unpack .../0040-tasksel-data_3.73_all.deb ...
Unpacking tasksel-data (3.73) ...
Selecting previously unselected package tasksel.
Preparing to unpack .../0041-tasksel_3.73_all.deb ...
Unpacking tasksel (3.73) ...
Selecting previously unselected package uuid-runtime.
Preparing to unpack .../0042-uuid-runtime_2.38.1-5+deb12u3_amd64.deb ...
Unpacking uuid-runtime (2.38.1-5+deb12u3) ...
Selecting previously unselected package dmidecode.
Preparing to unpack .../0043-dmidecode_3.4-1_amd64.deb ...
Unpacking dmidecode (3.4-1) ...
Selecting previously unselected package fdisk.
Preparing to unpack .../0044-fdisk_2.38.1-5+deb12u3_amd64.deb ...
Unpacking fdisk (2.38.1-5+deb12u3) ...
Selecting previously unselected package libbpf1:amd64.
Preparing to unpack .../0045-libbpf1_1%3a1.1.2-0+deb12u1_amd64.deb ...
Unpacking libbpf1:amd64 (1:1.1.2-0+deb12u1) ...
Selecting previously unselected package libmnl0:amd64.
Preparing to unpack .../0046-libmnl0_1.0.4-3_amd64.deb ...
Unpacking libmnl0:amd64 (1.0.4-3) ...
Selecting previously unselected package libxtables12:amd64.
Preparing to unpack .../0047-libxtables12_1.8.9-2_amd64.deb ...
Unpacking libxtables12:amd64 (1.8.9-2) ...
Selecting previously unselected package iproute2.
Preparing to unpack .../0048-iproute2_6.1.0-3_amd64.deb ...
Unpacking iproute2 (6.1.0-3) ...
Selecting previously unselected package netbase.
Preparing to unpack .../0049-netbase_6.4_all.deb ...
Unpacking netbase (6.4) ...
Selecting previously unselected package python-apt-common.
Preparing to unpack .../0050-python-apt-common_2.6.0_all.deb ...
Unpacking python-apt-common (2.6.0) ...
Selecting previously unselected package distro-info-data.
Preparing to unpack .../0051-distro-info-data_0.58+deb12u6_all.deb ...
Unpacking distro-info-data (0.58+deb12u6) ...
Selecting previously unselected package python3-apt.
Preparing to unpack .../0052-python3-apt_2.6.0_amd64.deb ...
Unpacking python3-apt (2.6.0) ...
Selecting previously unselected package python3-debconf.
Preparing to unpack .../0053-python3-debconf_1.5.82_all.deb ...
Unpacking python3-debconf (1.5.82) ...
Selecting previously unselected package apt-listchanges.
Preparing to unpack .../0054-apt-listchanges_3.24_all.deb ...
Unpacking apt-listchanges (3.24) ...
Selecting previously unselected package libuv1:amd64.
Preparing to unpack .../0055-libuv1_1.44.2-1+deb12u1_amd64.deb ...
Unpacking libuv1:amd64 (1.44.2-1+deb12u1) ...
Selecting previously unselected package libfstrm0:amd64.
Preparing to unpack .../0056-libfstrm0_0.6.1-1_amd64.deb ...
Unpacking libfstrm0:amd64 (0.6.1-1) ...
Selecting previously unselected package libjemalloc2:amd64.
Preparing to unpack .../0057-libjemalloc2_5.3.0-1_amd64.deb ...
Unpacking libjemalloc2:amd64 (5.3.0-1) ...
Selecting previously unselected package liblmdb0:amd64.
Preparing to unpack .../0058-liblmdb0_0.9.24-1_amd64.deb ...
Unpacking liblmdb0:amd64 (0.9.24-1) ...
Selecting previously unselected package libmaxminddb0:amd64.
Preparing to unpack .../0059-libmaxminddb0_1.7.1-1_amd64.deb ...
Unpacking libmaxminddb0:amd64 (1.7.1-1) ...
Selecting previously unselected package libprotobuf-c1:amd64.
Preparing to unpack .../0060-libprotobuf-c1_1.4.1-1+b1_amd64.deb ...
Unpacking libprotobuf-c1:amd64 (1.4.1-1+b1) ...
Selecting previously unselected package bind9-libs:amd64.
Preparing to unpack .../0061-bind9-libs_1%3a9.18.44-1~deb12u1_amd64.deb ...
Unpacking bind9-libs:amd64 (1:9.18.44-1~deb12u1) ...
Selecting previously unselected package bind9-host.
Preparing to unpack .../0062-bind9-host_1%3a9.18.44-1~deb12u1_amd64.deb ...
Unpacking bind9-host (1:9.18.44-1~deb12u1) ...
Selecting previously unselected package bind9-dnsutils.
Preparing to unpack .../0063-bind9-dnsutils_1%3a9.18.44-1~deb12u1_amd64.deb ...
Unpacking bind9-dnsutils (1:9.18.44-1~deb12u1) ...
Selecting previously unselected package bzip2.
Preparing to unpack .../0064-bzip2_1.0.8-5+b1_amd64.deb ...
Unpacking bzip2 (1.0.8-5+b1) ...
Selecting previously unselected package libmagic-mgc.
Preparing to unpack .../0065-libmagic-mgc_1%3a5.44-3_amd64.deb ...
Unpacking libmagic-mgc (1:5.44-3) ...
Selecting previously unselected package libmagic1:amd64.
Preparing to unpack .../0066-libmagic1_1%3a5.44-3_amd64.deb ...
Unpacking libmagic1:amd64 (1:5.44-3) ...
Selecting previously unselected package file.
Preparing to unpack .../0067-file_1%3a5.44-3_amd64.deb ...
Unpacking file (1:5.44-3) ...
Selecting previously unselected package gettext-base.
Preparing to unpack .../0068-gettext-base_0.21-12_amd64.deb ...
Unpacking gettext-base (0.21-12) ...
Selecting previously unselected package libuchardet0:amd64.
Preparing to unpack .../0069-libuchardet0_0.0.7-1_amd64.deb ...
Unpacking libuchardet0:amd64 (0.0.7-1) ...
Selecting previously unselected package groff-base.
Preparing to unpack .../0070-groff-base_1.22.4-10_amd64.deb ...
Unpacking groff-base (1.22.4-10) ...
Selecting previously unselected package liblockfile-bin.
Preparing to unpack .../0071-liblockfile-bin_1.17-1+b1_amd64.deb ...
Unpacking liblockfile-bin (1.17-1+b1) ...
Selecting previously unselected package libpam-systemd:amd64.
Preparing to unpack .../0072-libpam-systemd_252.39-1~deb12u1_amd64.deb ...
Unpacking libpam-systemd:amd64 (252.39-1~deb12u1) ...
Selecting previously unselected package lsof.
Preparing to unpack .../0073-lsof_4.95.0-1_amd64.deb ...
Unpacking lsof (4.95.0-1) ...
Selecting previously unselected package bsdextrautils.
Preparing to unpack .../0074-bsdextrautils_2.38.1-5+deb12u3_amd64.deb ...
Unpacking bsdextrautils (2.38.1-5+deb12u3) ...
Selecting previously unselected package libpipeline1:amd64.
Preparing to unpack .../0075-libpipeline1_1.5.7-1_amd64.deb ...
Unpacking libpipeline1:amd64 (1.5.7-1) ...
Selecting previously unselected package man-db.
Preparing to unpack .../0076-man-db_2.11.2-2_amd64.deb ...
Unpacking man-db (2.11.2-2) ...
Selecting previously unselected package netcat-traditional.
Preparing to unpack .../0077-netcat-traditional_1.10-47_amd64.deb ...
Unpacking netcat-traditional (1.10-47) ...
Selecting previously unselected package libcbor0.8:amd64.
Preparing to unpack .../0078-libcbor0.8_0.8.0-2+b1_amd64.deb ...
Unpacking libcbor0.8:amd64 (0.8.0-2+b1) ...
Selecting previously unselected package libfido2-1:amd64.
Preparing to unpack .../0079-libfido2-1_1.12.0-2+b1_amd64.deb ...
Unpacking libfido2-1:amd64 (1.12.0-2+b1) ...
Selecting previously unselected package openssh-client.
Preparing to unpack .../0080-openssh-client_1%3a9.2p1-2+deb12u7_amd64.deb ...
Unpacking openssh-client (1:9.2p1-2+deb12u7) ...
Selecting previously unselected package pciutils.
Preparing to unpack .../0081-pciutils_1%3a3.9.0-4_amd64.deb ...
Unpacking pciutils (1:3.9.0-4) ...
Selecting previously unselected package wamerican.
Preparing to unpack .../0082-wamerican_2020.12.07-2_all.deb ...
Unpacking wamerican (2020.12.07-2) ...
Selecting previously unselected package xz-utils.
Preparing to unpack .../0083-xz-utils_5.4.1-1_amd64.deb ...
Unpacking xz-utils (5.4.1-1) ...
Selecting previously unselected package libaccountsservice0:amd64.
Preparing to unpack .../0084-libaccountsservice0_22.08.8-6_amd64.deb ...
Unpacking libaccountsservice0:amd64 (22.08.8-6) ...
Selecting previously unselected package libpolkit-gobject-1-0:amd64.
Preparing to unpack .../0085-libpolkit-gobject-1-0_122-3_amd64.deb ...
Unpacking libpolkit-gobject-1-0:amd64 (122-3) ...
Selecting previously unselected package accountsservice.
Preparing to unpack .../0086-accountsservice_22.08.8-6_amd64.deb ...
Unpacking accountsservice (22.08.8-6) ...
Selecting previously unselected package hicolor-icon-theme.
Preparing to unpack .../0087-hicolor-icon-theme_0.17-2_all.deb ...
Unpacking hicolor-icon-theme (0.17-2) ...
Selecting previously unselected package libgdk-pixbuf2.0-common.
Preparing to unpack .../0088-libgdk-pixbuf2.0-common_2.42.10+dfsg-1+deb12u3_all.deb ...
Unpacking libgdk-pixbuf2.0-common (2.42.10+dfsg-1+deb12u3) ...
Selecting previously unselected package libgdk-pixbuf-2.0-0:amd64.
Preparing to unpack .../0089-libgdk-pixbuf-2.0-0_2.42.10+dfsg-1+deb12u3_amd64.deb ...
Unpacking libgdk-pixbuf-2.0-0:amd64 (2.42.10+dfsg-1+deb12u3) ...
Selecting previously unselected package gtk-update-icon-cache.
Preparing to unpack .../0090-gtk-update-icon-cache_3.24.38-2~deb12u3_amd64.deb ...
Unpacking gtk-update-icon-cache (3.24.38-2~deb12u3) ...
Selecting previously unselected package adwaita-icon-theme.
Preparing to unpack .../0091-adwaita-icon-theme_43-1_all.deb ...
Unpacking adwaita-icon-theme (43-1) ...
Selecting previously unselected package dbus-user-session.
Preparing to unpack .../0092-dbus-user-session_1.14.10-1~deb12u1_amd64.deb ...
Unpacking dbus-user-session (1.14.10-1~deb12u1) ...
Selecting previously unselected package libdconf1:amd64.
Preparing to unpack .../0093-libdconf1_0.40.0-4_amd64.deb ...
Unpacking libdconf1:amd64 (0.40.0-4) ...
Selecting previously unselected package dconf-service.
Preparing to unpack .../0094-dconf-service_0.40.0-4_amd64.deb ...
Unpacking dconf-service (0.40.0-4) ...
Selecting previously unselected package dconf-gsettings-backend:amd64.
Preparing to unpack .../0095-dconf-gsettings-backend_0.40.0-4_amd64.deb ...
Unpacking dconf-gsettings-backend:amd64 (0.40.0-4) ...
Selecting previously unselected package libgc1:amd64.
Preparing to unpack .../0096-libgc1_1%3a8.2.2-3_amd64.deb ...
Unpacking libgc1:amd64 (1:8.2.2-3) ...
Selecting previously unselected package guile-3.0-libs:amd64.
Preparing to unpack .../0097-guile-3.0-libs_3.0.8-2_amd64.deb ...
Unpacking guile-3.0-libs:amd64 (3.0.8-2) ...
Selecting previously unselected package at-spi2-common.
Preparing to unpack .../0098-at-spi2-common_2.46.0-5_all.deb ...
Unpacking at-spi2-common (2.46.0-5) ...
Selecting previously unselected package libatk1.0-0:amd64.
Preparing to unpack .../0099-libatk1.0-0_2.46.0-5_amd64.deb ...
Unpacking libatk1.0-0:amd64 (2.46.0-5) ...
Selecting previously unselected package libtdb1:amd64.
Preparing to unpack .../0100-libtdb1_1.4.8-2_amd64.deb ...
Unpacking libtdb1:amd64 (1.4.8-2) ...
Selecting previously unselected package libogg0:amd64.
Preparing to unpack .../0101-libogg0_1.3.5-3_amd64.deb ...
Unpacking libogg0:amd64 (1.3.5-3) ...
Selecting previously unselected package libvorbis0a:amd64.
Preparing to unpack .../0102-libvorbis0a_1.3.7-1_amd64.deb ...
Unpacking libvorbis0a:amd64 (1.3.7-1) ...
Selecting previously unselected package libvorbisfile3:amd64.
Preparing to unpack .../0103-libvorbisfile3_1.3.7-1_amd64.deb ...
Unpacking libvorbisfile3:amd64 (1.3.7-1) ...
Selecting previously unselected package sound-theme-freedesktop.
Preparing to unpack .../0104-sound-theme-freedesktop_0.8-2_all.deb ...
Unpacking sound-theme-freedesktop (0.8-2) ...
Selecting previously unselected package libcanberra0:amd64.
Preparing to unpack .../0105-libcanberra0_0.30-10_amd64.deb ...
Unpacking libcanberra0:amd64 (0.30-10) ...
Selecting previously unselected package libxi6:amd64.
Preparing to unpack .../0106-libxi6_2%3a1.8-1+b1_amd64.deb ...
Unpacking libxi6:amd64 (2:1.8-1+b1) ...
Selecting previously unselected package libatspi2.0-0:amd64.
Preparing to unpack .../0107-libatspi2.0-0_2.46.0-5_amd64.deb ...
Unpacking libatspi2.0-0:amd64 (2.46.0-5) ...
Selecting previously unselected package libatk-bridge2.0-0:amd64.
Preparing to unpack .../0108-libatk-bridge2.0-0_2.46.0-5_amd64.deb ...
Unpacking libatk-bridge2.0-0:amd64 (2.46.0-5) ...
Selecting previously unselected package libcairo-gobject2:amd64.
Preparing to unpack .../0109-libcairo-gobject2_1.16.0-7_amd64.deb ...
Unpacking libcairo-gobject2:amd64 (1.16.0-7) ...
Selecting previously unselected package libcolord2:amd64.
Preparing to unpack .../0110-libcolord2_1.4.6-2.2_amd64.deb ...
Unpacking libcolord2:amd64 (1.4.6-2.2) ...
Selecting previously unselected package libepoxy0:amd64.
Preparing to unpack .../0111-libepoxy0_1.5.10-1_amd64.deb ...
Unpacking libepoxy0:amd64 (1.5.10-1) ...
Selecting previously unselected package libfribidi0:amd64.
Preparing to unpack .../0112-libfribidi0_1.0.8-2.1_amd64.deb ...
Unpacking libfribidi0:amd64 (1.0.8-2.1) ...
Selecting previously unselected package libthai-data.
Preparing to unpack .../0113-libthai-data_0.1.29-1_all.deb ...
Unpacking libthai-data (0.1.29-1) ...
Selecting previously unselected package libdatrie1:amd64.
Preparing to unpack .../0114-libdatrie1_0.2.13-2+b1_amd64.deb ...
Unpacking libdatrie1:amd64 (0.2.13-2+b1) ...
Selecting previously unselected package libthai0:amd64.
Preparing to unpack .../0115-libthai0_0.1.29-1_amd64.deb ...
Unpacking libthai0:amd64 (0.1.29-1) ...
Selecting previously unselected package libpango-1.0-0:amd64.
Preparing to unpack .../0116-libpango-1.0-0_1.50.12+ds-1_amd64.deb ...
Unpacking libpango-1.0-0:amd64 (1.50.12+ds-1) ...
Selecting previously unselected package libpangoft2-1.0-0:amd64.
Preparing to unpack .../0117-libpangoft2-1.0-0_1.50.12+ds-1_amd64.deb ...
Unpacking libpangoft2-1.0-0:amd64 (1.50.12+ds-1) ...
Selecting previously unselected package libpangocairo-1.0-0:amd64.
Preparing to unpack .../0118-libpangocairo-1.0-0_1.50.12+ds-1_amd64.deb ...
Unpacking libpangocairo-1.0-0:amd64 (1.50.12+ds-1) ...
Selecting previously unselected package libwayland-cursor0:amd64.
Preparing to unpack .../0119-libwayland-cursor0_1.21.0-1_amd64.deb ...
Unpacking libwayland-cursor0:amd64 (1.21.0-1) ...
Selecting previously unselected package libwayland-egl1:amd64.
Preparing to unpack .../0120-libwayland-egl1_1.21.0-1_amd64.deb ...
Unpacking libwayland-egl1:amd64 (1.21.0-1) ...
Selecting previously unselected package libxcomposite1:amd64.
Preparing to unpack .../0121-libxcomposite1_1%3a0.4.5-1_amd64.deb ...
Unpacking libxcomposite1:amd64 (1:0.4.5-1) ...
Selecting previously unselected package libxcursor1:amd64.
Preparing to unpack .../0122-libxcursor1_1%3a1.2.1-1_amd64.deb ...
Unpacking libxcursor1:amd64 (1:1.2.1-1) ...
Selecting previously unselected package libxdamage1:amd64.
Preparing to unpack .../0123-libxdamage1_1%3a1.1.6-1_amd64.deb ...
Unpacking libxdamage1:amd64 (1:1.1.6-1) ...
Selecting previously unselected package libxinerama1:amd64.
Preparing to unpack .../0124-libxinerama1_2%3a1.1.4-3_amd64.deb ...
Unpacking libxinerama1:amd64 (2:1.1.4-3) ...
Selecting previously unselected package libxrandr2:amd64.
Preparing to unpack .../0125-libxrandr2_2%3a1.5.2-2+b1_amd64.deb ...
Unpacking libxrandr2:amd64 (2:1.5.2-2+b1) ...
Selecting previously unselected package libgtk-3-common.
Preparing to unpack .../0126-libgtk-3-common_3.24.38-2~deb12u3_all.deb ...
Unpacking libgtk-3-common (3.24.38-2~deb12u3) ...
Selecting previously unselected package libgtk-3-0:amd64.
Preparing to unpack .../0127-libgtk-3-0_3.24.38-2~deb12u3_amd64.deb ...
Unpacking libgtk-3-0:amd64 (3.24.38-2~deb12u3) ...
Selecting previously unselected package libcanberra-gtk3-0:amd64.
Preparing to unpack .../0128-libcanberra-gtk3-0_0.30-10_amd64.deb ...
Unpacking libcanberra-gtk3-0:amd64 (0.30-10) ...
Selecting previously unselected package librsvg2-2:amd64.
Preparing to unpack .../0129-librsvg2-2_2.54.7+dfsg-1~deb12u1_amd64.deb ...
Unpacking librsvg2-2:amd64 (2.54.7+dfsg-1~deb12u1) ...
Selecting previously unselected package aisleriot.
Preparing to unpack .../0130-aisleriot_1%3a3.22.23-1_amd64.deb ...
Unpacking aisleriot (1:3.22.23-1) ...
Selecting previously unselected package alsa-topology-conf.
Preparing to unpack .../0131-alsa-topology-conf_1.2.5.1-2_all.deb ...
Unpacking alsa-topology-conf (1.2.5.1-2) ...
Selecting previously unselected package alsa-ucm-conf.
Preparing to unpack .../0132-alsa-ucm-conf_1.2.8-1_all.deb ...
Unpacking alsa-ucm-conf (1.2.8-1) ...
Selecting previously unselected package libatopology2:amd64.
Preparing to unpack .../0133-libatopology2_1.2.8-1+b1_amd64.deb ...
Unpacking libatopology2:amd64 (1.2.8-1+b1) ...
Selecting previously unselected package libfftw3-single3:amd64.
Preparing to unpack .../0134-libfftw3-single3_3.3.10-1_amd64.deb ...
Unpacking libfftw3-single3:amd64 (3.3.10-1) ...
Selecting previously unselected package libsamplerate0:amd64.
Preparing to unpack .../0135-libsamplerate0_0.2.2-3_amd64.deb ...
Unpacking libsamplerate0:amd64 (0.2.2-3) ...
Selecting previously unselected package alsa-utils.
Preparing to unpack .../0136-alsa-utils_1.2.8-1_amd64.deb ...
Unpacking alsa-utils (1.2.8-1) ...
Selecting previously unselected package anacron.
Preparing to unpack .../0137-anacron_2.3-36_amd64.deb ...
Unpacking anacron (2.3-36) ...
Selecting previously unselected package libapr1:amd64.
Preparing to unpack .../0138-libapr1_1.7.2-3+deb12u1_amd64.deb ...
Unpacking libapr1:amd64 (1.7.2-3+deb12u1) ...
Selecting previously unselected package libaprutil1:amd64.
Preparing to unpack .../0139-libaprutil1_1.6.3-1_amd64.deb ...
Unpacking libaprutil1:amd64 (1.6.3-1) ...
Selecting previously unselected package libaprutil1-dbd-sqlite3:amd64.
Preparing to unpack .../0140-libaprutil1-dbd-sqlite3_1.6.3-1_amd64.deb ...
Unpacking libaprutil1-dbd-sqlite3:amd64 (1.6.3-1) ...
Selecting previously unselected package libaprutil1-ldap:amd64.
Preparing to unpack .../0141-libaprutil1-ldap_1.6.3-1_amd64.deb ...
Unpacking libaprutil1-ldap:amd64 (1.6.3-1) ...
Selecting previously unselected package libjansson4:amd64.
Preparing to unpack .../0142-libjansson4_2.14-2_amd64.deb ...
Unpacking libjansson4:amd64 (2.14-2) ...
Selecting previously unselected package liblua5.3-0:amd64.
Preparing to unpack .../0143-liblua5.3-0_5.3.6-2_amd64.deb ...
Unpacking liblua5.3-0:amd64 (5.3.6-2) ...
Selecting previously unselected package apache2-bin.
Preparing to unpack .../0144-apache2-bin_2.4.66-1~deb12u1_amd64.deb ...
Unpacking apache2-bin (2.4.66-1~deb12u1) ...
Selecting previously unselected package apg.
Preparing to unpack .../0145-apg_2.2.3.dfsg.1-5+b2_amd64.deb ...
Unpacking apg (2.2.3.dfsg.1-5+b2) ...
Selecting previously unselected package apparmor.
Preparing to unpack .../0146-apparmor_3.0.8-3_amd64.deb ...
Unpacking apparmor (3.0.8-3) ...
Selecting previously unselected package libstemmer0d:amd64.
Preparing to unpack .../0147-libstemmer0d_2.2.0-2_amd64.deb ...
Unpacking libstemmer0d:amd64 (2.2.0-2) ...
Selecting previously unselected package libxmlb2:amd64.
Preparing to unpack .../0148-libxmlb2_0.3.10-2_amd64.deb ...
Unpacking libxmlb2:amd64 (0.3.10-2) ...
Selecting previously unselected package libyaml-0-2:amd64.
Preparing to unpack .../0149-libyaml-0-2_0.2.5-1_amd64.deb ...
Unpacking libyaml-0-2:amd64 (0.2.5-1) ...
Selecting previously unselected package libappstream4:amd64.
Preparing to unpack .../0150-libappstream4_0.16.1-2_amd64.deb ...
Unpacking libappstream4:amd64 (0.16.1-2) ...
Selecting previously unselected package appstream.
Preparing to unpack .../0151-appstream_0.16.1-2_amd64.deb ...
Unpacking appstream (0.16.1-2) ...
Selecting previously unselected package apt-config-icons.
Preparing to unpack .../0152-apt-config-icons_0.16.1-2_all.deb ...
Unpacking apt-config-icons (0.16.1-2) ...
Selecting previously unselected package libaspell15:amd64.
Preparing to unpack .../0153-libaspell15_0.60.8-4+b1_amd64.deb ...
Unpacking libaspell15:amd64 (0.60.8-4+b1) ...
Selecting previously unselected package libtext-iconv-perl:amd64.
Preparing to unpack .../0154-libtext-iconv-perl_1.7-8_amd64.deb ...
Unpacking libtext-iconv-perl:amd64 (1.7-8) ...
Selecting previously unselected package emacsen-common.
Preparing to unpack .../0155-emacsen-common_3.0.5_all.deb ...
Unpacking emacsen-common (3.0.5) ...
Selecting previously unselected package dictionaries-common.
Preparing to unpack .../0156-dictionaries-common_1.29.5_all.deb ...
Adding 'diversion of /usr/share/dict/words to /usr/share/dict/words.pre-dictionaries-common by dictionaries-common'
Unpacking dictionaries-common (1.29.5) ...
Selecting previously unselected package aspell.
Preparing to unpack .../0157-aspell_0.60.8-4+b1_amd64.deb ...
Unpacking aspell (0.60.8-4+b1) ...
Selecting previously unselected package aspell-en.
Preparing to unpack .../0158-aspell-en_2020.12.07-0-1_all.deb ...
Unpacking aspell-en (2020.12.07-0-1) ...
Selecting previously unselected package libxtst6:amd64.
Preparing to unpack .../0159-libxtst6_2%3a1.2.3-1.1_amd64.deb ...
Unpacking libxtst6:amd64 (2:1.2.3-1.1) ...
Selecting previously unselected package gsettings-desktop-schemas.
Preparing to unpack .../0160-gsettings-desktop-schemas_43.0-1_all.deb ...
Unpacking gsettings-desktop-schemas (43.0-1) ...
Selecting previously unselected package at-spi2-core.
Preparing to unpack .../0161-at-spi2-core_2.46.0-5_amd64.deb ...
Unpacking at-spi2-core (2.46.0-5) ...
Selecting previously unselected package libavahi-core7:amd64.
Preparing to unpack .../0162-libavahi-core7_0.8-10+deb12u1_amd64.deb ...
Unpacking libavahi-core7:amd64 (0.8-10+deb12u1) ...
Selecting previously unselected package libdaemon0:amd64.
Preparing to unpack .../0163-libdaemon0_0.14-7.1_amd64.deb ...
Unpacking libdaemon0:amd64 (0.14-7.1) ...
Selecting previously unselected package avahi-daemon.
Preparing to unpack .../0164-avahi-daemon_0.8-10+deb12u1_amd64.deb ...
Unpacking avahi-daemon (0.8-10+deb12u1) ...
Selecting previously unselected package libgraphene-1.0-0:amd64.
Preparing to unpack .../0165-libgraphene-1.0-0_1.10.8-1_amd64.deb ...
Unpacking libgraphene-1.0-0:amd64 (1.10.8-1) ...
Selecting previously unselected package liblzo2-2:amd64.
Preparing to unpack .../0166-liblzo2-2_2.10-2_amd64.deb ...
Unpacking liblzo2-2:amd64 (2.10-2) ...
Selecting previously unselected package libcairo-script-interpreter2:amd64.
Preparing to unpack .../0167-libcairo-script-interpreter2_1.16.0-7_amd64.deb ...
Unpacking libcairo-script-interpreter2:amd64 (1.16.0-7) ...
Selecting previously unselected package libcloudproviders0:amd64.
Preparing to unpack .../0168-libcloudproviders0_0.3.1-2_amd64.deb ...
Unpacking libcloudproviders0:amd64 (0.3.1-2) ...
Selecting previously unselected package libgtk-4-common.
Preparing to unpack .../0169-libgtk-4-common_4.8.3+ds-2+deb12u1_all.deb ...
Unpacking libgtk-4-common (4.8.3+ds-2+deb12u1) ...
Selecting previously unselected package libgtk-4-1:amd64.
Preparing to unpack .../0170-libgtk-4-1_4.8.3+ds-2+deb12u1_amd64.deb ...
Unpacking libgtk-4-1:amd64 (4.8.3+ds-2+deb12u1) ...
Selecting previously unselected package libadwaita-1-0:amd64.
Preparing to unpack .../0171-libadwaita-1-0_1.2.2-1_amd64.deb ...
Unpacking libadwaita-1-0:amd64 (1.2.2-1) ...
Selecting previously unselected package baobab.
Preparing to unpack .../0172-baobab_43.0-1_amd64.deb ...
Unpacking baobab (43.0-1) ...
Selecting previously unselected package libical3:amd64.
Preparing to unpack .../0173-libical3_3.0.16-1+b1_amd64.deb ...
Unpacking libical3:amd64 (3.0.16-1+b1) ...
Selecting previously unselected package bluez-obexd.
Preparing to unpack .../0174-bluez-obexd_5.66-1+deb12u2_amd64.deb ...
Unpacking bluez-obexd (5.66-1+deb12u2) ...
Selecting previously unselected package bogofilter-common.
Preparing to unpack .../0175-bogofilter-common_1.2.5-1+b2_amd64.deb ...
Unpacking bogofilter-common (1.2.5-1+b2) ...
Selecting previously unselected package libgslcblas0:amd64.
Preparing to unpack .../0176-libgslcblas0_2.7.1+dfsg-5+deb12u1_amd64.deb ...
Unpacking libgslcblas0:amd64 (2.7.1+dfsg-5+deb12u1) ...
Selecting previously unselected package libgsl27:amd64.
Preparing to unpack .../0177-libgsl27_2.7.1+dfsg-5+deb12u1_amd64.deb ...
Unpacking libgsl27:amd64 (2.7.1+dfsg-5+deb12u1) ...
Selecting previously unselected package bogofilter-bdb.
Preparing to unpack .../0178-bogofilter-bdb_1.2.5-1+b2_amd64.deb ...
Unpacking bogofilter-bdb (1.2.5-1+b2) ...
Selecting previously unselected package bogofilter.
Preparing to unpack .../0179-bogofilter_1.2.5-1+b2_amd64.deb ...
Unpacking bogofilter (1.2.5-1+b2) ...
Selecting previously unselected package bolt.
Preparing to unpack .../0180-bolt_0.9.5-1_amd64.deb ...
Unpacking bolt (0.9.5-1) ...
Selecting previously unselected package brasero-common.
Preparing to unpack .../0181-brasero-common_3.12.3-2_all.deb ...
Unpacking brasero-common (3.12.3-2) ...
Selecting previously unselected package exim4-config.
Preparing to unpack .../0182-exim4-config_4.96-15+deb12u7_all.deb ...
Unpacking exim4-config (4.96-15+deb12u7) ...
Selecting previously unselected package exim4-base.
Preparing to unpack .../0183-exim4-base_4.96-15+deb12u7_amd64.deb ...
Unpacking exim4-base (4.96-15+deb12u7) ...
Selecting previously unselected package libevent-2.1-7:amd64.
Preparing to unpack .../0184-libevent-2.1-7_2.1.12-stable-8_amd64.deb ...
Unpacking libevent-2.1-7:amd64 (2.1.12-stable-8) ...
Selecting previously unselected package libunbound8:amd64.
Preparing to unpack .../0185-libunbound8_1.17.1-2+deb12u4_amd64.deb ...
Unpacking libunbound8:amd64 (1.17.1-2+deb12u4) ...
Selecting previously unselected package libgnutls-dane0:amd64.
Preparing to unpack .../0186-libgnutls-dane0_3.7.9-2+deb12u5_amd64.deb ...
Unpacking libgnutls-dane0:amd64 (3.7.9-2+deb12u5) ...
Selecting previously unselected package libidn12:amd64.
Preparing to unpack .../0187-libidn12_1.41-1_amd64.deb ...
Unpacking libidn12:amd64 (1.41-1) ...
Selecting previously unselected package exim4-daemon-light.
Preparing to unpack .../0188-exim4-daemon-light_4.96-15+deb12u7_amd64.deb ...
Unpacking exim4-daemon-light (4.96-15+deb12u7) ...
Selecting previously unselected package liblockfile1:amd64.
Preparing to unpack .../0189-liblockfile1_1.17-1+b1_amd64.deb ...
Unpacking liblockfile1:amd64 (1.17-1+b1) ...
Selecting previously unselected package bsd-mailx.
Preparing to unpack .../0190-bsd-mailx_8.1.2-0.20220412cvs-1_amd64.deb ...
Unpacking bsd-mailx (8.1.2-0.20220412cvs-1) ...
Selecting previously unselected package btrfs-progs.
Preparing to unpack .../0191-btrfs-progs_6.2-1+deb12u2_amd64.deb ...
Unpacking btrfs-progs (6.2-1+deb12u2) ...
Selecting previously unselected package bubblewrap.
Preparing to unpack .../0192-bubblewrap_0.8.0-2+deb12u1_amd64.deb ...
Unpacking bubblewrap (0.8.0-2+deb12u1) ...
Selecting previously unselected package busybox.
Preparing to unpack .../0193-busybox_1%3a1.35.0-4+b7_amd64.deb ...
Unpacking busybox (1:1.35.0-4+b7) ...
Selecting previously unselected package libefivar1:amd64.
Preparing to unpack .../0194-libefivar1_37-6_amd64.deb ...
Unpacking libefivar1:amd64 (37-6) ...
Selecting previously unselected package libefiboot1:amd64.
Preparing to unpack .../0195-libefiboot1_37-6_amd64.deb ...
Unpacking libefiboot1:amd64 (37-6) ...
Selecting previously unselected package libfuse2:amd64.
Preparing to unpack .../0196-libfuse2_2.9.9-6+b1_amd64.deb ...
Unpacking libfuse2:amd64 (2.9.9-6+b1) ...
Selecting previously unselected package grub-common.
Preparing to unpack .../0197-grub-common_2.06-13+deb12u1_amd64.deb ...
Unpacking grub-common (2.06-13+deb12u1) ...
Selecting previously unselected package os-prober.
Preparing to unpack .../0198-os-prober_1.81_amd64.deb ...
Unpacking os-prober (1.81) ...
Selecting previously unselected package libkf5coreaddons-data.
Preparing to unpack .../0199-libkf5coreaddons-data_5.103.0-1_all.deb ...
Unpacking libkf5coreaddons-data (5.103.0-1) ...
Selecting previously unselected package libkf5coreaddons5:amd64.
Preparing to unpack .../0200-libkf5coreaddons5_5.103.0-1_amd64.deb ...
Unpacking libkf5coreaddons5:amd64 (5.103.0-1) ...
Selecting previously unselected package libkf5i18n-data.
Preparing to unpack .../0201-libkf5i18n-data_5.103.0-1_all.deb ...
Unpacking libkf5i18n-data (5.103.0-1) ...
Selecting previously unselected package libkf5i18n5:amd64.
Preparing to unpack .../0202-libkf5i18n5_5.103.0-1_amd64.deb ...
Unpacking libkf5i18n5:amd64 (5.103.0-1) ...
Selecting previously unselected package libkf5package-data.
Preparing to unpack .../0203-libkf5package-data_5.103.0-1_all.deb ...
Unpacking libkf5package-data (5.103.0-1) ...
Selecting previously unselected package libkf5archive-data.
Preparing to unpack .../0204-libkf5archive-data_5.103.0-1_all.deb ...
Unpacking libkf5archive-data (5.103.0-1) ...
Selecting previously unselected package libkf5archive5:amd64.
Preparing to unpack .../0205-libkf5archive5_5.103.0-1_amd64.deb ...
Unpacking libkf5archive5:amd64 (5.103.0-1) ...
Selecting previously unselected package libkf5package5:amd64.
Preparing to unpack .../0206-libkf5package5_5.103.0-1_amd64.deb ...
Unpacking libkf5package5:amd64 (5.103.0-1) ...
Selecting previously unselected package kpackagetool5.
Preparing to unpack .../0207-kpackagetool5_5.103.0-1_amd64.deb ...
Unpacking kpackagetool5 (5.103.0-1) ...
Selecting previously unselected package libboost-python1.74.0.
Preparing to unpack .../0208-libboost-python1.74.0_1.74.0+ds1-21_amd64.deb ...
Unpacking libboost-python1.74.0 (1.74.0+ds1-21) ...
Selecting previously unselected package libkf5config-data.
Preparing to unpack .../0209-libkf5config-data_5.103.0-2_all.deb ...
Unpacking libkf5config-data (5.103.0-2) ...
Selecting previously unselected package libkf5configcore5:amd64.
Preparing to unpack .../0210-libkf5configcore5_5.103.0-2_amd64.deb ...
Unpacking libkf5configcore5:amd64 (5.103.0-2) ...
Selecting previously unselected package libkf5parts-data.
Preparing to unpack .../0211-libkf5parts-data_5.103.0-1_all.deb ...
Unpacking libkf5parts-data (5.103.0-1) ...
Selecting previously unselected package libqt5x11extras5:amd64.
Preparing to unpack .../0212-libqt5x11extras5_5.15.8-2_amd64.deb ...
Unpacking libqt5x11extras5:amd64 (5.15.8-2) ...
Selecting previously unselected package libkf5crash5:amd64.
Preparing to unpack .../0213-libkf5crash5_5.103.0-1_amd64.deb ...
Unpacking libkf5crash5:amd64 (5.103.0-1) ...
Selecting previously unselected package libkf5dbusaddons-data.
Preparing to unpack .../0214-libkf5dbusaddons-data_5.103.0-1_all.deb ...
Unpacking libkf5dbusaddons-data (5.103.0-1) ...
Selecting previously unselected package libkf5dbusaddons5:amd64.
Preparing to unpack .../0215-libkf5dbusaddons5_5.103.0-1_amd64.deb ...
Unpacking libkf5dbusaddons5:amd64 (5.103.0-1) ...
Selecting previously unselected package libkf5service-data.
Preparing to unpack .../0216-libkf5service-data_5.103.0-1_all.deb ...
Unpacking libkf5service-data (5.103.0-1) ...
Selecting previously unselected package libqt5xml5:amd64.
Preparing to unpack .../0217-libqt5xml5_5.15.8+dfsg-11+deb12u3_amd64.deb ...
Unpacking libqt5xml5:amd64 (5.15.8+dfsg-11+deb12u3) ...
Selecting previously unselected package libkf5service5:amd64.
Preparing to unpack .../0218-libkf5service5_5.103.0-1_amd64.deb ...
Unpacking libkf5service5:amd64 (5.103.0-1) ...
Selecting previously unselected package libkf5service-bin.
Preparing to unpack .../0219-libkf5service-bin_5.103.0-1_amd64.deb ...
Unpacking libkf5service-bin (5.103.0-1) ...
Selecting previously unselected package kded5.
Preparing to unpack .../0220-kded5_5.103.0-1_amd64.deb ...
Unpacking kded5 (5.103.0-1) ...
Selecting previously unselected package libkf5auth-data.
Preparing to unpack .../0221-libkf5auth-data_5.103.0-1_all.deb ...
Unpacking libkf5auth-data (5.103.0-1) ...
Selecting previously unselected package libpolkit-agent-1-0:amd64.
Preparing to unpack .../0222-libpolkit-agent-1-0_122-3_amd64.deb ...
Unpacking libpolkit-agent-1-0:amd64 (122-3) ...
Selecting previously unselected package libpolkit-qt5-1-1:amd64.
Preparing to unpack .../0223-libpolkit-qt5-1-1_0.114.0-2_amd64.deb ...
Unpacking libpolkit-qt5-1-1:amd64 (0.114.0-2) ...
Selecting previously unselected package libkf5authcore5:amd64.
Preparing to unpack .../0224-libkf5authcore5_5.103.0-1_amd64.deb ...
Unpacking libkf5authcore5:amd64 (5.103.0-1) ...
Selecting previously unselected package libkf5configwidgets-data.
Preparing to unpack .../0225-libkf5configwidgets-data_5.103.0-1_all.deb ...
Unpacking libkf5configwidgets-data (5.103.0-1) ...
Selecting previously unselected package libkf5codecs-data.
Preparing to unpack .../0226-libkf5codecs-data_5.103.0-1_all.deb ...
Unpacking libkf5codecs-data (5.103.0-1) ...
Selecting previously unselected package libkf5codecs5:amd64.
Preparing to unpack .../0227-libkf5codecs5_5.103.0-1_amd64.deb ...
Unpacking libkf5codecs5:amd64 (5.103.0-1) ...
Selecting previously unselected package libkf5configgui5:amd64.
Preparing to unpack .../0228-libkf5configgui5_5.103.0-2_amd64.deb ...
Unpacking libkf5configgui5:amd64 (5.103.0-2) ...
Selecting previously unselected package libkf5guiaddons-data.
Preparing to unpack .../0229-libkf5guiaddons-data_5.103.0-1_all.deb ...
Unpacking libkf5guiaddons-data (5.103.0-1) ...
Selecting previously unselected package libqt5waylandclient5:amd64.
Preparing to unpack .../0230-libqt5waylandclient5_5.15.8-2_amd64.deb ...
Unpacking libqt5waylandclient5:amd64 (5.15.8-2) ...
Selecting previously unselected package libkf5guiaddons5:amd64.
Preparing to unpack .../0231-libkf5guiaddons5_5.103.0-1_amd64.deb ...
Unpacking libkf5guiaddons5:amd64 (5.103.0-1) ...
Selecting previously unselected package libkf5widgetsaddons-data.
Preparing to unpack .../0232-libkf5widgetsaddons-data_5.103.0-1_all.deb ...
Unpacking libkf5widgetsaddons-data (5.103.0-1) ...
Selecting previously unselected package libkf5widgetsaddons5:amd64.
Preparing to unpack .../0233-libkf5widgetsaddons5_5.103.0-1_amd64.deb ...
Unpacking libkf5widgetsaddons5:amd64 (5.103.0-1) ...
Selecting previously unselected package libkf5configwidgets5:amd64.
Preparing to unpack .../0234-libkf5configwidgets5_5.103.0-1_amd64.deb ...
Unpacking libkf5configwidgets5:amd64 (5.103.0-1) ...
Selecting previously unselected package libkf5doctools5:amd64.
Preparing to unpack .../0235-libkf5doctools5_5.103.0-1_amd64.deb ...
Unpacking libkf5doctools5:amd64 (5.103.0-1) ...
Selecting previously unselected package libkf5itemviews-data.
Preparing to unpack .../0236-libkf5itemviews-data_5.103.0-1_all.deb ...
Unpacking libkf5itemviews-data (5.103.0-1) ...
Selecting previously unselected package libkf5itemviews5:amd64.
Preparing to unpack .../0237-libkf5itemviews5_5.103.0-1_amd64.deb ...
Unpacking libkf5itemviews5:amd64 (5.103.0-1) ...
Selecting previously unselected package libkf5kiocore5:amd64.
Preparing to unpack .../0238-libkf5kiocore5_5.103.0-1+deb12u1_amd64.deb ...
Unpacking libkf5kiocore5:amd64 (5.103.0-1+deb12u1) ...
Selecting previously unselected package libkf5windowsystem-data.
Preparing to unpack .../0239-libkf5windowsystem-data_5.103.0-1_all.deb ...
Unpacking libkf5windowsystem-data (5.103.0-1) ...
Selecting previously unselected package libxcb-res0:amd64.
Preparing to unpack .../0240-libxcb-res0_1.15-1_amd64.deb ...
Unpacking libxcb-res0:amd64 (1.15-1) ...
Selecting previously unselected package libkf5windowsystem5:amd64.
Preparing to unpack .../0241-libkf5windowsystem5_5.103.0-1_amd64.deb ...
Unpacking libkf5windowsystem5:amd64 (5.103.0-1) ...
Selecting previously unselected package libkf5kiogui5:amd64.
Preparing to unpack .../0242-libkf5kiogui5_5.103.0-1+deb12u1_amd64.deb ...
Unpacking libkf5kiogui5:amd64 (5.103.0-1+deb12u1) ...
Selecting previously unselected package libkf5kiontlm5:amd64.
Preparing to unpack .../0243-libkf5kiontlm5_5.103.0-1+deb12u1_amd64.deb ...
Unpacking libkf5kiontlm5:amd64 (5.103.0-1+deb12u1) ...
Selecting previously unselected package libkf5completion-data.
Preparing to unpack .../0244-libkf5completion-data_5.103.0-1_all.deb ...
Unpacking libkf5completion-data (5.103.0-1) ...
Selecting previously unselected package libkf5completion5:amd64.
Preparing to unpack .../0245-libkf5completion5_5.103.0-1_amd64.deb ...
Unpacking libkf5completion5:amd64 (5.103.0-1) ...
Selecting previously unselected package libkf5iconthemes-data.
Preparing to unpack .../0246-libkf5iconthemes-data_5.103.0-1_all.deb ...
Unpacking libkf5iconthemes-data (5.103.0-1) ...
Selecting previously unselected package libqt5svg5:amd64.
Preparing to unpack .../0247-libqt5svg5_5.15.8-3_amd64.deb ...
Unpacking libqt5svg5:amd64 (5.15.8-3) ...
Selecting previously unselected package libkf5iconthemes5:amd64.
Preparing to unpack .../0248-libkf5iconthemes5_5.103.0-1_amd64.deb ...
Unpacking libkf5iconthemes5:amd64 (5.103.0-1) ...
Selecting previously unselected package libkf5jobwidgets-data.
Preparing to unpack .../0249-libkf5jobwidgets-data_5.103.0-1_all.deb ...
Unpacking libkf5jobwidgets-data (5.103.0-1) ...
Selecting previously unselected package libkf5jobwidgets5:amd64.
Preparing to unpack .../0250-libkf5jobwidgets5_5.103.0-1_amd64.deb ...
Unpacking libkf5jobwidgets5:amd64 (5.103.0-1) ...
Selecting previously unselected package libkf5solid5-data.
Preparing to unpack .../0251-libkf5solid5-data_5.103.0-1_all.deb ...
Unpacking libkf5solid5-data (5.103.0-1) ...
Selecting previously unselected package libplist3:amd64.
Preparing to unpack .../0252-libplist3_2.2.0-6+b2_amd64.deb ...
Unpacking libplist3:amd64 (2.2.0-6+b2) ...
Selecting previously unselected package libusbmuxd6:amd64.
Preparing to unpack .../0253-libusbmuxd6_2.0.2-3_amd64.deb ...
Unpacking libusbmuxd6:amd64 (2.0.2-3) ...
Selecting previously unselected package libimobiledevice6:amd64.
Preparing to unpack .../0254-libimobiledevice6_1.3.0-6+b3_amd64.deb ...
Unpacking libimobiledevice6:amd64 (1.3.0-6+b3) ...
Selecting previously unselected package libkf5solid5:amd64.
Preparing to unpack .../0255-libkf5solid5_5.103.0-1_amd64.deb ...
Unpacking libkf5solid5:amd64 (5.103.0-1) ...
Selecting previously unselected package libkf5kiowidgets5:amd64.
Preparing to unpack .../0256-libkf5kiowidgets5_5.103.0-1+deb12u1_amd64.deb ...
Unpacking libkf5kiowidgets5:amd64 (5.103.0-1+deb12u1) ...
Selecting previously unselected package libkf5notifications-data.
Preparing to unpack .../0257-libkf5notifications-data_5.103.0-1_all.deb ...
Unpacking libkf5notifications-data (5.103.0-1) ...
Selecting previously unselected package libdbusmenu-qt5-2:amd64.
Preparing to unpack .../0258-libdbusmenu-qt5-2_0.9.3+16.04.20160218-2+b1_amd64.deb ...
Unpacking libdbusmenu-qt5-2:amd64 (0.9.3+16.04.20160218-2+b1) ...
Selecting previously unselected package libqt5texttospeech5:amd64.
Preparing to unpack .../0259-libqt5texttospeech5_5.15.8-2_amd64.deb ...
Unpacking libqt5texttospeech5:amd64 (5.15.8-2) ...
Selecting previously unselected package libkf5notifications5:amd64.
Preparing to unpack .../0260-libkf5notifications5_5.103.0-1_amd64.deb ...
Unpacking libkf5notifications5:amd64 (5.103.0-1) ...
Selecting previously unselected package libkf5textwidgets-data.
Preparing to unpack .../0261-libkf5textwidgets-data_5.103.0-1_all.deb ...
Unpacking libkf5textwidgets-data (5.103.0-1) ...
Selecting previously unselected package libkf5sonnet5-data.
Preparing to unpack .../0262-libkf5sonnet5-data_5.103.0-1_all.deb ...
Unpacking libkf5sonnet5-data (5.103.0-1) ...
Selecting previously unselected package libkf5sonnetcore5:amd64.
Preparing to unpack .../0263-libkf5sonnetcore5_5.103.0-1_amd64.deb ...
Unpacking libkf5sonnetcore5:amd64 (5.103.0-1) ...
Selecting previously unselected package libkf5sonnetui5:amd64.
Preparing to unpack .../0264-libkf5sonnetui5_5.103.0-1_amd64.deb ...
Unpacking libkf5sonnetui5:amd64 (5.103.0-1) ...
Selecting previously unselected package libkf5textwidgets5:amd64.
Preparing to unpack .../0265-libkf5textwidgets5_5.103.0-1_amd64.deb ...
Unpacking libkf5textwidgets5:amd64 (5.103.0-1) ...
Selecting previously unselected package libkf5wallet-data.
Preparing to unpack .../0266-libkf5wallet-data_5.103.0-1_all.deb ...
Unpacking libkf5wallet-data (5.103.0-1) ...
Selecting previously unselected package libassuan0:amd64.
Preparing to unpack .../0267-libassuan0_2.5.5-5_amd64.deb ...
Unpacking libassuan0:amd64 (2.5.5-5) ...
Selecting previously unselected package gpgconf.
Preparing to unpack .../0268-gpgconf_2.2.40-1.1+deb12u2_amd64.deb ...
Unpacking gpgconf (2.2.40-1.1+deb12u2) ...
Selecting previously unselected package libksba8:amd64.
Preparing to unpack .../0269-libksba8_1.6.3-2_amd64.deb ...
Unpacking libksba8:amd64 (1.6.3-2) ...
Selecting previously unselected package libnpth0:amd64.
Preparing to unpack .../0270-libnpth0_1.6-3_amd64.deb ...
Unpacking libnpth0:amd64 (1.6-3) ...
Selecting previously unselected package dirmngr.
Preparing to unpack .../0271-dirmngr_2.2.40-1.1+deb12u2_amd64.deb ...
Unpacking dirmngr (2.2.40-1.1+deb12u2) ...
Selecting previously unselected package gnupg-l10n.
Preparing to unpack .../0272-gnupg-l10n_2.2.40-1.1+deb12u2_all.deb ...
Unpacking gnupg-l10n (2.2.40-1.1+deb12u2) ...
Selecting previously unselected package gnupg-utils.
Preparing to unpack .../0273-gnupg-utils_2.2.40-1.1+deb12u2_amd64.deb ...
Unpacking gnupg-utils (2.2.40-1.1+deb12u2) ...
Selecting previously unselected package gpg.
Preparing to unpack .../0274-gpg_2.2.40-1.1+deb12u2_amd64.deb ...
Unpacking gpg (2.2.40-1.1+deb12u2) ...
Selecting previously unselected package pinentry-curses.
Preparing to unpack .../0275-pinentry-curses_1.2.1-1_amd64.deb ...
Unpacking pinentry-curses (1.2.1-1) ...
Selecting previously unselected package libgck-1-0:amd64.
Preparing to unpack .../0276-libgck-1-0_3.41.1-1+b1_amd64.deb ...
Unpacking libgck-1-0:amd64 (3.41.1-1+b1) ...
Selecting previously unselected package libgcr-base-3-1:amd64.
Preparing to unpack .../0277-libgcr-base-3-1_3.41.1-1+b1_amd64.deb ...
Unpacking libgcr-base-3-1:amd64 (3.41.1-1+b1) ...
Selecting previously unselected package libgcr-ui-3-1:amd64.
Preparing to unpack .../0278-libgcr-ui-3-1_3.41.1-1+b1_amd64.deb ...
Unpacking libgcr-ui-3-1:amd64 (3.41.1-1+b1) ...
Selecting previously unselected package libsecret-common.
Preparing to unpack .../0279-libsecret-common_0.20.5-3_all.deb ...
Unpacking libsecret-common (0.20.5-3) ...
Selecting previously unselected package libsecret-1-0:amd64.
Preparing to unpack .../0280-libsecret-1-0_0.20.5-3_amd64.deb ...
Unpacking libsecret-1-0:amd64 (0.20.5-3) ...
Selecting previously unselected package gcr.
Preparing to unpack .../0281-gcr_3.41.1-1+b1_amd64.deb ...
Unpacking gcr (3.41.1-1+b1) ...
Selecting previously unselected package pinentry-gnome3.
Preparing to unpack .../0282-pinentry-gnome3_1.2.1-1_amd64.deb ...
Unpacking pinentry-gnome3 (1.2.1-1) ...
Selecting previously unselected package gpg-agent.
Preparing to unpack .../0283-gpg-agent_2.2.40-1.1+deb12u2_amd64.deb ...
Unpacking gpg-agent (2.2.40-1.1+deb12u2) ...
Selecting previously unselected package gpg-wks-client.
Preparing to unpack .../0284-gpg-wks-client_2.2.40-1.1+deb12u2_amd64.deb ...
Unpacking gpg-wks-client (2.2.40-1.1+deb12u2) ...
Selecting previously unselected package gpg-wks-server.
Preparing to unpack .../0285-gpg-wks-server_2.2.40-1.1+deb12u2_amd64.deb ...
Unpacking gpg-wks-server (2.2.40-1.1+deb12u2) ...
Selecting previously unselected package gpgsm.
Preparing to unpack .../0286-gpgsm_2.2.40-1.1+deb12u2_amd64.deb ...
Unpacking gpgsm (2.2.40-1.1+deb12u2) ...
Selecting previously unselected package gnupg.
Preparing to unpack .../0287-gnupg_2.2.40-1.1+deb12u2_all.deb ...
Unpacking gnupg (2.2.40-1.1+deb12u2) ...
Selecting previously unselected package libgpgme11:amd64.
Preparing to unpack .../0288-libgpgme11_1.18.0-3+b1_amd64.deb ...
Unpacking libgpgme11:amd64 (1.18.0-3+b1) ...
Selecting previously unselected package libgpgmepp6:amd64.
Preparing to unpack .../0289-libgpgmepp6_1.18.0-3+b1_amd64.deb ...
Unpacking libgpgmepp6:amd64 (1.18.0-3+b1) ...
Selecting previously unselected package libkwalletbackend5-5:amd64.
Preparing to unpack .../0290-libkwalletbackend5-5_5.103.0-1_amd64.deb ...
Unpacking libkwalletbackend5-5:amd64 (5.103.0-1) ...
Selecting previously unselected package libkf5wallet5:amd64.
Preparing to unpack .../0291-libkf5wallet5_5.103.0-1_amd64.deb ...
Unpacking libkf5wallet5:amd64 (5.103.0-1) ...
Selecting previously unselected package libqca-qt5-2:amd64.
Preparing to unpack .../0292-libqca-qt5-2_2.3.5-2_amd64.deb ...
Unpacking libqca-qt5-2:amd64 (2.3.5-2) ...
Selecting previously unselected package libkf5wallet-bin.
Preparing to unpack .../0293-libkf5wallet-bin_5.103.0-1_amd64.deb ...
Unpacking libkf5wallet-bin (5.103.0-1) ...
Selecting previously unselected package kio.
Preparing to unpack .../0294-kio_5.103.0-1+deb12u1_amd64.deb ...
Unpacking kio (5.103.0-1+deb12u1) ...
Selecting previously unselected package libkf5xmlgui-data.
Preparing to unpack .../0295-libkf5xmlgui-data_5.103.0-1_all.deb ...
Unpacking libkf5xmlgui-data (5.103.0-1) ...
Selecting previously unselected package libkf5globalaccel-data.
Preparing to unpack .../0296-libkf5globalaccel-data_5.103.0-1_all.deb ...
Unpacking libkf5globalaccel-data (5.103.0-1) ...
Selecting previously unselected package libkf5globalaccel5:amd64.
Preparing to unpack .../0297-libkf5globalaccel5_5.103.0-1_amd64.deb ...
Unpacking libkf5globalaccel5:amd64 (5.103.0-1) ...
Selecting previously unselected package libkf5globalaccelprivate5:amd64.
Preparing to unpack .../0298-libkf5globalaccelprivate5_5.103.0-1_amd64.deb ...
Unpacking libkf5globalaccelprivate5:amd64 (5.103.0-1) ...
Selecting previously unselected package libxcb-record0:amd64.
Preparing to unpack .../0299-libxcb-record0_1.15-1_amd64.deb ...
Unpacking libxcb-record0:amd64 (1.15-1) ...
Selecting previously unselected package libkf5globalaccel-bin.
Preparing to unpack .../0300-libkf5globalaccel-bin_5.103.0-1_amd64.deb ...
Unpacking libkf5globalaccel-bin (5.103.0-1) ...
Selecting previously unselected package libkf5xmlgui5:amd64.
Preparing to unpack .../0301-libkf5xmlgui5_5.103.0-1_amd64.deb ...
Unpacking libkf5xmlgui5:amd64 (5.103.0-1) ...
Selecting previously unselected package libkf5parts5:amd64.
Preparing to unpack .../0302-libkf5parts5_5.103.0-1_amd64.deb ...
Unpacking libkf5parts5:amd64 (5.103.0-1) ...
Selecting previously unselected package libkpmcore12.
Preparing to unpack .../0303-libkpmcore12_22.12.3-1_amd64.deb ...
Unpacking libkpmcore12 (22.12.3-1) ...
Selecting previously unselected package libparted2:amd64.
Preparing to unpack .../0304-libparted2_3.5-3_amd64.deb ...
Unpacking libparted2:amd64 (3.5-3) ...
Selecting previously unselected package libcrack2:amd64.
Preparing to unpack .../0305-libcrack2_2.9.6-5+b1_amd64.deb ...
Unpacking libcrack2:amd64 (2.9.6-5+b1) ...
Selecting previously unselected package libpwquality-common.
Preparing to unpack .../0306-libpwquality-common_1.4.5-1_all.deb ...
Unpacking libpwquality-common (1.4.5-1) ...
Selecting previously unselected package libpwquality1:amd64.
Preparing to unpack .../0307-libpwquality1_1.4.5-1+b1_amd64.deb ...
Unpacking libpwquality1:amd64 (1.4.5-1+b1) ...
Selecting previously unselected package libpython3.11:amd64.
Preparing to unpack .../0308-libpython3.11_3.11.2-6+deb12u6_amd64.deb ...
Unpacking libpython3.11:amd64 (3.11.2-6+deb12u6) ...
Selecting previously unselected package libqt5quickwidgets5:amd64.
Preparing to unpack .../0309-libqt5quickwidgets5_5.15.8+dfsg-3_amd64.deb ...
Unpacking libqt5quickwidgets5:amd64 (5.15.8+dfsg-3) ...
Selecting previously unselected package libyaml-cpp0.7:amd64.
Preparing to unpack .../0310-libyaml-cpp0.7_0.7.0+dfsg-8+b1_amd64.deb ...
Unpacking libyaml-cpp0.7:amd64 (0.7.0+dfsg-8+b1) ...
Selecting previously unselected package calamares.
Preparing to unpack .../0311-calamares_3.2.61-1+b1_amd64.deb ...
Unpacking calamares (3.2.61-1+b1) ...
Selecting previously unselected package libao-common.
Preparing to unpack .../0312-libao-common_1.2.2+20180113-1.1_all.deb ...
Unpacking libao-common (1.2.2+20180113-1.1) ...
Selecting previously unselected package libao4:amd64.
Preparing to unpack .../0313-libao4_1.2.2+20180113-1.1_amd64.deb ...
Unpacking libao4:amd64 (1.2.2+20180113-1.1) ...
Selecting previously unselected package cdrdao.
Preparing to unpack .../0314-cdrdao_1%3a1.2.4-3_amd64.deb ...
Unpacking cdrdao (1:1.2.4-3) ...
Selecting previously unselected package libcogl20:amd64.
Preparing to unpack .../0315-libcogl20_1.22.8-3+b1_amd64.deb ...
Unpacking libcogl20:amd64 (1.22.8-3+b1) ...
Selecting previously unselected package libcogl-pango20:amd64.
Preparing to unpack .../0316-libcogl-pango20_1.22.8-3+b1_amd64.deb ...
Unpacking libcogl-pango20:amd64 (1.22.8-3+b1) ...
Selecting previously unselected package libcogl-path20:amd64.
Preparing to unpack .../0317-libcogl-path20_1.22.8-3+b1_amd64.deb ...
Unpacking libcogl-path20:amd64 (1.22.8-3+b1) ...
Selecting previously unselected package libjson-glib-1.0-common.
Preparing to unpack .../0318-libjson-glib-1.0-common_1.6.6-1_all.deb ...
Unpacking libjson-glib-1.0-common (1.6.6-1) ...
Selecting previously unselected package libjson-glib-1.0-0:amd64.
Preparing to unpack .../0319-libjson-glib-1.0-0_1.6.6-1_amd64.deb ...
Unpacking libjson-glib-1.0-0:amd64 (1.6.6-1) ...
Selecting previously unselected package libclutter-1.0-0:amd64.
Preparing to unpack .../0320-libclutter-1.0-0_1.26.4+dfsg-4_amd64.deb ...
Unpacking libclutter-1.0-0:amd64 (1.26.4+dfsg-4) ...
Selecting previously unselected package libclutter-gst-3.0-0:amd64.
Preparing to unpack .../0321-libclutter-gst-3.0-0_3.0.27-3_amd64.deb ...
Unpacking libclutter-gst-3.0-0:amd64 (3.0.27-3) ...
Selecting previously unselected package libass9:amd64.
Preparing to unpack .../0322-libass9_1%3a0.17.1-1_amd64.deb ...
Unpacking libass9:amd64 (1:0.17.1-1) ...
Selecting previously unselected package libbs2b0:amd64.
Preparing to unpack .../0323-libbs2b0_3.1.0+dfsg-7_amd64.deb ...
Unpacking libbs2b0:amd64 (3.1.0+dfsg-7) ...
Selecting previously unselected package libva2:amd64.
Preparing to unpack .../0324-libva2_2.17.0-1_amd64.deb ...
Unpacking libva2:amd64 (2.17.0-1) ...
Selecting previously unselected package libmfx1:amd64.
Preparing to unpack .../0325-libmfx1_22.5.4-1_amd64.deb ...
Unpacking libmfx1:amd64 (22.5.4-1) ...
Selecting previously unselected package libva-drm2:amd64.
Preparing to unpack .../0326-libva-drm2_2.17.0-1_amd64.deb ...
Unpacking libva-drm2:amd64 (2.17.0-1) ...
Selecting previously unselected package libva-x11-2:amd64.
Preparing to unpack .../0327-libva-x11-2_2.17.0-1_amd64.deb ...
Unpacking libva-x11-2:amd64 (2.17.0-1) ...
Selecting previously unselected package libvdpau1:amd64.
Preparing to unpack .../0328-libvdpau1_1.5-2_amd64.deb ...
Unpacking libvdpau1:amd64 (1.5-2) ...
Selecting previously unselected package ocl-icd-libopencl1:amd64.
Preparing to unpack .../0329-ocl-icd-libopencl1_2.3.1-1_amd64.deb ...
Unpacking ocl-icd-libopencl1:amd64 (2.3.1-1) ...
Selecting previously unselected package libavutil57:amd64.
Preparing to unpack .../0330-libavutil57_7%3a5.1.8-0+deb12u1_amd64.deb ...
Unpacking libavutil57:amd64 (7:5.1.8-0+deb12u1) ...
Selecting previously unselected package libcodec2-1.0:amd64.
Preparing to unpack .../0331-libcodec2-1.0_1.0.5-1_amd64.deb ...
Unpacking libcodec2-1.0:amd64 (1.0.5-1) ...
Selecting previously unselected package libgsm1:amd64.
Preparing to unpack .../0332-libgsm1_1.0.22-1_amd64.deb ...
Unpacking libgsm1:amd64 (1.0.22-1) ...
Selecting previously unselected package libhwy1:amd64.
Preparing to unpack .../0333-libhwy1_1.0.3-3+deb12u1_amd64.deb ...
Unpacking libhwy1:amd64 (1.0.3-3+deb12u1) ...
Selecting previously unselected package libjxl0.7:amd64.
Preparing to unpack .../0334-libjxl0.7_0.7.0-10+deb12u1_amd64.deb ...
Unpacking libjxl0.7:amd64 (0.7.0-10+deb12u1) ...
Selecting previously unselected package libmp3lame0:amd64.
Preparing to unpack .../0335-libmp3lame0_3.100-6_amd64.deb ...
Unpacking libmp3lame0:amd64 (3.100-6) ...
Selecting previously unselected package libopus0:amd64.
Preparing to unpack .../0336-libopus0_1.3.1-3_amd64.deb ...
Unpacking libopus0:amd64 (1.3.1-3) ...
Selecting previously unselected package libshine3:amd64.
Preparing to unpack .../0337-libshine3_3.1.1-2_amd64.deb ...
Unpacking libshine3:amd64 (3.1.1-2) ...
Selecting previously unselected package libsnappy1v5:amd64.
Preparing to unpack .../0338-libsnappy1v5_1.1.9-3_amd64.deb ...
Unpacking libsnappy1v5:amd64 (1.1.9-3) ...
Selecting previously unselected package libspeex1:amd64.
Preparing to unpack .../0339-libspeex1_1.2.1-2_amd64.deb ...
Unpacking libspeex1:amd64 (1.2.1-2) ...
Selecting previously unselected package libsoxr0:amd64.
Preparing to unpack .../0340-libsoxr0_0.1.3-4_amd64.deb ...
Unpacking libsoxr0:amd64 (0.1.3-4) ...
Selecting previously unselected package libswresample4:amd64.
Preparing to unpack .../0341-libswresample4_7%3a5.1.8-0+deb12u1_amd64.deb ...
Unpacking libswresample4:amd64 (7:5.1.8-0+deb12u1) ...
Selecting previously unselected package libtheora0:amd64.
Preparing to unpack .../0342-libtheora0_1.1.1+dfsg.1-16.1+deb12u1_amd64.deb ...
Unpacking libtheora0:amd64 (1.1.1+dfsg.1-16.1+deb12u1) ...
Selecting previously unselected package libtwolame0:amd64.
Preparing to unpack .../0343-libtwolame0_0.4.0-2_amd64.deb ...
Unpacking libtwolame0:amd64 (0.4.0-2) ...
Selecting previously unselected package libvorbisenc2:amd64.
Preparing to unpack .../0344-libvorbisenc2_1.3.7-1_amd64.deb ...
Unpacking libvorbisenc2:amd64 (1.3.7-1) ...
Selecting previously unselected package libvpx7:amd64.
Preparing to unpack .../0345-libvpx7_1.12.0-1+deb12u4_amd64.deb ...
Unpacking libvpx7:amd64 (1.12.0-1+deb12u4) ...
Selecting previously unselected package libx264-164:amd64.
Preparing to unpack .../0346-libx264-164_2%3a0.164.3095+gitbaee400-3_amd64.deb ...
Unpacking libx264-164:amd64 (2:0.164.3095+gitbaee400-3) ...
Selecting previously unselected package libxvidcore4:amd64.
Preparing to unpack .../0347-libxvidcore4_2%3a1.3.7-1_amd64.deb ...
Unpacking libxvidcore4:amd64 (2:1.3.7-1) ...
Selecting previously unselected package libzvbi-common.
Preparing to unpack .../0348-libzvbi-common_0.2.41-1_all.deb ...
Unpacking libzvbi-common (0.2.41-1) ...
Selecting previously unselected package libzvbi0:amd64.
Preparing to unpack .../0349-libzvbi0_0.2.41-1_amd64.deb ...
Unpacking libzvbi0:amd64 (0.2.41-1) ...
Selecting previously unselected package libavcodec59:amd64.
Preparing to unpack .../0350-libavcodec59_7%3a5.1.8-0+deb12u1_amd64.deb ...
Unpacking libavcodec59:amd64 (7:5.1.8-0+deb12u1) ...
Selecting previously unselected package libchromaprint1:amd64.
Preparing to unpack .../0351-libchromaprint1_1.5.1-2+b1_amd64.deb ...
Unpacking libchromaprint1:amd64 (1.5.1-2+b1) ...
Selecting previously unselected package libraw1394-11:amd64.
Preparing to unpack .../0352-libraw1394-11_2.1.2-2_amd64.deb ...
Unpacking libraw1394-11:amd64 (2.1.2-2) ...
Selecting previously unselected package libdc1394-25:amd64.
Preparing to unpack .../0353-libdc1394-25_2.2.6-4_amd64.deb ...
Unpacking libdc1394-25:amd64 (2.2.6-4) ...
Selecting previously unselected package libdca0:amd64.
Preparing to unpack .../0354-libdca0_0.0.7-2_amd64.deb ...
Unpacking libdca0:amd64 (0.0.7-2) ...
Selecting previously unselected package libgles2:amd64.
Preparing to unpack .../0355-libgles2_1.6.0-1_amd64.deb ...
Unpacking libgles2:amd64 (1.6.0-1) ...
Selecting previously unselected package libdirectfb-1.7-7:amd64.
Preparing to unpack .../0356-libdirectfb-1.7-7_1.7.7-11_amd64.deb ...
Unpacking libdirectfb-1.7-7:amd64 (1.7.7-11) ...
Selecting previously unselected package libdvdread8:amd64.
Preparing to unpack .../0357-libdvdread8_6.1.3-1_amd64.deb ...
Unpacking libdvdread8:amd64 (6.1.3-1) ...
Selecting previously unselected package libdvdnav4:amd64.
Preparing to unpack .../0358-libdvdnav4_6.1.1-1_amd64.deb ...
Unpacking libdvdnav4:amd64 (6.1.1-1) ...
Selecting previously unselected package libfaad2:amd64.
Preparing to unpack .../0359-libfaad2_2.10.1-1_amd64.deb ...
Unpacking libfaad2:amd64 (2.10.1-1) ...
Selecting previously unselected package libflite1:amd64.
Preparing to unpack .../0360-libflite1_2.2-5_amd64.deb ...
Unpacking libflite1:amd64 (2.2-5) ...
Selecting previously unselected package libflac12:amd64.
Preparing to unpack .../0361-libflac12_1.4.2+ds-2_amd64.deb ...
Unpacking libflac12:amd64 (1.4.2+ds-2) ...
Selecting previously unselected package libmpg123-0:amd64.
Preparing to unpack .../0362-libmpg123-0_1.31.2-1+deb12u1_amd64.deb ...
Unpacking libmpg123-0:amd64 (1.31.2-1+deb12u1) ...
Selecting previously unselected package libsndfile1:amd64.
Preparing to unpack .../0363-libsndfile1_1.2.0-1+deb12u1_amd64.deb ...
Unpacking libsndfile1:amd64 (1.2.0-1+deb12u1) ...
Selecting previously unselected package libinstpatch-1.0-2:amd64.
Preparing to unpack .../0364-libinstpatch-1.0-2_1.1.6-1_amd64.deb ...
Unpacking libinstpatch-1.0-2:amd64 (1.1.6-1) ...
Selecting previously unselected package libjack-jackd2-0:amd64.
Preparing to unpack .../0365-libjack-jackd2-0_1.9.21~dfsg-3_amd64.deb ...
Unpacking libjack-jackd2-0:amd64 (1.9.21~dfsg-3) ...
Selecting previously unselected package libasyncns0:amd64.
Preparing to unpack .../0366-libasyncns0_0.8-6+b3_amd64.deb ...
Unpacking libasyncns0:amd64 (0.8-6+b3) ...
Selecting previously unselected package libpulse0:amd64.
Preparing to unpack .../0367-libpulse0_16.1+dfsg1-2+b1_amd64.deb ...
Unpacking libpulse0:amd64 (16.1+dfsg1-2+b1) ...
Selecting previously unselected package libdecor-0-0:amd64.
Preparing to unpack .../0368-libdecor-0-0_0.1.1-2_amd64.deb ...
Unpacking libdecor-0-0:amd64 (0.1.1-2) ...
Selecting previously unselected package libxss1:amd64.
Preparing to unpack .../0369-libxss1_1%3a1.2.3-1_amd64.deb ...
Unpacking libxss1:amd64 (1:1.2.3-1) ...
Selecting previously unselected package libsdl2-2.0-0:amd64.
Preparing to unpack .../0370-libsdl2-2.0-0_2.26.5+dfsg-1_amd64.deb ...
Unpacking libsdl2-2.0-0:amd64 (2.26.5+dfsg-1) ...
Selecting previously unselected package timgm6mb-soundfont.
Preparing to unpack .../0371-timgm6mb-soundfont_1.3-5_all.deb ...
Unpacking timgm6mb-soundfont (1.3-5) ...
Selecting previously unselected package libfluidsynth3:amd64.
Preparing to unpack .../0372-libfluidsynth3_2.3.1-2_amd64.deb ...
Unpacking libfluidsynth3:amd64 (2.3.1-2) ...
Selecting previously unselected package libfreeaptx0:amd64.
Preparing to unpack .../0373-libfreeaptx0_0.1.1-2_amd64.deb ...
Unpacking libfreeaptx0:amd64 (0.1.1-2) ...
Selecting previously unselected package libgme0:amd64.
Preparing to unpack .../0374-libgme0_0.6.3-6_amd64.deb ...
Unpacking libgme0:amd64 (0.6.3-6) ...
Selecting previously unselected package libgstreamer-gl1.0-0:amd64.
Preparing to unpack .../0375-libgstreamer-gl1.0-0_1.22.0-3+deb12u5_amd64.deb ...
Unpacking libgstreamer-gl1.0-0:amd64 (1.22.0-3+deb12u5) ...
Selecting previously unselected package libproxy1v5:amd64.
Preparing to unpack .../0376-libproxy1v5_0.4.18-1.2_amd64.deb ...
Unpacking libproxy1v5:amd64 (0.4.18-1.2) ...
Selecting previously unselected package glib-networking-common.
Preparing to unpack .../0377-glib-networking-common_2.74.0-4_all.deb ...
Unpacking glib-networking-common (2.74.0-4) ...
Selecting previously unselected package glib-networking-services.
Preparing to unpack .../0378-glib-networking-services_2.74.0-4_amd64.deb ...
Unpacking glib-networking-services (2.74.0-4) ...
Selecting previously unselected package glib-networking:amd64.
Preparing to unpack .../0379-glib-networking_2.74.0-4_amd64.deb ...
Unpacking glib-networking:amd64 (2.74.0-4) ...
Selecting previously unselected package libsoup-3.0-common.
Preparing to unpack .../0380-libsoup-3.0-common_3.2.3-0+deb12u2_all.deb ...
Unpacking libsoup-3.0-common (3.2.3-0+deb12u2) ...
Selecting previously unselected package libsoup-3.0-0:amd64.
Preparing to unpack .../0381-libsoup-3.0-0_3.2.3-0+deb12u2_amd64.deb ...
Unpacking libsoup-3.0-0:amd64 (3.2.3-0+deb12u2) ...
Selecting previously unselected package libgssdp-1.6-0:amd64.
Preparing to unpack .../0382-libgssdp-1.6-0_1.6.2-2_amd64.deb ...
Unpacking libgssdp-1.6-0:amd64 (1.6.2-2) ...
Selecting previously unselected package libgupnp-1.6-0:amd64.
Preparing to unpack .../0383-libgupnp-1.6-0_1.6.3-1_amd64.deb ...
Unpacking libgupnp-1.6-0:amd64 (1.6.3-1) ...
Selecting previously unselected package libgupnp-igd-1.0-4:amd64.
Preparing to unpack .../0384-libgupnp-igd-1.0-4_1.2.0-3_amd64.deb ...
Unpacking libgupnp-igd-1.0-4:amd64 (1.2.0-3) ...
Selecting previously unselected package libnice10:amd64.
Preparing to unpack .../0385-libnice10_0.1.21-1_amd64.deb ...
Unpacking libnice10:amd64 (0.1.21-1) ...
Selecting previously unselected package libvulkan1:amd64.
Preparing to unpack .../0386-libvulkan1_1.3.239.0-1_amd64.deb ...
Unpacking libvulkan1:amd64 (1.3.239.0-1) ...
Selecting previously unselected package libgstreamer-plugins-bad1.0-0:amd64.
Preparing to unpack .../0387-libgstreamer-plugins-bad1.0-0_1.22.0-4+deb12u6_amd64.deb ...
Unpacking libgstreamer-plugins-bad1.0-0:amd64 (1.22.0-4+deb12u6) ...
Selecting previously unselected package libimath-3-1-29:amd64.
Preparing to unpack .../0388-libimath-3-1-29_3.1.6-1_amd64.deb ...
Unpacking libimath-3-1-29:amd64 (3.1.6-1) ...
Selecting previously unselected package libkate1:amd64.
Preparing to unpack .../0389-libkate1_0.4.1-11_amd64.deb ...
Unpacking libkate1:amd64 (0.4.1-11) ...
Selecting previously unselected package libldacbt-enc2:amd64.
Preparing to unpack .../0390-libldacbt-enc2_2.0.2.3+git20200429+ed310a0-4_amd64.deb ...
Unpacking libldacbt-enc2:amd64 (2.0.2.3+git20200429+ed310a0-4) ...
Selecting previously unselected package libserd-0-0:amd64.
Preparing to unpack .../0391-libserd-0-0_0.30.16-1_amd64.deb ...
Unpacking libserd-0-0:amd64 (0.30.16-1) ...
Selecting previously unselected package libsord-0-0:amd64.
Preparing to unpack .../0392-libsord-0-0_0.16.14+git221008-1_amd64.deb ...
Unpacking libsord-0-0:amd64 (0.16.14+git221008-1) ...
Selecting previously unselected package libsratom-0-0:amd64.
Preparing to unpack .../0393-libsratom-0-0_0.6.14-1_amd64.deb ...
Unpacking libsratom-0-0:amd64 (0.6.14-1) ...
Selecting previously unselected package liblilv-0-0:amd64.
Preparing to unpack .../0394-liblilv-0-0_0.24.14-1_amd64.deb ...
Unpacking liblilv-0-0:amd64 (0.24.14-1) ...
Selecting previously unselected package libyajl2:amd64.
Preparing to unpack .../0395-libyajl2_2.1.0-3+deb12u2_amd64.deb ...
Unpacking libyajl2:amd64 (2.1.0-3+deb12u2) ...
Selecting previously unselected package libraptor2-0:amd64.
Preparing to unpack .../0396-libraptor2-0_2.0.15-4+deb12u1_amd64.deb ...
Unpacking libraptor2-0:amd64 (2.0.15-4+deb12u1) ...
Selecting previously unselected package liblrdf0:amd64.
Preparing to unpack .../0397-liblrdf0_0.6.1-4_amd64.deb ...
Unpacking liblrdf0:amd64 (0.6.1-4) ...
Selecting previously unselected package libltc11:amd64.
Preparing to unpack .../0398-libltc11_1.3.2-1_amd64.deb ...
Unpacking libltc11:amd64 (1.3.2-1) ...
Selecting previously unselected package libmjpegutils-2.1-0:amd64.
Preparing to unpack .../0399-libmjpegutils-2.1-0_1%3a2.1.0+debian-7_amd64.deb ...
Unpacking libmjpegutils-2.1-0:amd64 (1:2.1.0+debian-7) ...
Selecting previously unselected package libmodplug1:amd64.
Preparing to unpack .../0400-libmodplug1_1%3a0.8.9.0-3_amd64.deb ...
Unpacking libmodplug1:amd64 (1:0.8.9.0-3) ...
Selecting previously unselected package libmpcdec6:amd64.
Preparing to unpack .../0401-libmpcdec6_2%3a0.1~r495-2_amd64.deb ...
Unpacking libmpcdec6:amd64 (2:0.1~r495-2) ...
Selecting previously unselected package libmpeg2encpp-2.1-0:amd64.
Preparing to unpack .../0402-libmpeg2encpp-2.1-0_1%3a2.1.0+debian-7_amd64.deb ...
Unpacking libmpeg2encpp-2.1-0:amd64 (1:2.1.0+debian-7) ...
Selecting previously unselected package libmplex2-2.1-0:amd64.
Preparing to unpack .../0403-libmplex2-2.1-0_1%3a2.1.0+debian-7_amd64.deb ...
Unpacking libmplex2-2.1-0:amd64 (1:2.1.0+debian-7) ...
Selecting previously unselected package libneon27:amd64.
Preparing to unpack .../0404-libneon27_0.32.5-1_amd64.deb ...
Unpacking libneon27:amd64 (0.32.5-1) ...
Selecting previously unselected package libopenal-data.
Preparing to unpack .../0405-libopenal-data_1%3a1.19.1-2_all.deb ...
Unpacking libopenal-data (1:1.19.1-2) ...
Selecting previously unselected package libsndio7.0:amd64.
Preparing to unpack .../0406-libsndio7.0_1.9.0-0.3+b2_amd64.deb ...
Unpacking libsndio7.0:amd64 (1.9.0-0.3+b2) ...
Selecting previously unselected package libopenal1:amd64.
Preparing to unpack .../0407-libopenal1_1%3a1.19.1-2_amd64.deb ...
Unpacking libopenal1:amd64 (1:1.19.1-2) ...
Selecting previously unselected package libopenexr-3-1-30:amd64.
Preparing to unpack .../0408-libopenexr-3-1-30_3.1.5-5_amd64.deb ...
Unpacking libopenexr-3-1-30:amd64 (3.1.5-5) ...
Selecting previously unselected package libopenh264-7:amd64.
Preparing to unpack .../0409-libopenh264-7_2.3.1+dfsg-3+deb12u2_amd64.deb ...
Unpacking libopenh264-7:amd64 (2.3.1+dfsg-3+deb12u2) ...
Selecting previously unselected package libopenmpt0:amd64.
Preparing to unpack .../0410-libopenmpt0_0.6.9-1_amd64.deb ...
Unpacking libopenmpt0:amd64 (0.6.9-1) ...
Selecting previously unselected package libopenni2-0:amd64.
Preparing to unpack .../0411-libopenni2-0_2.2.0.33+dfsg-15+b1_amd64.deb ...
Unpacking libopenni2-0:amd64 (2.2.0.33+dfsg-15+b1) ...
Selecting previously unselected package libqrencode4:amd64.
Preparing to unpack .../0412-libqrencode4_4.1.1-1_amd64.deb ...
Unpacking libqrencode4:amd64 (4.1.1-1) ...
Selecting previously unselected package libsbc1:amd64.
Preparing to unpack .../0413-libsbc1_2.0-1_amd64.deb ...
Unpacking libsbc1:amd64 (2.0-1) ...
Selecting previously unselected package libsoundtouch1:amd64.
Preparing to unpack .../0414-libsoundtouch1_2.3.2+ds1-1_amd64.deb ...
Unpacking libsoundtouch1:amd64 (2.3.2+ds1-1) ...
Selecting previously unselected package libspandsp2:amd64.
Preparing to unpack .../0415-libspandsp2_0.0.6+dfsg-2+b1_amd64.deb ...
Unpacking libspandsp2:amd64 (0.0.6+dfsg-2+b1) ...
Selecting previously unselected package libsrt1.5-gnutls:amd64.
Preparing to unpack .../0416-libsrt1.5-gnutls_1.5.1-1+deb12u1_amd64.deb ...
Unpacking libsrt1.5-gnutls:amd64 (1.5.1-1+deb12u1) ...
Selecting previously unselected package libsrtp2-1:amd64.
Preparing to unpack .../0417-libsrtp2-1_2.5.0-3_amd64.deb ...
Unpacking libsrtp2-1:amd64 (2.5.0-3) ...
Selecting previously unselected package libvo-aacenc0:amd64.
Preparing to unpack .../0418-libvo-aacenc0_0.1.3-2_amd64.deb ...
Unpacking libvo-aacenc0:amd64 (0.1.3-2) ...
Selecting previously unselected package libvo-amrwbenc0:amd64.
Preparing to unpack .../0419-libvo-amrwbenc0_0.1.3-2_amd64.deb ...
Unpacking libvo-amrwbenc0:amd64 (0.1.3-2) ...
Selecting previously unselected package libwebrtc-audio-processing1:amd64.
Preparing to unpack .../0420-libwebrtc-audio-processing1_0.3-1+b1_amd64.deb ...
Unpacking libwebrtc-audio-processing1:amd64 (0.3-1+b1) ...
Selecting previously unselected package libwildmidi2:amd64.
Preparing to unpack .../0421-libwildmidi2_0.4.3-1_amd64.deb ...
Unpacking libwildmidi2:amd64 (0.4.3-1) ...
Selecting previously unselected package libv4lconvert0:amd64.
Preparing to unpack .../0422-libv4lconvert0_1.22.1-5+b2_amd64.deb ...
Unpacking libv4lconvert0:amd64 (1.22.1-5+b2) ...
Selecting previously unselected package libv4l-0:amd64.
Preparing to unpack .../0423-libv4l-0_1.22.1-5+b2_amd64.deb ...
Unpacking libv4l-0:amd64 (1.22.1-5+b2) ...
Selecting previously unselected package libzbar0:amd64.
Preparing to unpack .../0424-libzbar0_0.23.92-7+deb12u1_amd64.deb ...
Unpacking libzbar0:amd64 (0.23.92-7+deb12u1) ...
Selecting previously unselected package libzxing2:amd64.
Preparing to unpack .../0425-libzxing2_1.4.0-3+b1_amd64.deb ...
Unpacking libzxing2:amd64 (1.4.0-3+b1) ...
Selecting previously unselected package libcdparanoia0:amd64.
Preparing to unpack .../0426-libcdparanoia0_3.10.2+debian-14_amd64.deb ...
Unpacking libcdparanoia0:amd64 (3.10.2+debian-14) ...
Selecting previously unselected package libvisual-0.4-0:amd64.
Preparing to unpack .../0427-libvisual-0.4-0_0.4.0-19_amd64.deb ...
Unpacking libvisual-0.4-0:amd64 (0.4.0-19) ...
Selecting previously unselected package gstreamer1.0-plugins-base:amd64.
Preparing to unpack .../0428-gstreamer1.0-plugins-base_1.22.0-3+deb12u5_amd64.deb ...
Unpacking gstreamer1.0-plugins-base:amd64 (1.22.0-3+deb12u5) ...
Selecting previously unselected package libgpm2:amd64.
Preparing to unpack .../0429-libgpm2_1.20.7-10+b1_amd64.deb ...
Unpacking libgpm2:amd64 (1.20.7-10+b1) ...
Selecting previously unselected package libncurses6:amd64.
Preparing to unpack .../0430-libncurses6_6.4-4_amd64.deb ...
Unpacking libncurses6:amd64 (6.4-4) ...
Selecting previously unselected package libslang2:amd64.
Preparing to unpack .../0431-libslang2_2.3.3-3_amd64.deb ...
Unpacking libslang2:amd64 (2.3.3-3) ...
Selecting previously unselected package libaa1:amd64.
Preparing to unpack .../0432-libaa1_1.4p5-50_amd64.deb ...
Unpacking libaa1:amd64 (1.4p5-50) ...
Selecting previously unselected package libavc1394-0:amd64.
Preparing to unpack .../0433-libavc1394-0_0.5.4-5_amd64.deb ...
Unpacking libavc1394-0:amd64 (0.5.4-5) ...
Selecting previously unselected package libcaca0:amd64.
Preparing to unpack .../0434-libcaca0_0.99.beta20-3_amd64.deb ...
Unpacking libcaca0:amd64 (0.99.beta20-3) ...
Selecting previously unselected package libdv4:amd64.
Preparing to unpack .../0435-libdv4_1.0.0-15_amd64.deb ...
Unpacking libdv4:amd64 (1.0.0-15) ...
Selecting previously unselected package libiec61883-0:amd64.
Preparing to unpack .../0436-libiec61883-0_1.2.0-6+b1_amd64.deb ...
Unpacking libiec61883-0:amd64 (1.2.0-6+b1) ...
Selecting previously unselected package libshout3:amd64.
Preparing to unpack .../0437-libshout3_2.4.6-1+b1_amd64.deb ...
Unpacking libshout3:amd64 (2.4.6-1+b1) ...
Selecting previously unselected package libtag1v5-vanilla:amd64.
Preparing to unpack .../0438-libtag1v5-vanilla_1.13-2_amd64.deb ...
Unpacking libtag1v5-vanilla:amd64 (1.13-2) ...
Selecting previously unselected package libtag1v5:amd64.
Preparing to unpack .../0439-libtag1v5_1.13-2_amd64.deb ...
Unpacking libtag1v5:amd64 (1.13-2) ...
Selecting previously unselected package libwavpack1:amd64.
Preparing to unpack .../0440-libwavpack1_5.6.0-1_amd64.deb ...
Unpacking libwavpack1:amd64 (5.6.0-1) ...
Selecting previously unselected package libsoup2.4-common.
Preparing to unpack .../0441-libsoup2.4-common_2.74.3-1+deb12u1_all.deb ...
Unpacking libsoup2.4-common (2.74.3-1+deb12u1) ...
Selecting previously unselected package libsoup2.4-1:amd64.
Preparing to unpack .../0442-libsoup2.4-1_2.74.3-1+deb12u1_amd64.deb ...
Unpacking libsoup2.4-1:amd64 (2.74.3-1+deb12u1) ...
Selecting previously unselected package gstreamer1.0-plugins-good:amd64.
Preparing to unpack .../0443-gstreamer1.0-plugins-good_1.22.0-5+deb12u3_amd64.deb ...
Unpacking gstreamer1.0-plugins-good:amd64 (1.22.0-5+deb12u3) ...
Selecting previously unselected package gstreamer1.0-plugins-bad:amd64.
Preparing to unpack .../0444-gstreamer1.0-plugins-bad_1.22.0-4+deb12u6_amd64.deb ...
Unpacking gstreamer1.0-plugins-bad:amd64 (1.22.0-4+deb12u6) ...
Selecting previously unselected package cheese-common.
Preparing to unpack .../0445-cheese-common_43.0-1_all.deb ...
Unpacking cheese-common (43.0-1) ...
Selecting previously unselected package libxv1:amd64.
Preparing to unpack .../0446-libxv1_2%3a1.0.11-1.1_amd64.deb ...
Unpacking libxv1:amd64 (2:1.0.11-1.1) ...
Selecting previously unselected package gstreamer1.0-x:amd64.
Preparing to unpack .../0447-gstreamer1.0-x_1.22.0-3+deb12u5_amd64.deb ...
Unpacking gstreamer1.0-x:amd64 (1.22.0-3+deb12u5) ...
Selecting previously unselected package libcheese8:amd64.
Preparing to unpack .../0448-libcheese8_43.0-1_amd64.deb ...
Unpacking libcheese8:amd64 (43.0-1) ...
Selecting previously unselected package libclutter-gtk-1.0-0:amd64.
Preparing to unpack .../0449-libclutter-gtk-1.0-0_1.8.4-4+b1_amd64.deb ...
Unpacking libclutter-gtk-1.0-0:amd64 (1.8.4-4+b1) ...
Selecting previously unselected package gstreamer1.0-clutter-3.0:amd64.
Preparing to unpack .../0450-gstreamer1.0-clutter-3.0_3.0.27-3_amd64.deb ...
Unpacking gstreamer1.0-clutter-3.0:amd64 (3.0.27-3) ...
Selecting previously unselected package libcheese-gtk25:amd64.
Preparing to unpack .../0451-libcheese-gtk25_43.0-1_amd64.deb ...
Unpacking libcheese-gtk25:amd64 (43.0-1) ...
Selecting previously unselected package gnome-desktop3-data.
Preparing to unpack .../0452-gnome-desktop3-data_43.2-2_all.deb ...
Unpacking gnome-desktop3-data (43.2-2) ...
Selecting previously unselected package libxkbregistry0:amd64.
Preparing to unpack .../0453-libxkbregistry0_1.5.0-1_amd64.deb ...
Unpacking libxkbregistry0:amd64 (1.5.0-1) ...
Selecting previously unselected package libgnome-desktop-3-20:amd64.
Preparing to unpack .../0454-libgnome-desktop-3-20_43.2-2_amd64.deb ...
Unpacking libgnome-desktop-3-20:amd64 (43.2-2) ...
Selecting previously unselected package gnome-video-effects.
Preparing to unpack .../0455-gnome-video-effects_0.5.0-1_all.deb ...
Unpacking gnome-video-effects (0.5.0-1) ...
Selecting previously unselected package cheese.
Preparing to unpack .../0456-cheese_43.0-1_amd64.deb ...
Unpacking cheese (43.0-1) ...
Selecting previously unselected package libgirepository-1.0-1:amd64.
Preparing to unpack .../0457-libgirepository-1.0-1_1.74.0-3_amd64.deb ...
Unpacking libgirepository-1.0-1:amd64 (1.74.0-3) ...
Selecting previously unselected package gir1.2-glib-2.0:amd64.
Preparing to unpack .../0458-gir1.2-glib-2.0_1.74.0-3_amd64.deb ...
Unpacking gir1.2-glib-2.0:amd64 (1.74.0-3) ...
Selecting previously unselected package gir1.2-accountsservice-1.0:amd64.
Preparing to unpack .../0459-gir1.2-accountsservice-1.0_22.08.8-6_amd64.deb ...
Unpacking gir1.2-accountsservice-1.0:amd64 (22.08.8-6) ...
Selecting previously unselected package gir1.2-freedesktop:amd64.
Preparing to unpack .../0460-gir1.2-freedesktop_1.74.0-3_amd64.deb ...
Unpacking gir1.2-freedesktop:amd64 (1.74.0-3) ...
Selecting previously unselected package gir1.2-gdkpixbuf-2.0:amd64.
Preparing to unpack .../0461-gir1.2-gdkpixbuf-2.0_2.42.10+dfsg-1+deb12u3_amd64.deb ...
Unpacking gir1.2-gdkpixbuf-2.0:amd64 (2.42.10+dfsg-1+deb12u3) ...
Selecting previously unselected package gir1.2-graphene-1.0:amd64.
Preparing to unpack .../0462-gir1.2-graphene-1.0_1.10.8-1_amd64.deb ...
Unpacking gir1.2-graphene-1.0:amd64 (1.10.8-1) ...
Selecting previously unselected package gir1.2-harfbuzz-0.0:amd64.
Preparing to unpack .../0463-gir1.2-harfbuzz-0.0_6.0.0+dfsg-3_amd64.deb ...
Unpacking gir1.2-harfbuzz-0.0:amd64 (6.0.0+dfsg-3) ...
Selecting previously unselected package libxft2:amd64.
Preparing to unpack .../0464-libxft2_2.3.6-1_amd64.deb ...
Unpacking libxft2:amd64 (2.3.6-1) ...
Selecting previously unselected package libpangoxft-1.0-0:amd64.
Preparing to unpack .../0465-libpangoxft-1.0-0_1.50.12+ds-1_amd64.deb ...
Unpacking libpangoxft-1.0-0:amd64 (1.50.12+ds-1) ...
Selecting previously unselected package gir1.2-pango-1.0:amd64.
Preparing to unpack .../0466-gir1.2-pango-1.0_1.50.12+ds-1_amd64.deb ...
Unpacking gir1.2-pango-1.0:amd64 (1.50.12+ds-1) ...
Selecting previously unselected package gir1.2-gtk-4.0:amd64.
Preparing to unpack .../0467-gir1.2-gtk-4.0_4.8.3+ds-2+deb12u1_amd64.deb ...
Unpacking gir1.2-gtk-4.0:amd64 (4.8.3+ds-2+deb12u1) ...
Selecting previously unselected package gir1.2-adw-1:amd64.
Preparing to unpack .../0468-gir1.2-adw-1_1.2.2-1_amd64.deb ...
Unpacking gir1.2-adw-1:amd64 (1.2.2-1) ...
Selecting previously unselected package gir1.2-atk-1.0:amd64.
Preparing to unpack .../0469-gir1.2-atk-1.0_2.46.0-5_amd64.deb ...
Unpacking gir1.2-atk-1.0:amd64 (2.46.0-5) ...
Selecting previously unselected package gir1.2-atspi-2.0:amd64.
Preparing to unpack .../0470-gir1.2-atspi-2.0_2.46.0-5_amd64.deb ...
Unpacking gir1.2-atspi-2.0:amd64 (2.46.0-5) ...
Selecting previously unselected package gir1.2-gck-1:amd64.
Preparing to unpack .../0471-gir1.2-gck-1_3.41.1-1+b1_amd64.deb ...
Unpacking gir1.2-gck-1:amd64 (3.41.1-1+b1) ...
Selecting previously unselected package gir1.2-gtk-3.0:amd64.
Preparing to unpack .../0472-gir1.2-gtk-3.0_3.24.38-2~deb12u3_amd64.deb ...
Unpacking gir1.2-gtk-3.0:amd64 (3.24.38-2~deb12u3) ...
Selecting previously unselected package gir1.2-gcr-3:amd64.
Preparing to unpack .../0473-gir1.2-gcr-3_3.41.1-1+b1_amd64.deb ...
Unpacking gir1.2-gcr-3:amd64 (3.41.1-1+b1) ...
Selecting previously unselected package gir1.2-gdesktopenums-3.0:amd64.
Preparing to unpack .../0474-gir1.2-gdesktopenums-3.0_43.0-1_amd64.deb ...
Unpacking gir1.2-gdesktopenums-3.0:amd64 (43.0-1) ...
Selecting previously unselected package libgdm1.
Preparing to unpack .../0475-libgdm1_43.0-3_amd64.deb ...
Unpacking libgdm1 (43.0-3) ...
Selecting previously unselected package gir1.2-gdm-1.0.
Preparing to unpack .../0476-gir1.2-gdm-1.0_43.0-3_amd64.deb ...
Unpacking gir1.2-gdm-1.0 (43.0-3) ...
Selecting previously unselected package libgeoclue-2-0:amd64.
Preparing to unpack .../0477-libgeoclue-2-0_2.6.0-2+deb12u1_amd64.deb ...
Unpacking libgeoclue-2-0:amd64 (2.6.0-2+deb12u1) ...
Selecting previously unselected package gir1.2-geoclue-2.0:amd64.
Preparing to unpack .../0478-gir1.2-geoclue-2.0_2.6.0-2+deb12u1_amd64.deb ...
Unpacking gir1.2-geoclue-2.0:amd64 (2.6.0-2+deb12u1) ...
Selecting previously unselected package libupower-glib3:amd64.
Preparing to unpack .../0479-libupower-glib3_0.99.20-2_amd64.deb ...
Unpacking libupower-glib3:amd64 (0.99.20-2) ...
Selecting previously unselected package gnome-bluetooth-3-common.
Preparing to unpack .../0480-gnome-bluetooth-3-common_42.5-3_all.deb ...
Unpacking gnome-bluetooth-3-common (42.5-3) ...
Selecting previously unselected package libgnome-bluetooth-3.0-13:amd64.
Preparing to unpack .../0481-libgnome-bluetooth-3.0-13_42.5-3_amd64.deb ...
Unpacking libgnome-bluetooth-3.0-13:amd64 (42.5-3) ...
Selecting previously unselected package gir1.2-gnomebluetooth-3.0:amd64.
Preparing to unpack .../0482-gir1.2-gnomebluetooth-3.0_42.5-3_amd64.deb ...
Unpacking gir1.2-gnomebluetooth-3.0:amd64 (42.5-3) ...
Selecting previously unselected package gir1.2-gnomedesktop-3.0:amd64.
Preparing to unpack .../0483-gir1.2-gnomedesktop-3.0_43.2-2_amd64.deb ...
Unpacking gir1.2-gnomedesktop-3.0:amd64 (43.2-2) ...
Selecting previously unselected package gir1.2-gstreamer-1.0:amd64.
Preparing to unpack .../0484-gir1.2-gstreamer-1.0_1.22.0-2+deb12u1_amd64.deb ...
Unpacking gir1.2-gstreamer-1.0:amd64 (1.22.0-2+deb12u1) ...
Selecting previously unselected package geocode-glib-common.
Preparing to unpack .../0485-geocode-glib-common_3.26.3-6_all.deb ...
Unpacking geocode-glib-common (3.26.3-6) ...
Selecting previously unselected package libgeocode-glib-2-0:amd64.
Preparing to unpack .../0486-libgeocode-glib-2-0_3.26.3-6_amd64.deb ...
Unpacking libgeocode-glib-2-0:amd64 (3.26.3-6) ...
Selecting previously unselected package libgweather-4-common.
Preparing to unpack .../0487-libgweather-4-common_4.2.0-2_all.deb ...
Unpacking libgweather-4-common (4.2.0-2) ...
Selecting previously unselected package libgweather-4-0:amd64.
Preparing to unpack .../0488-libgweather-4-0_4.2.0-2_amd64.deb ...
Unpacking libgweather-4-0:amd64 (4.2.0-2) ...
Selecting previously unselected package gir1.2-gweather-4.0:amd64.
Preparing to unpack .../0489-gir1.2-gweather-4.0_4.2.0-2_amd64.deb ...
Unpacking gir1.2-gweather-4.0:amd64 (4.2.0-2) ...
Selecting previously unselected package libibus-1.0-5:amd64.
Preparing to unpack .../0490-libibus-1.0-5_1.5.27-5_amd64.deb ...
Unpacking libibus-1.0-5:amd64 (1.5.27-5) ...
Selecting previously unselected package gir1.2-ibus-1.0:amd64.
Preparing to unpack .../0491-gir1.2-ibus-1.0_1.5.27-5_amd64.deb ...
Unpacking gir1.2-ibus-1.0:amd64 (1.5.27-5) ...
Selecting previously unselected package mutter-common.
Preparing to unpack .../0492-mutter-common_43.8-0+deb12u1_all.deb ...
Unpacking mutter-common (43.8-0+deb12u1) ...
Selecting previously unselected package libspa-0.2-modules:amd64.
Preparing to unpack .../0493-libspa-0.2-modules_0.3.65-3+deb12u1_amd64.deb ...
Unpacking libspa-0.2-modules:amd64 (0.3.65-3+deb12u1) ...
Selecting previously unselected package libpipewire-0.3-0:amd64.
Preparing to unpack .../0494-libpipewire-0.3-0_0.3.65-3+deb12u1_amd64.deb ...
Unpacking libpipewire-0.3-0:amd64 (0.3.65-3+deb12u1) ...
Selecting previously unselected package libstartup-notification0:amd64.
Preparing to unpack .../0495-libstartup-notification0_0.12-6+b1_amd64.deb ...
Unpacking libstartup-notification0:amd64 (0.12-6+b1) ...
Selecting previously unselected package libxkbfile1:amd64.
Preparing to unpack .../0496-libxkbfile1_1%3a1.1.0-1_amd64.deb ...
Unpacking libxkbfile1:amd64 (1:1.1.0-1) ...
Selecting previously unselected package libmutter-11-0:amd64.
Preparing to unpack .../0497-libmutter-11-0_43.8-0+deb12u1_amd64.deb ...
Unpacking libmutter-11-0:amd64 (43.8-0+deb12u1) ...
Selecting previously unselected package gir1.2-json-1.0:amd64.
Preparing to unpack .../0498-gir1.2-json-1.0_1.6.6-1_amd64.deb ...
Unpacking gir1.2-json-1.0:amd64 (1.6.6-1) ...
Selecting previously unselected package gir1.2-mutter-11:amd64.
Preparing to unpack .../0499-gir1.2-mutter-11_43.8-0+deb12u1_amd64.deb ...
Unpacking gir1.2-mutter-11:amd64 (43.8-0+deb12u1) ...
Selecting previously unselected package libnm0:amd64.
Preparing to unpack .../0500-libnm0_1.42.4-1+deb12u1_amd64.deb ...
Unpacking libnm0:amd64 (1.42.4-1+deb12u1) ...
Selecting previously unselected package gir1.2-nm-1.0:amd64.
Preparing to unpack .../0501-gir1.2-nm-1.0_1.42.4-1+deb12u1_amd64.deb ...
Unpacking gir1.2-nm-1.0:amd64 (1.42.4-1+deb12u1) ...
Selecting previously unselected package libnma-common.
Preparing to unpack .../0502-libnma-common_1.10.6-1_all.deb ...
Unpacking libnma-common (1.10.6-1) ...
Selecting previously unselected package libnma0:amd64.
Preparing to unpack .../0503-libnma0_1.10.6-1_amd64.deb ...
Unpacking libnma0:amd64 (1.10.6-1) ...
Selecting previously unselected package gir1.2-nma-1.0:amd64.
Preparing to unpack .../0504-gir1.2-nma-1.0_1.10.6-1_amd64.deb ...
Unpacking gir1.2-nma-1.0:amd64 (1.10.6-1) ...
Selecting previously unselected package gir1.2-polkit-1.0.
Preparing to unpack .../0505-gir1.2-polkit-1.0_122-3_amd64.deb ...
Unpacking gir1.2-polkit-1.0 (122-3) ...
Selecting previously unselected package gir1.2-rsvg-2.0:amd64.
Preparing to unpack .../0506-gir1.2-rsvg-2.0_2.54.7+dfsg-1~deb12u1_amd64.deb ...
Unpacking gir1.2-rsvg-2.0:amd64 (2.54.7+dfsg-1~deb12u1) ...
Selecting previously unselected package gir1.2-soup-3.0:amd64.
Preparing to unpack .../0507-gir1.2-soup-3.0_3.2.3-0+deb12u2_amd64.deb ...
Unpacking gir1.2-soup-3.0:amd64 (3.2.3-0+deb12u2) ...
Selecting previously unselected package gir1.2-upowerglib-1.0:amd64.
Preparing to unpack .../0508-gir1.2-upowerglib-1.0_0.99.20-2_amd64.deb ...
Unpacking gir1.2-upowerglib-1.0:amd64 (0.99.20-2) ...
Selecting previously unselected package libatomic1:amd64.
Preparing to unpack .../0509-libatomic1_12.2.0-14+deb12u1_amd64.deb ...
Unpacking libatomic1:amd64 (12.2.0-14+deb12u1) ...
Selecting previously unselected package libjavascriptcoregtk-4.1-0:amd64.
Preparing to unpack .../0510-libjavascriptcoregtk-4.1-0_2.50.4-1~deb12u1_amd64.deb ...
Unpacking libjavascriptcoregtk-4.1-0:amd64 (2.50.4-1~deb12u1) ...
Selecting previously unselected package xdg-dbus-proxy.
Preparing to unpack .../0511-xdg-dbus-proxy_0.1.4-3_amd64.deb ...
Unpacking xdg-dbus-proxy (0.1.4-3) ...
Selecting previously unselected package hunspell-en-us.
Preparing to unpack .../0512-hunspell-en-us_1%3a2020.12.07-2_all.deb ...
Unpacking hunspell-en-us (1:2020.12.07-2) ...
Selecting previously unselected package libhunspell-1.7-0:amd64.
Preparing to unpack .../0513-libhunspell-1.7-0_1.7.1-1_amd64.deb ...
Unpacking libhunspell-1.7-0:amd64 (1.7.1-1) ...
Selecting previously unselected package libenchant-2-2:amd64.
Preparing to unpack .../0514-libenchant-2-2_2.3.3-2_amd64.deb ...
Unpacking libenchant-2-2:amd64 (2.3.3-2) ...
Selecting previously unselected package libharfbuzz-icu0:amd64.
Preparing to unpack .../0515-libharfbuzz-icu0_6.0.0+dfsg-3_amd64.deb ...
Unpacking libharfbuzz-icu0:amd64 (6.0.0+dfsg-3) ...
Selecting previously unselected package libmanette-0.2-0:amd64.
Preparing to unpack .../0516-libmanette-0.2-0_0.2.6-3+b1_amd64.deb ...
Unpacking libmanette-0.2-0:amd64 (0.2.6-3+b1) ...
Selecting previously unselected package libwebkit2gtk-4.1-0:amd64.
Preparing to unpack .../0517-libwebkit2gtk-4.1-0_2.50.4-1~deb12u1_amd64.deb ...
Unpacking libwebkit2gtk-4.1-0:amd64 (2.50.4-1~deb12u1) ...
Selecting previously unselected package gir1.2-javascriptcoregtk-4.1:amd64.
Preparing to unpack .../0518-gir1.2-javascriptcoregtk-4.1_2.50.4-1~deb12u1_amd64.deb ...
Unpacking gir1.2-javascriptcoregtk-4.1:amd64 (2.50.4-1~deb12u1) ...
Selecting previously unselected package gir1.2-webkit2-4.1:amd64.
Preparing to unpack .../0519-gir1.2-webkit2-4.1_2.50.4-1~deb12u1_amd64.deb ...
Unpacking gir1.2-webkit2-4.1:amd64 (2.50.4-1~deb12u1) ...
Selecting previously unselected package gnome-backgrounds.
Preparing to unpack .../0520-gnome-backgrounds_43.1-1_all.deb ...
Unpacking gnome-backgrounds (43.1-1) ...
Selecting previously unselected package gnome-settings-daemon-common.
Preparing to unpack .../0521-gnome-settings-daemon-common_43.0-4_all.deb ...
Unpacking gnome-settings-daemon-common (43.0-4) ...
Selecting previously unselected package libbluetooth3:amd64.
Preparing to unpack .../0522-libbluetooth3_5.66-1+deb12u2_amd64.deb ...
Unpacking libbluetooth3:amd64 (5.66-1+deb12u2) ...
Selecting previously unselected package liblc3-0:amd64.
Preparing to unpack .../0523-liblc3-0_1.0.1-1+b1_amd64.deb ...
Unpacking liblc3-0:amd64 (1.0.1-1+b1) ...
Selecting previously unselected package libldacbt-abr2:amd64.
Preparing to unpack .../0524-libldacbt-abr2_2.0.2.3+git20200429+ed310a0-4_amd64.deb ...
Unpacking libldacbt-abr2:amd64 (2.0.2.3+git20200429+ed310a0-4) ...
Selecting previously unselected package libspa-0.2-bluetooth:amd64.
Preparing to unpack .../0525-libspa-0.2-bluetooth_0.3.65-3+deb12u1_amd64.deb ...
Unpacking libspa-0.2-bluetooth:amd64 (0.3.65-3+deb12u1) ...
Selecting previously unselected package libpipewire-0.3-modules:amd64.
Preparing to unpack .../0526-libpipewire-0.3-modules_0.3.65-3+deb12u1_amd64.deb ...
Unpacking libpipewire-0.3-modules:amd64 (0.3.65-3+deb12u1) ...
Selecting previously unselected package pipewire-bin.
Preparing to unpack .../0527-pipewire-bin_0.3.65-3+deb12u1_amd64.deb ...
Unpacking pipewire-bin (0.3.65-3+deb12u1) ...
Selecting previously unselected package pipewire:amd64.
Preparing to unpack .../0528-pipewire_0.3.65-3+deb12u1_amd64.deb ...
Unpacking pipewire:amd64 (0.3.65-3+deb12u1) ...
Selecting previously unselected package pipewire-alsa:amd64.
Preparing to unpack .../0529-pipewire-alsa_0.3.65-3+deb12u1_amd64.deb ...
Unpacking pipewire-alsa:amd64 (0.3.65-3+deb12u1) ...
Selecting previously unselected package pipewire-pulse.
Preparing to unpack .../0530-pipewire-pulse_0.3.65-3+deb12u1_amd64.deb ...
Unpacking pipewire-pulse (0.3.65-3+deb12u1) ...
Selecting previously unselected package libwireplumber-0.4-0:amd64.
Preparing to unpack .../0531-libwireplumber-0.4-0_0.4.13-1_amd64.deb ...
Unpacking libwireplumber-0.4-0:amd64 (0.4.13-1) ...
Selecting previously unselected package wireplumber.
Preparing to unpack .../0532-wireplumber_0.4.13-1_amd64.deb ...
Unpacking wireplumber (0.4.13-1) ...
Selecting previously unselected package pipewire-audio.
Preparing to unpack .../0533-pipewire-audio_0.3.65-3+deb12u1_all.deb ...
Unpacking pipewire-audio (0.3.65-3+deb12u1) ...
Selecting previously unselected package libmm-glib0:amd64.
Preparing to unpack .../0534-libmm-glib0_1.20.4-1_amd64.deb ...
Unpacking libmm-glib0:amd64 (1.20.4-1) ...
Selecting previously unselected package libnotify4:amd64.
Preparing to unpack .../0535-libnotify4_0.8.1-1_amd64.deb ...
Unpacking libnotify4:amd64 (0.8.1-1) ...
Selecting previously unselected package libpulse-mainloop-glib0:amd64.
Preparing to unpack .../0536-libpulse-mainloop-glib0_16.1+dfsg1-2+b1_amd64.deb ...
Unpacking libpulse-mainloop-glib0:amd64 (16.1+dfsg1-2+b1) ...
Selecting previously unselected package gnome-settings-daemon.
Preparing to unpack .../0537-gnome-settings-daemon_43.0-4_amd64.deb ...
Unpacking gnome-settings-daemon (43.0-4) ...
Selecting previously unselected package gnome-shell-common.
Preparing to unpack .../0538-gnome-shell-common_43.9-0+deb12u2_all.deb ...
Unpacking gnome-shell-common (43.9-0+deb12u2) ...
Selecting previously unselected package gstreamer1.0-pipewire:amd64.
Preparing to unpack .../0539-gstreamer1.0-pipewire_0.3.65-3+deb12u1_amd64.deb ...
Unpacking gstreamer1.0-pipewire:amd64 (0.3.65-3+deb12u1) ...
Selecting previously unselected package libglib2.0-data.
Preparing to unpack .../0540-libglib2.0-data_2.74.6-2+deb12u8_all.deb ...
Unpacking libglib2.0-data (2.74.6-2+deb12u8) ...
Selecting previously unselected package libglib2.0-bin.
Preparing to unpack .../0541-libglib2.0-bin_2.74.6-2+deb12u8_amd64.deb ...
Unpacking libglib2.0-bin (2.74.6-2+deb12u8) ...
Selecting previously unselected package libcamel-1.2-64:amd64.
Preparing to unpack .../0542-libcamel-1.2-64_3.46.4-2_amd64.deb ...
Unpacking libcamel-1.2-64:amd64 (3.46.4-2) ...
Selecting previously unselected package evolution-data-server-common.
Preparing to unpack .../0543-evolution-data-server-common_3.46.4-2_all.deb ...
Unpacking evolution-data-server-common (3.46.4-2) ...
Selecting previously unselected package libedataserver-1.2-27:amd64.
Preparing to unpack .../0544-libedataserver-1.2-27_3.46.4-2_amd64.deb ...
Unpacking libedataserver-1.2-27:amd64 (3.46.4-2) ...
Selecting previously unselected package libecal-2.0-2:amd64.
Preparing to unpack .../0545-libecal-2.0-2_3.46.4-2_amd64.deb ...
Unpacking libecal-2.0-2:amd64 (3.46.4-2) ...
Selecting previously unselected package libmozjs-102-0:amd64.
Preparing to unpack .../0546-libmozjs-102-0_102.15.1-1~deb12u1_amd64.deb ...
Unpacking libmozjs-102-0:amd64 (102.15.1-1~deb12u1) ...
Selecting previously unselected package libgjs0g:amd64.
Preparing to unpack .../0547-libgjs0g_1.74.2-1+deb12u1_amd64.deb ...
Unpacking libgjs0g:amd64 (1.74.2-1+deb12u1) ...
Selecting previously unselected package libarchive13:amd64.
Preparing to unpack .../0548-libarchive13_3.6.2-1+deb12u3_amd64.deb ...
Unpacking libarchive13:amd64 (3.6.2-1+deb12u3) ...
Selecting previously unselected package libgnome-autoar-0-0:amd64.
Preparing to unpack .../0549-libgnome-autoar-0-0_0.4.3-1_amd64.deb ...
Unpacking libgnome-autoar-0-0:amd64 (0.4.3-1) ...
Selecting previously unselected package gnome-shell.
Preparing to unpack .../0550-gnome-shell_43.9-0+deb12u2_amd64.deb ...
Unpacking gnome-shell (43.9-0+deb12u2) ...
Selecting previously unselected package python3-gi.
Preparing to unpack .../0551-python3-gi_3.42.2-3+b1_amd64.deb ...
Unpacking python3-gi (3.42.2-3+b1) ...
Selecting previously unselected package python3-certifi.
Preparing to unpack .../0552-python3-certifi_2022.9.24-1_all.deb ...
Unpacking python3-certifi (2022.9.24-1) ...
Selecting previously unselected package python3-charset-normalizer.
Preparing to unpack .../0553-python3-charset-normalizer_3.0.1-2_all.deb ...
Unpacking python3-charset-normalizer (3.0.1-2) ...
Selecting previously unselected package python3-idna.
Preparing to unpack .../0554-python3-idna_3.3-1+deb12u1_all.deb ...
Unpacking python3-idna (3.3-1+deb12u1) ...
Selecting previously unselected package python3-six.
Preparing to unpack .../0555-python3-six_1.16.0-4_all.deb ...
Unpacking python3-six (1.16.0-4) ...
Selecting previously unselected package python3-urllib3.
Preparing to unpack .../0556-python3-urllib3_1.26.12-1+deb12u3_all.deb ...
Unpacking python3-urllib3 (1.26.12-1+deb12u3) ...
Selecting previously unselected package python3-pkg-resources.
Preparing to unpack .../0557-python3-pkg-resources_66.1.1-1+deb12u2_all.deb ...
Unpacking python3-pkg-resources (66.1.1-1+deb12u2) ...
Selecting previously unselected package python3-chardet.
Preparing to unpack .../0558-python3-chardet_5.1.0+dfsg-2_all.deb ...
Unpacking python3-chardet (5.1.0+dfsg-2) ...
Selecting previously unselected package python3-requests.
Preparing to unpack .../0559-python3-requests_2.28.1+dfsg-1_all.deb ...
Unpacking python3-requests (2.28.1+dfsg-1) ...
Selecting previously unselected package gnome-browser-connector.
Preparing to unpack .../0560-gnome-browser-connector_42.1-3_all.deb ...
Unpacking gnome-browser-connector (42.1-3) ...
Selecting previously unselected package chrome-gnome-shell.
Preparing to unpack .../0561-chrome-gnome-shell_42.1-3_all.deb ...
Unpacking chrome-gnome-shell (42.1-3) ...
Selecting previously unselected package libblas3:amd64.
Preparing to unpack .../0562-libblas3_3.11.0-2_amd64.deb ...
Unpacking libblas3:amd64 (3.11.0-2) ...
Selecting previously unselected package libquadmath0:amd64.
Preparing to unpack .../0563-libquadmath0_12.2.0-14+deb12u1_amd64.deb ...
Unpacking libquadmath0:amd64 (12.2.0-14+deb12u1) ...
Selecting previously unselected package libgfortran5:amd64.
Preparing to unpack .../0564-libgfortran5_12.2.0-14+deb12u1_amd64.deb ...
Unpacking libgfortran5:amd64 (12.2.0-14+deb12u1) ...
Selecting previously unselected package liblapack3:amd64.
Preparing to unpack .../0565-liblapack3_3.11.0-2_amd64.deb ...
Unpacking liblapack3:amd64 (3.11.0-2) ...
Selecting previously unselected package coinor-libcoinutils3v5:amd64.
Preparing to unpack .../0566-coinor-libcoinutils3v5_2.11.4+repack1-2_amd64.deb ...
Unpacking coinor-libcoinutils3v5:amd64 (2.11.4+repack1-2) ...
Selecting previously unselected package coinor-libosi1v5:amd64.
Preparing to unpack .../0567-coinor-libosi1v5_0.108.6+repack1-2_amd64.deb ...
Unpacking coinor-libosi1v5:amd64 (0.108.6+repack1-2) ...
Selecting previously unselected package coinor-libclp1:amd64.
Preparing to unpack .../0568-coinor-libclp1_1.17.6-3_amd64.deb ...
Unpacking coinor-libclp1:amd64 (1.17.6-3) ...
Selecting previously unselected package coinor-libcgl1:amd64.
Preparing to unpack .../0569-coinor-libcgl1_0.60.3+repack1-4_amd64.deb ...
Unpacking coinor-libcgl1:amd64 (0.60.3+repack1-4) ...
Selecting previously unselected package coinor-libcbc3:amd64.
Preparing to unpack .../0570-coinor-libcbc3_2.10.8+ds1-1_amd64.deb ...
Unpacking coinor-libcbc3:amd64 (2.10.8+ds1-1) ...
Selecting previously unselected package coinor-libcoinmp1v5:amd64.
Preparing to unpack .../0571-coinor-libcoinmp1v5_1.8.3-3_amd64.deb ...
Unpacking coinor-libcoinmp1v5:amd64 (1.8.3-3) ...
Selecting previously unselected package colord-data.
Preparing to unpack .../0572-colord-data_1.4.6-2.2_all.deb ...
Unpacking colord-data (1.4.6-2.2) ...
Selecting previously unselected package xml-core.
Preparing to unpack .../0573-xml-core_0.18+nmu1_all.deb ...
Unpacking xml-core (0.18+nmu1) ...
Selecting previously unselected package libduktape207:amd64.
Preparing to unpack .../0574-libduktape207_2.7.0-2_amd64.deb ...
Unpacking libduktape207:amd64 (2.7.0-2) ...
Selecting previously unselected package polkitd.
Preparing to unpack .../0575-polkitd_122-3_amd64.deb ...
Unpacking polkitd (122-3) ...
Selecting previously unselected package libgusb2:amd64.
Preparing to unpack .../0576-libgusb2_0.3.10-1_amd64.deb ...
Unpacking libgusb2:amd64 (0.3.10-1) ...
Selecting previously unselected package libcolorhug2:amd64.
Preparing to unpack .../0577-libcolorhug2_1.4.6-2.2_amd64.deb ...
Unpacking libcolorhug2:amd64 (1.4.6-2.2) ...
Selecting previously unselected package colord.
Preparing to unpack .../0578-colord_1.4.6-2.2_amd64.deb ...
Unpacking colord (1.4.6-2.2) ...
Selecting previously unselected package libisl23:amd64.
Preparing to unpack .../0579-libisl23_0.25-1.1_amd64.deb ...
Unpacking libisl23:amd64 (0.25-1.1) ...
Selecting previously unselected package libmpfr6:amd64.
Preparing to unpack .../0580-libmpfr6_4.2.0-1_amd64.deb ...
Unpacking libmpfr6:amd64 (4.2.0-1) ...
Selecting previously unselected package libmpc3:amd64.
Preparing to unpack .../0581-libmpc3_1.3.1-1_amd64.deb ...
Unpacking libmpc3:amd64 (1.3.1-1) ...
Selecting previously unselected package cpp-12.
Preparing to unpack .../0582-cpp-12_12.2.0-14+deb12u1_amd64.deb ...
Unpacking cpp-12 (12.2.0-14+deb12u1) ...
Selecting previously unselected package cpp.
Preparing to unpack .../0583-cpp_4%3a12.2.0-3_amd64.deb ...
Unpacking cpp (4:12.2.0-3) ...
Selecting previously unselected package cracklib-runtime.
Preparing to unpack .../0584-cracklib-runtime_2.9.6-5+b1_amd64.deb ...
Unpacking cracklib-runtime (2.9.6-5+b1) ...
Selecting previously unselected package cups-common.
Preparing to unpack .../0585-cups-common_2.4.2-3+deb12u9_all.deb ...
Unpacking cups-common (2.4.2-3+deb12u9) ...
Selecting previously unselected package cups-client.
Preparing to unpack .../0586-cups-client_2.4.2-3+deb12u9_amd64.deb ...
Unpacking cups-client (2.4.2-3+deb12u9) ...
Selecting previously unselected package cups-ipp-utils.
Preparing to unpack .../0587-cups-ipp-utils_2.4.2-3+deb12u9_amd64.deb ...
Unpacking cups-ipp-utils (2.4.2-3+deb12u9) ...
Selecting previously unselected package poppler-utils.
Preparing to unpack .../0588-poppler-utils_22.12.0-2+deb12u1_amd64.deb ...
Unpacking poppler-utils (22.12.0-2+deb12u1) ...
Selecting previously unselected package libpoppler-cpp0v5:amd64.
Preparing to unpack .../0589-libpoppler-cpp0v5_22.12.0-2+deb12u1_amd64.deb ...
Unpacking libpoppler-cpp0v5:amd64 (22.12.0-2+deb12u1) ...
Selecting previously unselected package libqpdf29:amd64.
Preparing to unpack .../0590-libqpdf29_11.3.0-1+deb12u1_amd64.deb ...
Unpacking libqpdf29:amd64 (11.3.0-1+deb12u1) ...
Selecting previously unselected package cups-filters-core-drivers.
Preparing to unpack .../0591-cups-filters-core-drivers_1.28.17-3+deb12u2_amd64.deb ...
Unpacking cups-filters-core-drivers (1.28.17-3+deb12u2) ...
Selecting previously unselected package cups-core-drivers.
Preparing to unpack .../0592-cups-core-drivers_2.4.2-3+deb12u9_amd64.deb ...
Unpacking cups-core-drivers (2.4.2-3+deb12u9) ...
Selecting previously unselected package libgs-common.
Preparing to unpack .../0593-libgs-common_10.0.0~dfsg-11+deb12u8_all.deb ...
Unpacking libgs-common (10.0.0~dfsg-11+deb12u8) ...
Selecting previously unselected package libgs10-common.
Preparing to unpack .../0594-libgs10-common_10.0.0~dfsg-11+deb12u8_all.deb ...
Unpacking libgs10-common (10.0.0~dfsg-11+deb12u8) ...
Selecting previously unselected package libijs-0.35:amd64.
Preparing to unpack .../0595-libijs-0.35_0.35-15_amd64.deb ...
Unpacking libijs-0.35:amd64 (0.35-15) ...
Selecting previously unselected package libjbig2dec0:amd64.
Preparing to unpack .../0596-libjbig2dec0_0.19-3_amd64.deb ...
Unpacking libjbig2dec0:amd64 (0.19-3) ...
Selecting previously unselected package libxt6:amd64.
Preparing to unpack .../0597-libxt6_1%3a1.2.1-1.1_amd64.deb ...
Unpacking libxt6:amd64 (1:1.2.1-1.1) ...
Selecting previously unselected package libgs10:amd64.
Preparing to unpack .../0598-libgs10_10.0.0~dfsg-11+deb12u8_amd64.deb ...
Unpacking libgs10:amd64 (10.0.0~dfsg-11+deb12u8) ...
Selecting previously unselected package ghostscript.
Preparing to unpack .../0599-ghostscript_10.0.0~dfsg-11+deb12u8_amd64.deb ...
Unpacking ghostscript (10.0.0~dfsg-11+deb12u8) ...
Selecting previously unselected package libfontembed1:amd64.
Preparing to unpack .../0600-libfontembed1_1.28.17-3+deb12u2_amd64.deb ...
Unpacking libfontembed1:amd64 (1.28.17-3+deb12u2) ...
Selecting previously unselected package cups-filters.
Preparing to unpack .../0601-cups-filters_1.28.17-3+deb12u2_amd64.deb ...
Unpacking cups-filters (1.28.17-3+deb12u2) ...
Selecting previously unselected package cups-ppdc.
Preparing to unpack .../0602-cups-ppdc_2.4.2-3+deb12u9_amd64.deb ...
Unpacking cups-ppdc (2.4.2-3+deb12u9) ...
Selecting previously unselected package cups-server-common.
Preparing to unpack .../0603-cups-server-common_2.4.2-3+deb12u9_all.deb ...
Unpacking cups-server-common (2.4.2-3+deb12u9) ...
Selecting previously unselected package cups.
Preparing to unpack .../0604-cups_2.4.2-3+deb12u9_amd64.deb ...
Unpacking cups (2.4.2-3+deb12u9) ...
Selecting previously unselected package cups-pk-helper.
Preparing to unpack .../0605-cups-pk-helper_0.2.6-1+b1_amd64.deb ...
Unpacking cups-pk-helper (0.2.6-1+b1) ...
Selecting previously unselected package dconf-cli.
Preparing to unpack .../0606-dconf-cli_0.40.0-4_amd64.deb ...
Unpacking dconf-cli (0.40.0-4) ...
Selecting previously unselected package librsvg2-common:amd64.
Preparing to unpack .../0607-librsvg2-common_2.54.7+dfsg-1~deb12u1_amd64.deb ...
Unpacking librsvg2-common:amd64 (2.54.7+dfsg-1~deb12u1) ...
Selecting previously unselected package fonts-quicksand.
Preparing to unpack .../0608-fonts-quicksand_0.2016-2.1_all.deb ...
Unpacking fonts-quicksand (0.2016-2.1) ...
Selecting previously unselected package desktop-base.
Preparing to unpack .../0609-desktop-base_12.0.6+nmu1~deb12u1_all.deb ...
Unpacking desktop-base (12.0.6+nmu1~deb12u1) ...
Selecting previously unselected package desktop-file-utils.
Preparing to unpack .../0610-desktop-file-utils_0.26-1_amd64.deb ...
Unpacking desktop-file-utils (0.26-1) ...
Selecting previously unselected package dns-root-data.
Preparing to unpack .../0611-dns-root-data_2024071801~deb12u1_all.deb ...
Unpacking dns-root-data (2024071801~deb12u1) ...
Selecting previously unselected package libnfnetlink0:amd64.
Preparing to unpack .../0612-libnfnetlink0_1.0.2-2_amd64.deb ...
Unpacking libnfnetlink0:amd64 (1.0.2-2) ...
Selecting previously unselected package libnetfilter-conntrack3:amd64.
Preparing to unpack .../0613-libnetfilter-conntrack3_1.0.9-3_amd64.deb ...
Unpacking libnetfilter-conntrack3:amd64 (1.0.9-3) ...
Selecting previously unselected package libnftnl11:amd64.
Preparing to unpack .../0614-libnftnl11_1.2.4-2_amd64.deb ...
Unpacking libnftnl11:amd64 (1.2.4-2) ...
Selecting previously unselected package libnftables1:amd64.
Preparing to unpack .../0615-libnftables1_1.0.6-2+deb12u2_amd64.deb ...
Unpacking libnftables1:amd64 (1.0.6-2+deb12u2) ...
Selecting previously unselected package dnsmasq-base.
Preparing to unpack .../0616-dnsmasq-base_2.90-4~deb12u1_amd64.deb ...
Unpacking dnsmasq-base (2.90-4~deb12u1) ...
Selecting previously unselected package dnsutils.
Preparing to unpack .../0617-dnsutils_1%3a9.18.44-1~deb12u1_all.deb ...
Unpacking dnsutils (1:9.18.44-1~deb12u1) ...
Selecting previously unselected package sgml-data.
Preparing to unpack .../0618-sgml-data_2.0.11+nmu1_all.deb ...
Unpacking sgml-data (2.0.11+nmu1) ...
Selecting previously unselected package docbook-xml.
Preparing to unpack .../0619-docbook-xml_4.5-12_all.deb ...
Unpacking docbook-xml (4.5-12) ...
Selecting previously unselected package dosfstools.
Preparing to unpack .../0620-dosfstools_4.2-1_amd64.deb ...
Unpacking dosfstools (4.2-1) ...
Selecting previously unselected package efibootmgr.
Preparing to unpack .../0621-efibootmgr_17-2_amd64.deb ...
Unpacking efibootmgr (17-2) ...
Selecting previously unselected package eject.
Preparing to unpack .../0622-eject_2.38.1-5+deb12u3_amd64.deb ...
Unpacking eject (2.38.1-5+deb12u3) ...
Selecting previously unselected package enchant-2.
Preparing to unpack .../0623-enchant-2_2.3.3-2_amd64.deb ...
Unpacking enchant-2 (2.3.3-2) ...
Selecting previously unselected package libexempi8:amd64.
Preparing to unpack .../0624-libexempi8_2.6.3-1_amd64.deb ...
Unpacking libexempi8:amd64 (2.6.3-1) ...
Selecting previously unselected package libhandy-1-0:amd64.
Preparing to unpack .../0625-libhandy-1-0_1.8.1-1_amd64.deb ...
Unpacking libhandy-1-0:amd64 (1.8.1-1) ...
Selecting previously unselected package libpeas-common.
Preparing to unpack .../0626-libpeas-common_1.34.0-1_all.deb ...
Unpacking libpeas-common (1.34.0-1) ...
Selecting previously unselected package libpeas-1.0-0:amd64.
Preparing to unpack .../0627-libpeas-1.0-0_1.34.0-1+b1_amd64.deb ...
Unpacking libpeas-1.0-0:amd64 (1.34.0-1+b1) ...
Selecting previously unselected package gir1.2-peas-1.0:amd64.
Preparing to unpack .../0628-gir1.2-peas-1.0_1.34.0-1+b1_amd64.deb ...
Unpacking gir1.2-peas-1.0:amd64 (1.34.0-1+b1) ...
Selecting previously unselected package webp-pixbuf-loader:amd64.
Preparing to unpack .../0629-webp-pixbuf-loader_0.2.1-1_amd64.deb ...
Unpacking webp-pixbuf-loader:amd64 (0.2.1-1) ...
Selecting previously unselected package eog.
Preparing to unpack .../0630-eog_43.2-1_amd64.deb ...
Unpacking eog (43.2-1) ...
Selecting previously unselected package espeak-ng-data:amd64.
Preparing to unpack .../0631-espeak-ng-data_1.51+dfsg-10+deb12u2_amd64.deb ...
Unpacking espeak-ng-data:amd64 (1.51+dfsg-10+deb12u2) ...
Selecting previously unselected package evince-common.
Preparing to unpack .../0632-evince-common_43.1-2_all.deb ...
Unpacking evince-common (43.1-2) ...
Selecting previously unselected package libdjvulibre-text.
Preparing to unpack .../0633-libdjvulibre-text_3.5.28-2.2~deb12u1_all.deb ...
Unpacking libdjvulibre-text (3.5.28-2.2~deb12u1) ...
Selecting previously unselected package libdjvulibre21:amd64.
Preparing to unpack .../0634-libdjvulibre21_3.5.28-2.2~deb12u1_amd64.deb ...
Unpacking libdjvulibre21:amd64 (3.5.28-2.2~deb12u1) ...
Selecting previously unselected package libgxps2:amd64.
Preparing to unpack .../0635-libgxps2_0.3.2-2+b1_amd64.deb ...
Unpacking libgxps2:amd64 (0.3.2-2+b1) ...
Selecting previously unselected package libkpathsea6:amd64.
Preparing to unpack .../0636-libkpathsea6_2022.20220321.62855-5.1+deb12u2_amd64.deb ...
Unpacking libkpathsea6:amd64 (2022.20220321.62855-5.1+deb12u2) ...
Selecting previously unselected package libspectre1:amd64.
Preparing to unpack .../0637-libspectre1_0.2.12-1_amd64.deb ...
Unpacking libspectre1:amd64 (0.2.12-1) ...
Selecting previously unselected package libsynctex2:amd64.
Preparing to unpack .../0638-libsynctex2_2022.20220321.62855-5.1+deb12u2_amd64.deb ...
Unpacking libsynctex2:amd64 (2022.20220321.62855-5.1+deb12u2) ...
Selecting previously unselected package libevdocument3-4:amd64.
Preparing to unpack .../0639-libevdocument3-4_43.1-2+b1_amd64.deb ...
Unpacking libevdocument3-4:amd64 (43.1-2+b1) ...
Selecting previously unselected package libgspell-1-common.
Preparing to unpack .../0640-libgspell-1-common_1.12.0-1_all.deb ...
Unpacking libgspell-1-common (1.12.0-1) ...
Selecting previously unselected package libgspell-1-2:amd64.
Preparing to unpack .../0641-libgspell-1-2_1.12.0-1+b2_amd64.deb ...
Unpacking libgspell-1-2:amd64 (1.12.0-1+b2) ...
Selecting previously unselected package libevview3-3:amd64.
Preparing to unpack .../0642-libevview3-3_43.1-2+b1_amd64.deb ...
Unpacking libevview3-3:amd64 (43.1-2+b1) ...
Selecting previously unselected package evince.
Preparing to unpack .../0643-evince_43.1-2+b1_amd64.deb ...
Unpacking evince (43.1-2+b1) ...
Selecting previously unselected package libcmark0.30.2:amd64.
Preparing to unpack .../0644-libcmark0.30.2_0.30.2-6_amd64.deb ...
Unpacking libcmark0.30.2:amd64 (0.30.2-6) ...
Selecting previously unselected package libprotobuf32:amd64.
Preparing to unpack .../0645-libprotobuf32_3.21.12-3_amd64.deb ...
Unpacking libprotobuf32:amd64 (3.21.12-3) ...
Selecting previously unselected package libphonenumber8:amd64.
Preparing to unpack .../0646-libphonenumber8_8.12.57+ds-3_amd64.deb ...
Unpacking libphonenumber8:amd64 (8.12.57+ds-3) ...
Selecting previously unselected package libebook-contacts-1.2-4:amd64.
Preparing to unpack .../0647-libebook-contacts-1.2-4_3.46.4-2_amd64.deb ...
Unpacking libebook-contacts-1.2-4:amd64 (3.46.4-2) ...
Selecting previously unselected package libebackend-1.2-11:amd64.
Preparing to unpack .../0648-libebackend-1.2-11_3.46.4-2_amd64.deb ...
Unpacking libebackend-1.2-11:amd64 (3.46.4-2) ...
Selecting previously unselected package libedata-book-1.2-27:amd64.
Preparing to unpack .../0649-libedata-book-1.2-27_3.46.4-2_amd64.deb ...
Unpacking libedata-book-1.2-27:amd64 (3.46.4-2) ...
Selecting previously unselected package libebook-1.2-21:amd64.
Preparing to unpack .../0650-libebook-1.2-21_3.46.4-2_amd64.deb ...
Unpacking libebook-1.2-21:amd64 (3.46.4-2) ...
Selecting previously unselected package libedataserverui-1.2-4:amd64.
Preparing to unpack .../0651-libedataserverui-1.2-4_3.46.4-2_amd64.deb ...
Unpacking libedataserverui-1.2-4:amd64 (3.46.4-2) ...
Selecting previously unselected package libgail-3-0:amd64.
Preparing to unpack .../0652-libgail-3-0_3.24.38-2~deb12u3_amd64.deb ...
Unpacking libgail-3-0:amd64 (3.24.38-2~deb12u3) ...
Selecting previously unselected package libgnome-autoar-gtk-0-0:amd64.
Preparing to unpack .../0653-libgnome-autoar-gtk-0-0_0.4.3-1_amd64.deb ...
Unpacking libgnome-autoar-gtk-0-0:amd64 (0.4.3-1) ...
Selecting previously unselected package libytnef0:amd64.
Preparing to unpack .../0654-libytnef0_2.0-1+b1_amd64.deb ...
Unpacking libytnef0:amd64 (2.0-1+b1) ...
Selecting previously unselected package evolution-common.
Preparing to unpack .../0655-evolution-common_3.46.4-2+deb12u1_all.deb ...
Unpacking evolution-common (3.46.4-2+deb12u1) ...
Selecting previously unselected package libevolution.
Preparing to unpack .../0656-libevolution_3.46.4-2+deb12u1_amd64.deb ...
Unpacking libevolution (3.46.4-2+deb12u1) ...
Selecting previously unselected package libedata-cal-2.0-2:amd64.
Preparing to unpack .../0657-libedata-cal-2.0-2_3.46.4-2_amd64.deb ...
Unpacking libedata-cal-2.0-2:amd64 (3.46.4-2) ...
Selecting previously unselected package libgoa-1.0-common.
Preparing to unpack .../0658-libgoa-1.0-common_3.46.0-1_all.deb ...
Unpacking libgoa-1.0-common (3.46.0-1) ...
Selecting previously unselected package libgoa-1.0-0b:amd64.
Preparing to unpack .../0659-libgoa-1.0-0b_3.46.0-1_amd64.deb ...
Unpacking libgoa-1.0-0b:amd64 (3.46.0-1) ...
Selecting previously unselected package p11-kit-modules:amd64.
Preparing to unpack .../0660-p11-kit-modules_0.24.1-2_amd64.deb ...
Unpacking p11-kit-modules:amd64 (0.24.1-2) ...
Selecting previously unselected package p11-kit.
Preparing to unpack .../0661-p11-kit_0.24.1-2_amd64.deb ...
Unpacking p11-kit (0.24.1-2) ...
Selecting previously unselected package gnome-keyring.
Preparing to unpack .../0662-gnome-keyring_42.1-1+b2_amd64.deb ...
Unpacking gnome-keyring (42.1-1+b2) ...
Selecting previously unselected package evolution-data-server.
Preparing to unpack .../0663-evolution-data-server_3.46.4-2_amd64.deb ...
Unpacking evolution-data-server (3.46.4-2) ...
Selecting previously unselected package psmisc.
Preparing to unpack .../0664-psmisc_23.6-1_amd64.deb ...
Unpacking psmisc (23.6-1) ...
Selecting previously unselected package evolution.
Preparing to unpack .../0665-evolution_3.46.4-2+deb12u1_amd64.deb ...
Unpacking evolution (3.46.4-2+deb12u1) ...
Selecting previously unselected package evolution-plugin-bogofilter.
Preparing to unpack .../0666-evolution-plugin-bogofilter_3.46.4-2+deb12u1_amd64.deb ...
Unpacking evolution-plugin-bogofilter (3.46.4-2+deb12u1) ...
Selecting previously unselected package libpst4:amd64.
Preparing to unpack .../0667-libpst4_0.6.76-1_amd64.deb ...
Unpacking libpst4:amd64 (0.6.76-1) ...
Selecting previously unselected package evolution-plugin-pstimport.
Preparing to unpack .../0668-evolution-plugin-pstimport_3.46.4-2+deb12u1_amd64.deb ...
Unpacking evolution-plugin-pstimport (3.46.4-2+deb12u1) ...
Selecting previously unselected package libdbusmenu-glib4:amd64.
Preparing to unpack .../0669-libdbusmenu-glib4_18.10.20180917~bzr492+repack1-3_amd64.deb ...
Unpacking libdbusmenu-glib4:amd64 (18.10.20180917~bzr492+repack1-3) ...
Selecting previously unselected package libdee-1.0-4:amd64.
Preparing to unpack .../0670-libdee-1.0-4_1.2.7+17.10.20170616-7+b2_amd64.deb ...
Unpacking libdee-1.0-4:amd64 (1.2.7+17.10.20170616-7+b2) ...
Selecting previously unselected package libunity-protocol-private0:amd64.
Preparing to unpack .../0671-libunity-protocol-private0_7.1.4+19.04.20190319-6+b1_amd64.deb ...
Unpacking libunity-protocol-private0:amd64 (7.1.4+19.04.20190319-6+b1) ...
Selecting previously unselected package libunity-scopes-json-def-desktop.
Preparing to unpack .../0672-libunity-scopes-json-def-desktop_7.1.4+19.04.20190319-6_all.deb ...
Unpacking libunity-scopes-json-def-desktop (7.1.4+19.04.20190319-6) ...
Selecting previously unselected package libunity9:amd64.
Preparing to unpack .../0673-libunity9_7.1.4+19.04.20190319-6+b1_amd64.deb ...
Unpacking libunity9:amd64 (7.1.4+19.04.20190319-6+b1) ...
Selecting previously unselected package evolution-plugins.
Preparing to unpack .../0674-evolution-plugins_3.46.4-2+deb12u1_amd64.deb ...
Unpacking evolution-plugins (3.46.4-2+deb12u1) ...
Selecting previously unselected package exfatprogs.
Preparing to unpack .../0675-exfatprogs_1.2.0-1+deb12u1_amd64.deb ...
Unpacking exfatprogs (1.2.0-1+deb12u1) ...
Selecting previously unselected package p7zip.
Preparing to unpack .../0676-p7zip_16.02+dfsg-8_amd64.deb ...
Unpacking p7zip (16.02+dfsg-8) ...
Selecting previously unselected package p7zip-full.
Preparing to unpack .../0677-p7zip-full_16.02+dfsg-8_amd64.deb ...
Unpacking p7zip-full (16.02+dfsg-8) ...
Selecting previously unselected package libnautilus-extension4:amd64.
Preparing to unpack .../0678-libnautilus-extension4_43.2-1_amd64.deb ...
Unpacking libnautilus-extension4:amd64 (43.2-1) ...
Selecting previously unselected package file-roller.
Preparing to unpack .../0679-file-roller_43.0-1_amd64.deb ...
Unpacking file-roller (43.0-1) ...
Selecting previously unselected package firefox-esr.
Preparing to unpack .../0680-firefox-esr_140.7.0esr-1~deb12u1_amd64.deb ...
Adding 'diversion of /usr/bin/firefox to /usr/bin/firefox.real by firefox-esr'
Unpacking firefox-esr (140.7.0esr-1~deb12u1) ...
Selecting previously unselected package libgee-0.8-2:amd64.
Preparing to unpack .../0681-libgee-0.8-2_0.20.6-1_amd64.deb ...
Unpacking libgee-0.8-2:amd64 (0.20.6-1) ...
Selecting previously unselected package libgnome-games-support-common.
Preparing to unpack .../0682-libgnome-games-support-common_1.8.2-1_all.deb ...
Unpacking libgnome-games-support-common (1.8.2-1) ...
Selecting previously unselected package libgnome-games-support-1-3:amd64.
Preparing to unpack .../0683-libgnome-games-support-1-3_1.8.2-1+b1_amd64.deb ...
Unpacking libgnome-games-support-1-3:amd64 (1.8.2-1+b1) ...
Selecting previously unselected package five-or-more.
Preparing to unpack .../0684-five-or-more_1%3a3.32.3-1_amd64.deb ...
Unpacking five-or-more (1:3.32.3-1) ...
Selecting previously unselected package folks-common.
Preparing to unpack .../0685-folks-common_0.15.5-2_all.deb ...
Unpacking folks-common (0.15.5-2) ...
Selecting previously unselected package fonts-cantarell.
Preparing to unpack .../0686-fonts-cantarell_0.303.1-1_all.deb ...
Unpacking fonts-cantarell (0.303.1-1) ...
Selecting previously unselected package fonts-dejavu-extra.
Preparing to unpack .../0687-fonts-dejavu-extra_2.37-6_all.deb ...
Unpacking fonts-dejavu-extra (2.37-6) ...
Selecting previously unselected package fonts-dejavu.
Preparing to unpack .../0688-fonts-dejavu_2.37-6_all.deb ...
Unpacking fonts-dejavu (2.37-6) ...
Selecting previously unselected package fonts-noto-color-emoji.
Preparing to unpack .../0689-fonts-noto-color-emoji_2.042-0+deb12u1_all.deb ...
Unpacking fonts-noto-color-emoji (2.042-0+deb12u1) ...
Selecting previously unselected package fonts-noto-mono.
Preparing to unpack .../0690-fonts-noto-mono_20201225-1_all.deb ...
Unpacking fonts-noto-mono (20201225-1) ...
Selecting previously unselected package fonts-opensymbol.
Preparing to unpack .../0691-fonts-opensymbol_4%3a102.12+LibO7.4.7-1+deb12u10_all.deb ...
Unpacking fonts-opensymbol (4:102.12+LibO7.4.7-1+deb12u10) ...
Selecting previously unselected package fonts-symbola.
Preparing to unpack .../0692-fonts-symbola_2.60-1.1_all.deb ...
Unpacking fonts-symbola (2.60-1.1) ...
Selecting previously unselected package libgsound0:amd64.
Preparing to unpack .../0693-libgsound0_1.0.3-2_amd64.deb ...
Unpacking libgsound0:amd64 (1.0.3-2) ...
Selecting previously unselected package four-in-a-row.
Preparing to unpack .../0694-four-in-a-row_1%3a3.38.1-1+b1_amd64.deb ...
Unpacking four-in-a-row (1:3.38.1-1+b1) ...
Selecting previously unselected package libfuse3-3:amd64.
Preparing to unpack .../0695-libfuse3-3_3.14.0-4_amd64.deb ...
Unpacking libfuse3-3:amd64 (3.14.0-4) ...
Selecting previously unselected package fuse3.
Preparing to unpack .../0696-fuse3_3.14.0-4_amd64.deb ...
Unpacking fuse3 (3.14.0-4) ...
Selecting previously unselected package libftdi1-2:amd64.
Preparing to unpack .../0697-libftdi1-2_1.5-6+b2_amd64.deb ...
Unpacking libftdi1-2:amd64 (1.5-6+b2) ...
Selecting previously unselected package libjaylink0:amd64.
Preparing to unpack .../0698-libjaylink0_0.3.1-1_amd64.deb ...
Unpacking libjaylink0:amd64 (0.3.1-1) ...
Selecting previously unselected package libflashrom1:amd64.
Preparing to unpack .../0699-libflashrom1_1.3.0-2.1_amd64.deb ...
Unpacking libflashrom1:amd64 (1.3.0-2.1) ...
Selecting previously unselected package libjcat1:amd64.
Preparing to unpack .../0700-libjcat1_0.1.9-1_amd64.deb ...
Unpacking libjcat1:amd64 (0.1.9-1) ...
Selecting previously unselected package libfwupd2:amd64.
Preparing to unpack .../0701-libfwupd2_1.8.12-2_amd64.deb ...
Unpacking libfwupd2:amd64 (1.8.12-2) ...
Selecting previously unselected package libgcab-1.0-0:amd64.
Preparing to unpack .../0702-libgcab-1.0-0_1.5-1_amd64.deb ...
Unpacking libgcab-1.0-0:amd64 (1.5-1) ...
Selecting previously unselected package libmbim-glib4:amd64.
Preparing to unpack .../0703-libmbim-glib4_1.28.2-1_amd64.deb ...
Unpacking libmbim-glib4:amd64 (1.28.2-1) ...
Selecting previously unselected package libmbim-proxy.
Preparing to unpack .../0704-libmbim-proxy_1.28.2-1_amd64.deb ...
Unpacking libmbim-proxy (1.28.2-1) ...
Selecting previously unselected package libqrtr-glib0:amd64.
Preparing to unpack .../0705-libqrtr-glib0_1.2.2-1_amd64.deb ...
Unpacking libqrtr-glib0:amd64 (1.2.2-1) ...
Selecting previously unselected package libqmi-glib5:amd64.
Preparing to unpack .../0706-libqmi-glib5_1.32.2-1_amd64.deb ...
Unpacking libqmi-glib5:amd64 (1.32.2-1) ...
Selecting previously unselected package libqmi-proxy.
Preparing to unpack .../0707-libqmi-proxy_1.32.2-1_amd64.deb ...
Unpacking libqmi-proxy (1.32.2-1) ...
Selecting previously unselected package libsmbios-c2.
Preparing to unpack .../0708-libsmbios-c2_2.4.3-1_amd64.deb ...
Unpacking libsmbios-c2 (2.4.3-1) ...
Selecting previously unselected package tpm-udev.
Preparing to unpack .../0709-tpm-udev_0.6_all.deb ...
Unpacking tpm-udev (0.6) ...
Selecting previously unselected package libtss2-mu0:amd64.
Preparing to unpack .../0710-libtss2-mu0_3.2.1-3_amd64.deb ...
Unpacking libtss2-mu0:amd64 (3.2.1-3) ...
Selecting previously unselected package libtss2-tcti-cmd0:amd64.
Preparing to unpack .../0711-libtss2-tcti-cmd0_3.2.1-3_amd64.deb ...
Unpacking libtss2-tcti-cmd0:amd64 (3.2.1-3) ...
Selecting previously unselected package libtss2-tcti-device0:amd64.
Preparing to unpack .../0712-libtss2-tcti-device0_3.2.1-3_amd64.deb ...
Unpacking libtss2-tcti-device0:amd64 (3.2.1-3) ...
Selecting previously unselected package libtss2-tcti-mssim0:amd64.
Preparing to unpack .../0713-libtss2-tcti-mssim0_3.2.1-3_amd64.deb ...
Unpacking libtss2-tcti-mssim0:amd64 (3.2.1-3) ...
Selecting previously unselected package libtss2-tcti-swtpm0:amd64.
Preparing to unpack .../0714-libtss2-tcti-swtpm0_3.2.1-3_amd64.deb ...
Unpacking libtss2-tcti-swtpm0:amd64 (3.2.1-3) ...
Selecting previously unselected package libtss2-sys1:amd64.
Preparing to unpack .../0715-libtss2-sys1_3.2.1-3_amd64.deb ...
Unpacking libtss2-sys1:amd64 (3.2.1-3) ...
Selecting previously unselected package libtss2-esys-3.0.2-0:amd64.
Preparing to unpack .../0716-libtss2-esys-3.0.2-0_3.2.1-3_amd64.deb ...
Unpacking libtss2-esys-3.0.2-0:amd64 (3.2.1-3) ...
Selecting previously unselected package fwupd.
Preparing to unpack .../0717-fwupd_1.8.12-2_amd64.deb ...
Unpacking fwupd (1.8.12-2) ...
Selecting previously unselected package fwupd-amd64-signed.
Preparing to unpack .../0718-fwupd-amd64-signed_1%3a1.4+1_amd64.deb ...
Unpacking fwupd-amd64-signed (1:1.4+1) ...
Selecting previously unselected package gdisk.
Preparing to unpack .../0719-gdisk_1.0.9-2.1_amd64.deb ...
Unpacking gdisk (1.0.9-2.1) ...
Selecting previously unselected package upower.
Preparing to unpack .../0720-upower_0.99.20-2_amd64.deb ...
Unpacking upower (0.99.20-2) ...
Selecting previously unselected package libxmu6:amd64.
Preparing to unpack .../0721-libxmu6_2%3a1.1.3-3_amd64.deb ...
Unpacking libxmu6:amd64 (2:1.1.3-3) ...
Selecting previously unselected package libxaw7:amd64.
Preparing to unpack .../0722-libxaw7_2%3a1.0.14-1_amd64.deb ...
Unpacking libxaw7:amd64 (2:1.0.14-1) ...
Selecting previously unselected package x11-xkb-utils.
Preparing to unpack .../0723-x11-xkb-utils_7.7+7_amd64.deb ...
Unpacking x11-xkb-utils (7.7+7) ...
Selecting previously unselected package xserver-common.
Preparing to unpack .../0724-xserver-common_2%3a21.1.7-3+deb12u11_all.deb ...
Unpacking xserver-common (2:21.1.7-3+deb12u11) ...
Selecting previously unselected package libxcvt0:amd64.
Preparing to unpack .../0725-libxcvt0_0.1.2-1_amd64.deb ...
Unpacking libxcvt0:amd64 (0.1.2-1) ...
Selecting previously unselected package libxfont2:amd64.
Preparing to unpack .../0726-libxfont2_1%3a2.0.6-1_amd64.deb ...
Unpacking libxfont2:amd64 (1:2.0.6-1) ...
Selecting previously unselected package xwayland.
Preparing to unpack .../0727-xwayland_2%3a22.1.9-1_amd64.deb ...
Unpacking xwayland (2:22.1.9-1) ...
Selecting previously unselected package gnome-session-bin.
Preparing to unpack .../0728-gnome-session-bin_43.0-1+deb12u1_amd64.deb ...
Unpacking gnome-session-bin (43.0-1+deb12u1) ...
Selecting previously unselected package gnome-session-common.
Preparing to unpack .../0729-gnome-session-common_43.0-1+deb12u1_all.deb ...
Unpacking gnome-session-common (43.0-1+deb12u1) ...
Selecting previously unselected package xdg-desktop-portal.
Preparing to unpack .../0730-xdg-desktop-portal_1.16.0-2_amd64.deb ...
Unpacking xdg-desktop-portal (1.16.0-2) ...
Selecting previously unselected package xdg-desktop-portal-gtk.
Preparing to unpack .../0731-xdg-desktop-portal-gtk_1.14.1-1_amd64.deb ...
Unpacking xdg-desktop-portal-gtk (1.14.1-1) ...
Selecting previously unselected package libgnome-desktop-4-2:amd64.
Preparing to unpack .../0732-libgnome-desktop-4-2_43.2-2_amd64.deb ...
Unpacking libgnome-desktop-4-2:amd64 (43.2-2) ...
Selecting previously unselected package libgnome-bg-4-2:amd64.
Preparing to unpack .../0733-libgnome-bg-4-2_43.2-2_amd64.deb ...
Unpacking libgnome-bg-4-2:amd64 (43.2-2) ...
Selecting previously unselected package xdg-desktop-portal-gnome.
Preparing to unpack .../0734-xdg-desktop-portal-gnome_43.1-2_amd64.deb ...
Unpacking xdg-desktop-portal-gnome (43.1-2) ...
Selecting previously unselected package gnome-session.
Preparing to unpack .../0735-gnome-session_43.0-1+deb12u1_all.deb ...
Unpacking gnome-session (43.0-1+deb12u1) ...
Selecting previously unselected package zutty.
Preparing to unpack .../0736-zutty_0.14.0.20230218+dfsg1-1_amd64.deb ...
Unpacking zutty (0.14.0.20230218+dfsg1-1) ...
Selecting previously unselected package gnome-terminal-data.
Preparing to unpack .../0737-gnome-terminal-data_3.46.8-1_all.deb ...
Unpacking gnome-terminal-data (3.46.8-1) ...
Selecting previously unselected package libvte-2.91-common.
Preparing to unpack .../0738-libvte-2.91-common_0.70.6-2~deb12u1_amd64.deb ...
Unpacking libvte-2.91-common (0.70.6-2~deb12u1) ...
Selecting previously unselected package libvte-2.91-0:amd64.
Preparing to unpack .../0739-libvte-2.91-0_0.70.6-2~deb12u1_amd64.deb ...
Unpacking libvte-2.91-0:amd64 (0.70.6-2~deb12u1) ...
Selecting previously unselected package gnome-terminal.
Preparing to unpack .../0740-gnome-terminal_3.46.8-1_amd64.deb ...
Unpacking gnome-terminal (3.46.8-1) ...
Selecting previously unselected package libxmuu1:amd64.
Preparing to unpack .../0741-libxmuu1_2%3a1.1.3-3_amd64.deb ...
Unpacking libxmuu1:amd64 (2:1.1.3-3) ...
Selecting previously unselected package x11-xserver-utils.
Preparing to unpack .../0742-x11-xserver-utils_7.7+9+b1_amd64.deb ...
Unpacking x11-xserver-utils (7.7+9+b1) ...
Selecting previously unselected package gdm3.
Preparing to unpack .../0743-gdm3_43.0-3_amd64.deb ...
Unpacking gdm3 (43.0-3) ...
Selecting previously unselected package geoclue-2.0.
Preparing to unpack .../0744-geoclue-2.0_2.6.0-2+deb12u1_amd64.deb ...
Unpacking geoclue-2.0 (2.6.0-2+deb12u1) ...
Selecting previously unselected package gir1.2-cogl-1.0:amd64.
Preparing to unpack .../0745-gir1.2-cogl-1.0_1.22.8-3+b1_amd64.deb ...
Unpacking gir1.2-cogl-1.0:amd64 (1.22.8-3+b1) ...
Selecting previously unselected package gir1.2-coglpango-1.0:amd64.
Preparing to unpack .../0746-gir1.2-coglpango-1.0_1.22.8-3+b1_amd64.deb ...
Unpacking gir1.2-coglpango-1.0:amd64 (1.22.8-3+b1) ...
Selecting previously unselected package gir1.2-clutter-1.0:amd64.
Preparing to unpack .../0747-gir1.2-clutter-1.0_1.26.4+dfsg-4_amd64.deb ...
Unpacking gir1.2-clutter-1.0:amd64 (1.26.4+dfsg-4) ...
Selecting previously unselected package gir1.2-evince-3.0:amd64.
Preparing to unpack .../0748-gir1.2-evince-3.0_43.1-2+b1_amd64.deb ...
Unpacking gir1.2-evince-3.0:amd64 (43.1-2+b1) ...
Selecting previously unselected package gir1.2-geocodeglib-2.0:amd64.
Preparing to unpack .../0749-gir1.2-geocodeglib-2.0_3.26.3-6_amd64.deb ...
Unpacking gir1.2-geocodeglib-2.0:amd64 (3.26.3-6) ...
Selecting previously unselected package libgnome-menu-3-0:amd64.
Preparing to unpack .../0750-libgnome-menu-3-0_3.36.0-1.1_amd64.deb ...
Unpacking libgnome-menu-3-0:amd64 (3.36.0-1.1) ...
Selecting previously unselected package gir1.2-gmenu-3.0:amd64.
Preparing to unpack .../0751-gir1.2-gmenu-3.0_3.36.0-1.1_amd64.deb ...
Unpacking gir1.2-gmenu-3.0:amd64 (3.36.0-1.1) ...
Selecting previously unselected package gir1.2-gnomedesktop-4.0:amd64.
Preparing to unpack .../0752-gir1.2-gnomedesktop-4.0_43.2-2_amd64.deb ...
Unpacking gir1.2-gnomedesktop-4.0:amd64 (43.2-2) ...
Selecting previously unselected package gir1.2-goa-1.0:amd64.
Preparing to unpack .../0753-gir1.2-goa-1.0_3.46.0-1_amd64.deb ...
Unpacking gir1.2-goa-1.0:amd64 (3.46.0-1) ...
Selecting previously unselected package libsoup-gnome2.4-1:amd64.
Preparing to unpack .../0754-libsoup-gnome2.4-1_2.74.3-1+deb12u1_amd64.deb ...
Unpacking libsoup-gnome2.4-1:amd64 (2.74.3-1+deb12u1) ...
Selecting previously unselected package gir1.2-soup-2.4:amd64.
Preparing to unpack .../0755-gir1.2-soup-2.4_2.74.3-1+deb12u1_amd64.deb ...
Unpacking gir1.2-soup-2.4:amd64 (2.74.3-1+deb12u1) ...
Selecting previously unselected package libtotem-plparser-common.
Preparing to unpack .../0756-libtotem-plparser-common_3.26.6-1_all.deb ...
Unpacking libtotem-plparser-common (3.26.6-1) ...
Selecting previously unselected package libtotem-plparser18:amd64.
Preparing to unpack .../0757-libtotem-plparser18_3.26.6-1+b1_amd64.deb ...
Unpacking libtotem-plparser18:amd64 (3.26.6-1+b1) ...
Selecting previously unselected package libgrilo-0.3-0:amd64.
Preparing to unpack .../0758-libgrilo-0.3-0_0.3.15-1_amd64.deb ...
Unpacking libgrilo-0.3-0:amd64 (0.3.15-1) ...
Selecting previously unselected package gir1.2-grilo-0.3:amd64.
Preparing to unpack .../0759-gir1.2-grilo-0.3_0.3.15-1_amd64.deb ...
Unpacking gir1.2-grilo-0.3:amd64 (0.3.15-1) ...
Selecting previously unselected package gir1.2-gst-plugins-base-1.0:amd64.
Preparing to unpack .../0760-gir1.2-gst-plugins-base-1.0_1.22.0-3+deb12u5_amd64.deb ...
Unpacking gir1.2-gst-plugins-base-1.0:amd64 (1.22.0-3+deb12u5) ...
Selecting previously unselected package gir1.2-gst-plugins-bad-1.0:amd64.
Preparing to unpack .../0761-gir1.2-gst-plugins-bad-1.0_1.22.0-4+deb12u6_amd64.deb ...
Unpacking gir1.2-gst-plugins-bad-1.0:amd64 (1.22.0-4+deb12u6) ...
Selecting previously unselected package gir1.2-gtkclutter-1.0:amd64.
Preparing to unpack .../0762-gir1.2-gtkclutter-1.0_1.8.4-4+b1_amd64.deb ...
Unpacking gir1.2-gtkclutter-1.0:amd64 (1.8.4-4+b1) ...
Selecting previously unselected package libgtksourceview-4-common.
Preparing to unpack .../0763-libgtksourceview-4-common_4.8.4-4_all.deb ...
Unpacking libgtksourceview-4-common (4.8.4-4) ...
Selecting previously unselected package libgtksourceview-4-0:amd64.
Preparing to unpack .../0764-libgtksourceview-4-0_4.8.4-4_amd64.deb ...
Unpacking libgtksourceview-4-0:amd64 (4.8.4-4) ...
Selecting previously unselected package gir1.2-gtksource-4:amd64.
Preparing to unpack .../0765-gir1.2-gtksource-4_4.8.4-4_amd64.deb ...
Unpacking gir1.2-gtksource-4:amd64 (4.8.4-4) ...
Selecting previously unselected package gir1.2-handy-1:amd64.
Preparing to unpack .../0766-gir1.2-handy-1_1.8.1-1_amd64.deb ...
Unpacking gir1.2-handy-1:amd64 (1.8.1-1) ...
Selecting previously unselected package libjavascriptcoregtk-4.0-18:amd64.
Preparing to unpack .../0767-libjavascriptcoregtk-4.0-18_2.50.4-1~deb12u1_amd64.deb ...
Unpacking libjavascriptcoregtk-4.0-18:amd64 (2.50.4-1~deb12u1) ...
Selecting previously unselected package gir1.2-javascriptcoregtk-4.0:amd64.
Preparing to unpack .../0768-gir1.2-javascriptcoregtk-4.0_2.50.4-1~deb12u1_amd64.deb ...
Unpacking gir1.2-javascriptcoregtk-4.0:amd64 (2.50.4-1~deb12u1) ...
Selecting previously unselected package libmalcontent-0-0:amd64.
Preparing to unpack .../0769-libmalcontent-0-0_0.11.0-4_amd64.deb ...
Unpacking libmalcontent-0-0:amd64 (0.11.0-4) ...
Selecting previously unselected package gir1.2-malcontent-0:amd64.
Preparing to unpack .../0770-gir1.2-malcontent-0_0.11.0-4_amd64.deb ...
Unpacking gir1.2-malcontent-0:amd64 (0.11.0-4) ...
Selecting previously unselected package libmediaart-2.0-0:amd64.
Preparing to unpack .../0771-libmediaart-2.0-0_1.9.6-1_amd64.deb ...
Unpacking libmediaart-2.0-0:amd64 (1.9.6-1) ...
Selecting previously unselected package gir1.2-mediaart-2.0:amd64.
Preparing to unpack .../0772-gir1.2-mediaart-2.0_1.9.6-1_amd64.deb ...
Unpacking gir1.2-mediaart-2.0:amd64 (1.9.6-1) ...
Selecting previously unselected package gir1.2-notify-0.7:amd64.
Preparing to unpack .../0773-gir1.2-notify-0.7_0.8.1-1_amd64.deb ...
Unpacking gir1.2-notify-0.7:amd64 (0.8.1-1) ...
Selecting previously unselected package libpackagekit-glib2-18:amd64.
Preparing to unpack .../0774-libpackagekit-glib2-18_1.2.6-5_amd64.deb ...
Unpacking libpackagekit-glib2-18:amd64 (1.2.6-5) ...
Selecting previously unselected package gir1.2-packagekitglib-1.0.
Preparing to unpack .../0775-gir1.2-packagekitglib-1.0_1.2.6-5_amd64.deb ...
Unpacking gir1.2-packagekitglib-1.0 (1.2.6-5) ...
Selecting previously unselected package librhythmbox-core10:amd64.
Preparing to unpack .../0776-librhythmbox-core10_3.4.6-2+b1_amd64.deb ...
Unpacking librhythmbox-core10:amd64 (3.4.6-2+b1) ...
Selecting previously unselected package gir1.2-rb-3.0:amd64.
Preparing to unpack .../0777-gir1.2-rb-3.0_3.4.6-2+b1_amd64.deb ...
Unpacking gir1.2-rb-3.0:amd64 (3.4.6-2+b1) ...
Selecting previously unselected package librest-1.0-0:amd64.
Preparing to unpack .../0778-librest-1.0-0_0.9.1-6_amd64.deb ...
Unpacking librest-1.0-0:amd64 (0.9.1-6) ...
Selecting previously unselected package gir1.2-rest-1.0:amd64.
Preparing to unpack .../0779-gir1.2-rest-1.0_0.9.1-6_amd64.deb ...
Unpacking gir1.2-rest-1.0:amd64 (0.9.1-6) ...
Selecting previously unselected package gir1.2-secret-1:amd64.
Preparing to unpack .../0780-gir1.2-secret-1_0.20.5-3_amd64.deb ...
Unpacking gir1.2-secret-1:amd64 (0.20.5-3) ...
Selecting previously unselected package libshumate-common.
Preparing to unpack .../0781-libshumate-common_1.0.3-2_all.deb ...
Unpacking libshumate-common (1.0.3-2) ...
Selecting previously unselected package libshumate-1.0-1:amd64.
Preparing to unpack .../0782-libshumate-1.0-1_1.0.3-2_amd64.deb ...
Unpacking libshumate-1.0-1:amd64 (1.0.3-2) ...
Selecting previously unselected package gir1.2-shumate-1.0:amd64.
Preparing to unpack .../0783-gir1.2-shumate-1.0_1.0.3-2_amd64.deb ...
Unpacking gir1.2-shumate-1.0:amd64 (1.0.3-2) ...
Selecting previously unselected package gir1.2-totemplparser-1.0:amd64.
Preparing to unpack .../0784-gir1.2-totemplparser-1.0_3.26.6-1+b1_amd64.deb ...
Unpacking gir1.2-totemplparser-1.0:amd64 (3.26.6-1+b1) ...
Selecting previously unselected package libtotem0:amd64.
Preparing to unpack .../0785-libtotem0_43.0-2_amd64.deb ...
Unpacking libtotem0:amd64 (43.0-2) ...
Selecting previously unselected package gir1.2-totem-1.0:amd64.
Preparing to unpack .../0786-gir1.2-totem-1.0_43.0-2_amd64.deb ...
Unpacking gir1.2-totem-1.0:amd64 (43.0-2) ...
Selecting previously unselected package libtracker-sparql-3.0-0:amd64.
Preparing to unpack .../0787-libtracker-sparql-3.0-0_3.4.2-1_amd64.deb ...
Unpacking libtracker-sparql-3.0-0:amd64 (3.4.2-1) ...
Selecting previously unselected package gir1.2-tracker-3.0:amd64.
Preparing to unpack .../0788-gir1.2-tracker-3.0_3.4.2-1_amd64.deb ...
Unpacking gir1.2-tracker-3.0:amd64 (3.4.2-1) ...
Selecting previously unselected package libwebkit2gtk-4.0-37:amd64.
Preparing to unpack .../0789-libwebkit2gtk-4.0-37_2.50.4-1~deb12u1_amd64.deb ...
Unpacking libwebkit2gtk-4.0-37:amd64 (2.50.4-1~deb12u1) ...
Selecting previously unselected package gir1.2-webkit2-4.0:amd64.
Preparing to unpack .../0790-gir1.2-webkit2-4.0_2.50.4-1~deb12u1_amd64.deb ...
Unpacking gir1.2-webkit2-4.0:amd64 (2.50.4-1~deb12u1) ...
Selecting previously unselected package libxres1:amd64.
Preparing to unpack .../0791-libxres1_2%3a1.2.1-1_amd64.deb ...
Unpacking libxres1:amd64 (2:1.2.1-1) ...
Selecting previously unselected package libwnck-3-common.
Preparing to unpack .../0792-libwnck-3-common_43.0-3_all.deb ...
Unpacking libwnck-3-common (43.0-3) ...
Selecting previously unselected package libwnck-3-0:amd64.
Preparing to unpack .../0793-libwnck-3-0_43.0-3_amd64.deb ...
Unpacking libwnck-3-0:amd64 (43.0-3) ...
Selecting previously unselected package gir1.2-wnck-3.0:amd64.
Preparing to unpack .../0794-gir1.2-wnck-3.0_43.0-3_amd64.deb ...
Unpacking gir1.2-wnck-3.0:amd64 (43.0-3) ...
Selecting previously unselected package gjs.
Preparing to unpack .../0795-gjs_1.74.2-1+deb12u1_amd64.deb ...
Unpacking gjs (1.74.2-1+deb12u1) ...
Selecting previously unselected package libgnomekbd-common.
Preparing to unpack .../0796-libgnomekbd-common_3.28.1-1_all.deb ...
Unpacking libgnomekbd-common (3.28.1-1) ...
Selecting previously unselected package libxklavier16:amd64.
Preparing to unpack .../0797-libxklavier16_5.4-4_amd64.deb ...
Unpacking libxklavier16:amd64 (5.4-4) ...
Selecting previously unselected package libgnomekbd8:amd64.
Preparing to unpack .../0798-libgnomekbd8_3.28.1-1_amd64.deb ...
Unpacking libgnomekbd8:amd64 (3.28.1-1) ...
Selecting previously unselected package gkbd-capplet.
Preparing to unpack .../0799-gkbd-capplet_3.28.1-1_amd64.deb ...
Unpacking gkbd-capplet (3.28.1-1) ...
Selecting previously unselected package gnome-bluetooth-sendto.
Preparing to unpack .../0800-gnome-bluetooth-sendto_42.5-3_amd64.deb ...
Unpacking gnome-bluetooth-sendto (42.5-3) ...
Selecting previously unselected package libgtksourceview-5-common.
Preparing to unpack .../0801-libgtksourceview-5-common_5.6.2-1_all.deb ...
Unpacking libgtksourceview-5-common (5.6.2-1) ...
Selecting previously unselected package libgtksourceview-5-0:amd64.
Preparing to unpack .../0802-libgtksourceview-5-0_5.6.2-1_amd64.deb ...
Unpacking libgtksourceview-5-0:amd64 (5.6.2-1) ...
Selecting previously unselected package gnome-calculator.
Preparing to unpack .../0803-gnome-calculator_1%3a43.0.1-2_amd64.deb ...
Unpacking gnome-calculator (1:43.0.1-2) ...
Selecting previously unselected package gnome-characters.
Preparing to unpack .../0804-gnome-characters_43.1-1+deb12u1_amd64.deb ...
Unpacking gnome-characters (43.1-1+deb12u1) ...
Selecting previously unselected package libfolks26:amd64.
Preparing to unpack .../0805-libfolks26_0.15.5-2+b1_amd64.deb ...
Unpacking libfolks26:amd64 (0.15.5-2+b1) ...
Selecting previously unselected package libfolks-eds26:amd64.
Preparing to unpack .../0806-libfolks-eds26_0.15.5-2+b1_amd64.deb ...
Unpacking libfolks-eds26:amd64 (0.15.5-2+b1) ...
Selecting previously unselected package libportal1:amd64.
Preparing to unpack .../0807-libportal1_0.6-4_amd64.deb ...
Unpacking libportal1:amd64 (0.6-4) ...
Selecting previously unselected package gnome-contacts.
Preparing to unpack .../0808-gnome-contacts_43.1-1_amd64.deb ...
Unpacking gnome-contacts (43.1-1) ...
Selecting previously unselected package libcolord-gtk4-1:amd64.
Preparing to unpack .../0809-libcolord-gtk4-1_0.3.0-3.1_amd64.deb ...
Unpacking libcolord-gtk4-1:amd64 (0.3.0-3.1) ...
Selecting previously unselected package libgnome-bluetooth-ui-3.0-13:amd64.
Preparing to unpack .../0810-libgnome-bluetooth-ui-3.0-13_42.5-3_amd64.deb ...
Unpacking libgnome-bluetooth-ui-3.0-13:amd64 (42.5-3) ...
Selecting previously unselected package libgnome-rr-4-2:amd64.
Preparing to unpack .../0811-libgnome-rr-4-2_43.2-2_amd64.deb ...
Unpacking libgnome-rr-4-2:amd64 (43.2-2) ...
Selecting previously unselected package libgoa-backend-1.0-1:amd64.
Preparing to unpack .../0812-libgoa-backend-1.0-1_3.46.0-1_amd64.deb ...
Unpacking libgoa-backend-1.0-1:amd64 (3.46.0-1) ...
Selecting previously unselected package libgtop2-common.
Preparing to unpack .../0813-libgtop2-common_2.40.0-2_all.deb ...
Unpacking libgtop2-common (2.40.0-2) ...
Selecting previously unselected package libgtop-2.0-11:amd64.
Preparing to unpack .../0814-libgtop-2.0-11_2.40.0-2_amd64.deb ...
Unpacking libgtop-2.0-11:amd64 (2.40.0-2) ...
Selecting previously unselected package libnma-gtk4-0:amd64.
Preparing to unpack .../0815-libnma-gtk4-0_1.10.6-1_amd64.deb ...
Unpacking libnma-gtk4-0:amd64 (1.10.6-1) ...
Selecting previously unselected package libtalloc2:amd64.
Preparing to unpack .../0816-libtalloc2_2.4.0-f2_amd64.deb ...
Unpacking libtalloc2:amd64 (2.4.0-f2) ...
Selecting previously unselected package libtevent0:amd64.
Preparing to unpack .../0817-libtevent0_0.14.1-1_amd64.deb ...
Unpacking libtevent0:amd64 (0.14.1-1) ...
Selecting previously unselected package libldb2:amd64.
Preparing to unpack .../0818-libldb2_2%3a2.6.2+samba4.17.12+dfsg-0+deb12u3_amd64.deb ...
Unpacking libldb2:amd64 (2:2.6.2+samba4.17.12+dfsg-0+deb12u3) ...
Selecting previously unselected package libwbclient0:amd64.
Preparing to unpack .../0819-libwbclient0_2%3a4.17.12+dfsg-0+deb12u3_amd64.deb ...
Unpacking libwbclient0:amd64 (2:4.17.12+dfsg-0+deb12u3) ...
Selecting previously unselected package samba-libs:amd64.
Preparing to unpack .../0820-samba-libs_2%3a4.17.12+dfsg-0+deb12u3_amd64.deb ...
Unpacking samba-libs:amd64 (2:4.17.12+dfsg-0+deb12u3) ...
Selecting previously unselected package libsmbclient:amd64.
Preparing to unpack .../0821-libsmbclient_2%3a4.17.12+dfsg-0+deb12u3_amd64.deb ...
Unpacking libsmbclient:amd64 (2:4.17.12+dfsg-0+deb12u3) ...
Selecting previously unselected package libsnapd-glib-2-1:amd64.
Preparing to unpack .../0822-libsnapd-glib-2-1_1.63-5_amd64.deb ...
Unpacking libsnapd-glib-2-1:amd64 (1.63-5) ...
Selecting previously unselected package libudisks2-0:amd64.
Preparing to unpack .../0823-libudisks2-0_2.9.4-4+deb12u2_amd64.deb ...
Unpacking libudisks2-0:amd64 (2.9.4-4+deb12u2) ...
Selecting previously unselected package gnome-control-center-data.
Preparing to unpack .../0824-gnome-control-center-data_1%3a43.6-2~deb12u1_all.deb ...
Unpacking gnome-control-center-data (1:43.6-2~deb12u1) ...
Selecting previously unselected package gnome-control-center.
Preparing to unpack .../0825-gnome-control-center_1%3a43.6-2~deb12u1_amd64.deb ...
Unpacking gnome-control-center (1:43.6-2~deb12u1) ...
Selecting previously unselected package libblockdev-part-err2:amd64.
Preparing to unpack .../0826-libblockdev-part-err2_2.28-2+deb12u1_amd64.deb ...
Unpacking libblockdev-part-err2:amd64 (2.28-2+deb12u1) ...
Selecting previously unselected package libblockdev-utils2:amd64.
Preparing to unpack .../0827-libblockdev-utils2_2.28-2+deb12u1_amd64.deb ...
Unpacking libblockdev-utils2:amd64 (2.28-2+deb12u1) ...
Selecting previously unselected package libparted-fs-resize0:amd64.
Preparing to unpack .../0828-libparted-fs-resize0_3.5-3_amd64.deb ...
Unpacking libparted-fs-resize0:amd64 (3.5-3) ...
Selecting previously unselected package libblockdev-fs2:amd64.
Preparing to unpack .../0829-libblockdev-fs2_2.28-2+deb12u1_amd64.deb ...
Unpacking libblockdev-fs2:amd64 (2.28-2+deb12u1) ...
Selecting previously unselected package libblockdev-loop2:amd64.
Preparing to unpack .../0830-libblockdev-loop2_2.28-2+deb12u1_amd64.deb ...
Unpacking libblockdev-loop2:amd64 (2.28-2+deb12u1) ...
Selecting previously unselected package libblockdev-part2:amd64.
Preparing to unpack .../0831-libblockdev-part2_2.28-2+deb12u1_amd64.deb ...
Unpacking libblockdev-part2:amd64 (2.28-2+deb12u1) ...
Selecting previously unselected package libblockdev-swap2:amd64.
Preparing to unpack .../0832-libblockdev-swap2_2.28-2+deb12u1_amd64.deb ...
Unpacking libblockdev-swap2:amd64 (2.28-2+deb12u1) ...
Selecting previously unselected package parted.
Preparing to unpack .../0833-parted_3.5-3_amd64.deb ...
Unpacking parted (3.5-3) ...
Selecting previously unselected package libatasmart4:amd64.
Preparing to unpack .../0834-libatasmart4_0.19-5_amd64.deb ...
Unpacking libatasmart4:amd64 (0.19-5) ...
Selecting previously unselected package libblockdev2:amd64.
Preparing to unpack .../0835-libblockdev2_2.28-2+deb12u1_amd64.deb ...
Unpacking libblockdev2:amd64 (2.28-2+deb12u1) ...
Selecting previously unselected package udisks2.
Preparing to unpack .../0836-udisks2_2.9.4-4+deb12u2_amd64.deb ...
Unpacking udisks2 (2.9.4-4+deb12u2) ...
Selecting previously unselected package gnome-disk-utility.
Preparing to unpack .../0837-gnome-disk-utility_43.0-1_amd64.deb ...
Unpacking gnome-disk-utility (43.0-1) ...
Selecting previously unselected package gnome-font-viewer.
Preparing to unpack .../0838-gnome-font-viewer_43.0-1_amd64.deb ...
Unpacking gnome-font-viewer (43.0-1) ...
Selecting previously unselected package gnome-logs.
Preparing to unpack .../0839-gnome-logs_43.0-1_amd64.deb ...
Unpacking gnome-logs (43.0-1) ...
Selecting previously unselected package gnome-menus.
Preparing to unpack .../0840-gnome-menus_3.36.0-1.1_amd64.deb ...
Unpacking gnome-menus (3.36.0-1.1) ...
Selecting previously unselected package gnome-online-accounts.
Preparing to unpack .../0841-gnome-online-accounts_3.46.0-1_amd64.deb ...
Unpacking gnome-online-accounts (3.46.0-1) ...
Selecting previously unselected package gvfs-common.
Preparing to unpack .../0842-gvfs-common_1.50.3-1_all.deb ...
Unpacking gvfs-common (1.50.3-1) ...
Selecting previously unselected package gvfs-libs:amd64.
Preparing to unpack .../0843-gvfs-libs_1.50.3-1_amd64.deb ...
Unpacking gvfs-libs:amd64 (1.50.3-1) ...
Selecting previously unselected package libudfread0:amd64.
Preparing to unpack .../0844-libudfread0_1.1.2-1_amd64.deb ...
Unpacking libudfread0:amd64 (1.1.2-1) ...
Selecting previously unselected package libbluray2:amd64.
Preparing to unpack .../0845-libbluray2_1%3a1.3.4-1_amd64.deb ...
Unpacking libbluray2:amd64 (1:1.3.4-1) ...
Selecting previously unselected package gvfs-daemons.
Preparing to unpack .../0846-gvfs-daemons_1.50.3-1_amd64.deb ...
Unpacking gvfs-daemons (1.50.3-1) ...
Selecting previously unselected package gvfs:amd64.
Preparing to unpack .../0847-gvfs_1.50.3-1_amd64.deb ...
Unpacking gvfs:amd64 (1.50.3-1) ...
Selecting previously unselected package gnome-shell-extensions.
Preparing to unpack .../0848-gnome-shell-extensions_43.1-1_all.deb ...
Unpacking gnome-shell-extensions (43.1-1) ...
Selecting previously unselected package gnome-software-common.
Preparing to unpack .../0849-gnome-software-common_43.5-1~deb12u1_all.deb ...
Unpacking gnome-software-common (43.5-1~deb12u1) ...
Selecting previously unselected package libcairo-perl.
Preparing to unpack .../0850-libcairo-perl_1.109-3+b1_amd64.deb ...
Unpacking libcairo-perl (1.109-3+b1) ...
Selecting previously unselected package libextutils-depends-perl.
Preparing to unpack .../0851-libextutils-depends-perl_0.8001-2_all.deb ...
Unpacking libextutils-depends-perl (0.8001-2) ...
Selecting previously unselected package libglib-perl:amd64.
Preparing to unpack .../0852-libglib-perl_3%3a1.329.3-2+b2_amd64.deb ...
Unpacking libglib-perl:amd64 (3:1.329.3-2+b2) ...
Selecting previously unselected package libcairo-gobject-perl.
Preparing to unpack .../0853-libcairo-gobject-perl_1.005-4_amd64.deb ...
Unpacking libcairo-gobject-perl (1.005-4) ...
Selecting previously unselected package libglib-object-introspection-perl.
Preparing to unpack .../0854-libglib-object-introspection-perl_0.049-3_amd64.deb ...
Unpacking libglib-object-introspection-perl (0.049-3) ...
Selecting previously unselected package libgtk3-perl.
Preparing to unpack .../0855-libgtk3-perl_0.038-3_all.deb ...
Unpacking libgtk3-perl (0.038-3) ...
Selecting previously unselected package packagekit.
Preparing to unpack .../0856-packagekit_1.2.6-5_amd64.deb ...
Unpacking packagekit (1.2.6-5) ...
Selecting previously unselected package python3-dateutil.
Preparing to unpack .../0857-python3-dateutil_2.8.2-2_all.deb ...
Unpacking python3-dateutil (2.8.2-2) ...
Selecting previously unselected package python3-distro-info.
Preparing to unpack .../0858-python3-distro-info_1.5+deb12u1_all.deb ...
Unpacking python3-distro-info (1.5+deb12u1) ...
Selecting previously unselected package lsb-release.
Preparing to unpack .../0859-lsb-release_12.0-1_all.deb ...
Unpacking lsb-release (12.0-1) ...
Selecting previously unselected package python3-pyparsing.
Preparing to unpack .../0860-python3-pyparsing_3.0.9-1_all.deb ...
Unpacking python3-pyparsing (3.0.9-1) ...
Selecting previously unselected package python3-httplib2.
Preparing to unpack .../0861-python3-httplib2_0.20.4-3_all.deb ...
Unpacking python3-httplib2 (0.20.4-3) ...
Selecting previously unselected package python3-lazr.uri.
Preparing to unpack .../0862-python3-lazr.uri_1.0.6-3_all.deb ...
Unpacking python3-lazr.uri (1.0.6-3) ...
Selecting previously unselected package python3-wadllib.
Preparing to unpack .../0863-python3-wadllib_1.3.6-4_all.deb ...
Unpacking python3-wadllib (1.3.6-4) ...
Selecting previously unselected package python3-distro.
Preparing to unpack .../0864-python3-distro_1.8.0-1_all.deb ...
Unpacking python3-distro (1.8.0-1) ...
Selecting previously unselected package python3-blinker.
Preparing to unpack .../0865-python3-blinker_1.5-1_all.deb ...
Unpacking python3-blinker (1.5-1) ...
Selecting previously unselected package python3-cffi-backend:amd64.
Preparing to unpack .../0866-python3-cffi-backend_1.15.1-5+b1_amd64.deb ...
Unpacking python3-cffi-backend:amd64 (1.15.1-5+b1) ...
Selecting previously unselected package python3-cryptography.
Preparing to unpack .../0867-python3-cryptography_38.0.4-3+deb12u1_amd64.deb ...
Unpacking python3-cryptography (38.0.4-3+deb12u1) ...
Selecting previously unselected package python3-jwt.
Preparing to unpack .../0868-python3-jwt_2.6.0-1_all.deb ...
Unpacking python3-jwt (2.6.0-1) ...
Selecting previously unselected package python3-oauthlib.
Preparing to unpack .../0869-python3-oauthlib_3.2.2-1_all.deb ...
Unpacking python3-oauthlib (3.2.2-1) ...
Selecting previously unselected package python3-lazr.restfulclient.
Preparing to unpack .../0870-python3-lazr.restfulclient_0.14.5-1_all.deb ...
Unpacking python3-lazr.restfulclient (0.14.5-1) ...
Selecting previously unselected package python3-software-properties.
Preparing to unpack .../0871-python3-software-properties_0.99.30-4.1~deb12u1_all.deb ...
Unpacking python3-software-properties (0.99.30-4.1~deb12u1) ...
Selecting previously unselected package python3-dbus.
Preparing to unpack .../0872-python3-dbus_1.3.2-4+b1_amd64.deb ...
Unpacking python3-dbus (1.3.2-4+b1) ...
Selecting previously unselected package software-properties-common.
Preparing to unpack .../0873-software-properties-common_0.99.30-4.1~deb12u1_all.deb ...
Unpacking software-properties-common (0.99.30-4.1~deb12u1) ...
Selecting previously unselected package software-properties-gtk.
Preparing to unpack .../0874-software-properties-gtk_0.99.30-4.1~deb12u1_all.deb ...
Unpacking software-properties-gtk (0.99.30-4.1~deb12u1) ...
Selecting previously unselected package gnome-software.
Preparing to unpack .../0875-gnome-software_43.5-1~deb12u1_amd64.deb ...
Unpacking gnome-software (43.5-1~deb12u1) ...
Selecting previously unselected package nautilus-data.
Preparing to unpack .../0876-nautilus-data_43.2-1_all.deb ...
Unpacking nautilus-data (43.2-1) ...
Selecting previously unselected package tracker.
Preparing to unpack .../0877-tracker_3.4.2-1_amd64.deb ...
Unpacking tracker (3.4.2-1) ...
Selecting previously unselected package libcue2:amd64.
Preparing to unpack .../0878-libcue2_2.2.1-4+deb12u1_amd64.deb ...
Unpacking libcue2:amd64 (2.2.1-4+deb12u1) ...
Selecting previously unselected package libexiv2-27:amd64.
Preparing to unpack .../0879-libexiv2-27_0.27.6-1_amd64.deb ...
Unpacking libexiv2-27:amd64 (0.27.6-1) ...
Selecting previously unselected package libgexiv2-2:amd64.
Preparing to unpack .../0880-libgexiv2-2_0.14.0-1+b1_amd64.deb ...
Unpacking libgexiv2-2:amd64 (0.14.0-1+b1) ...
Selecting previously unselected package libgif7:amd64.
Preparing to unpack .../0881-libgif7_5.2.1-2.5_amd64.deb ...
Unpacking libgif7:amd64 (5.2.1-2.5) ...
Selecting previously unselected package libgsf-1-common.
Preparing to unpack .../0882-libgsf-1-common_1.14.50-1+deb12u1_all.deb ...
Unpacking libgsf-1-common (1.14.50-1+deb12u1) ...
Selecting previously unselected package libgsf-1-114:amd64.
Preparing to unpack .../0883-libgsf-1-114_1.14.50-1+deb12u1_amd64.deb ...
Unpacking libgsf-1-114:amd64 (1.14.50-1+deb12u1) ...
Selecting previously unselected package libiptcdata0.
Preparing to unpack .../0884-libiptcdata0_1.0.5-2.3_amd64.deb ...
Unpacking libiptcdata0 (1.0.5-2.3) ...
Selecting previously unselected package usb.ids.
Preparing to unpack .../0885-usb.ids_2025.07.26-0+deb12u1_all.deb ...
Unpacking usb.ids (2025.07.26-0+deb12u1) ...
Selecting previously unselected package libosinfo-l10n.
Preparing to unpack .../0886-libosinfo-l10n_1.10.0-2_all.deb ...
Unpacking libosinfo-l10n (1.10.0-2) ...
Selecting previously unselected package osinfo-db.
Preparing to unpack .../0887-osinfo-db_0.20221130-2_all.deb ...
Unpacking osinfo-db (0.20221130-2) ...
Selecting previously unselected package libosinfo-1.0-0:amd64.
Preparing to unpack .../0888-libosinfo-1.0-0_1.10.0-2_amd64.deb ...
Unpacking libosinfo-1.0-0:amd64 (1.10.0-2) ...
Selecting previously unselected package tracker-extract.
Preparing to unpack .../0889-tracker-extract_3.4.3-1_amd64.deb ...
Unpacking tracker-extract (3.4.3-1) ...
Selecting previously unselected package tracker-miner-fs.
Preparing to unpack .../0890-tracker-miner-fs_3.4.3-1_amd64.deb ...
Unpacking tracker-miner-fs (3.4.3-1) ...
Selecting previously unselected package libportal-gtk4-1:amd64.
Preparing to unpack .../0891-libportal-gtk4-1_0.6-4_amd64.deb ...
Unpacking libportal-gtk4-1:amd64 (0.6-4) ...
Selecting previously unselected package nautilus.
Preparing to unpack .../0892-nautilus_43.2-1_amd64.deb ...
Unpacking nautilus (43.2-1) ...
Selecting previously unselected package gstreamer1.0-gtk3:amd64.
Preparing to unpack .../0893-gstreamer1.0-gtk3_1.22.0-5+deb12u3_amd64.deb ...
Unpacking gstreamer1.0-gtk3:amd64 (1.22.0-5+deb12u3) ...
Selecting previously unselected package gnome-sushi.
Preparing to unpack .../0894-gnome-sushi_43.0-2_amd64.deb ...
Unpacking gnome-sushi (43.0-2) ...
Selecting previously unselected package libsigc++-2.0-0v5:amd64.
Preparing to unpack .../0895-libsigc++-2.0-0v5_2.12.0-1_amd64.deb ...
Unpacking libsigc++-2.0-0v5:amd64 (2.12.0-1) ...
Selecting previously unselected package libglibmm-2.4-1v5:amd64.
Preparing to unpack .../0896-libglibmm-2.4-1v5_2.66.5-2_amd64.deb ...
Unpacking libglibmm-2.4-1v5:amd64 (2.66.5-2) ...
Selecting previously unselected package libatkmm-1.6-1v5:amd64.
Preparing to unpack .../0897-libatkmm-1.6-1v5_2.28.3-1_amd64.deb ...
Unpacking libatkmm-1.6-1v5:amd64 (2.28.3-1) ...
Selecting previously unselected package libcairomm-1.0-1v5:amd64.
Preparing to unpack .../0898-libcairomm-1.0-1v5_1.14.4-2_amd64.deb ...
Unpacking libcairomm-1.0-1v5:amd64 (1.14.4-2) ...
Selecting previously unselected package libpangomm-1.4-1v5:amd64.
Preparing to unpack .../0899-libpangomm-1.4-1v5_2.46.3-1_amd64.deb ...
Unpacking libpangomm-1.4-1v5:amd64 (2.46.3-1) ...
Selecting previously unselected package libgtkmm-3.0-1v5:amd64.
Preparing to unpack .../0900-libgtkmm-3.0-1v5_3.24.7-1_amd64.deb ...
Unpacking libgtkmm-3.0-1v5:amd64 (3.24.7-1) ...
Selecting previously unselected package gnome-system-monitor.
Preparing to unpack .../0901-gnome-system-monitor_42.0-2_amd64.deb ...
Unpacking gnome-system-monitor (42.0-2) ...
Selecting previously unselected package libeditorconfig0:amd64.
Preparing to unpack .../0902-libeditorconfig0_0.12.6-0.1_amd64.deb ...
Unpacking libeditorconfig0:amd64 (0.12.6-0.1) ...
Selecting previously unselected package gnome-text-editor.
Preparing to unpack .../0903-gnome-text-editor_43.2-1_amd64.deb ...
Unpacking gnome-text-editor (43.2-1) ...
Selecting previously unselected package gnome-themes-extra-data.
Preparing to unpack .../0904-gnome-themes-extra-data_3.28-2_all.deb ...
Unpacking gnome-themes-extra-data (3.28-2) ...
Selecting previously unselected package gtk2-engines-pixbuf:amd64.
Preparing to unpack .../0905-gtk2-engines-pixbuf_2.24.33-2+deb12u1_amd64.deb ...
Unpacking gtk2-engines-pixbuf:amd64 (2.24.33-2+deb12u1) ...
Selecting previously unselected package gnome-themes-extra:amd64.
Preparing to unpack .../0906-gnome-themes-extra_3.28-2_amd64.deb ...
Unpacking gnome-themes-extra:amd64 (3.28-2) ...
Selecting previously unselected package libyelp0:amd64.
Preparing to unpack .../0907-libyelp0_42.2-1+deb12u1_amd64.deb ...
Unpacking libyelp0:amd64 (42.2-1+deb12u1) ...
Selecting previously unselected package yelp-xsl.
Preparing to unpack .../0908-yelp-xsl_42.1-2+deb12u1_all.deb ...
Unpacking yelp-xsl (42.1-2+deb12u1) ...
Selecting previously unselected package yelp.
Preparing to unpack .../0909-yelp_42.2-1+deb12u1_amd64.deb ...
Unpacking yelp (42.2-1+deb12u1) ...
Selecting previously unselected package gnome-user-docs.
Preparing to unpack .../0910-gnome-user-docs_43.0-2_all.deb ...
Unpacking gnome-user-docs (43.0-2) ...
Selecting previously unselected package libapache2-mod-dnssd.
Preparing to unpack .../0911-libapache2-mod-dnssd_0.6-4_amd64.deb ...
Unpacking libapache2-mod-dnssd (0.6-4) ...
Selecting previously unselected package gnome-user-share.
Preparing to unpack .../0912-gnome-user-share_43.0-1_amd64.deb ...
Unpacking gnome-user-share (43.0-1) ...
Selecting previously unselected package gstreamer1.0-packagekit.
Preparing to unpack .../0913-gstreamer1.0-packagekit_1.2.6-5_amd64.deb ...
Unpacking gstreamer1.0-packagekit (1.2.6-5) ...
Selecting previously unselected package libcdio19:amd64.
Preparing to unpack .../0914-libcdio19_2.1.0-4_amd64.deb ...
Unpacking libcdio19:amd64 (2.1.0-4) ...
Selecting previously unselected package libcdio-cdda2:amd64.
Preparing to unpack .../0915-libcdio-cdda2_10.2+2.0.1-1_amd64.deb ...
Unpacking libcdio-cdda2:amd64 (10.2+2.0.1-1) ...
Selecting previously unselected package libcdio-paranoia2:amd64.
Preparing to unpack .../0916-libcdio-paranoia2_10.2+2.0.1-1_amd64.deb ...
Unpacking libcdio-paranoia2:amd64 (10.2+2.0.1-1) ...
Selecting previously unselected package libgdata-common.
Preparing to unpack .../0917-libgdata-common_0.18.1-2_all.deb ...
Unpacking libgdata-common (0.18.1-2) ...
Selecting previously unselected package libgdata22:amd64.
Preparing to unpack .../0918-libgdata22_0.18.1-2_amd64.deb ...
Unpacking libgdata22:amd64 (0.18.1-2) ...
Selecting previously unselected package libmtp-common.
Preparing to unpack .../0919-libmtp-common_1.1.20-1_all.deb ...
Unpacking libmtp-common (1.1.20-1) ...
Selecting previously unselected package libmtp9:amd64.
Preparing to unpack .../0920-libmtp9_1.1.20-1_amd64.deb ...
Unpacking libmtp9:amd64 (1.1.20-1) ...
Selecting previously unselected package libnfs13:amd64.
Preparing to unpack .../0921-libnfs13_4.0.0-1_amd64.deb ...
Unpacking libnfs13:amd64 (4.0.0-1) ...
Selecting previously unselected package gvfs-backends.
Preparing to unpack .../0922-gvfs-backends_1.50.3-1_amd64.deb ...
Unpacking gvfs-backends (1.50.3-1) ...
Selecting previously unselected package gvfs-fuse.
Preparing to unpack .../0923-gvfs-fuse_1.50.3-1_amd64.deb ...
Unpacking gvfs-fuse (1.50.3-1) ...
Selecting previously unselected package libatk-adaptor:amd64.
Preparing to unpack .../0924-libatk-adaptor_2.46.0-5_amd64.deb ...
Unpacking libatk-adaptor:amd64 (2.46.0-5) ...
Selecting previously unselected package libcanberra-pulse:amd64.
Preparing to unpack .../0925-libcanberra-pulse_0.30-10_amd64.deb ...
Unpacking libcanberra-pulse:amd64 (0.30-10) ...
Selecting previously unselected package libpam-gnome-keyring:amd64.
Preparing to unpack .../0926-libpam-gnome-keyring_42.1-1+b2_amd64.deb ...
Unpacking libpam-gnome-keyring:amd64 (42.1-1+b2) ...
Selecting previously unselected package libproxy1-plugin-gsettings:amd64.
Preparing to unpack .../0927-libproxy1-plugin-gsettings_0.4.18-1.2_amd64.deb ...
Unpacking libproxy1-plugin-gsettings:amd64 (0.4.18-1.2) ...
Selecting previously unselected package libproxy1-plugin-webkit:amd64.
Preparing to unpack .../0928-libproxy1-plugin-webkit_0.4.18-1.2_amd64.deb ...
Unpacking libproxy1-plugin-webkit:amd64 (0.4.18-1.2) ...
Selecting previously unselected package python3-cairo:amd64.
Preparing to unpack .../0929-python3-cairo_1.20.1-5+b1_amd64.deb ...
Unpacking python3-cairo:amd64 (1.20.1-5+b1) ...
Selecting previously unselected package python3-cups:amd64.
Preparing to unpack .../0930-python3-cups_2.0.1-5+b4_amd64.deb ...
Unpacking python3-cups:amd64 (2.0.1-5+b4) ...
Selecting previously unselected package python3-cupshelpers.
Preparing to unpack .../0931-python3-cupshelpers_1.5.18-1_all.deb ...
Unpacking python3-cupshelpers (1.5.18-1) ...
Selecting previously unselected package system-config-printer-common.
Preparing to unpack .../0932-system-config-printer-common_1.5.18-1_all.deb ...
Unpacking system-config-printer-common (1.5.18-1) ...
Selecting previously unselected package system-config-printer-udev.
Preparing to unpack .../0933-system-config-printer-udev_1.5.18-1_amd64.deb ...
Unpacking system-config-printer-udev (1.5.18-1) ...
Selecting previously unselected package libdmapsharing-3.0-2:amd64.
Preparing to unpack .../0934-libdmapsharing-3.0-2_2.9.41-3+b1_amd64.deb ...
Unpacking libdmapsharing-3.0-2:amd64 (2.9.41-3+b1) ...
Selecting previously unselected package libgom-1.0-0:amd64.
Preparing to unpack .../0935-libgom-1.0-0_0.4-1_amd64.deb ...
Unpacking libgom-1.0-0:amd64 (0.4-1) ...
Selecting previously unselected package liboauth0:amd64.
Preparing to unpack .../0936-liboauth0_1.0.3-5_amd64.deb ...
Unpacking liboauth0:amd64 (1.0.3-5) ...
Selecting previously unselected package grilo-plugins-0.3:amd64.
Preparing to unpack .../0937-grilo-plugins-0.3_0.3.15-2_amd64.deb ...
Unpacking grilo-plugins-0.3:amd64 (0.3.15-2) ...
Selecting previously unselected package totem-common.
Preparing to unpack .../0938-totem-common_43.0-2_all.deb ...
Unpacking totem-common (43.0-2) ...
Selecting previously unselected package gstreamer1.0-gl:amd64.
Preparing to unpack .../0939-gstreamer1.0-gl_1.22.0-3+deb12u5_amd64.deb ...
Unpacking gstreamer1.0-gl:amd64 (1.22.0-3+deb12u5) ...
Selecting previously unselected package totem.
Preparing to unpack .../0940-totem_43.0-2_amd64.deb ...
Unpacking totem (43.0-2) ...
Selecting previously unselected package zenity-common.
Preparing to unpack .../0941-zenity-common_3.44.0-1_all.deb ...
Unpacking zenity-common (3.44.0-1) ...
Selecting previously unselected package zenity.
Preparing to unpack .../0942-zenity_3.44.0-1_amd64.deb ...
Unpacking zenity (3.44.0-1) ...
Selecting previously unselected package gnome-core.
Preparing to unpack .../0943-gnome-core_1%3a43+1_amd64.deb ...
Unpacking gnome-core (1:43+1) ...
Selecting previously unselected package libproxy1-plugin-networkmanager:amd64.
Preparing to unpack .../0944-libproxy1-plugin-networkmanager_0.4.18-1.2_amd64.deb ...
Unpacking libproxy1-plugin-networkmanager:amd64 (0.4.18-1.2) ...
Selecting previously unselected package libayatana-ido3-0.4-0:amd64.
Preparing to unpack .../0945-libayatana-ido3-0.4-0_0.9.3-1_amd64.deb ...
Unpacking libayatana-ido3-0.4-0:amd64 (0.9.3-1) ...
Selecting previously unselected package libayatana-indicator3-7:amd64.
Preparing to unpack .../0946-libayatana-indicator3-7_0.9.3-1_amd64.deb ...
Unpacking libayatana-indicator3-7:amd64 (0.9.3-1) ...
Selecting previously unselected package libdbusmenu-gtk3-4:amd64.
Preparing to unpack .../0947-libdbusmenu-gtk3-4_18.10.20180917~bzr492+repack1-3_amd64.deb ...
Unpacking libdbusmenu-gtk3-4:amd64 (18.10.20180917~bzr492+repack1-3) ...
Selecting previously unselected package libayatana-appindicator3-1.
Preparing to unpack .../0948-libayatana-appindicator3-1_0.5.92-1_amd64.deb ...
Unpacking libayatana-appindicator3-1 (0.5.92-1) ...
Selecting previously unselected package libndp0:amd64.
Preparing to unpack .../0949-libndp0_1.8-1+deb12u1_amd64.deb ...
Unpacking libndp0:amd64 (1.8-1+deb12u1) ...
Selecting previously unselected package libnewt0.52:amd64.
Preparing to unpack .../0950-libnewt0.52_0.52.23-1+b1_amd64.deb ...
Unpacking libnewt0.52:amd64 (0.52.23-1+b1) ...
Selecting previously unselected package libteamdctl0:amd64.
Preparing to unpack .../0951-libteamdctl0_1.31-1_amd64.deb ...
Unpacking libteamdctl0:amd64 (1.31-1) ...
Selecting previously unselected package network-manager.
Preparing to unpack .../0952-network-manager_1.42.4-1+deb12u1_amd64.deb ...
Unpacking network-manager (1.42.4-1+deb12u1) ...
Selecting previously unselected package policykit-1-gnome.
Preparing to unpack .../0953-policykit-1-gnome_0.105-8_amd64.deb ...
Unpacking policykit-1-gnome (0.105-8) ...
Selecting previously unselected package network-manager-gnome.
Preparing to unpack .../0954-network-manager-gnome_1.30.0-2_amd64.deb ...
Unpacking network-manager-gnome (1.30.0-2) ...
Selecting previously unselected package libjavascriptcoregtk-6.0-1:amd64.
Preparing to unpack .../0955-libjavascriptcoregtk-6.0-1_2.50.4-1~deb12u1_amd64.deb ...
Unpacking libjavascriptcoregtk-6.0-1:amd64 (2.50.4-1~deb12u1) ...
Selecting previously unselected package libwebkitgtk-6.0-4:amd64.
Preparing to unpack .../0956-libwebkitgtk-6.0-4_2.50.4-1~deb12u1_amd64.deb ...
Unpacking libwebkitgtk-6.0-4:amd64 (2.50.4-1~deb12u1) ...
Selecting previously unselected package libedataserverui4-1.0-0:amd64.
Preparing to unpack .../0957-libedataserverui4-1.0-0_3.46.4-2_amd64.deb ...
Unpacking libedataserverui4-1.0-0:amd64 (3.46.4-2) ...
Selecting previously unselected package gnome-calendar.
Preparing to unpack .../0958-gnome-calendar_43.1-2_amd64.deb ...
Unpacking gnome-calendar (43.1-2) ...
Selecting previously unselected package gnome-clocks.
Preparing to unpack .../0959-gnome-clocks_43.0-1_amd64.deb ...
Unpacking gnome-clocks (43.0-1) ...
Selecting previously unselected package gnome-color-manager.
Preparing to unpack .../0960-gnome-color-manager_3.36.0-1+b1_amd64.deb ...
Unpacking gnome-color-manager (3.36.0-1+b1) ...
Selecting previously unselected package gnome-maps.
Preparing to unpack .../0961-gnome-maps_43.5-2~deb12u1_amd64.deb ...
Unpacking gnome-maps (43.5-2~deb12u1) ...
Selecting previously unselected package python3-gi-cairo.
Preparing to unpack .../0962-python3-gi-cairo_3.42.2-3+b1_amd64.deb ...
Unpacking python3-gi-cairo (3.42.2-3+b1) ...
Selecting previously unselected package gnome-music.
Preparing to unpack .../0963-gnome-music_42.1-1_amd64.deb ...
Unpacking gnome-music (42.1-1) ...
Selecting previously unselected package libraw20:amd64.
Preparing to unpack .../0964-libraw20_0.20.2-2.1+deb12u1_amd64.deb ...
Unpacking libraw20:amd64 (0.20.2-2.1+deb12u1) ...
Selecting previously unselected package shotwell-common.
Preparing to unpack .../0965-shotwell-common_0.30.17-1_all.deb ...
Unpacking shotwell-common (0.30.17-1) ...
Selecting previously unselected package shotwell.
Preparing to unpack .../0966-shotwell_0.30.17-1+b1_amd64.deb ...
Unpacking shotwell (0.30.17-1+b1) ...
Selecting previously unselected package gnome-weather.
Preparing to unpack .../0967-gnome-weather_43.0-1_all.deb ...
Unpacking gnome-weather (43.0-1) ...
Selecting previously unselected package libbrlapi0.8:amd64.
Preparing to unpack .../0968-libbrlapi0.8_6.5-7+deb12u1_amd64.deb ...
Unpacking libbrlapi0.8:amd64 (6.5-7+deb12u1) ...
Selecting previously unselected package python3-brlapi:amd64.
Preparing to unpack .../0969-python3-brlapi_6.5-7+deb12u1_amd64.deb ...
Unpacking python3-brlapi:amd64 (6.5-7+deb12u1) ...
Selecting previously unselected package liblouis-data.
Preparing to unpack .../0970-liblouis-data_3.24.0-1_all.deb ...
Unpacking liblouis-data (3.24.0-1) ...
Selecting previously unselected package liblouis20:amd64.
Preparing to unpack .../0971-liblouis20_3.24.0-1_amd64.deb ...
Unpacking liblouis20:amd64 (3.24.0-1) ...
Selecting previously unselected package python3-louis.
Preparing to unpack .../0972-python3-louis_3.24.0-1_all.deb ...
Unpacking python3-louis (3.24.0-1) ...
Selecting previously unselected package python3-pyatspi.
Preparing to unpack .../0973-python3-pyatspi_2.46.0-2_all.deb ...
Unpacking python3-pyatspi (2.46.0-2) ...
Selecting previously unselected package python3-xdg.
Preparing to unpack .../0974-python3-xdg_0.28-2_all.deb ...
Unpacking python3-xdg (0.28-2) ...
Selecting previously unselected package python3-speechd.
Preparing to unpack .../0975-python3-speechd_0.11.4-2_all.deb ...
Unpacking python3-speechd (0.11.4-2) ...
Selecting previously unselected package libaudio2:amd64.
Preparing to unpack .../0976-libaudio2_1.9.4-7_amd64.deb ...
Unpacking libaudio2:amd64 (1.9.4-7) ...
Selecting previously unselected package speech-dispatcher-audio-plugins:amd64.
Preparing to unpack .../0977-speech-dispatcher-audio-plugins_0.11.4-2_amd64.deb ...
Unpacking speech-dispatcher-audio-plugins:amd64 (0.11.4-2) ...
Selecting previously unselected package libdotconf0:amd64.
Preparing to unpack .../0978-libdotconf0_1.3-0.3_amd64.deb ...
Unpacking libdotconf0:amd64 (1.3-0.3) ...
Selecting previously unselected package libspeechd2:amd64.
Preparing to unpack .../0979-libspeechd2_0.11.4-2_amd64.deb ...
Unpacking libspeechd2:amd64 (0.11.4-2) ...
Selecting previously unselected package speech-dispatcher.
Preparing to unpack .../0980-speech-dispatcher_0.11.4-2_amd64.deb ...
Unpacking speech-dispatcher (0.11.4-2) ...
Selecting previously unselected package xkbset.
Preparing to unpack .../0981-xkbset_0.6-3_amd64.deb ...
Unpacking xkbset (0.6-3) ...
Selecting previously unselected package orca.
Preparing to unpack .../0982-orca_43.1-1_all.deb ...
Unpacking orca (43.1-1) ...
Selecting previously unselected package libges-1.0-0.
Preparing to unpack .../0983-libges-1.0-0_1.22.0-2_amd64.deb ...
Unpacking libges-1.0-0 (1.22.0-2) ...
Selecting previously unselected package libgupnp-av-1.0-3.
Preparing to unpack .../0984-libgupnp-av-1.0-3_0.14.1-1_amd64.deb ...
Unpacking libgupnp-av-1.0-3 (0.14.1-1) ...
Selecting previously unselected package libgupnp-dlna-2.0-4.
Preparing to unpack .../0985-libgupnp-dlna-2.0-4_0.12.0-3_amd64.deb ...
Unpacking libgupnp-dlna-2.0-4 (0.12.0-3) ...
Selecting previously unselected package librygel-core-2.8-0:amd64.
Preparing to unpack .../0986-librygel-core-2.8-0_0.42.1-1_amd64.deb ...
Unpacking librygel-core-2.8-0:amd64 (0.42.1-1) ...
Selecting previously unselected package librygel-db-2.8-0:amd64.
Preparing to unpack .../0987-librygel-db-2.8-0_0.42.1-1_amd64.deb ...
Unpacking librygel-db-2.8-0:amd64 (0.42.1-1) ...
Selecting previously unselected package librygel-renderer-2.8-0:amd64.
Preparing to unpack .../0988-librygel-renderer-2.8-0_0.42.1-1_amd64.deb ...
Unpacking librygel-renderer-2.8-0:amd64 (0.42.1-1) ...
Selecting previously unselected package librygel-server-2.8-0:amd64.
Preparing to unpack .../0989-librygel-server-2.8-0_0.42.1-1_amd64.deb ...
Unpacking librygel-server-2.8-0:amd64 (0.42.1-1) ...
Selecting previously unselected package rygel.
Preparing to unpack .../0990-rygel_0.42.1-1_amd64.deb ...
Unpacking rygel (0.42.1-1) ...
Selecting previously unselected package librygel-renderer-gst-2.8-0:amd64.
Preparing to unpack .../0991-librygel-renderer-gst-2.8-0_0.42.1-1_amd64.deb ...
Unpacking librygel-renderer-gst-2.8-0:amd64 (0.42.1-1) ...
Selecting previously unselected package rygel-playbin.
Preparing to unpack .../0992-rygel-playbin_0.42.1-1_amd64.deb ...
Unpacking rygel-playbin (0.42.1-1) ...
Selecting previously unselected package rygel-tracker.
Preparing to unpack .../0993-rygel-tracker_0.42.1-1_amd64.deb ...
Unpacking rygel-tracker (0.42.1-1) ...
Selecting previously unselected package xdg-utils.
Preparing to unpack .../0994-xdg-utils_1.1.3-4.1_all.deb ...
Unpacking xdg-utils (1.1.3-4.1) ...
Selecting previously unselected package simple-scan.
Preparing to unpack .../0995-simple-scan_42.5-2_amd64.deb ...
Unpacking simple-scan (42.5-2) ...
Selecting previously unselected package gnome-sound-recorder.
Preparing to unpack .../0996-gnome-sound-recorder_43~beta-1_all.deb ...
Unpacking gnome-sound-recorder (43~beta-1) ...
Selecting previously unselected package gnome-tweaks.
Preparing to unpack .../0997-gnome-tweaks_42~beta-4_all.deb ...
Unpacking gnome-tweaks (42~beta-4) ...
Selecting previously unselected package libgsf-bin.
Preparing to unpack .../0998-libgsf-bin_1.14.50-1+deb12u1_amd64.deb ...
Unpacking libgsf-bin (1.14.50-1+deb12u1) ...
Selecting previously unselected package libreoffice-style-colibre.
Preparing to unpack .../0999-libreoffice-style-colibre_4%3a7.4.7-1+deb12u10_all.deb ...
Unpacking libreoffice-style-colibre (4:7.4.7-1+deb12u10) ...
Selecting previously unselected package libuno-sal3.
Preparing to unpack .../1000-libuno-sal3_4%3a7.4.7-1+deb12u10_amd64.deb ...
Unpacking libuno-sal3 (4:7.4.7-1+deb12u10) ...
Selecting previously unselected package libuno-salhelpergcc3-3.
Preparing to unpack .../1001-libuno-salhelpergcc3-3_4%3a7.4.7-1+deb12u10_amd64.deb ...
Unpacking libuno-salhelpergcc3-3 (4:7.4.7-1+deb12u10) ...
Selecting previously unselected package libuno-cppu3.
Preparing to unpack .../1002-libuno-cppu3_4%3a7.4.7-1+deb12u10_amd64.deb ...
Unpacking libuno-cppu3 (4:7.4.7-1+deb12u10) ...
Selecting previously unselected package uno-libs-private.
Preparing to unpack .../1003-uno-libs-private_4%3a7.4.7-1+deb12u10_amd64.deb ...
Unpacking uno-libs-private (4:7.4.7-1+deb12u10) ...
Selecting previously unselected package liblangtag-common.
Preparing to unpack .../1004-liblangtag-common_0.6.4-2_all.deb ...
Unpacking liblangtag-common (0.6.4-2) ...
Selecting previously unselected package liblangtag1:amd64.
Preparing to unpack .../1005-liblangtag1_0.6.4-2_amd64.deb ...
Unpacking liblangtag1:amd64 (0.6.4-2) ...
Selecting previously unselected package libuno-cppuhelpergcc3-3.
Preparing to unpack .../1006-libuno-cppuhelpergcc3-3_4%3a7.4.7-1+deb12u10_amd64.deb ...
Unpacking libuno-cppuhelpergcc3-3 (4:7.4.7-1+deb12u10) ...
Selecting previously unselected package libuno-purpenvhelpergcc3-3.
Preparing to unpack .../1007-libuno-purpenvhelpergcc3-3_4%3a7.4.7-1+deb12u10_amd64.deb ...
Unpacking libuno-purpenvhelpergcc3-3 (4:7.4.7-1+deb12u10) ...
Selecting previously unselected package ure.
Preparing to unpack .../1008-ure_4%3a7.4.7-1+deb12u10_amd64.deb ...
Unpacking ure (4:7.4.7-1+deb12u10) ...
Selecting previously unselected package libnumbertext-data.
Preparing to unpack .../1009-libnumbertext-data_1.0.11-1_all.deb ...
Unpacking libnumbertext-data (1.0.11-1) ...
Selecting previously unselected package libreoffice-common.
Preparing to unpack .../1010-libreoffice-common_4%3a7.4.7-1+deb12u10_all.deb ...
Unpacking libreoffice-common (4:7.4.7-1+deb12u10) ...
Selecting previously unselected package libboost-thread1.74.0:amd64.
Preparing to unpack .../1011-libboost-thread1.74.0_1.74.0+ds1-21_amd64.deb ...
Unpacking libboost-thread1.74.0:amd64 (1.74.0+ds1-21) ...
Selecting previously unselected package libboost-locale1.74.0:amd64.
Preparing to unpack .../1012-libboost-locale1.74.0_1.74.0+ds1-21_amd64.deb ...
Unpacking libboost-locale1.74.0:amd64 (1.74.0+ds1-21) ...
Selecting previously unselected package libclucene-core1v5:amd64.
Preparing to unpack .../1013-libclucene-core1v5_2.3.3.4+dfsg-1.1_amd64.deb ...
Unpacking libclucene-core1v5:amd64 (2.3.3.4+dfsg-1.1) ...
Selecting previously unselected package libclucene-contribs1v5:amd64.
Preparing to unpack .../1014-libclucene-contribs1v5_2.3.3.4+dfsg-1.1_amd64.deb ...
Unpacking libclucene-contribs1v5:amd64 (2.3.3.4+dfsg-1.1) ...
Selecting previously unselected package libeot0:amd64.
Preparing to unpack .../1015-libeot0_0.01-5+b1_amd64.deb ...
Unpacking libeot0:amd64 (0.01-5+b1) ...
Selecting previously unselected package libexttextcat-data.
Preparing to unpack .../1016-libexttextcat-data_3.4.5-1_all.deb ...
Unpacking libexttextcat-data (3.4.5-1) ...
Selecting previously unselected package libexttextcat-2.0-0:amd64.
Preparing to unpack .../1017-libexttextcat-2.0-0_3.4.5-1_amd64.deb ...
Unpacking libexttextcat-2.0-0:amd64 (3.4.5-1) ...
Selecting previously unselected package libmythes-1.2-0:amd64.
Preparing to unpack .../1018-libmythes-1.2-0_2%3a1.2.5-1_amd64.deb ...
Unpacking libmythes-1.2-0:amd64 (2:1.2.5-1) ...
Selecting previously unselected package libnumbertext-1.0-0:amd64.
Preparing to unpack .../1019-libnumbertext-1.0-0_1.0.11-1_amd64.deb ...
Unpacking libnumbertext-1.0-0:amd64 (1.0.11-1) ...
Selecting previously unselected package libboost-filesystem1.74.0:amd64.
Preparing to unpack .../1020-libboost-filesystem1.74.0_1.74.0+ds1-21_amd64.deb ...
Unpacking libboost-filesystem1.74.0:amd64 (1.74.0+ds1-21) ...
Selecting previously unselected package libboost-iostreams1.74.0:amd64.
Preparing to unpack .../1021-libboost-iostreams1.74.0_1.74.0+ds1-21_amd64.deb ...
Unpacking libboost-iostreams1.74.0:amd64 (1.74.0+ds1-21) ...
Selecting previously unselected package liborcus-parser-0.17-0:amd64.
Preparing to unpack .../1022-liborcus-parser-0.17-0_0.17.2-2+b2_amd64.deb ...
Unpacking liborcus-parser-0.17-0:amd64 (0.17.2-2+b2) ...
Selecting previously unselected package liborcus-0.17-0:amd64.
Preparing to unpack .../1023-liborcus-0.17-0_0.17.2-2+b2_amd64.deb ...
Unpacking liborcus-0.17-0:amd64 (0.17.2-2+b2) ...
Selecting previously unselected package libmhash2:amd64.
Preparing to unpack .../1024-libmhash2_0.9.9.9-9_amd64.deb ...
Unpacking libmhash2:amd64 (0.9.9.9-9) ...
Selecting previously unselected package librasqal3:amd64.
Preparing to unpack .../1025-librasqal3_0.9.33-2_amd64.deb ...
Unpacking librasqal3:amd64 (0.9.33-2) ...
Selecting previously unselected package librdf0:amd64.
Preparing to unpack .../1026-librdf0_1.0.17-3_amd64.deb ...
Unpacking librdf0:amd64 (1.0.17-3) ...
Selecting previously unselected package librevenge-0.0-0:amd64.
Preparing to unpack .../1027-librevenge-0.0-0_0.0.5-3_amd64.deb ...
Unpacking librevenge-0.0-0:amd64 (0.0.5-3) ...
Selecting previously unselected package libxmlsec1:amd64.
Preparing to unpack .../1028-libxmlsec1_1.2.37-2_amd64.deb ...
Unpacking libxmlsec1:amd64 (1.2.37-2) ...
Selecting previously unselected package libxmlsec1-nss:amd64.
Preparing to unpack .../1029-libxmlsec1-nss_1.2.37-2_amd64.deb ...
Unpacking libxmlsec1-nss:amd64 (1.2.37-2) ...
Selecting previously unselected package libreoffice-core.
Preparing to unpack .../1030-libreoffice-core_4%3a7.4.7-1+deb12u10_amd64.deb ...
Unpacking libreoffice-core (4:7.4.7-1+deb12u10) ...
Selecting previously unselected package libreoffice-gnome.
Preparing to unpack .../1031-libreoffice-gnome_4%3a7.4.7-1+deb12u10_amd64.deb ...
Unpacking libreoffice-gnome (4:7.4.7-1+deb12u10) ...
Selecting previously unselected package libreoffice-base-core.
Preparing to unpack .../1032-libreoffice-base-core_4%3a7.4.7-1+deb12u10_amd64.deb ...
Unpacking libreoffice-base-core (4:7.4.7-1+deb12u10) ...
Selecting previously unselected package libabw-0.1-1:amd64.
Preparing to unpack .../1033-libabw-0.1-1_0.1.3-1_amd64.deb ...
Unpacking libabw-0.1-1:amd64 (0.1.3-1) ...
Selecting previously unselected package libe-book-0.1-1:amd64.
Preparing to unpack .../1034-libe-book-0.1-1_0.1.3-2+b2_amd64.deb ...
Unpacking libe-book-0.1-1:amd64 (0.1.3-2+b2) ...
Selecting previously unselected package libepubgen-0.1-1:amd64.
Preparing to unpack .../1035-libepubgen-0.1-1_0.1.1-1_amd64.deb ...
Unpacking libepubgen-0.1-1:amd64 (0.1.1-1) ...
Selecting previously unselected package libetonyek-0.1-1:amd64.
Preparing to unpack .../1036-libetonyek-0.1-1_0.1.10-3+b1_amd64.deb ...
Unpacking libetonyek-0.1-1:amd64 (0.1.10-3+b1) ...
Selecting previously unselected package libmwaw-0.3-3:amd64.
Preparing to unpack .../1037-libmwaw-0.3-3_0.3.21-1_amd64.deb ...
Unpacking libmwaw-0.3-3:amd64 (0.3.21-1) ...
Selecting previously unselected package libodfgen-0.1-1:amd64.
Preparing to unpack .../1038-libodfgen-0.1-1_0.1.8-2_amd64.deb ...
Unpacking libodfgen-0.1-1:amd64 (0.1.8-2) ...
Selecting previously unselected package libstaroffice-0.0-0:amd64.
Preparing to unpack .../1039-libstaroffice-0.0-0_0.0.7-1_amd64.deb ...
Unpacking libstaroffice-0.0-0:amd64 (0.0.7-1) ...
Selecting previously unselected package libwpd-0.10-10:amd64.
Preparing to unpack .../1040-libwpd-0.10-10_0.10.3-2+b1_amd64.deb ...
Unpacking libwpd-0.10-10:amd64 (0.10.3-2+b1) ...
Selecting previously unselected package libwpg-0.3-3:amd64.
Preparing to unpack .../1041-libwpg-0.3-3_0.3.3-1_amd64.deb ...
Unpacking libwpg-0.3-3:amd64 (0.3.3-1) ...
Selecting previously unselected package libwps-0.4-4:amd64.
Preparing to unpack .../1042-libwps-0.4-4_0.4.13-1_amd64.deb ...
Unpacking libwps-0.4-4:amd64 (0.4.13-1) ...
Selecting previously unselected package libreoffice-writer.
Preparing to unpack .../1043-libreoffice-writer_4%3a7.4.7-1+deb12u10_amd64.deb ...
Unpacking libreoffice-writer (4:7.4.7-1+deb12u10) ...
Selecting previously unselected package libsuitesparseconfig5:amd64.
Preparing to unpack .../1044-libsuitesparseconfig5_1%3a5.12.0+dfsg-2_amd64.deb ...
Unpacking libsuitesparseconfig5:amd64 (1:5.12.0+dfsg-2) ...
Selecting previously unselected package libcolamd2:amd64.
Preparing to unpack .../1045-libcolamd2_1%3a5.12.0+dfsg-2_amd64.deb ...
Unpacking libcolamd2:amd64 (1:5.12.0+dfsg-2) ...
Selecting previously unselected package lp-solve.
Preparing to unpack .../1046-lp-solve_5.5.2.5-2_amd64.deb ...
Unpacking lp-solve (5.5.2.5-2) ...
Selecting previously unselected package libreoffice-calc.
Preparing to unpack .../1047-libreoffice-calc_4%3a7.4.7-1+deb12u10_amd64.deb ...
Unpacking libreoffice-calc (4:7.4.7-1+deb12u10) ...
Selecting previously unselected package libcdr-0.1-1:amd64.
Preparing to unpack .../1048-libcdr-0.1-1_0.1.6-2+b2_amd64.deb ...
Unpacking libcdr-0.1-1:amd64 (0.1.6-2+b2) ...
Selecting previously unselected package libfreehand-0.1-1.
Preparing to unpack .../1049-libfreehand-0.1-1_0.1.2-3_amd64.deb ...
Unpacking libfreehand-0.1-1 (0.1.2-3) ...
Selecting previously unselected package libmspub-0.1-1:amd64.
Preparing to unpack .../1050-libmspub-0.1-1_0.1.4-3+b3_amd64.deb ...
Unpacking libmspub-0.1-1:amd64 (0.1.4-3+b3) ...
Selecting previously unselected package libpagemaker-0.0-0:amd64.
Preparing to unpack .../1051-libpagemaker-0.0-0_0.0.4-1_amd64.deb ...
Unpacking libpagemaker-0.0-0:amd64 (0.0.4-1) ...
Selecting previously unselected package libqxp-0.0-0.
Preparing to unpack .../1052-libqxp-0.0-0_0.0.2-1+b3_amd64.deb ...
Unpacking libqxp-0.0-0 (0.0.2-1+b3) ...
Selecting previously unselected package libvisio-0.1-1:amd64.
Preparing to unpack .../1053-libvisio-0.1-1_0.1.7-1+b3_amd64.deb ...
Unpacking libvisio-0.1-1:amd64 (0.1.7-1+b3) ...
Selecting previously unselected package libzmf-0.0-0:amd64.
Preparing to unpack .../1054-libzmf-0.0-0_0.0.2-1+b5_amd64.deb ...
Unpacking libzmf-0.0-0:amd64 (0.0.2-1+b5) ...
Selecting previously unselected package libreoffice-draw.
Preparing to unpack .../1055-libreoffice-draw_4%3a7.4.7-1+deb12u10_amd64.deb ...
Unpacking libreoffice-draw (4:7.4.7-1+deb12u10) ...
Selecting previously unselected package libbox2d2:amd64.
Preparing to unpack .../1056-libbox2d2_2.4.1-3_amd64.deb ...
Unpacking libbox2d2:amd64 (2.4.1-3) ...
Selecting previously unselected package libreoffice-impress.
Preparing to unpack .../1057-libreoffice-impress_4%3a7.4.7-1+deb12u10_amd64.deb ...
Unpacking libreoffice-impress (4:7.4.7-1+deb12u10) ...
Selecting previously unselected package rhythmbox-data.
Preparing to unpack .../1058-rhythmbox-data_3.4.6-2_all.deb ...
Unpacking rhythmbox-data (3.4.6-2) ...
Selecting previously unselected package media-player-info.
Preparing to unpack .../1059-media-player-info_24-2_all.deb ...
Unpacking media-player-info (24-2) ...
Selecting previously unselected package rhythmbox.
Preparing to unpack .../1060-rhythmbox_3.4.6-2+b1_amd64.deb ...
Unpacking rhythmbox (3.4.6-2+b1) ...
Selecting previously unselected package seahorse.
Preparing to unpack .../1061-seahorse_43.0-1_amd64.deb ...
Unpacking seahorse (43.0-1) ...
Selecting previously unselected package xdg-user-dirs.
Preparing to unpack .../1062-xdg-user-dirs_0.18-1_amd64.deb ...
Unpacking xdg-user-dirs (0.18-1) ...
Selecting previously unselected package xdg-user-dirs-gtk.
Preparing to unpack .../1063-xdg-user-dirs-gtk_0.11-1_amd64.deb ...
Unpacking xdg-user-dirs-gtk (0.11-1) ...
Selecting previously unselected package librabbitmq4:amd64.
Preparing to unpack .../1064-librabbitmq4_0.11.0-1+deb12u1_amd64.deb ...
Unpacking librabbitmq4:amd64 (0.11.0-1+deb12u1) ...
Selecting previously unselected package libcjson1:amd64.
Preparing to unpack .../1065-libcjson1_1.7.15-1+deb12u4_amd64.deb ...
Unpacking libcjson1:amd64 (1.7.15-1+deb12u4) ...
Selecting previously unselected package libmbedcrypto7:amd64.
Preparing to unpack .../1066-libmbedcrypto7_2.28.3-1_amd64.deb ...
Unpacking libmbedcrypto7:amd64 (2.28.3-1) ...
Selecting previously unselected package librist4:amd64.
Preparing to unpack .../1067-librist4_0.2.7+dfsg-1_amd64.deb ...
Unpacking librist4:amd64 (0.2.7+dfsg-1) ...
Selecting previously unselected package libssh-gcrypt-4:amd64.
Preparing to unpack .../1068-libssh-gcrypt-4_0.10.6-0+deb12u2_amd64.deb ...
Unpacking libssh-gcrypt-4:amd64 (0.10.6-0+deb12u2) ...
Selecting previously unselected package libnorm1:amd64.
Preparing to unpack .../1069-libnorm1_1.5.9+dfsg-2_amd64.deb ...
Unpacking libnorm1:amd64 (1.5.9+dfsg-2) ...
Selecting previously unselected package libpgm-5.3-0:amd64.
Preparing to unpack .../1070-libpgm-5.3-0_5.3.128~dfsg-2_amd64.deb ...
Unpacking libpgm-5.3-0:amd64 (5.3.128~dfsg-2) ...
Selecting previously unselected package libsodium23:amd64.
Preparing to unpack .../1071-libsodium23_1.0.18-1+deb12u1_amd64.deb ...
Unpacking libsodium23:amd64 (1.0.18-1+deb12u1) ...
Selecting previously unselected package libzmq5:amd64.
Preparing to unpack .../1072-libzmq5_4.3.4-6_amd64.deb ...
Unpacking libzmq5:amd64 (4.3.4-6) ...
Selecting previously unselected package libavformat59:amd64.
Preparing to unpack .../1073-libavformat59_7%3a5.1.8-0+deb12u1_amd64.deb ...
Unpacking libavformat59:amd64 (7:5.1.8-0+deb12u1) ...
Selecting previously unselected package libmysofa1:amd64.
Preparing to unpack .../1074-libmysofa1_1.3.1~dfsg0-1_amd64.deb ...
Unpacking libmysofa1:amd64 (1.3.1~dfsg0-1) ...
Selecting previously unselected package libplacebo208:amd64.
Preparing to unpack .../1075-libplacebo208_4.208.0-3_amd64.deb ...
Unpacking libplacebo208:amd64 (4.208.0-3) ...
Selecting previously unselected package libsphinxbase3:amd64.
Preparing to unpack .../1076-libsphinxbase3_0.8+5prealpha+1-16_amd64.deb ...
Unpacking libsphinxbase3:amd64 (0.8+5prealpha+1-16) ...
Selecting previously unselected package libpocketsphinx3:amd64.
Preparing to unpack .../1077-libpocketsphinx3_0.8+5prealpha+1-15_amd64.deb ...
Unpacking libpocketsphinx3:amd64 (0.8+5prealpha+1-15) ...
Selecting previously unselected package libpostproc56:amd64.
Preparing to unpack .../1078-libpostproc56_7%3a5.1.8-0+deb12u1_amd64.deb ...
Unpacking libpostproc56:amd64 (7:5.1.8-0+deb12u1) ...
Selecting previously unselected package librubberband2:amd64.
Preparing to unpack .../1079-librubberband2_3.1.2+dfsg0-1_amd64.deb ...
Unpacking librubberband2:amd64 (3.1.2+dfsg0-1) ...
Selecting previously unselected package libswscale6:amd64.
Preparing to unpack .../1080-libswscale6_7%3a5.1.8-0+deb12u1_amd64.deb ...
Unpacking libswscale6:amd64 (7:5.1.8-0+deb12u1) ...
Selecting previously unselected package libvidstab1.1:amd64.
Preparing to unpack .../1081-libvidstab1.1_1.1.0-2+b1_amd64.deb ...
Unpacking libvidstab1.1:amd64 (1.1.0-2+b1) ...
Selecting previously unselected package libzimg2:amd64.
Preparing to unpack .../1082-libzimg2_3.0.4+ds1-1_amd64.deb ...
Unpacking libzimg2:amd64 (3.0.4+ds1-1) ...
Selecting previously unselected package libavfilter8:amd64.
Preparing to unpack .../1083-libavfilter8_7%3a5.1.8-0+deb12u1_amd64.deb ...
Unpacking libavfilter8:amd64 (7:5.1.8-0+deb12u1) ...
Selecting previously unselected package gstreamer1.0-libav:amd64.
Preparing to unpack .../1084-gstreamer1.0-libav_1.22.0-2_amd64.deb ...
Unpacking gstreamer1.0-libav:amd64 (1.22.0-2) ...
Selecting previously unselected package liba52-0.7.4:amd64.
Preparing to unpack .../1085-liba52-0.7.4_0.7.4-20_amd64.deb ...
Unpacking liba52-0.7.4:amd64 (0.7.4-20) ...
Selecting previously unselected package libmpeg2-4:amd64.
Preparing to unpack .../1086-libmpeg2-4_0.5.1-9_amd64.deb ...
Unpacking libmpeg2-4:amd64 (0.5.1-9) ...
Selecting previously unselected package libopencore-amrnb0:amd64.
Preparing to unpack .../1087-libopencore-amrnb0_0.1.6-1_amd64.deb ...
Unpacking libopencore-amrnb0:amd64 (0.1.6-1) ...
Selecting previously unselected package libopencore-amrwb0:amd64.
Preparing to unpack .../1088-libopencore-amrwb0_0.1.6-1_amd64.deb ...
Unpacking libopencore-amrwb0:amd64 (0.1.6-1) ...
Selecting previously unselected package libsidplay1v5:amd64.
Preparing to unpack .../1089-libsidplay1v5_1.36.60-1_amd64.deb ...
Unpacking libsidplay1v5:amd64 (1.36.60-1) ...
Selecting previously unselected package gstreamer1.0-plugins-ugly:amd64.
Preparing to unpack .../1090-gstreamer1.0-plugins-ugly_1.22.0-2+deb12u1_amd64.deb ...
Unpacking gstreamer1.0-plugins-ugly:amd64 (1.22.0-2+deb12u1) ...
Selecting previously unselected package libgpod4:amd64.
Preparing to unpack .../1091-libgpod4_0.8.3-17+b1_amd64.deb ...
Unpacking libgpod4:amd64 (0.8.3-17+b1) ...
Selecting previously unselected package liblirc-client0:amd64.
Preparing to unpack .../1092-liblirc-client0_0.10.1-7.2_amd64.deb ...
Unpacking liblirc-client0:amd64 (0.10.1-7.2) ...
Selecting previously unselected package python3-markupsafe.
Preparing to unpack .../1093-python3-markupsafe_2.1.2-1+b1_amd64.deb ...
Unpacking python3-markupsafe (2.1.2-1+b1) ...
Selecting previously unselected package python3-mako.
Preparing to unpack .../1094-python3-mako_1.2.4+ds-1_all.deb ...
Unpacking python3-mako (1.2.4+ds-1) ...
Selecting previously unselected package rhythmbox-plugins.
Preparing to unpack .../1095-rhythmbox-plugins_3.4.6-2+b1_amd64.deb ...
Unpacking rhythmbox-plugins (3.4.6-2+b1) ...
Selecting previously unselected package libburn4:amd64.
Preparing to unpack .../1096-libburn4_1.5.4-1_amd64.deb ...
Unpacking libburn4:amd64 (1.5.4-1) ...
Selecting previously unselected package libjte2:amd64.
Preparing to unpack .../1097-libjte2_1.22-3_amd64.deb ...
Unpacking libjte2:amd64 (1.22-3) ...
Selecting previously unselected package libisofs6:amd64.
Preparing to unpack .../1098-libisofs6_1.5.4-1_amd64.deb ...
Unpacking libisofs6:amd64 (1.5.4-1) ...
Selecting previously unselected package libbrasero-media3-1:amd64.
Preparing to unpack .../1099-libbrasero-media3-1_3.12.3-2_amd64.deb ...
Unpacking libbrasero-media3-1:amd64 (3.12.3-2) ...
Selecting previously unselected package rhythmbox-plugin-cdrecorder.
Preparing to unpack .../1100-rhythmbox-plugin-cdrecorder_3.4.6-2+b1_amd64.deb ...
Unpacking rhythmbox-plugin-cdrecorder (3.4.6-2+b1) ...
Selecting previously unselected package libportal-gtk3-1:amd64.
Preparing to unpack .../1101-libportal-gtk3-1_0.6-4_amd64.deb ...
Unpacking libportal-gtk3-1:amd64 (0.6-4) ...
Selecting previously unselected package totem-plugins.
Preparing to unpack .../1102-totem-plugins_43.0-2_amd64.deb ...
Unpacking totem-plugins (43.0-2) ...
Selecting previously unselected package gnome.
Preparing to unpack .../1103-gnome_1%3a43+1_amd64.deb ...
Unpacking gnome (1:43+1) ...
Selecting previously unselected package gnome-2048.
Preparing to unpack .../1104-gnome-2048_3.38.2-3_amd64.deb ...
Unpacking gnome-2048 (3.38.2-3) ...
Selecting previously unselected package gnome-accessibility-themes.
Preparing to unpack .../1105-gnome-accessibility-themes_3.28-2_all.deb ...
Unpacking gnome-accessibility-themes (3.28-2) ...
Selecting previously unselected package hoichess.
Preparing to unpack .../1106-hoichess_0.22.0-3_amd64.deb ...
Unpacking hoichess (0.22.0-3) ...
Selecting previously unselected package gnome-chess.
Preparing to unpack .../1107-gnome-chess_1%3a43.1-1_amd64.deb ...
Unpacking gnome-chess (1:43.1-1) ...
Selecting previously unselected package gnome-klotski.
Preparing to unpack .../1108-gnome-klotski_1%3a3.38.2-1_amd64.deb ...
Unpacking gnome-klotski (1:3.38.2-1) ...
Selecting previously unselected package gnome-mahjongg.
Preparing to unpack .../1109-gnome-mahjongg_1%3a3.38.3-2_amd64.deb ...
Unpacking gnome-mahjongg (1:3.38.3-2) ...
Selecting previously unselected package gnome-mines.
Preparing to unpack .../1110-gnome-mines_1%3a40.1-1_amd64.deb ...
Unpacking gnome-mines (1:40.1-1) ...
Selecting previously unselected package gnome-nibbles.
Preparing to unpack .../1111-gnome-nibbles_1%3a3.38.2-2+b1_amd64.deb ...
Unpacking gnome-nibbles (1:3.38.2-2+b1) ...
Selecting previously unselected package gnome-robots.
Preparing to unpack .../1112-gnome-robots_1%3a40.0-2_amd64.deb ...
Unpacking gnome-robots (1:40.0-2) ...
Selecting previously unselected package libqqwing2v5:amd64.
Preparing to unpack .../1113-libqqwing2v5_1.3.4-1.1+b1_amd64.deb ...
Unpacking libqqwing2v5:amd64 (1.3.4-1.1+b1) ...
Selecting previously unselected package gnome-sudoku.
Preparing to unpack .../1114-gnome-sudoku_1%3a43.1-1_amd64.deb ...
Unpacking gnome-sudoku (1:43.1-1) ...
Selecting previously unselected package gnome-taquin.
Preparing to unpack .../1115-gnome-taquin_3.38.1-2+b1_amd64.deb ...
Unpacking gnome-taquin (3.38.1-2+b1) ...
Selecting previously unselected package gnome-tetravex.
Preparing to unpack .../1116-gnome-tetravex_1%3a3.38.2-3_amd64.deb ...
Unpacking gnome-tetravex (1:3.38.2-3) ...
Selecting previously unselected package hitori.
Preparing to unpack .../1117-hitori_3.38.4-2_amd64.deb ...
Unpacking hitori (3.38.4-2) ...
Selecting previously unselected package iagno.
Preparing to unpack .../1118-iagno_1%3a3.38.1-2_amd64.deb ...
Unpacking iagno (1:3.38.1-2) ...
Selecting previously unselected package lightsoff.
Preparing to unpack .../1119-lightsoff_1%3a40.0.1-1_amd64.deb ...
Unpacking lightsoff (1:40.0.1-1) ...
Selecting previously unselected package quadrapassel.
Preparing to unpack .../1120-quadrapassel_1%3a40.2-1_amd64.deb ...
Unpacking quadrapassel (1:40.2-1) ...
Selecting previously unselected package swell-foop.
Preparing to unpack .../1121-swell-foop_1%3a41.1-1_amd64.deb ...
Unpacking swell-foop (1:41.1-1) ...
Selecting previously unselected package tali.
Preparing to unpack .../1122-tali_1%3a40.9-1_amd64.deb ...
Unpacking tali (1:40.9-1) ...
Selecting previously unselected package gnome-games.
Preparing to unpack .../1123-gnome-games_1%3a43+1_all.deb ...
Unpacking gnome-games (1:43+1) ...
Selecting previously unselected package gnome-icon-theme.
Preparing to unpack .../1124-gnome-icon-theme_3.12.0-5_all.deb ...
Unpacking gnome-icon-theme (3.12.0-5) ...
Selecting previously unselected package libostree-1-1:amd64.
Preparing to unpack .../1125-libostree-1-1_2022.7-2+deb12u1_amd64.deb ...
Unpacking libostree-1-1:amd64 (2022.7-2+deb12u1) ...
Selecting previously unselected package libflatpak0:amd64.
Preparing to unpack .../1126-libflatpak0_1.14.10-1~deb12u1_amd64.deb ...
Unpacking libflatpak0:amd64 (1.14.10-1~deb12u1) ...
Selecting previously unselected package libmalcontent-ui-1-1:amd64.
Preparing to unpack .../1127-libmalcontent-ui-1-1_0.11.0-4_amd64.deb ...
Unpacking libmalcontent-ui-1-1:amd64 (0.11.0-4) ...
Selecting previously unselected package pkexec.
Preparing to unpack .../1128-pkexec_122-3_amd64.deb ...
Unpacking pkexec (122-3) ...
Selecting previously unselected package gnome-initial-setup.
Preparing to unpack .../1129-gnome-initial-setup_43.2-6_amd64.deb ...
Unpacking gnome-initial-setup (43.2-6) ...
Selecting previously unselected package gnome-keyring-pkcs11:amd64.
Preparing to unpack .../1130-gnome-keyring-pkcs11_42.1-1+b2_amd64.deb ...
Unpacking gnome-keyring-pkcs11:amd64 (42.1-1+b2) ...
Selecting previously unselected package libwinpr2-2:amd64.
Preparing to unpack .../1131-libwinpr2-2_2.11.7+dfsg1-6~deb12u1_amd64.deb ...
Unpacking libwinpr2-2:amd64 (2.11.7+dfsg1-6~deb12u1) ...
Selecting previously unselected package libfreerdp2-2:amd64.
Preparing to unpack .../1132-libfreerdp2-2_2.11.7+dfsg1-6~deb12u1_amd64.deb ...
Unpacking libfreerdp2-2:amd64 (2.11.7+dfsg1-6~deb12u1) ...
Selecting previously unselected package libfreerdp-server2-2:amd64.
Preparing to unpack .../1133-libfreerdp-server2-2_2.11.7+dfsg1-6~deb12u1_amd64.deb ...
Unpacking libfreerdp-server2-2:amd64 (2.11.7+dfsg1-6~deb12u1) ...
Selecting previously unselected package libtss2-rc0:amd64.
Preparing to unpack .../1134-libtss2-rc0_3.2.1-3_amd64.deb ...
Unpacking libtss2-rc0:amd64 (3.2.1-3) ...
Selecting previously unselected package libtss2-tctildr0:amd64.
Preparing to unpack .../1135-libtss2-tctildr0_3.2.1-3_amd64.deb ...
Unpacking libtss2-tctildr0:amd64 (3.2.1-3) ...
Selecting previously unselected package gnome-remote-desktop.
Preparing to unpack .../1136-gnome-remote-desktop_43.3-1_amd64.deb ...
Unpacking gnome-remote-desktop (43.3-1) ...
Selecting previously unselected package gnome-shell-extension-appindicator.
Preparing to unpack .../1137-gnome-shell-extension-appindicator_46-1_all.deb ...
Unpacking gnome-shell-extension-appindicator (46-1) ...
Selecting previously unselected package gnome-shell-extension-dashtodock.
Preparing to unpack .../1138-gnome-shell-extension-dashtodock_75-1_all.deb ...
Unpacking gnome-shell-extension-dashtodock (75-1) ...
Selecting previously unselected package gnome-shell-extension-prefs.
Preparing to unpack .../1139-gnome-shell-extension-prefs_43.9-0+deb12u2_amd64.deb ...
Unpacking gnome-shell-extension-prefs (43.9-0+deb12u2) ...
Selecting previously unselected package grub2-common.
Preparing to unpack .../1140-grub2-common_2.06-13+deb12u1_amd64.deb ...
Unpacking grub2-common (2.06-13+deb12u1) ...
Selecting previously unselected package grub-efi-amd64-bin.
Preparing to unpack .../1141-grub-efi-amd64-bin_2.06-13+deb12u1_amd64.deb ...
Unpacking grub-efi-amd64-bin (2.06-13+deb12u1) ...
Selecting previously unselected package grub-efi-amd64.
Preparing to unpack .../1142-grub-efi-amd64_2.06-13+deb12u1_amd64.deb ...
Unpacking grub-efi-amd64 (2.06-13+deb12u1) ...
Selecting previously unselected package grub-efi-amd64-signed.
Preparing to unpack .../1143-grub-efi-amd64-signed_1+2.06+13+deb12u1_amd64.deb ...
Unpacking grub-efi-amd64-signed (1+2.06+13+deb12u1) ...
Selecting previously unselected package gsfonts.
Preparing to unpack .../1144-gsfonts_2%3a20200910-7_all.deb ...
Unpacking gsfonts (2:20200910-7) ...
Selecting previously unselected package hyphen-en-us.
Preparing to unpack .../1145-hyphen-en-us_2.8.8-7_all.deb ...
Unpacking hyphen-en-us (2.8.8-7) ...
Selecting previously unselected package i965-va-driver:amd64.
Preparing to unpack .../1146-i965-va-driver_2.4.1+dfsg1-1_amd64.deb ...
Unpacking i965-va-driver:amd64 (2.4.1+dfsg1-1) ...
Selecting previously unselected package ibus-data.
Preparing to unpack .../1147-ibus-data_1.5.27-5_all.deb ...
Unpacking ibus-data (1.5.27-5) ...
Selecting previously unselected package python3-ibus-1.0.
Preparing to unpack .../1148-python3-ibus-1.0_1.5.27-5_all.deb ...
Unpacking python3-ibus-1.0 (1.5.27-5) ...
Selecting previously unselected package ibus.
Preparing to unpack .../1149-ibus_1.5.27-5_amd64.deb ...
Unpacking ibus (1.5.27-5) ...
Selecting previously unselected package libgtk2.0-common.
Preparing to unpack .../1150-libgtk2.0-common_2.24.33-2+deb12u1_all.deb ...
Unpacking libgtk2.0-common (2.24.33-2+deb12u1) ...
Selecting previously unselected package libgtk2.0-0:amd64.
Preparing to unpack .../1151-libgtk2.0-0_2.24.33-2+deb12u1_amd64.deb ...
Unpacking libgtk2.0-0:amd64 (2.24.33-2+deb12u1) ...
Selecting previously unselected package ibus-gtk:amd64.
Preparing to unpack .../1152-ibus-gtk_1.5.27-5_amd64.deb ...
Unpacking ibus-gtk:amd64 (1.5.27-5) ...
Selecting previously unselected package ibus-gtk3:amd64.
Preparing to unpack .../1153-ibus-gtk3_1.5.27-5_amd64.deb ...
Unpacking ibus-gtk3:amd64 (1.5.27-5) ...
Selecting previously unselected package ibus-gtk4:amd64.
Preparing to unpack .../1154-ibus-gtk4_1.5.27-5_amd64.deb ...
Unpacking ibus-gtk4:amd64 (1.5.27-5) ...
Selecting previously unselected package iio-sensor-proxy.
Preparing to unpack .../1155-iio-sensor-proxy_3.0-2_amd64.deb ...
Unpacking iio-sensor-proxy (3.0-2) ...
Selecting previously unselected package im-config.
Preparing to unpack .../1156-im-config_0.55-2_all.deb ...
Unpacking im-config (0.55-2) ...
Selecting previously unselected package libigdgmm12:amd64.
Preparing to unpack .../1157-libigdgmm12_22.3.3+ds1-1_amd64.deb ...
Unpacking libigdgmm12:amd64 (22.3.3+ds1-1) ...
Selecting previously unselected package intel-media-va-driver:amd64.
Preparing to unpack .../1158-intel-media-va-driver_23.1.1+dfsg1-1_amd64.deb ...
Unpacking intel-media-va-driver:amd64 (23.1.1+dfsg1-1) ...
Selecting previously unselected package inxi.
Preparing to unpack .../1159-inxi_3.3.26-1-1_all.deb ...
Unpacking inxi (3.3.26-1-1) ...
Selecting previously unselected package ipp-usb.
Preparing to unpack .../1160-ipp-usb_0.9.23-1+b4_amd64.deb ...
Unpacking ipp-usb (0.9.23-1+b4) ...
Selecting previously unselected package libnl-3-200:amd64.
Preparing to unpack .../1161-libnl-3-200_3.7.0-0.2+b1_amd64.deb ...
Unpacking libnl-3-200:amd64 (3.7.0-0.2+b1) ...
Selecting previously unselected package libnl-genl-3-200:amd64.
Preparing to unpack .../1162-libnl-genl-3-200_3.7.0-0.2+b1_amd64.deb ...
Unpacking libnl-genl-3-200:amd64 (3.7.0-0.2+b1) ...
Selecting previously unselected package iw.
Preparing to unpack .../1163-iw_5.19-1_amd64.deb ...
Unpacking iw (5.19-1) ...
Selecting previously unselected package javascript-common.
Preparing to unpack .../1164-javascript-common_11+nmu1_all.deb ...
Unpacking javascript-common (11+nmu1) ...
Selecting previously unselected package libonig5:amd64.
Preparing to unpack .../1165-libonig5_6.9.8-1_amd64.deb ...
Unpacking libonig5:amd64 (6.9.8-1) ...
Selecting previously unselected package libjq1:amd64.
Preparing to unpack .../1166-libjq1_1.6-2.1+deb12u1_amd64.deb ...
Unpacking libjq1:amd64 (1.6-2.1+deb12u1) ...
Selecting previously unselected package jq.
Preparing to unpack .../1167-jq_1.6-2.1+deb12u1_amd64.deb ...
Unpacking jq (1.6-2.1+deb12u1) ...
Selecting previously unselected package libkf5activities5:amd64.
Preparing to unpack .../1168-libkf5activities5_5.103.0-1_amd64.deb ...
Unpacking libkf5activities5:amd64 (5.103.0-1) ...
Selecting previously unselected package kactivities-bin.
Preparing to unpack .../1169-kactivities-bin_5.103.0-1_amd64.deb ...
Unpacking kactivities-bin (5.103.0-1) ...
Selecting previously unselected package libqt5sql5:amd64.
Preparing to unpack .../1170-libqt5sql5_5.15.8+dfsg-11+deb12u3_amd64.deb ...
Unpacking libqt5sql5:amd64 (5.15.8+dfsg-11+deb12u3) ...
Selecting previously unselected package libqt5sql5-sqlite:amd64.
Preparing to unpack .../1171-libqt5sql5-sqlite_5.15.8+dfsg-11+deb12u3_amd64.deb ...
Unpacking libqt5sql5-sqlite:amd64 (5.15.8+dfsg-11+deb12u3) ...
Selecting previously unselected package kactivitymanagerd.
Preparing to unpack .../1172-kactivitymanagerd_5.27.5-2_amd64.deb ...
Unpacking kactivitymanagerd (5.27.5-2) ...
Selecting previously unselected package libkf5declarative-data.
Preparing to unpack .../1173-libkf5declarative-data_5.103.0-1_all.deb ...
Unpacking libkf5declarative-data (5.103.0-1) ...
Selecting previously unselected package libkf5declarative5:amd64.
Preparing to unpack .../1174-libkf5declarative5_5.103.0-1_amd64.deb ...
Unpacking libkf5declarative5:amd64 (5.103.0-1) ...
Selecting previously unselected package kpackagelauncherqml.
Preparing to unpack .../1175-kpackagelauncherqml_5.103.0-1_amd64.deb ...
Unpacking kpackagelauncherqml (5.103.0-1) ...
Selecting previously unselected package kwayland-data.
Preparing to unpack .../1176-kwayland-data_4%3a5.103.0-1_all.deb ...
Unpacking kwayland-data (4:5.103.0-1) ...
Selecting previously unselected package libkf5waylandclient5:amd64.
Preparing to unpack .../1177-libkf5waylandclient5_4%3a5.103.0-1_amd64.deb ...
Unpacking libkf5waylandclient5:amd64 (4:5.103.0-1) ...
Selecting previously unselected package kwayland-integration:amd64.
Preparing to unpack .../1178-kwayland-integration_5.27.5-2_amd64.deb ...
Unpacking kwayland-integration:amd64 (5.27.5-2) ...
Selecting previously unselected package laptop-detect.
Preparing to unpack .../1179-laptop-detect_0.16_all.deb ...
Unpacking laptop-detect (0.16) ...
Selecting previously unselected package libaacs0:amd64.
Preparing to unpack .../1180-libaacs0_0.11.1-2_amd64.deb ...
Unpacking libaacs0:amd64 (0.11.1-2) ...
Selecting previously unselected package libatm1:amd64.
Preparing to unpack .../1181-libatm1_1%3a2.5.1-4+b2_amd64.deb ...
Unpacking libatm1:amd64 (1:2.5.1-4+b2) ...
Selecting previously unselected package libauthen-sasl-perl.
Preparing to unpack .../1182-libauthen-sasl-perl_2.1600-3_all.deb ...
Unpacking libauthen-sasl-perl (2.1600-3) ...
Selecting previously unselected package libbdplus0:amd64.
Preparing to unpack .../1183-libbdplus0_0.2.0-3_amd64.deb ...
Unpacking libbdplus0:amd64 (0.2.0-3) ...
Selecting previously unselected package libvolume-key1:amd64.
Preparing to unpack .../1184-libvolume-key1_0.3.12-5+b1_amd64.deb ...
Unpacking libvolume-key1:amd64 (0.3.12-5+b1) ...
Selecting previously unselected package libblockdev-crypto2:amd64.
Preparing to unpack .../1185-libblockdev-crypto2_2.28-2+deb12u1_amd64.deb ...
Unpacking libblockdev-crypto2:amd64 (2.28-2+deb12u1) ...
Selecting previously unselected package libcanberra-gtk3-module:amd64.
Preparing to unpack .../1186-libcanberra-gtk3-module_0.30-10_amd64.deb ...
Unpacking libcanberra-gtk3-module:amd64 (0.30-10) ...
Selecting previously unselected package libclone-perl:amd64.
Preparing to unpack .../1187-libclone-perl_0.46-1_amd64.deb ...
Unpacking libclone-perl:amd64 (0.46-1) ...
Selecting previously unselected package libclutter-1.0-common.
Preparing to unpack .../1188-libclutter-1.0-common_1.26.4+dfsg-4_all.deb ...
Unpacking libclutter-1.0-common (1.26.4+dfsg-4) ...
Selecting previously unselected package libcogl-common.
Preparing to unpack .../1189-libcogl-common_1.22.8-3_all.deb ...
Unpacking libcogl-common (1.22.8-3) ...
Selecting previously unselected package libdata-dump-perl.
Preparing to unpack .../1190-libdata-dump-perl_1.25-1_all.deb ...
Unpacking libdata-dump-perl (1.25-1) ...
Selecting previously unselected package libdecor-0-plugin-1-cairo:amd64.
Preparing to unpack .../1191-libdecor-0-plugin-1-cairo_0.1.1-2_amd64.deb ...
Unpacking libdecor-0-plugin-1-cairo:amd64 (0.1.1-2) ...
Selecting previously unselected package libencode-locale-perl.
Preparing to unpack .../1192-libencode-locale-perl_1.05-3_all.deb ...
Unpacking libencode-locale-perl (1.05-3) ...
Selecting previously unselected package libept1.6.0:amd64.
Preparing to unpack .../1193-libept1.6.0_1.2.1_amd64.deb ...
Unpacking libept1.6.0:amd64 (1.2.1) ...
Selecting previously unselected package libpcaudio0:amd64.
Preparing to unpack .../1194-libpcaudio0_1.2-2_amd64.deb ...
Unpacking libpcaudio0:amd64 (1.2-2) ...
Selecting previously unselected package libsonic0:amd64.
Preparing to unpack .../1195-libsonic0_0.2.0-12_amd64.deb ...
Unpacking libsonic0:amd64 (0.2.0-12) ...
Selecting previously unselected package libespeak-ng1:amd64.
Preparing to unpack .../1196-libespeak-ng1_1.51+dfsg-10+deb12u2_amd64.deb ...
Unpacking libespeak-ng1:amd64 (1.51+dfsg-10+deb12u2) ...
Selecting previously unselected package libipc-system-simple-perl.
Preparing to unpack .../1197-libipc-system-simple-perl_1.30-2_all.deb ...
Unpacking libipc-system-simple-perl (1.30-2) ...
Selecting previously unselected package libfile-basedir-perl.
Preparing to unpack .../1198-libfile-basedir-perl_0.09-2_all.deb ...
Unpacking libfile-basedir-perl (0.09-2) ...
Selecting previously unselected package libregexp-ipv6-perl.
Preparing to unpack .../1199-libregexp-ipv6-perl_0.03-3_all.deb ...
Unpacking libregexp-ipv6-perl (0.03-3) ...
Selecting previously unselected package liburi-perl.
Preparing to unpack .../1200-liburi-perl_5.17-1_all.deb ...
Unpacking liburi-perl (5.17-1) ...
Selecting previously unselected package libfile-desktopentry-perl.
Preparing to unpack .../1201-libfile-desktopentry-perl_0.22-3_all.deb ...
Unpacking libfile-desktopentry-perl (0.22-3) ...
Selecting previously unselected package libtimedate-perl.
Preparing to unpack .../1202-libtimedate-perl_2.3300-2_all.deb ...
Unpacking libtimedate-perl (2.3300-2) ...
Selecting previously unselected package libhttp-date-perl.
Preparing to unpack .../1203-libhttp-date-perl_6.05-2_all.deb ...
Unpacking libhttp-date-perl (6.05-2) ...
Selecting previously unselected package libfile-listing-perl.
Preparing to unpack .../1204-libfile-listing-perl_6.15-1_all.deb ...
Unpacking libfile-listing-perl (6.15-1) ...
Selecting previously unselected package libfile-mimeinfo-perl.
Preparing to unpack .../1205-libfile-mimeinfo-perl_0.33-1_all.deb ...
Unpacking libfile-mimeinfo-perl (0.33-1) ...
Selecting previously unselected package libfont-afm-perl.
Preparing to unpack .../1206-libfont-afm-perl_1.20-4_all.deb ...
Unpacking libfont-afm-perl (1.20-4) ...
Selecting previously unselected package libgail18:amd64.
Preparing to unpack .../1207-libgail18_2.24.33-2+deb12u1_amd64.deb ...
Unpacking libgail18:amd64 (2.24.33-2+deb12u1) ...
Selecting previously unselected package libgail-common:amd64.
Preparing to unpack .../1208-libgail-common_2.24.33-2+deb12u1_amd64.deb ...
Unpacking libgail-common:amd64 (2.24.33-2+deb12u1) ...
Selecting previously unselected package libgdk-pixbuf2.0-bin.
Preparing to unpack .../1209-libgdk-pixbuf2.0-bin_2.42.10+dfsg-1+deb12u3_amd64.deb ...
Unpacking libgdk-pixbuf2.0-bin (2.42.10+dfsg-1+deb12u3) ...
Selecting previously unselected package libopengl0:amd64.
Preparing to unpack .../1210-libopengl0_1.6.0-1_amd64.deb ...
Unpacking libopengl0:amd64 (1.6.0-1) ...
Selecting previously unselected package libglu1-mesa:amd64.
Preparing to unpack .../1211-libglu1-mesa_9.0.2-1.1_amd64.deb ...
Unpacking libglu1-mesa:amd64 (9.0.2-1.1) ...
Selecting previously unselected package libgphoto2-l10n.
Preparing to unpack .../1212-libgphoto2-l10n_2.5.30-1_all.deb ...
Unpacking libgphoto2-l10n (2.5.30-1) ...
Selecting previously unselected package libsgutils2-1.46-2:amd64.
Preparing to unpack .../1213-libsgutils2-1.46-2_1.46-3_amd64.deb ...
Unpacking libsgutils2-1.46-2:amd64 (1.46-3) ...
Selecting previously unselected package libgpod-common.
Preparing to unpack .../1214-libgpod-common_0.8.3-17+b1_amd64.deb ...
Unpacking libgpod-common (0.8.3-17+b1) ...
Selecting previously unselected package libgtk-3-bin.
Preparing to unpack .../1215-libgtk-3-bin_3.24.38-2~deb12u3_amd64.deb ...
Unpacking libgtk-3-bin (3.24.38-2~deb12u3) ...
Selecting previously unselected package libgtk-4-bin.
Preparing to unpack .../1216-libgtk-4-bin_4.8.3+ds-2+deb12u1_amd64.deb ...
Unpacking libgtk-4-bin (4.8.3+ds-2+deb12u1) ...
Selecting previously unselected package libgtk2.0-bin.
Preparing to unpack .../1217-libgtk2.0-bin_2.24.33-2+deb12u1_amd64.deb ...
Unpacking libgtk2.0-bin (2.24.33-2+deb12u1) ...
Selecting previously unselected package libhfstospell11:amd64.
Preparing to unpack .../1218-libhfstospell11_0.5.3-1+b2_amd64.deb ...
Unpacking libhfstospell11:amd64 (0.5.3-1+b2) ...
Selecting previously unselected package libhtml-tagset-perl.
Preparing to unpack .../1219-libhtml-tagset-perl_3.20-6_all.deb ...
Unpacking libhtml-tagset-perl (3.20-6) ...
Selecting previously unselected package libhtml-parser-perl:amd64.
Preparing to unpack .../1220-libhtml-parser-perl_3.81-1_amd64.deb ...
Unpacking libhtml-parser-perl:amd64 (3.81-1) ...
Selecting previously unselected package libio-html-perl.
Preparing to unpack .../1221-libio-html-perl_1.004-3_all.deb ...
Unpacking libio-html-perl (1.004-3) ...
Selecting previously unselected package liblwp-mediatypes-perl.
Preparing to unpack .../1222-liblwp-mediatypes-perl_6.04-2_all.deb ...
Unpacking liblwp-mediatypes-perl (6.04-2) ...
Selecting previously unselected package libhttp-message-perl.
Preparing to unpack .../1223-libhttp-message-perl_6.44-1_all.deb ...
Unpacking libhttp-message-perl (6.44-1) ...
Selecting previously unselected package libhtml-form-perl.
Preparing to unpack .../1224-libhtml-form-perl_6.11-1_all.deb ...
Unpacking libhtml-form-perl (6.11-1) ...
Selecting previously unselected package libhtml-tree-perl.
Preparing to unpack .../1225-libhtml-tree-perl_5.07-3_all.deb ...
Unpacking libhtml-tree-perl (5.07-3) ...
Selecting previously unselected package libhtml-format-perl.
Preparing to unpack .../1226-libhtml-format-perl_2.16-2_all.deb ...
Unpacking libhtml-format-perl (2.16-2) ...
Selecting previously unselected package libhttp-cookies-perl.
Preparing to unpack .../1227-libhttp-cookies-perl_6.10-1_all.deb ...
Unpacking libhttp-cookies-perl (6.10-1) ...
Selecting previously unselected package libhttp-daemon-perl.
Preparing to unpack .../1228-libhttp-daemon-perl_6.16-1_all.deb ...
Unpacking libhttp-daemon-perl (6.16-1) ...
Selecting previously unselected package libhttp-negotiate-perl.
Preparing to unpack .../1229-libhttp-negotiate-perl_6.01-2_all.deb ...
Unpacking libhttp-negotiate-perl (6.01-2) ...
Selecting previously unselected package perl-openssl-defaults:amd64.
Preparing to unpack .../1230-perl-openssl-defaults_7+b1_amd64.deb ...
Unpacking perl-openssl-defaults:amd64 (7+b1) ...
Selecting previously unselected package libnet-ssleay-perl:amd64.
Preparing to unpack .../1231-libnet-ssleay-perl_1.92-2+b1_amd64.deb ...
Unpacking libnet-ssleay-perl:amd64 (1.92-2+b1) ...
Selecting previously unselected package libio-socket-ssl-perl.
Preparing to unpack .../1232-libio-socket-ssl-perl_2.081-2_all.deb ...
Unpacking libio-socket-ssl-perl (2.081-2) ...
Selecting previously unselected package libio-stringy-perl.
Preparing to unpack .../1233-libio-stringy-perl_2.111-3_all.deb ...
Unpacking libio-stringy-perl (2.111-3) ...
Selecting previously unselected package libjim0.81:amd64.
Preparing to unpack .../1234-libjim0.81_0.81+dfsg0-2_amd64.deb ...
Unpacking libjim0.81:amd64 (0.81+dfsg0-2) ...
Selecting previously unselected package libjxr0:amd64.
Preparing to unpack .../1235-libjxr0_1.2~git20170615.f752187-5_amd64.deb ...
Unpacking libjxr0:amd64 (1.2~git20170615.f752187-5) ...
Selecting previously unselected package libjxr-tools.
Preparing to unpack .../1236-libjxr-tools_1.2~git20170615.f752187-5_amd64.deb ...
Unpacking libjxr-tools (1.2~git20170615.f752187-5) ...
Selecting previously unselected package libkf5attica5:amd64.
Preparing to unpack .../1237-libkf5attica5_5.103.0-1_amd64.deb ...
Unpacking libkf5attica5:amd64 (5.103.0-1) ...
Selecting previously unselected package libkf5auth5:amd64.
Preparing to unpack .../1238-libkf5auth5_5.103.0-1_amd64.deb ...
Unpacking libkf5auth5:amd64 (5.103.0-1) ...
Selecting previously unselected package libkf5config-bin.
Preparing to unpack .../1239-libkf5config-bin_5.103.0-2_amd64.deb ...
Unpacking libkf5config-bin (5.103.0-2) ...
Selecting previously unselected package libkf5dbusaddons-bin.
Preparing to unpack .../1240-libkf5dbusaddons-bin_5.103.0-1_amd64.deb ...
Unpacking libkf5dbusaddons-bin (5.103.0-1) ...
Selecting previously unselected package libkf5guiaddons-bin.
Preparing to unpack .../1241-libkf5guiaddons-bin_5.103.0-1_amd64.deb ...
Unpacking libkf5guiaddons-bin (5.103.0-1) ...
Selecting previously unselected package libkf5iconthemes-bin.
Preparing to unpack .../1242-libkf5iconthemes-bin_5.103.0-1_amd64.deb ...
Unpacking libkf5iconthemes-bin (5.103.0-1) ...
Selecting previously unselected package libkf5itemmodels5:amd64.
Preparing to unpack .../1243-libkf5itemmodels5_5.103.0-1_amd64.deb ...
Unpacking libkf5itemmodels5:amd64 (5.103.0-1) ...
Selecting previously unselected package libkf5kcmutils-bin.
Preparing to unpack .../1244-libkf5kcmutils-bin_5.103.0-3_amd64.deb ...
Unpacking libkf5kcmutils-bin (5.103.0-3) ...
Selecting previously unselected package libkf5kcmutils-data.
Preparing to unpack .../1245-libkf5kcmutils-data_5.103.0-3_all.deb ...
Unpacking libkf5kcmutils-data (5.103.0-3) ...
Selecting previously unselected package libkf5kcmutilscore5:amd64.
Preparing to unpack .../1246-libkf5kcmutilscore5_5.103.0-3_amd64.deb ...
Unpacking libkf5kcmutilscore5:amd64 (5.103.0-3) ...
Selecting previously unselected package libkf5quickaddons5:amd64.
Preparing to unpack .../1247-libkf5quickaddons5_5.103.0-1_amd64.deb ...
Unpacking libkf5quickaddons5:amd64 (5.103.0-1) ...
Selecting previously unselected package libkf5kcmutils5:amd64.
Preparing to unpack .../1248-libkf5kcmutils5_5.103.0-3_amd64.deb ...
Unpacking libkf5kcmutils5:amd64 (5.103.0-3) ...
Selecting previously unselected package libqt5quicktemplates2-5:amd64.
Preparing to unpack .../1249-libqt5quicktemplates2-5_5.15.8+dfsg-2_amd64.deb ...
Unpacking libqt5quicktemplates2-5:amd64 (5.15.8+dfsg-2) ...
Selecting previously unselected package libqt5quickcontrols2-5:amd64.
Preparing to unpack .../1250-libqt5quickcontrols2-5_5.15.8+dfsg-2_amd64.deb ...
Unpacking libqt5quickcontrols2-5:amd64 (5.15.8+dfsg-2) ...
Selecting previously unselected package libkf5kirigami2-5.
Preparing to unpack .../1251-libkf5kirigami2-5_5.103.0-1_amd64.deb ...
Unpacking libkf5kirigami2-5 (5.103.0-1) ...
Selecting previously unselected package libkf5syndication5abi1:amd64.
Preparing to unpack .../1252-libkf5syndication5abi1_1%3a5.103.0-1_amd64.deb ...
Unpacking libkf5syndication5abi1:amd64 (1:5.103.0-1) ...
Selecting previously unselected package libkf5newstuffcore5:amd64.
Preparing to unpack .../1253-libkf5newstuffcore5_5.103.0-1_amd64.deb ...
Unpacking libkf5newstuffcore5:amd64 (5.103.0-1) ...
Selecting previously unselected package libkf5parts-plugins.
Preparing to unpack .../1254-libkf5parts-plugins_5.103.0-1_amd64.deb ...
Unpacking libkf5parts-plugins (5.103.0-1) ...
Selecting previously unselected package libkf5plasma5:amd64.
Preparing to unpack .../1255-libkf5plasma5_5.103.0-1+deb12u1_amd64.deb ...
Unpacking libkf5plasma5:amd64 (5.103.0-1+deb12u1) ...
Selecting previously unselected package libkf5threadweaver5:amd64.
Preparing to unpack .../1256-libkf5threadweaver5_5.103.0-1_amd64.deb ...
Unpacking libkf5threadweaver5:amd64 (5.103.0-1) ...
Selecting previously unselected package libkf5runner5:amd64.
Preparing to unpack .../1257-libkf5runner5_5.103.0-1_amd64.deb ...
Unpacking libkf5runner5:amd64 (5.103.0-1) ...
Selecting previously unselected package libkf5xmlgui-bin:amd64.
Preparing to unpack .../1258-libkf5xmlgui-bin_5.103.0-1_amd64.deb ...
Unpacking libkf5xmlgui-bin:amd64 (5.103.0-1) ...
Selecting previously unselected package libkworkspace5-5.
Preparing to unpack .../1259-libkworkspace5-5_4%3a5.27.5-2+deb12u2_amd64.deb ...
Unpacking libkworkspace5-5 (4:5.27.5-2+deb12u2) ...
Selecting previously unselected package liblouisutdml-data.
Preparing to unpack .../1260-liblouisutdml-data_2.11.0-2_all.deb ...
Unpacking liblouisutdml-data (2.11.0-2) ...
Selecting previously unselected package liblouisutdml9:amd64.
Preparing to unpack .../1261-liblouisutdml9_2.11.0-2_amd64.deb ...
Unpacking liblouisutdml9:amd64 (2.11.0-2) ...
Selecting previously unselected package liblouisutdml-bin.
Preparing to unpack .../1262-liblouisutdml-bin_2.11.0-2_amd64.deb ...
Unpacking liblouisutdml-bin (2.11.0-2) ...
Selecting previously unselected package libnet-http-perl.
Preparing to unpack .../1263-libnet-http-perl_6.22-1_all.deb ...
Unpacking libnet-http-perl (6.22-1) ...
Selecting previously unselected package libtry-tiny-perl.
Preparing to unpack .../1264-libtry-tiny-perl_0.31-2_all.deb ...
Unpacking libtry-tiny-perl (0.31-2) ...
Selecting previously unselected package libwww-robotrules-perl.
Preparing to unpack .../1265-libwww-robotrules-perl_6.02-1_all.deb ...
Unpacking libwww-robotrules-perl (6.02-1) ...
Selecting previously unselected package libwww-perl.
Preparing to unpack .../1266-libwww-perl_6.68-1_all.deb ...
Unpacking libwww-perl (6.68-1) ...
Selecting previously unselected package liblwp-protocol-https-perl.
Preparing to unpack .../1267-liblwp-protocol-https-perl_6.10-1_all.deb ...
Unpacking liblwp-protocol-https-perl (6.10-1) ...
Selecting previously unselected package libwmflite-0.2-7:amd64.
Preparing to unpack .../1268-libwmflite-0.2-7_0.2.12-5.1_amd64.deb ...
Unpacking libwmflite-0.2-7:amd64 (0.2.12-5.1) ...
Selecting previously unselected package libmagickcore-6.q16-6-extra:amd64.
Preparing to unpack .../1269-libmagickcore-6.q16-6-extra_8%3a6.9.11.60+dfsg-1.6+deb12u6_amd64.deb ...
Unpacking libmagickcore-6.q16-6-extra:amd64 (8:6.9.11.60+dfsg-1.6+deb12u6) ...
Selecting previously unselected package libnet-smtp-ssl-perl.
Preparing to unpack .../1270-libnet-smtp-ssl-perl_1.04-2_all.deb ...
Unpacking libnet-smtp-ssl-perl (1.04-2) ...
Selecting previously unselected package libmailtools-perl.
Preparing to unpack .../1271-libmailtools-perl_2.21-2_all.deb ...
Unpacking libmailtools-perl (2.21-2) ...
Selecting previously unselected package libmbim-utils.
Preparing to unpack .../1272-libmbim-utils_1.28.2-1_amd64.deb ...
Unpacking libmbim-utils (1.28.2-1) ...
Selecting previously unselected package libminiupnpc17:amd64.
Preparing to unpack .../1273-libminiupnpc17_2.2.4-1+b1_amd64.deb ...
Unpacking libminiupnpc17:amd64 (2.2.4-1+b1) ...
Selecting previously unselected package libmtp-runtime.
Preparing to unpack .../1274-libmtp-runtime_1.1.20-1_amd64.deb ...
Unpacking libmtp-runtime (1.1.20-1) ...
Selecting previously unselected package libnatpmp1:amd64.
Preparing to unpack .../1275-libnatpmp1_20150609-7.1+b2_amd64.deb ...
Unpacking libnatpmp1:amd64 (20150609-7.1+b2) ...
Selecting previously unselected package libxml-parser-perl.
Preparing to unpack .../1276-libxml-parser-perl_2.46-4_amd64.deb ...
Unpacking libxml-parser-perl (2.46-4) ...
Selecting previously unselected package libxml-twig-perl.
Preparing to unpack .../1277-libxml-twig-perl_1%3a3.52-2_all.deb ...
Unpacking libxml-twig-perl (1:3.52-2) ...
Selecting previously unselected package libnet-dbus-perl.
Preparing to unpack .../1278-libnet-dbus-perl_1.2.0-2_amd64.deb ...
Unpacking libnet-dbus-perl (1.2.0-2) ...
Selecting previously unselected package libnl-route-3-200:amd64.
Preparing to unpack .../1279-libnl-route-3-200_3.7.0-0.2+b1_amd64.deb ...
Unpacking libnl-route-3-200:amd64 (3.7.0-0.2+b1) ...
Selecting previously unselected package libnss-mdns:amd64.
Preparing to unpack .../1280-libnss-mdns_0.15.1-3_amd64.deb ...
Unpacking libnss-mdns:amd64 (0.15.1-3) ...
Selecting previously unselected package libnss-myhostname:amd64.
Preparing to unpack .../1281-libnss-myhostname_252.39-1~deb12u1_amd64.deb ...
Unpacking libnss-myhostname:amd64 (252.39-1~deb12u1) ...
Selecting previously unselected package libntfs-3g89:amd64.
Preparing to unpack .../1282-libntfs-3g89_1%3a2022.10.3-1+deb12u2_amd64.deb ...
Unpacking libntfs-3g89:amd64 (1:2022.10.3-1+deb12u2) ...
Selecting previously unselected package libpam-cap:amd64.
Preparing to unpack .../1283-libpam-cap_1%3a2.66-4+deb12u2+b2_amd64.deb ...
Unpacking libpam-cap:amd64 (1:2.66-4+deb12u2+b2) ...
Selecting previously unselected package libpaper-utils.
Preparing to unpack .../1284-libpaper-utils_1.1.29_amd64.deb ...
Unpacking libpaper-utils (1.1.29) ...
Selecting previously unselected package libpcap0.8:amd64.
Preparing to unpack .../1285-libpcap0.8_1.10.3-1_amd64.deb ...
Unpacking libpcap0.8:amd64 (1.10.3-1) ...
Selecting previously unselected package libpcsclite1:amd64.
Preparing to unpack .../1286-libpcsclite1_1.9.9-2_amd64.deb ...
Unpacking libpcsclite1:amd64 (1.9.9-2) ...
Selecting previously unselected package libperl4-corelibs-perl.
Preparing to unpack .../1287-libperl4-corelibs-perl_0.004-3_all.deb ...
Unpacking libperl4-corelibs-perl (0.004-3) ...
Selecting previously unselected package libpipewire-0.3-common.
Preparing to unpack .../1288-libpipewire-0.3-common_0.3.65-3+deb12u1_all.deb ...
Unpacking libpipewire-0.3-common (0.3.65-3+deb12u1) ...
Selecting previously unselected package libplymouth5:amd64.
Preparing to unpack .../1289-libplymouth5_22.02.122-3_amd64.deb ...
Unpacking libplymouth5:amd64 (22.02.122-3) ...
Selecting previously unselected package libqca-qt5-2-plugins:amd64.
Preparing to unpack .../1290-libqca-qt5-2-plugins_2.3.5-2_amd64.deb ...
Unpacking libqca-qt5-2-plugins:amd64 (2.3.5-2) ...
Selecting previously unselected package libqmi-utils.
Preparing to unpack .../1291-libqmi-utils_1.32.2-1_amd64.deb ...
Unpacking libqmi-utils (1.32.2-1) ...
Selecting previously unselected package libqt5designer5:amd64.
Preparing to unpack .../1292-libqt5designer5_5.15.8-2_amd64.deb ...
Unpacking libqt5designer5:amd64 (5.15.8-2) ...
Selecting previously unselected package libqt5help5:amd64.
Preparing to unpack .../1293-libqt5help5_5.15.8-2_amd64.deb ...
Unpacking libqt5help5:amd64 (5.15.8-2) ...
Selecting previously unselected package libqt5quickshapes5:amd64.
Preparing to unpack .../1294-libqt5quickshapes5_5.15.8+dfsg-3_amd64.deb ...
Unpacking libqt5quickshapes5:amd64 (5.15.8+dfsg-3) ...
Selecting previously unselected package libqt5test5:amd64.
Preparing to unpack .../1295-libqt5test5_5.15.8+dfsg-11+deb12u3_amd64.deb ...
Unpacking libqt5test5:amd64 (5.15.8+dfsg-11+deb12u3) ...
Selecting previously unselected package libqt5waylandcompositor5:amd64.
Preparing to unpack .../1296-libqt5waylandcompositor5_5.15.8-2_amd64.deb ...
Unpacking libqt5waylandcompositor5:amd64 (5.15.8-2) ...
Selecting previously unselected package libreoffice-gtk3.
Preparing to unpack .../1297-libreoffice-gtk3_4%3a7.4.7-1+deb12u10_amd64.deb ...
Unpacking libreoffice-gtk3 (4:7.4.7-1+deb12u10) ...
Selecting previously unselected package node-normalize.css.
Preparing to unpack .../1298-node-normalize.css_8.0.1-5_all.deb ...
Unpacking node-normalize.css (8.0.1-5) ...
Selecting previously unselected package node-clipboard.
Preparing to unpack .../1299-node-clipboard_2.0.11+ds+~cs9.6.11-1_all.deb ...
Unpacking node-clipboard (2.0.11+ds+~cs9.6.11-1) ...
Selecting previously unselected package node-prismjs.
Preparing to unpack .../1300-node-prismjs_1.29.0+dfsg+~1.26.0-1_all.deb ...
Unpacking node-prismjs (1.29.0+dfsg+~1.26.0-1) ...
Selecting previously unselected package libreoffice-help-common.
Preparing to unpack .../1301-libreoffice-help-common_4%3a7.4.7-1+deb12u10_all.deb ...
Unpacking libreoffice-help-common (4:7.4.7-1+deb12u10) ...
Selecting previously unselected package libreoffice-help-en-us.
Preparing to unpack .../1302-libreoffice-help-en-us_4%3a7.4.7-1+deb12u10_all.deb ...
Unpacking libreoffice-help-en-us (4:7.4.7-1+deb12u10) ...
Selecting previously unselected package libreoffice-math.
Preparing to unpack .../1303-libreoffice-math_4%3a7.4.7-1+deb12u10_amd64.deb ...
Unpacking libreoffice-math (4:7.4.7-1+deb12u10) ...
Selecting previously unselected package libreoffice-style-elementary.
Preparing to unpack .../1304-libreoffice-style-elementary_4%3a7.4.7-1+deb12u10_all.deb ...
Unpacking libreoffice-style-elementary (4:7.4.7-1+deb12u10) ...
Selecting previously unselected package libtie-ixhash-perl.
Preparing to unpack .../1305-libtie-ixhash-perl_1.23-4_all.deb ...
Unpacking libtie-ixhash-perl (1.23-4) ...
Selecting previously unselected package libvdpau-va-gl1:amd64.
Preparing to unpack .../1306-libvdpau-va-gl1_0.4.2-1+b1_amd64.deb ...
Unpacking libvdpau-va-gl1:amd64 (0.4.2-1+b1) ...
Selecting previously unselected package libvoikko1:amd64.
Preparing to unpack .../1307-libvoikko1_4.3.1-1+b1_amd64.deb ...
Unpacking libvoikko1:amd64 (4.3.1-1+b1) ...
Selecting previously unselected package libx11-protocol-perl.
Preparing to unpack .../1308-libx11-protocol-perl_0.56-9_all.deb ...
Unpacking libx11-protocol-perl (0.56-9) ...
Selecting previously unselected package libxapian30:amd64.
Preparing to unpack .../1309-libxapian30_1.4.22-1_amd64.deb ...
Unpacking libxapian30:amd64 (1.4.22-1) ...
Selecting previously unselected package xapps-common.
Preparing to unpack .../1310-xapps-common_2.4.2-3_all.deb ...
Unpacking xapps-common (2.4.2-3) ...
Selecting previously unselected package libxapp1:amd64.
Preparing to unpack .../1311-libxapp1_2.4.2-3_amd64.deb ...
Unpacking libxapp1:amd64 (2.4.2-3) ...
Selecting previously unselected package libxapp-gtk3-module:amd64.
Preparing to unpack .../1312-libxapp-gtk3-module_2.4.2-3_amd64.deb ...
Unpacking libxapp-gtk3-module:amd64 (2.4.2-3) ...
Selecting previously unselected package libxatracker2:amd64.
Preparing to unpack .../1313-libxatracker2_22.3.6-1+deb12u1_amd64.deb ...
Unpacking libxatracker2:amd64 (22.3.6-1+deb12u1) ...
Selecting previously unselected package libxcb-damage0:amd64.
Preparing to unpack .../1314-libxcb-damage0_1.15-1_amd64.deb ...
Unpacking libxcb-damage0:amd64 (1.15-1) ...
Selecting previously unselected package libxcb-xv0:amd64.
Preparing to unpack .../1315-libxcb-xv0_1.15-1_amd64.deb ...
Unpacking libxcb-xv0:amd64 (1.15-1) ...
Selecting previously unselected package libxml-xpathengine-perl.
Preparing to unpack .../1316-libxml-xpathengine-perl_0.14-2_all.deb ...
Unpacking libxml-xpathengine-perl (0.14-2) ...
Selecting previously unselected package libxvmc1:amd64.
Preparing to unpack .../1317-libxvmc1_2%3a1.0.12-2_amd64.deb ...
Unpacking libxvmc1:amd64 (2:1.0.12-2) ...
Selecting previously unselected package libxxf86dga1:amd64.
Preparing to unpack .../1318-libxxf86dga1_2%3a1.1.5-1_amd64.deb ...
Unpacking libxxf86dga1:amd64 (2:1.1.5-1) ...
Selecting previously unselected package linux-image-6.1.0-43-amd64.
Preparing to unpack .../1319-linux-image-6.1.0-43-amd64_6.1.162-1_amd64.deb ...
Unpacking linux-image-6.1.0-43-amd64 (6.1.162-1) ...
Preparing to unpack .../1320-linux-image-amd64_6.1.162-1_amd64.deb ...
Unpacking linux-image-amd64 (6.1.162-1) over (6.1.159-1) ...
Selecting previously unselected package live-boot-initramfs-tools.
Preparing to unpack .../1321-live-boot-initramfs-tools_1%3a20230131+deb12u1_all.deb ...
Unpacking live-boot-initramfs-tools (1:20230131+deb12u1) ...
Selecting previously unselected package live-boot.
Preparing to unpack .../1322-live-boot_1%3a20230131+deb12u1_all.deb ...
Unpacking live-boot (1:20230131+deb12u1) ...
Selecting previously unselected package live-boot-doc.
Preparing to unpack .../1323-live-boot-doc_1%3a20230131+deb12u1_all.deb ...
Unpacking live-boot-doc (1:20230131+deb12u1) ...
Selecting previously unselected package live-config-systemd.
Preparing to unpack .../1324-live-config-systemd_11.0.3+nmu1_all.deb ...
Unpacking live-config-systemd (11.0.3+nmu1) ...
Selecting previously unselected package live-config.
Preparing to unpack .../1325-live-config_11.0.3+nmu1_all.deb ...
Unpacking live-config (11.0.3+nmu1) ...
Selecting previously unselected package live-config-doc.
Preparing to unpack .../1326-live-config-doc_11.0.3+nmu1_all.deb ...
Unpacking live-config-doc (11.0.3+nmu1) ...
Selecting previously unselected package live-tools.
Preparing to unpack .../1327-live-tools_1%3a20190831.1_all.deb ...
dpkg-divert: error: 'diversion of /usr/sbin/update-initramfs to /usr/sbin/update-initramfs.orig.initramfs-tools by live-tools' clashes with 'local diversion of /usr/sbin/update-initramfs to /usr/sbin/update-initramfs.disabled'
dpkg: error processing archive /tmp/apt-dpkg-install-J71CS0/1327-live-tools_1%3a20190831.1_all.deb (--unpack):
 new live-tools package pre-installation script subprocess returned error exit status 2
Selecting previously unselected package lm-sensors.
Preparing to unpack .../1328-lm-sensors_1%3a3.6.0-7.1_amd64.deb ...
Unpacking lm-sensors (1:3.6.0-7.1) ...
Selecting previously unselected package low-memory-monitor.
Preparing to unpack .../1329-low-memory-monitor_2.1-1_amd64.deb ...
Unpacking low-memory-monitor (2.1-1) ...
Selecting previously unselected package lynx-common.
Preparing to unpack .../1330-lynx-common_2.9.0dev.12-1_all.deb ...
Unpacking lynx-common (2.9.0dev.12-1) ...
Selecting previously unselected package lynx.
Preparing to unpack .../1331-lynx_2.9.0dev.12-1_amd64.deb ...
Unpacking lynx (2.9.0dev.12-1) ...
Selecting previously unselected package mailcap.
Preparing to unpack .../1332-mailcap_3.70+nmu1_all.deb ...
Unpacking mailcap (3.70+nmu1) ...
Selecting previously unselected package malcontent.
Preparing to unpack .../1333-malcontent_0.11.0-4_all.deb ...
Unpacking malcontent (0.11.0-4) ...
Selecting previously unselected package malcontent-gui.
Preparing to unpack .../1334-malcontent-gui_0.11.0-4_amd64.deb ...
Unpacking malcontent-gui (0.11.0-4) ...
Selecting previously unselected package mesa-utils-bin:amd64.
Preparing to unpack .../1335-mesa-utils-bin_8.5.0-1_amd64.deb ...
Unpacking mesa-utils-bin:amd64 (8.5.0-1) ...
Selecting previously unselected package mesa-utils.
Preparing to unpack .../1336-mesa-utils_8.5.0-1_amd64.deb ...
Unpacking mesa-utils (8.5.0-1) ...
Selecting previously unselected package mesa-va-drivers:amd64.
Preparing to unpack .../1337-mesa-va-drivers_22.3.6-1+deb12u1_amd64.deb ...
Unpacking mesa-va-drivers:amd64 (22.3.6-1+deb12u1) ...
Selecting previously unselected package mesa-vdpau-drivers:amd64.
Preparing to unpack .../1338-mesa-vdpau-drivers_22.3.6-1+deb12u1_amd64.deb ...
Unpacking mesa-vdpau-drivers:amd64 (22.3.6-1+deb12u1) ...
Selecting previously unselected package mesa-vulkan-drivers:amd64.
Preparing to unpack .../1339-mesa-vulkan-drivers_22.3.6-1+deb12u1_amd64.deb ...
Unpacking mesa-vulkan-drivers:amd64 (22.3.6-1+deb12u1) ...
Selecting previously unselected package mobile-broadband-provider-info.
Preparing to unpack .../1340-mobile-broadband-provider-info_20230416-1_all.deb ...
Unpacking mobile-broadband-provider-info (20230416-1) ...
Selecting previously unselected package modemmanager.
Preparing to unpack .../1341-modemmanager_1.20.4-1_amd64.deb ...
Unpacking modemmanager (1.20.4-1) ...
Selecting previously unselected package mokutil.
Preparing to unpack .../1342-mokutil_0.6.0-2_amd64.deb ...
Unpacking mokutil (0.6.0-2) ...
Selecting previously unselected package mythes-en-us.
Preparing to unpack .../1343-mythes-en-us_1%3a7.5.0-1_all.deb ...
Unpacking mythes-en-us (1:7.5.0-1) ...
Selecting previously unselected package nautilus-extension-gnome-terminal:amd64.
Preparing to unpack .../1344-nautilus-extension-gnome-terminal_3.46.8-1_amd64.deb ...
Unpacking nautilus-extension-gnome-terminal:amd64 (3.46.8-1) ...
Selecting previously unselected package notification-daemon.
Preparing to unpack .../1345-notification-daemon_3.20.0-4+b1_amd64.deb ...
Unpacking notification-daemon (3.20.0-4+b1) ...
Selecting previously unselected package ntfs-3g.
Preparing to unpack .../1346-ntfs-3g_1%3a2022.10.3-1+deb12u2_amd64.deb ...
Unpacking ntfs-3g (1:2022.10.3-1+deb12u2) ...
Selecting previously unselected package packagekit-tools.
Preparing to unpack .../1347-packagekit-tools_1.2.6-5_amd64.deb ...
Unpacking packagekit-tools (1.2.6-5) ...
Selecting previously unselected package perl-tk.
Preparing to unpack .../1348-perl-tk_1%3a804.036-1+b2_amd64.deb ...
Unpacking perl-tk (1:804.036-1+b2) ...
Selecting previously unselected package plymouth.
Preparing to unpack .../1349-plymouth_22.02.122-3_amd64.deb ...
Unpacking plymouth (22.02.122-3) ...
Selecting previously unselected package plymouth-label.
Preparing to unpack .../1350-plymouth-label_22.02.122-3_amd64.deb ...
Unpacking plymouth-label (22.02.122-3) ...
Selecting previously unselected package plymouth-themes.
Preparing to unpack .../1351-plymouth-themes_22.02.122-3_amd64.deb ...
Unpacking plymouth-themes (22.02.122-3) ...
Selecting previously unselected package pocketsphinx-en-us.
Preparing to unpack .../1352-pocketsphinx-en-us_0.8+5prealpha+1-15_all.deb ...
Unpacking pocketsphinx-en-us (0.8+5prealpha+1-15) ...
Selecting previously unselected package power-profiles-daemon.
Preparing to unpack .../1353-power-profiles-daemon_0.12-1+b1_amd64.deb ...
Unpacking power-profiles-daemon (0.12-1+b1) ...
Selecting previously unselected package ppp.
Preparing to unpack .../1354-ppp_2.4.9-1+1.1+b1_amd64.deb ...
Unpacking ppp (2.4.9-1+1.1+b1) ...
Selecting previously unselected package python3-pyqt5.sip.
Preparing to unpack .../1355-python3-pyqt5.sip_12.11.1-1_amd64.deb ...
Unpacking python3-pyqt5.sip (12.11.1-1) ...
Selecting previously unselected package python3-pyqt5.
Preparing to unpack .../1356-python3-pyqt5_5.15.9+dfsg-1_amd64.deb ...
Unpacking python3-pyqt5 (5.15.9+dfsg-1) ...
Selecting previously unselected package python3-smbc.
Preparing to unpack .../1357-python3-smbc_1.0.23-2+b4_amd64.deb ...
Unpacking python3-smbc (1.0.23-2+b4) ...
Selecting previously unselected package python3-uno.
Preparing to unpack .../1358-python3-uno_4%3a7.4.7-1+deb12u10_amd64.deb ...
Unpacking python3-uno (4:7.4.7-1+deb12u10) ...
Selecting previously unselected package qml-module-qtquick-templates2:amd64.
Preparing to unpack .../1359-qml-module-qtquick-templates2_5.15.8+dfsg-2_amd64.deb ...
Unpacking qml-module-qtquick-templates2:amd64 (5.15.8+dfsg-2) ...
Selecting previously unselected package qml-module-qtquick-controls2:amd64.
Preparing to unpack .../1360-qml-module-qtquick-controls2_5.15.8+dfsg-2_amd64.deb ...
Unpacking qml-module-qtquick-controls2:amd64 (5.15.8+dfsg-2) ...
Selecting previously unselected package qml-module-org-kde-kirigami2.
Preparing to unpack .../1361-qml-module-org-kde-kirigami2_5.103.0-1_amd64.deb ...
Unpacking qml-module-org-kde-kirigami2 (5.103.0-1) ...
Selecting previously unselected package qml-module-org-kde-kcm:amd64.
Preparing to unpack .../1362-qml-module-org-kde-kcm_5.103.0-1_amd64.deb ...
Unpacking qml-module-org-kde-kcm:amd64 (5.103.0-1) ...
Selecting previously unselected package qml-module-org-kde-kcmutils:amd64.
Preparing to unpack .../1363-qml-module-org-kde-kcmutils_5.103.0-3_amd64.deb ...
Unpacking qml-module-org-kde-kcmutils:amd64 (5.103.0-3) ...
Selecting previously unselected package qml-module-org-kde-kitemmodels:amd64.
Preparing to unpack .../1364-qml-module-org-kde-kitemmodels_5.103.0-1_amd64.deb ...
Unpacking qml-module-org-kde-kitemmodels:amd64 (5.103.0-1) ...
Selecting previously unselected package qml-module-org-kde-newstuff.
Preparing to unpack .../1365-qml-module-org-kde-newstuff_5.103.0-1_amd64.deb ...
Unpacking qml-module-org-kde-newstuff (5.103.0-1) ...
Selecting previously unselected package qml-module-org-kde-runnermodel.
Preparing to unpack .../1366-qml-module-org-kde-runnermodel_5.103.0-1_amd64.deb ...
Unpacking qml-module-org-kde-runnermodel (5.103.0-1) ...
Selecting previously unselected package qml-module-qtquick-shapes:amd64.
Preparing to unpack .../1367-qml-module-qtquick-shapes_5.15.8+dfsg-3_amd64.deb ...
Unpacking qml-module-qtquick-shapes:amd64 (5.15.8+dfsg-3) ...
Selecting previously unselected package qt5-gtk-platformtheme:amd64.
Preparing to unpack .../1368-qt5-gtk-platformtheme_5.15.8+dfsg-11+deb12u3_amd64.deb ...
Unpacking qt5-gtk-platformtheme:amd64 (5.15.8+dfsg-11+deb12u3) ...
Selecting previously unselected package qtspeech5-speechd-plugin:amd64.
Preparing to unpack .../1369-qtspeech5-speechd-plugin_5.15.8-2_amd64.deb ...
Unpacking qtspeech5-speechd-plugin:amd64 (5.15.8-2) ...
Selecting previously unselected package qttranslations5-l10n.
Preparing to unpack .../1370-qttranslations5-l10n_5.15.8-2_all.deb ...
Unpacking qttranslations5-l10n (5.15.8-2) ...
Selecting previously unselected package qtwayland5:amd64.
Preparing to unpack .../1371-qtwayland5_5.15.8-2_amd64.deb ...
Unpacking qtwayland5:amd64 (5.15.8-2) ...
Selecting previously unselected package realmd.
Preparing to unpack .../1372-realmd_0.17.1-1_amd64.deb ...
Unpacking realmd (0.17.1-1) ...
Selecting previously unselected package rtkit.
Preparing to unpack .../1373-rtkit_0.13-5_amd64.deb ...
Unpacking rtkit (0.13-5) ...
Selecting previously unselected package sane-airscan.
Preparing to unpack .../1374-sane-airscan_0.99.27-1+b1_amd64.deb ...
Unpacking sane-airscan (0.99.27-1+b1) ...
Selecting previously unselected package shim-unsigned:amd64.
Preparing to unpack .../1375-shim-unsigned_15.8-1~deb12u1_amd64.deb ...
Unpacking shim-unsigned:amd64 (15.8-1~deb12u1) ...
Selecting previously unselected package shim-helpers-amd64-signed.
Preparing to unpack .../1376-shim-helpers-amd64-signed_1+15.8+1~deb12u1_amd64.deb ...
Unpacking shim-helpers-amd64-signed (1+15.8+1~deb12u1) ...
Selecting previously unselected package shim-signed-common.
Preparing to unpack .../1377-shim-signed-common_1.44~1+deb12u1+15.8-1~deb12u1_all.deb ...
Unpacking shim-signed-common (1.44~1+deb12u1+15.8-1~deb12u1) ...
Selecting previously unselected package shim-signed:amd64.
Preparing to unpack .../1378-shim-signed_1.44~1+deb12u1+15.8-1~deb12u1_amd64.deb ...
Unpacking shim-signed:amd64 (1.44~1+deb12u1+15.8-1~deb12u1) ...
Selecting previously unselected package sonnet-plugins:amd64.
Preparing to unpack .../1379-sonnet-plugins_5.103.0-1_amd64.deb ...
Unpacking sonnet-plugins:amd64 (5.103.0-1) ...
Selecting previously unselected package sound-icons.
Preparing to unpack .../1380-sound-icons_0.1-8_all.deb ...
Unpacking sound-icons (0.1-8) ...
Selecting previously unselected package speech-dispatcher-espeak-ng.
Preparing to unpack .../1381-speech-dispatcher-espeak-ng_0.11.4-2_amd64.deb ...
Unpacking speech-dispatcher-espeak-ng (0.11.4-2) ...
Selecting previously unselected package squashfs-tools.
Preparing to unpack .../1382-squashfs-tools_1%3a4.5.1-1_amd64.deb ...
Unpacking squashfs-tools (1:4.5.1-1) ...
Selecting previously unselected package switcheroo-control.
Preparing to unpack .../1383-switcheroo-control_2.6-1+b1_amd64.deb ...
Unpacking switcheroo-control (2.6-1+b1) ...
Selecting previously unselected package synaptic.
Preparing to unpack .../1384-synaptic_0.91.3_amd64.deb ...
Unpacking synaptic (0.91.3) ...
Selecting previously unselected package systemsettings.
Preparing to unpack .../1385-systemsettings_4%3a5.27.5-2_amd64.deb ...
Unpacking systemsettings (4:5.27.5-2) ...
Selecting previously unselected package xserver-xorg-core.
Preparing to unpack .../1386-xserver-xorg-core_2%3a21.1.7-3+deb12u11_amd64.deb ...
Unpacking xserver-xorg-core (2:21.1.7-3+deb12u11) ...
Selecting previously unselected package xserver-xorg-video-amdgpu.
Preparing to unpack .../1387-xserver-xorg-video-amdgpu_23.0.0-1_amd64.deb ...
Unpacking xserver-xorg-video-amdgpu (23.0.0-1) ...
Selecting previously unselected package xserver-xorg-video-radeon.
Preparing to unpack .../1388-xserver-xorg-video-radeon_1%3a19.1.0-3_amd64.deb ...
Unpacking xserver-xorg-video-radeon (1:19.1.0-3) ...
Selecting previously unselected package xserver-xorg-video-ati.
Preparing to unpack .../1389-xserver-xorg-video-ati_1%3a19.1.0-3_amd64.deb ...
Unpacking xserver-xorg-video-ati (1:19.1.0-3) ...
Selecting previously unselected package xserver-xorg-video-fbdev.
Preparing to unpack .../1390-xserver-xorg-video-fbdev_1%3a0.5.0-2_amd64.deb ...
Unpacking xserver-xorg-video-fbdev (1:0.5.0-2) ...
Selecting previously unselected package xserver-xorg-video-nouveau.
Preparing to unpack .../1391-xserver-xorg-video-nouveau_1%3a1.0.17-2_amd64.deb ...
Unpacking xserver-xorg-video-nouveau (1:1.0.17-2) ...
Selecting previously unselected package xserver-xorg-video-vesa.
Preparing to unpack .../1392-xserver-xorg-video-vesa_1%3a2.5.0-1+b1_amd64.deb ...
Unpacking xserver-xorg-video-vesa (1:2.5.0-1+b1) ...
Selecting previously unselected package xserver-xorg-video-vmware.
Preparing to unpack .../1393-xserver-xorg-video-vmware_1%3a13.3.0-3.1+b1_amd64.deb ...
Unpacking xserver-xorg-video-vmware (1:13.3.0-3.1+b1) ...
Selecting previously unselected package xserver-xorg-video-all.
Preparing to unpack .../1394-xserver-xorg-video-all_1%3a7.7+23_amd64.deb ...
Unpacking xserver-xorg-video-all (1:7.7+23) ...
Selecting previously unselected package xserver-xorg-video-qxl.
Preparing to unpack .../1395-xserver-xorg-video-qxl_0.1.5+git20200331-3_amd64.deb ...
Unpacking xserver-xorg-video-qxl (0.1.5+git20200331-3) ...
Selecting previously unselected package xserver-xorg-video-intel.
Preparing to unpack .../1396-xserver-xorg-video-intel_2%3a2.99.917+git20210115-1_amd64.deb ...
Unpacking xserver-xorg-video-intel (2:2.99.917+git20210115-1) ...
Selecting previously unselected package xserver-xorg-input-libinput.
Preparing to unpack .../1397-xserver-xorg-input-libinput_1.2.1-1+b1_amd64.deb ...
Unpacking xserver-xorg-input-libinput (1.2.1-1+b1) ...
Selecting previously unselected package xserver-xorg-input-all.
Preparing to unpack .../1398-xserver-xorg-input-all_1%3a7.7+23_amd64.deb ...
Unpacking xserver-xorg-input-all (1:7.7+23) ...
Selecting previously unselected package xserver-xorg-input-wacom.
Preparing to unpack .../1399-xserver-xorg-input-wacom_1.1.0-1_amd64.deb ...
Unpacking xserver-xorg-input-wacom (1.1.0-1) ...
Selecting previously unselected package xserver-xorg.
Preparing to unpack .../1400-xserver-xorg_1%3a7.7+23_amd64.deb ...
Unpacking xserver-xorg (1:7.7+23) ...
Selecting previously unselected package xfonts-base.
Preparing to unpack .../1401-xfonts-base_1%3a1.0.5+nmu1_all.deb ...
Unpacking xfonts-base (1:1.0.5+nmu1) ...
Selecting previously unselected package xfonts-100dpi.
Preparing to unpack .../1402-xfonts-100dpi_1%3a1.0.5_all.deb ...
Unpacking xfonts-100dpi (1:1.0.5) ...
Selecting previously unselected package xfonts-75dpi.
Preparing to unpack .../1403-xfonts-75dpi_1%3a1.0.5_all.deb ...
Unpacking xfonts-75dpi (1:1.0.5) ...
Selecting previously unselected package xfonts-scalable.
Preparing to unpack .../1404-xfonts-scalable_1%3a1.0.3-1.3_all.deb ...
Unpacking xfonts-scalable (1:1.0.3-1.3) ...
Selecting previously unselected package x11-apps.
Preparing to unpack .../1405-x11-apps_7.7+9_amd64.deb ...
Unpacking x11-apps (7.7+9) ...
Selecting previously unselected package x11-session-utils.
Preparing to unpack .../1406-x11-session-utils_7.7+5_amd64.deb ...
Unpacking x11-session-utils (7.7+5) ...
Selecting previously unselected package x11-utils.
Preparing to unpack .../1407-x11-utils_7.7+5_amd64.deb ...
Unpacking x11-utils (7.7+5) ...
Selecting previously unselected package xauth.
Preparing to unpack .../1408-xauth_1%3a1.1.2-1_amd64.deb ...
Unpacking xauth (1:1.1.2-1) ...
Selecting previously unselected package xinit.
Preparing to unpack .../1409-xinit_1.4.0-1_amd64.deb ...
Unpacking xinit (1.4.0-1) ...
Selecting previously unselected package xorg-docs-core.
Preparing to unpack .../1410-xorg-docs-core_1%3a1.7.1-1.2_all.deb ...
Unpacking xorg-docs-core (1:1.7.1-1.2) ...
Selecting previously unselected package xorg.
Preparing to unpack .../1411-xorg_1%3a7.7+23_amd64.deb ...
Unpacking xorg (1:7.7+23) ...
Selecting previously unselected package task-desktop.
Preparing to unpack .../1412-task-desktop_3.73_all.deb ...
Unpacking task-desktop (3.73) ...
Selecting previously unselected package task-gnome-desktop.
Preparing to unpack .../1413-task-gnome-desktop_3.73_all.deb ...
Unpacking task-gnome-desktop (3.73) ...
Selecting previously unselected package timeshift.
Preparing to unpack .../1414-timeshift_22.11.2-1+deb12u1_amd64.deb ...
Unpacking timeshift (22.11.2-1+deb12u1) ...
Selecting previously unselected package transmission-common.
Preparing to unpack .../1415-transmission-common_3.00-2.1+deb12u1_all.deb ...
Unpacking transmission-common (3.00-2.1+deb12u1) ...
Selecting previously unselected package transmission-gtk.
Preparing to unpack .../1416-transmission-gtk_3.00-2.1+deb12u1_amd64.deb ...
Unpacking transmission-gtk (3.00-2.1+deb12u1) ...
Selecting previously unselected package tree.
Preparing to unpack .../1417-tree_2.1.0-1_amd64.deb ...
Unpacking tree (2.1.0-1) ...
Selecting previously unselected package unattended-upgrades.
Preparing to unpack .../1418-unattended-upgrades_2.9.1+nmu3_all.deb ...
Unpacking unattended-upgrades (2.9.1+nmu3) ...
Selecting previously unselected package unzip.
Preparing to unpack .../1419-unzip_6.0-28_amd64.deb ...
Unpacking unzip (6.0-28) ...
Selecting previously unselected package usb-modeswitch-data.
Preparing to unpack .../1420-usb-modeswitch-data_20191128-5_all.deb ...
Unpacking usb-modeswitch-data (20191128-5) ...
Selecting previously unselected package usb-modeswitch.
Preparing to unpack .../1421-usb-modeswitch_2.6.1-3+b1_amd64.deb ...
Unpacking usb-modeswitch (2.6.1-3+b1) ...
Selecting previously unselected package usbmuxd.
Preparing to unpack .../1422-usbmuxd_1.1.1-2+deb12u1_amd64.deb ...
Unpacking usbmuxd (1.1.1-2+deb12u1) ...
Selecting previously unselected package usbutils.
Preparing to unpack .../1423-usbutils_1%3a014-1+deb12u1_amd64.deb ...
Unpacking usbutils (1:014-1+deb12u1) ...
Selecting previously unselected package user-setup.
Preparing to unpack .../1424-user-setup_1.95_all.deb ...
Unpacking user-setup (1.95) ...
Selecting previously unselected package va-driver-all:amd64.
Preparing to unpack .../1425-va-driver-all_2.17.0-1_amd64.deb ...
Unpacking va-driver-all:amd64 (2.17.0-1) ...
Selecting previously unselected package vdpau-driver-all:amd64.
Preparing to unpack .../1426-vdpau-driver-all_1.5-2_amd64.deb ...
Unpacking vdpau-driver-all:amd64 (1.5-2) ...
Selecting previously unselected package wireless-regdb.
Preparing to unpack .../1427-wireless-regdb_2025.07.10-1~deb12u1_all.deb ...
Unpacking wireless-regdb (2025.07.10-1~deb12u1) ...
Selecting previously unselected package wmctrl.
Preparing to unpack .../1428-wmctrl_1.07-7+b1_amd64.deb ...
Unpacking wmctrl (1.07-7+b1) ...
Selecting previously unselected package wpasupplicant.
Preparing to unpack .../1429-wpasupplicant_2%3a2.10-12+deb12u3_amd64.deb ...
Unpacking wpasupplicant (2:2.10-12+deb12u3) ...
Selecting previously unselected package xapp-sn-watcher.
Preparing to unpack .../1430-xapp-sn-watcher_2.4.2-3_amd64.deb ...
Unpacking xapp-sn-watcher (2.4.2-3) ...
Selecting previously unselected package xbitmaps.
Preparing to unpack .../1431-xbitmaps_1.1.1-2.2_all.deb ...
Unpacking xbitmaps (1.1.1-2.2) ...
Selecting previously unselected package xbrlapi.
Preparing to unpack .../1432-xbrlapi_6.5-7+deb12u1_amd64.deb ...
Unpacking xbrlapi (6.5-7+deb12u1) ...
Selecting previously unselected package xcvt.
Preparing to unpack .../1433-xcvt_0.1.2-1_amd64.deb ...
Unpacking xcvt (0.1.2-1) ...
Selecting previously unselected package xserver-xephyr.
Preparing to unpack .../1434-xserver-xephyr_2%3a21.1.7-3+deb12u11_amd64.deb ...
Unpacking xserver-xephyr (2:21.1.7-3+deb12u11) ...
Selecting previously unselected package xserver-xorg-legacy.
Preparing to unpack .../1435-xserver-xorg-legacy_2%3a21.1.7-3+deb12u11_amd64.deb ...
Unpacking xserver-xorg-legacy (2:21.1.7-3+deb12u11) ...
Errors were encountered while processing:
 /tmp/apt-dpkg-install-J71CS0/1327-live-tools_1%3a20190831.1_all.deb
E: Sub-process /usr/bin/dpkg returned an error code (1)
Package installation failed on attempt 1
Running apt-get clean and update before retry...
Hit:1 http://security.debian.org/debian-security bookworm-security InRelease
Hit:2 http://deb.debian.org/debian bookworm InRelease
Hit:3 http://deb.debian.org/debian bookworm-updates InRelease
Reading package lists...
Reading package lists...
Building dependency tree...
Reading state information...
0 upgraded, 0 newly installed, 0 to remove and 2 not upgraded.
1601 not fully installed or removed.
After this operation, 0 B of additional disk space will be used.
Setting up libgme0:amd64 (0.6.3-6) ...
Setting up libkf5codecs-data (5.103.0-1) ...
Setting up libssh-gcrypt-4:amd64 (0.10.6-0+deb12u2) ...
Setting up libpwquality-common (1.4.5-1) ...
Setting up libksba8:amd64 (1.6.3-2) ...
Setting up libpipewire-0.3-common (0.3.65-3+deb12u1) ...
Setting up media-types (10.0.0) ...
Setting up libgsf-1-common (1.14.50-1+deb12u1) ...
Setting up bubblewrap (0.8.0-2+deb12u1) ...
sysctl: cannot open "/etc/sysctl.d/99-sysctl.conf": No such file or directory
Setting up libpipeline1:amd64 (1.5.7-1) ...
Setting up liblmdb0:amd64 (0.9.24-1) ...
Setting up libtext-iconv-perl:amd64 (1.7-8) ...
Setting up javascript-common (11+nmu1) ...
Setting up libgraphite2-3:amd64 (1.3.14-1) ...
Setting up liblcms2-2:amd64 (2.14-2) ...
Setting up libpixman-1-0:amd64 (0.42.2-1) ...
Setting up libfreeaptx0:amd64 (0.1.1-2) ...
Setting up libkf5package-data (5.103.0-1) ...
Setting up libudfread0:amd64 (1.1.2-1) ...
Setting up tpm-udev (0.6) ...
Adding group `tss' (GID 107) ...
Done.
Adding system user `tss' (UID 101) ...
Adding new user `tss' (UID 101) with group `tss' ...
Not creating home directory `/var/lib/tpm'.
Running in chroot, ignoring request.
Running in chroot, ignoring request.
Running in chroot, ignoring request.
Running in chroot, ignoring request.
Setting up libxapian30:amd64 (1.4.22-1) ...
Setting up libmodplug1:amd64 (1:0.8.9.0-3) ...
Setting up libcdparanoia0:amd64 (3.10.2+debian-14) ...
Setting up libwayland-server0:amd64 (1.21.0-1) ...
Setting up libaom3:amd64 (3.6.0-1+deb12u2) ...
Setting up libkf5service-data (5.103.0-1) ...
Setting up libvo-amrwbenc0:amd64 (0.1.3-2) ...
Setting up libpciaccess0:amd64 (0.17-2) ...
Setting up sound-icons (0.1-8) ...
Setting up libabsl20220623:amd64 (20220623.1-1+deb12u2) ...
Setting up librabbitmq4:amd64 (0.11.0-1+deb12u1) ...
Setting up libxau6:amd64 (1:1.0.9-1) ...
Setting up imagemagick-6-common (8:6.9.11.60+dfsg-1.6+deb12u6) ...
Setting up libdouble-conversion3:amd64 (3.2.1-1) ...
Setting up libraw1394-11:amd64 (2.1.2-2) ...
Setting up libsbc1:amd64 (2.0-1) ...
Setting up libkf5kcmutils-data (5.103.0-3) ...
Setting up libproxy1v5:amd64 (0.4.18-1.2) ...
Setting up pci.ids (0.0~2023.04.11-1) ...
Setting up linux-image-6.1.0-43-amd64 (6.1.162-1) ...
I: /vmlinuz is now a symlink to boot/vmlinuz-6.1.0-43-amd64
I: /initrd.img is now a symlink to boot/initrd.img-6.1.0-43-amd64
Setting up libtie-ixhash-perl (1.23-4) ...
Setting up libtag1v5-vanilla:amd64 (1.13-2) ...
Setting up libkate1:amd64 (0.4.1-11) ...
Setting up libcodec2-1.0:amd64 (1.0.5-1) ...
Setting up libsodium23:amd64 (1.0.18-1+deb12u1) ...
Setting up geocode-glib-common (3.26.3-6) ...
Setting up libgpm2:amd64 (1.20.7-10+b1) ...
Setting up libicu72:amd64 (72.1-3+deb12u1) ...
Setting up libmpg123-0:amd64 (1.31.2-1+deb12u1) ...
Setting up libcue2:amd64 (2.2.1-4+deb12u1) ...
Setting up libogg0:amd64 (1.3.5-3) ...
Setting up liblerc4:amd64 (4.0.0+ds-2) ...
Setting up liblockfile-bin (1.17-1+b1) ...
Setting up libspeex1:amd64 (1.2.1-2) ...
Setting up liblouisutdml-data (2.11.0-2) ...
Setting up fonts-noto-mono (20201225-1) ...
Setting up libshine3:amd64 (3.1.1-2) ...
Setting up bsdextrautils (2.38.1-5+deb12u3) ...
Setting up libplist3:amd64 (2.2.0-6+b2) ...
Setting up libeditorconfig0:amd64 (0.12.6-0.1) ...
Setting up hicolor-icon-theme (0.17-2) ...
Setting up libwmflite-0.2-7:amd64 (0.2.12-5.1) ...
Setting up libx264-164:amd64 (2:0.164.3095+gitbaee400-3) ...
Setting up libgtksourceview-5-common (5.6.2-1) ...
Setting up libtwolame0:amd64 (0.4.0-2) ...
Setting up libkf5config-data (5.103.0-2) ...
Setting up netcat-traditional (1.10-47) ...
update-alternatives: using /bin/nc.traditional to provide /bin/nc (nc) in auto mode
Setting up libfont-afm-perl (1.20-4) ...
Setting up libwoff1:amd64 (1.0.2-2) ...
Setting up libqrencode4:amd64 (4.1.1-1) ...
Setting up libvte-2.91-common (0.70.6-2~deb12u1) ...
Setting up cups-server-common (2.4.2-3+deb12u9) ...
Setting up libhyphen0:amd64 (2.8.8-7) ...
Setting up libdatrie1:amd64 (0.2.13-2+b1) ...
Setting up libgslcblas0:amd64 (2.7.1+dfsg-5+deb12u1) ...
Setting up libfontembed1:amd64 (1.28.17-3+deb12u2) ...
Setting up exfatprogs (1.2.0-1+deb12u1) ...
Setting up xdg-user-dirs (0.18-1) ...
Setting up libytnef0:amd64 (2.0-1+b1) ...
Setting up libgspell-1-common (1.12.0-1) ...
Setting up mobile-broadband-provider-info (20230416-1) ...
Setting up fonts-noto-color-emoji (2.042-0+deb12u1) ...
Setting up libmagic-mgc (1:5.44-3) ...
Setting up libkf5solid5-data (5.103.0-1) ...
Setting up libgsm1:amd64 (1.0.22-1) ...
Setting up anacron (2.3-36) ...
Created symlink /etc/systemd/system/multi-user.target.wants/anacron.service → /lib/systemd/system/anacron.service.
Created symlink /etc/systemd/system/timers.target.wants/anacron.timer → /lib/systemd/system/anacron.timer.
Setting up evince-common (43.1-2) ...
Setting up libvisual-0.4-0:amd64 (0.4.0-19) ...
Setting up psmisc (23.6-1) ...
Setting up libclone-perl:amd64 (0.46-1) ...
Setting up libkf5i18n-data (5.103.0-1) ...
Setting up libyaml-0-2:amd64 (0.2.5-1) ...
Setting up libglib2.0-0:amd64 (2.74.6-2+deb12u8) ...
Setting up libaspell15:amd64 (0.60.8-4+b1) ...
Setting up distro-info-data (0.58+deb12u6) ...
Setting up libboost-iostreams1.74.0:amd64 (1.74.0+ds1-21) ...
Setting up libglvnd0:amd64 (1.6.0-1) ...
Setting up liblc3-0:amd64 (1.0.1-1+b1) ...
Setting up libkf5auth-data (5.103.0-1) ...
Setting up libsidplay1v5:amd64 (1.36.60-1) ...
Setting up libwnck-3-common (43.0-3) ...
Setting up libio-stringy-perl (2.111-3) ...
Setting up libkf5itemviews-data (5.103.0-1) ...
Setting up libsnmp-base (5.9.3+dfsg-2+deb12u1) ...
Setting up libtdb1:amd64 (1.4.8-2) ...
Setting up libtotem-plparser-common (3.26.6-1) ...
Setting up libtirpc-common (1.3.3+ds-1) ...
Setting up libpgm-5.3-0:amd64 (5.3.128~dfsg-2) ...
Setting up libkf5parts-data (5.103.0-1) ...
Setting up libmaxminddb0:amd64 (1.7.1-1) ...
Setting up libhtml-tagset-perl (3.20-6) ...
Setting up libijs-0.35:amd64 (0.35-15) ...
Setting up libauthen-sasl-perl (2.1600-3) ...
Setting up cups-common (2.4.2-3+deb12u9) ...
Setting up libjxr0:amd64 (1.2~git20170615.f752187-5) ...
Setting up libxmlb2:amd64 (0.3.10-2) ...
Setting up unzip (6.0-28) ...
Setting up libcbor0.8:amd64 (0.8.0-2+b1) ...
Setting up libdbusmenu-glib4:amd64 (18.10.20180917~bzr492+repack1-3) ...
Setting up libgs-common (10.0.0~dfsg-11+deb12u8) ...
Setting up libfstrm0:amd64 (0.6.1-1) ...
Setting up libjte2:amd64 (1.22-3) ...
Setting up libunity-scopes-json-def-desktop (7.1.4+19.04.20190319-6) ...
Setting up wireless-regdb (2025.07.10-1~deb12u1) ...
update-alternatives: using /lib/firmware/regulatory.db-debian to provide /lib/firmware/regulatory.db (regulatory.db) in auto mode
Setting up libsqlite3-0:amd64 (3.40.1-2+deb12u2) ...
Setting up libtss2-mu0:amd64 (3.2.1-3) ...
Setting up libperl4-corelibs-perl (0.004-3) ...
Setting up liblwp-mediatypes-perl (6.04-2) ...
Setting up hoichess (0.22.0-3) ...
Setting up libgdk-pixbuf2.0-common (2.42.10+dfsg-1+deb12u3) ...
Setting up dosfstools (4.2-1) ...
Setting up libibus-1.0-5:amd64 (1.5.27-5) ...
Setting up libnorm1:amd64 (1.5.9+dfsg-2) ...
Setting up libgdata-common (0.18.1-2) ...
Setting up libmysofa1:amd64 (1.3.1~dfsg0-1) ...
Setting up libnatpmp1:amd64 (20150609-7.1+b2) ...
Setting up libtss2-tcti-swtpm0:amd64 (3.2.1-3) ...
Setting up libyajl2:amd64 (2.1.0-3+deb12u2) ...
Setting up x11-common (1:7.7+23) ...
debconf: unable to initialize frontend: Dialog
debconf: (No usable dialog-like program is installed, so the dialog based frontend cannot be used. at /usr/share/perl5/Debconf/FrontEnd/Dialog.pm line 78.)
debconf: falling back to frontend: Readline
Running in chroot, ignoring request.
invoke-rc.d: policy-rc.d denied execution of restart.
Setting up libtry-tiny-perl (0.31-2) ...
Setting up libsensors-config (1:3.6.0-7.1) ...
Setting up libmagic1:amd64 (1:5.44-3) ...
Setting up libldacbt-enc2:amd64 (2.0.2.3+git20200429+ed310a0-4) ...
Setting up libuno-sal3 (4:7.4.7-1+deb12u10) ...
Setting up libsgutils2-1.46-2:amd64 (1.46-3) ...
Setting up libdeflate0:amd64 (1.14-1) ...
Setting up libcloudproviders0:amd64 (0.3.1-2) ...
Setting up libapr1:amd64 (1.7.2-3+deb12u1) ...
Setting up libwebrtc-audio-processing1:amd64 (0.3-1+b1) ...
Setting up perl-openssl-defaults:amd64 (7+b1) ...
Setting up update-inetd (4.53) ...
debconf: unable to initialize frontend: Dialog
debconf: (No usable dialog-like program is installed, so the dialog based frontend cannot be used. at /usr/share/perl5/Debconf/FrontEnd/Dialog.pm line 78.)
debconf: falling back to frontend: Readline
Setting up libkf5windowsystem-data (5.103.0-1) ...
Setting up libexempi8:amd64 (2.6.3-1) ...
Setting up gnome-themes-extra-data (3.28-2) ...
Setting up gettext-base (0.21-12) ...
Setting up libgsl27:amd64 (2.7.1+dfsg-5+deb12u1) ...
Setting up libpackagekit-glib2-18:amd64 (1.2.6-5) ...
Setting up apg (2.2.3.dfsg.1-5+b2) ...
Setting up liblzo2-2:amd64 (2.10-2) ...
Setting up libboost-filesystem1.74.0:amd64 (1.74.0+ds1-21) ...
Setting up libencode-locale-perl (1.05-3) ...
Setting up libcurl3-gnutls:amd64 (7.88.1-10+deb12u14) ...
Setting up libnpth0:amd64 (1.6-3) ...
Setting up libept1.6.0:amd64 (1.2.1) ...
Setting up libhwy1:amd64 (1.0.3-3+deb12u1) ...
Setting up libntfs-3g89:amd64 (1:2022.10.3-1+deb12u2) ...
Setting up libpeas-common (1.34.0-1) ...
Setting up libkf5declarative-data (5.103.0-1) ...
Setting up libshumate-common (1.0.3-2) ...
Setting up media-player-info (24-2) ...
Setting up libeot0:amd64 (0.01-5+b1) ...
Setting up libkf5xmlgui-data (5.103.0-1) ...
Setting up file (1:5.44-3) ...
Setting up libigdgmm12:amd64 (22.3.3+ds1-1) ...
Setting up libjemalloc2:amd64 (5.3.0-1) ...
Setting up libsvtav1enc1:amd64 (1.4.1+dfsg-1) ...
Setting up libsoup-3.0-common (3.2.3-0+deb12u2) ...
Setting up libnfs13:amd64 (4.0.0-1) ...
Setting up libassuan0:amd64 (2.5.5-5) ...
Setting up linux-image-amd64 (6.1.162-1) ...
Setting up libmpeg2-4:amd64 (0.5.1-9) ...
Setting up libgomp1:amd64 (12.2.0-14+deb12u1) ...
Setting up libfuse2:amd64 (2.9.9-6+b1) ...
Setting up libcdio19:amd64 (2.1.0-4) ...
Setting up libimath-3-1-29:amd64 (3.1.6-1) ...
Setting up libatm1:amd64 (1:2.5.1-4+b2) ...
Setting up libcjson1:amd64 (1.7.15-1+deb12u4) ...
Setting up libxvidcore4:amd64 (2:1.3.7-1) ...
Setting up libkf5configwidgets-data (5.103.0-1) ...
Setting up bzip2 (1.0.8-5+b1) ...
Setting up gir1.2-gdesktopenums-3.0:amd64 (43.0-1) ...
Setting up libqqwing2v5:amd64 (1.3.4-1.1+b1) ...
Setting up libproxy1-plugin-networkmanager:amd64 (0.4.18-1.2) ...
Setting up libunwind8:amd64 (1.6.2-3) ...
Setting up libwinpr2-2:amd64 (2.11.7+dfsg1-6~deb12u1) ...
Setting up libgphoto2-l10n (2.5.30-1) ...
Setting up libgnome-games-support-common (1.8.2-1) ...
Setting up libminiupnpc17:amd64 (2.2.4-1+b1) ...
Setting up libprotobuf-c1:amd64 (1.4.1-1+b1) ...
Setting up libmpcdec6:amd64 (2:0.1~r495-2) ...
Setting up libjbig0:amd64 (2.1-6.1) ...
Setting up librav1e0:amd64 (0.5.1-6) ...
Setting up libkf5completion-data (5.103.0-1) ...
Setting up libpcre2-16-0:amd64 (10.42-1) ...
Setting up libcolord2:amd64 (1.4.6-2.2) ...
Setting up gnome-software-common (43.5-1~deb12u1) ...
Setting up libtss2-tcti-device0:amd64 (3.2.1-3) ...
Setting up gnome-terminal-data (3.46.8-1) ...
Setting up librevenge-0.0-0:amd64 (0.0.5-3) ...
Setting up libopengl0:amd64 (1.6.0-1) ...
Setting up colord-data (1.4.6-2.2) ...
Setting up libjansson4:amd64 (2.14-2) ...
Setting up libextutils-depends-perl (0.8001-2) ...
Setting up libsnappy1v5:amd64 (1.1.9-3) ...
Setting up poppler-data (0.4.12-1) ...
Setting up acl (2.3.1-3) ...
Setting up libiptcdata0 (1.0.5-2.3) ...
Setting up libao-common (1.2.2+20180113-1.1) ...
Setting up dns-root-data (2024071801~deb12u1) ...
Setting up libvo-aacenc0:amd64 (0.1.3-2) ...
Setting up libcap2-bin (1:2.66-4+deb12u2+b2) ...
Setting up libtalloc2:amd64 (2.4.0-f2) ...
Setting up libdconf1:amd64 (0.40.0-4) ...
Setting up eject (2.38.1-5+deb12u3) ...
Setting up libexiv2-27:amd64 (0.27.6-1) ...
Setting up libkf5coreaddons-data (5.103.0-1) ...
Setting up gnome-desktop3-data (43.2-2) ...
Setting up libasound2-data (1.2.8-1) ...
Setting up apparmor (3.0.8-3) ...
debconf: unable to initialize frontend: Dialog
debconf: (No usable dialog-like program is installed, so the dialog based frontend cannot be used. at /usr/share/perl5/Debconf/FrontEnd/Dialog.pm line 78.)
debconf: falling back to frontend: Readline
Created symlink /etc/systemd/system/sysinit.target.wants/apparmor.service → /lib/systemd/system/apparmor.service.
Setting up libspeechd2:amd64 (0.11.4-2) ...
Setting up libgtop2-common (2.40.0-2) ...
Setting up liba52-0.7.4:amd64 (0.7.4-20) ...
Setting up busybox (1:1.35.0-4+b7) ...
Setting up p11-kit-modules:amd64 (0.24.1-2) ...
Setting up xorg-docs-core (1:1.7.1-1.2) ...
Setting up libopencore-amrwb0:amd64 (0.1.6-1) ...
Setting up fonts-quicksand (0.2016-2.1) ...
Setting up libfontenc1:amd64 (1:1.1.4-1) ...
Setting up libreoffice-style-colibre (4:7.4.7-1+deb12u10) ...
Setting up node-clipboard (2.0.11+ds+~cs9.6.11-1) ...
Setting up libz3-4:amd64 (4.8.12-3.1) ...
Setting up liborcus-parser-0.17-0:amd64 (0.17.2-2+b2) ...
Setting up libblas3:amd64 (3.11.0-2) ...
update-alternatives: using /usr/lib/x86_64-linux-gnu/blas/libblas.so.3 to provide /usr/lib/x86_64-linux-gnu/libblas.so.3 (libblas.so.3-x86_64-linux-gnu) in auto mode
Setting up libtss2-tcti-cmd0:amd64 (3.2.1-3) ...
Setting up libsoundtouch1:amd64 (2.3.2+ds1-1) ...
Setting up libclutter-1.0-common (1.26.4+dfsg-4) ...
Setting up libzxing2:amd64 (1.4.0-3+b1) ...
Setting up libglib2.0-data (2.74.6-2+deb12u8) ...
Setting up libnumbertext-data (1.0.11-1) ...
Setting up libuv1:amd64 (1.44.2-1+deb12u1) ...
Setting up libflac12:amd64 (1.4.2+ds-2) ...
Setting up gnome-accessibility-themes (3.28-2) ...
Setting up libgles2:amd64 (1.6.0-1) ...
Setting up libqrtr-glib0:amd64 (1.2.2-1) ...
Setting up libjpeg62-turbo:amd64 (1:2.1.5-2) ...
Setting up qttranslations5-l10n (5.15.8-2) ...
Setting up liblouis-data (3.24.0-1) ...
Setting up libdvdread8:amd64 (6.1.3-1) ...
Setting up emacsen-common (3.0.5) ...
Setting up libslang2:amd64 (2.3.3-3) ...
Setting up libatasmart4:amd64 (0.19-5) ...
Setting up libtevent0:amd64 (0.14.1-1) ...
Setting up libva2:amd64 (2.17.0-1) ...
Setting up libpcap0.8:amd64 (1.10.3-1) ...
Setting up libdata-dump-perl (1.25-1) ...
Setting up libmbedcrypto7:amd64 (2.28.3-1) ...
Setting up libblockdev-utils2:amd64 (2.28-2+deb12u1) ...
Setting up libx11-data (2:1.8.4-2+deb12u2) ...
Setting up libepoxy0:amd64 (1.5.10-1) ...
Setting up libmpfr6:amd64 (4.2.0-1) ...
Setting up libnspr4:amd64 (2:4.35-1) ...
Setting up gnupg-l10n (2.2.40-1.1+deb12u2) ...
Setting up libyaml-cpp0.7:amd64 (0.7.0+dfsg-8+b1) ...
Setting up ssl-cert (1.1.2) ...
debconf: unable to initialize frontend: Dialog
debconf: (No usable dialog-like program is installed, so the dialog based frontend cannot be used. at /usr/share/perl5/Debconf/FrontEnd/Dialog.pm line 78.)
debconf: falling back to frontend: Readline
Setting up libjbig2dec0:amd64 (0.19-3) ...
Setting up gnome-bluetooth-3-common (42.5-3) ...
Setting up libipc-system-simple-perl (1.30-2) ...
Setting up low-memory-monitor (2.1-1) ...
Created symlink /etc/systemd/system/basic.target.wants/low-memory-monitor.service → /lib/systemd/system/low-memory-monitor.service.
Setting up libsmbios-c2 (2.4.3-1) ...
Setting up libsigc++-2.0-0v5:amd64 (2.12.0-1) ...
Setting up fonts-liberation2 (2.1.5-1) ...
Setting up libxml-xpathengine-perl (0.14-2) ...
Setting up live-config-doc (11.0.3+nmu1) ...
Setting up libkf5dbusaddons-data (5.103.0-1) ...
Setting up libteamdctl0:amd64 (1.31-1) ...
Setting up libavahi-common-data:amd64 (0.8-10+deb12u1) ...
Setting up liblirc-client0:amd64 (0.10.1-7.2) ...
Setting up libncurses6:amd64 (6.4-4) ...
Setting up wamerican (2020.12.07-2) ...
debconf: unable to initialize frontend: Dialog
debconf: (No usable dialog-like program is installed, so the dialog based frontend cannot be used. at /usr/share/perl5/Debconf/FrontEnd/Dialog.pm line 78.)
debconf: falling back to frontend: Readline
Setting up xz-utils (5.4.1-1) ...
update-alternatives: using /usr/bin/xz to provide /usr/bin/lzma (lzma) in auto mode
Setting up xfonts-encodings (1:1.0.4-2.2) ...
Setting up libopenexr-3-1-30:amd64 (3.1.5-5) ...
Setting up zenity-common (3.44.0-1) ...
Setting up libfribidi0:amd64 (1.0.8-2.1) ...
Setting up libmtp-common (1.1.20-1) ...
Setting up libopus0:amd64 (1.3.1-3) ...
Setting up libquadmath0:amd64 (12.2.0-14+deb12u1) ...
Setting up libfaad2:amd64 (2.10.1-1) ...
Setting up libkf5notifications-data (5.103.0-1) ...
Setting up libexif12:amd64 (0.6.24-1+b1) ...
Setting up libproc2-0:amd64 (2:4.0.2-3) ...
Setting up intel-media-va-driver:amd64 (23.1.1+dfsg1-1) ...
Setting up libcogl-common (1.22.8-3) ...
Setting up libpng16-16:amd64 (1.6.39-2+deb12u1) ...
Setting up tree (2.1.0-1) ...
Setting up usb-modeswitch-data (20191128-5) ...
Setting up libmpc3:amd64 (1.3.1-1) ...
Setting up libmnl0:amd64 (1.0.4-3) ...
Setting up libgee-0.8-2:amd64 (0.20.6-1) ...
Setting up libatomic1:amd64 (12.2.0-14+deb12u1) ...
Setting up libvorbis0a:amd64 (1.3.7-1) ...
Setting up libidn12:amd64 (1.41-1) ...
Setting up libevent-2.1-7:amd64 (2.1.12-stable-8) ...
Setting up libio-html-perl (1.004-3) ...
Setting up libnautilus-extension4:amd64 (43.2-1) ...
Setting up liborc-0.4-0:amd64 (1:0.4.33-2) ...
Setting up usb.ids (2025.07.26-0+deb12u1) ...
Setting up libnss-myhostname:amd64 (252.39-1~deb12u1) ...
Setting up fonts-dejavu-core (2.37-6) ...
Setting up libgav1-1:amd64 (0.18.0-1+b1) ...
Setting up libfreehand-0.1-1 (0.1.2-3) ...
Setting up libtss2-tcti-mssim0:amd64 (3.2.1-3) ...
Setting up libclucene-core1v5:amd64 (2.3.3.4+dfsg-1.1) ...
Setting up osinfo-db (0.20221130-2) ...
Setting up libpcsclite1:amd64 (1.9.9-2) ...
Setting up libsensors5:amd64 (1:3.6.0-7.1) ...
Setting up node-prismjs (1.29.0+dfsg+~1.26.0-1) ...
Setting up libaacs0:amd64 (0.11.1-2) ...
Setting up libjxl0.7:amd64 (0.7.0-10+deb12u1) ...
Setting up libncursesw6:amd64 (6.4-4) ...
Setting up fonts-symbola (2.60-1.1) ...
Setting up libfuse3-3:amd64 (3.14.0-4) ...
Setting up pocketsphinx-en-us (0.8+5prealpha+1-15) ...
Setting up libxtables12:amd64 (1.8.9-2) ...
Setting up lynx-common (2.9.0dev.12-1) ...
Setting up libsonic0:amd64 (0.2.0-12) ...
Setting up libraw20:amd64 (0.20.2-2.1+deb12u1) ...
Setting up libgc1:amd64 (1:8.2.2-3) ...
Setting up libdav1d6:amd64 (1.0.0-2+deb12u1) ...
Setting up libltdl7:amd64 (2.4.7-7~deb12u1) ...
Setting up libgnome-menu-3-0:amd64 (3.36.0-1.1) ...
Setting up libfftw3-double3:amd64 (3.3.10-1) ...
Setting up libglapi-mesa:amd64 (22.3.6-1+deb12u1) ...
Setting up libkf5wallet-data (5.103.0-1) ...
Setting up libnm0:amd64 (1.42.4-1+deb12u1) ...
Setting up libkpathsea6:amd64 (2022.20220321.62855-5.1+deb12u2) ...
Setting up libbox2d2:amd64 (2.4.1-3) ...
Setting up libkf5jobwidgets-data (5.103.0-1) ...
Setting up libgfortran5:amd64 (12.2.0-14+deb12u1) ...
Setting up libmtdev1:amd64 (1.1.6-1) ...
Setting up libvulkan1:amd64 (1.3.239.0-1) ...
Setting up libmozjs-102-0:amd64 (102.15.1-1~deb12u1) ...
Setting up libopenh264-7:amd64 (2.3.1+dfsg-3+deb12u2) ...
Setting up libcrack2:amd64 (2.9.6-5+b1) ...
Setting up libkf5sonnet5-data (5.103.0-1) ...
Setting up libkf5iconthemes-data (5.103.0-1) ...
Setting up libltc11:amd64 (1.3.2-1) ...
Setting up im-config (0.55-2) ...
Setting up libsoup2.4-common (2.74.3-1+deb12u1) ...
Setting up libwebp7:amd64 (1.2.4-0.2+deb12u1) ...
Setting up librubberband2:amd64 (3.1.2+dfsg0-1) ...
Setting up libmhash2:amd64 (0.9.9.9-9) ...
Setting up lm-sensors (1:3.6.0-7.1) ...
Created symlink /etc/systemd/system/multi-user.target.wants/lm-sensors.service → /lib/systemd/system/lm-sensors.service.
Setting up libtimedate-perl (2.3300-2) ...
Setting up libregexp-ipv6-perl (0.03-3) ...
Setting up libmythes-1.2-0:amd64 (2:1.2.5-1) ...
Setting up libgif7:amd64 (5.2.1-2.5) ...
Setting up libpci3:amd64 (1:3.9.0-4) ...
Setting up libao4:amd64 (1.2.2+20180113-1.1) ...
Setting up xdg-dbus-proxy (0.1.4-3) ...
Setting up libbdplus0:amd64 (0.2.0-3) ...
Setting up fonts-dejavu-extra (2.37-6) ...
Setting up libnuma1:amd64 (2.0.16-1) ...
Setting up libvidstab1.1:amd64 (1.1.0-2+b1) ...
Setting up libldacbt-abr2:amd64 (2.0.2.3+git20200429+ed310a0-4) ...
Setting up libprotobuf32:amd64 (3.21.12-3) ...
Setting up libsrt1.5-gnutls:amd64 (1.5.1-1+deb12u1) ...
Setting up alsa-topology-conf (1.2.5.1-2) ...
Setting up libkf5globalaccel-data (5.103.0-1) ...
Setting up python-apt-common (2.6.0) ...
Setting up libtag1v5:amd64 (1.13-2) ...
Setting up gnome-keyring-pkcs11:amd64 (42.1-1+b2) ...
Setting up liblqr-1-0:amd64 (0.4.2-2.1) ...
Setting up sound-theme-freedesktop (0.8-2) ...
Setting up sensible-utils (0.0.17+nmu1) ...
Setting up libdv4:amd64 (1.0.0-15) ...
Setting up ocl-icd-libopencl1:amd64 (2.3.1-1) ...
Setting up libduktape207:amd64 (2.7.0-2) ...
Setting up exim4-config (4.96-15+deb12u7) ...
debconf: unable to initialize frontend: Dialog
debconf: (No usable dialog-like program is installed, so the dialog based frontend cannot be used. at /usr/share/perl5/Debconf/FrontEnd/Dialog.pm line 78.)
debconf: falling back to frontend: Readline
Adding system-user for exim (v4)
Setting up uuid-runtime (2.38.1-5+deb12u3) ...
Adding group `uuidd' (GID 110) ...
Done.
Running in chroot, ignoring request.
invoke-rc.d: policy-rc.d denied execution of start.
Created symlink /etc/systemd/system/sockets.target.wants/uuidd.socket → /lib/systemd/system/uuidd.socket.
Setting up libasyncns0:amd64 (0.8-6+b3) ...
Setting up libwildmidi2:amd64 (0.4.3-1) ...
Setting up libxshmfence1:amd64 (1.3-1) ...
Setting up libmm-glib0:amd64 (1.20.4-1) ...
Setting up libusbmuxd6:amd64 (2.0.2-3) ...
Setting up at-spi2-common (2.46.0-5) ...
Setting up libbluetooth3:amd64 (5.66-1+deb12u2) ...
Setting up libwavpack1:amd64 (5.6.0-1) ...
Setting up libtiff6:amd64 (4.5.0-6+deb12u3) ...
Setting up libbs2b0:amd64 (3.1.0+dfsg-7) ...
Setting up libnfnetlink0:amd64 (1.0.2-2) ...
Setting up libplymouth5:amd64 (22.02.122-3) ...
Setting up libexttextcat-data (3.4.5-1) ...
Setting up libuchardet0:amd64 (0.0.7-1) ...
Setting up liblua5.3-0:amd64 (5.3.6-2) ...
Setting up procps (2:4.0.2-3) ...
Setting up libasound2:amd64 (1.2.8-1+b1) ...
Setting up libv4lconvert0:amd64 (1.22.1-5+b2) ...
Setting up libnl-3-200:amd64 (3.7.0-0.2+b1) ...
Setting up fwupd-amd64-signed (1:1.4+1) ...
Setting up bogofilter-common (1.2.5-1+b2) ...
Setting up libepubgen-0.1-1:amd64 (0.1.1-1) ...
Setting up libxcvt0:amd64 (0.1.2-1) ...
Setting up gnome-session-common (43.0-1+deb12u1) ...
Setting up live-config-systemd (11.0.3+nmu1) ...
Created symlink /etc/systemd/system/basic.target.wants/live-config.service → /lib/systemd/system/live-config.service.
Setting up libblockdev-part-err2:amd64 (2.28-2+deb12u1) ...
Setting up libuno-salhelpergcc3-3 (4:7.4.7-1+deb12u10) ...
Setting up libopencore-amrnb0:amd64 (0.1.6-1) ...
Setting up libpam-systemd:amd64 (252.39-1~deb12u1) ...
debconf: unable to initialize frontend: Dialog
debconf: (No usable dialog-like program is installed, so the dialog based frontend cannot be used. at /usr/share/perl5/Debconf/FrontEnd/Dialog.pm line 78.)
debconf: falling back to frontend: Readline
Setting up libgtop-2.0-11:amd64 (2.40.0-2) ...
Setting up libmd4c0:amd64 (0.4.8-1) ...
Setting up libdca0:amd64 (0.0.7-2) ...
Setting up libupower-glib3:amd64 (0.99.20-2) ...
Setting up libdotconf0:amd64 (1.3-0.3) ...
Setting up libzimg2:amd64 (3.0.4+ds1-1) ...
Setting up libefivar1:amd64 (37-6) ...
Setting up libical3:amd64 (3.0.16-1+b1) ...
Setting up libopenjp2-7:amd64 (2.5.0-2+deb12u2) ...
Setting up libopenal-data (1:1.19.1-2) ...
Setting up libthai-data (0.1.29-1) ...
Setting up libgirepository-1.0-1:amd64 (1.74.0-3) ...
Setting up netbase (6.4) ...
Setting up libjson-glib-1.0-common (1.6.6-1) ...
Setting up libvpx7:amd64 (1.12.0-1+deb12u4) ...
Setting up sgml-base (1.31) ...
Setting up libgtk2.0-common (2.24.33-2+deb12u1) ...
Setting up libatk1.0-0:amd64 (2.46.0-5) ...
Setting up liblockfile1:amd64 (1.17-1+b1) ...
Setting up libglu1-mesa:amd64 (9.0.2-1.1) ...
Setting up libbrlapi0.8:amd64 (6.5-7+deb12u1) ...
Setting up fonts-droid-fallback (1:6.0.1r16-1.1) ...
Setting up libwayland-egl1:amd64 (1.21.0-1) ...
Setting up libusb-1.0-0:amd64 (2:1.0.26-1) ...
Setting up libstemmer0d:amd64 (2.2.0-2) ...
Setting up libkf5textwidgets-data (5.103.0-1) ...
Setting up libtss2-rc0:amd64 (3.2.1-3) ...
Setting up libgphoto2-port12:amd64 (2.5.30-1) ...
Setting up libdjvulibre-text (3.5.28-2.2~deb12u1) ...
Setting up libgexiv2-2:amd64 (0.14.0-1+b1) ...
Setting up live-boot-initramfs-tools (1:20230131+deb12u1) ...
Setting up user-setup (1.95) ...
debconf: unable to initialize frontend: Dialog
debconf: (No usable dialog-like program is installed, so the dialog based frontend cannot be used. at /usr/share/perl5/Debconf/FrontEnd/Dialog.pm line 78.)
debconf: falling back to frontend: Readline
Setting up libndp0:amd64 (1.8-1+deb12u1) ...
Setting up liblangtag-common (0.6.4-2) ...
Setting up libburn4:amd64 (1.5.4-1) ...
Setting up dmidecode (3.4-1) ...
Setting up libhunspell-1.7-0:amd64 (1.7.1-1) ...
Setting up libkf5guiaddons-data (5.103.0-1) ...
Setting up libaccountsservice0:amd64 (22.08.8-6) ...
Setting up p11-kit (0.24.1-2) ...
Setting up glib-networking-common (2.74.0-4) ...
Setting up libsane-common (1.2.1-2) ...
Setting up libgck-1-0:amd64 (3.41.1-1+b1) ...
Setting up lsb-release (12.0-1) ...
Setting up libieee1284-3:amd64 (0.2.11-14) ...
Setting up libmfx1:amd64 (22.5.4-1) ...
Setting up libfido2-1:amd64 (1.12.0-2+b1) ...
Setting up libboost-python1.74.0 (1.74.0+ds1-21) ...
Setting up libisl23:amd64 (0.25-1.1) ...
Setting up libgcab-1.0-0:amd64 (1.5-1) ...
Setting up libde265-0:amd64 (1.0.11-1+deb12u2) ...
Setting up libkf5archive-data (5.103.0-1) ...
Setting up libdaemon0:amd64 (0.14-7.1) ...
Setting up live-boot-doc (1:20230131+deb12u1) ...
Setting up libsamplerate0:amd64 (0.2.2-3) ...
Setting up timgm6mb-soundfont (1.3-5) ...
update-alternatives: using /usr/share/sounds/sf2/TimGM6mb.sf2 to provide /usr/share/sounds/sf2/default-GM.sf2 (default-GM.sf2) in auto mode
update-alternatives: using /usr/share/sounds/sf2/TimGM6mb.sf2 to provide /usr/share/sounds/sf3/default-GM.sf3 (default-GM.sf3) in auto mode
Setting up libimobiledevice6:amd64 (1.3.0-6+b3) ...
Setting up transmission-common (3.00-2.1+deb12u1) ...
Setting up libldb2:amd64 (2:2.6.2+samba4.17.12+dfsg-0+deb12u3) ...
Setting up libnss-mdns:amd64 (0.15.1-3) ...
Setting up libwebpmux3:amd64 (1.2.4-0.2+deb12u1) ...
Setting up libbsd0:amd64 (0.11.7-2) ...
Setting up libwpd-0.10-10:amd64 (0.10.3-2+b1) ...
Setting up node-normalize.css (8.0.1-5) ...
Setting up libatopology2:amd64 (1.2.8-1+b1) ...
Setting up libdrm-common (2.4.114-1) ...
Setting up libyuv0:amd64 (0.0~git20230123.b2528b0-1) ...
Setting up mailcap (3.70+nmu1) ...
Setting up libelf1:amd64 (0.188-2.1) ...
Setting up libnumbertext-1.0-0:amd64 (1.0.11-1) ...
Setting up libcmark0.30.2:amd64 (0.30.2-6) ...
Setting up libpam-cap:amd64 (1:2.66-4+deb12u2+b2) ...
debconf: unable to initialize frontend: Dialog
debconf: (No usable dialog-like program is installed, so the dialog based frontend cannot be used. at /usr/share/perl5/Debconf/FrontEnd/Dialog.pm line 78.)
debconf: falling back to frontend: Readline
Setting up libjim0.81:amd64 (0.81+dfsg0-2) ...
Setting up libkf5widgetsaddons-data (5.103.0-1) ...
Setting up libgcr-base-3-1:amd64 (3.41.1-1+b1) ...
Setting up libevdev2:amd64 (1.13.0+dfsg-1) ...
Setting up libgtksourceview-4-common (4.8.4-4) ...
Setting up readline-common (8.2-1.3) ...
Setting up gnome-backgrounds (43.1-1) ...
Setting up libxml2:amd64 (2.9.14+dfsg-1.3~deb12u5) ...
Setting up libpam-gnome-keyring:amd64 (42.1-1+b2) ...
debconf: unable to initialize frontend: Dialog
debconf: (No usable dialog-like program is installed, so the dialog based frontend cannot be used. at /usr/share/perl5/Debconf/FrontEnd/Dialog.pm line 78.)
debconf: falling back to frontend: Readline
Setting up xdg-utils (1.1.3-4.1) ...
update-alternatives: using /usr/bin/xdg-open to provide /usr/bin/open (open) in auto mode
Setting up libpst4:amd64 (0.6.76-1) ...
Setting up libsuitesparseconfig5:amd64 (1:5.12.0+dfsg-2) ...
Setting up liburi-perl (5.17-1) ...
Setting up libmjpegutils-2.1-0:amd64 (1:2.1.0+debian-7) ...
Setting up iso-codes (4.15.0-1) ...
Setting up libonig5:amd64 (6.9.8-1) ...
Setting up shim-unsigned:amd64 (15.8-1~deb12u1) ...
Setting up libx11-protocol-perl (0.56-9) ...
Setting up libgudev-1.0-0:amd64 (237-2) ...
Setting up libpolkit-gobject-1-0:amd64 (122-3) ...
Setting up xbitmaps (1.1.1-2.2) ...
Setting up libzvbi-common (0.2.41-1) ...
Setting up libbpf1:amd64 (1:1.1.2-0+deb12u1) ...
Setting up libsecret-common (0.20.5-3) ...
Setting up libmbim-glib4:amd64 (1.28.2-1) ...
Setting up p7zip (16.02+dfsg-8) ...
Setting up fonts-opensymbol (4:102.12+LibO7.4.7-1+deb12u10) ...
Setting up yelp-xsl (42.1-2+deb12u1) ...
Setting up libmp3lame0:amd64 (3.100-6) ...
Setting up libgraphene-1.0-0:amd64 (1.10.8-1) ...
Setting up kwayland-data (4:5.103.0-1) ...
Setting up libosinfo-l10n (1.10.0-2) ...
Setting up libudisks2-0:amd64 (2.9.4-4+deb12u2) ...
Setting up espeak-ng-data:amd64 (1.51+dfsg-10+deb12u2) ...
Setting up libvorbisenc2:amd64 (1.3.7-1) ...
Setting up libsynctex2:amd64 (2022.20220321.62855-5.1+deb12u2) ...
Setting up libodfgen-0.1-1:amd64 (0.1.8-2) ...
Setting up bolt (0.9.5-1) ...
Setting up libmalcontent-0-0:amd64 (0.11.0-4) ...
Setting up libvisio-0.1-1:amd64 (0.1.7-1+b3) ...
Setting up libdvdnav4:amd64 (6.1.1-1) ...
Setting up libpopt0:amd64 (1.19+dfsg-1) ...
Setting up libboost-thread1.74.0:amd64 (1.74.0+ds1-21) ...
Setting up laptop-detect (0.16) ...
Setting up libqpdf29:amd64 (11.3.0-1+deb12u1) ...
Setting up libiec61883-0:amd64 (1.2.0-6+b1) ...
Setting up libserd-0-0:amd64 (0.30.16-1) ...
Setting up libwacom-common (2.6.0-1) ...
Setting up libaprutil1:amd64 (1.6.3-1) ...
Setting up libxkbcommon0:amd64 (1.5.0-1) ...
Setting up libwayland-client0:amd64 (1.21.0-1) ...
Setting up libnet-ssleay-perl:amd64 (1.92-2+b1) ...
Setting up libreoffice-style-elementary (4:7.4.7-1+deb12u10) ...
Setting up pinentry-curses (1.2.1-1) ...
Setting up libavc1394-0:amd64 (0.5.4-5) ...
Setting up libisofs6:amd64 (1.5.4-1) ...
Setting up liblouis20:amd64 (3.24.0-1) ...
Setting up libtirpc3:amd64 (1.3.3+ds-1) ...
Setting up glib-networking-services (2.74.0-4) ...
Setting up libglibmm-2.4-1v5:amd64 (2.66.5-2) ...
Setting up libzvbi0:amd64 (0.2.41-1) ...
Setting up libice6:amd64 (2:1.0.10-1) ...
Setting up libhttp-date-perl (6.05-2) ...
Setting up iio-sensor-proxy (3.0-2) ...
Setting up fonts-dejavu (2.37-6) ...
Setting up libdw1:amd64 (0.188-2.1) ...
Setting up libxdmcp6:amd64 (1:1.1.2-3) ...
Setting up liblapack3:amd64 (3.11.0-2) ...
update-alternatives: using /usr/lib/x86_64-linux-gnu/lapack/liblapack.so.3 to provide /usr/lib/x86_64-linux-gnu/liblapack.so.3 (liblapack.so.3-x86_64-linux-gnu) in auto mode
Setting up libstaroffice-0.0-0:amd64 (0.0.7-1) ...
Setting up cpp-12 (12.2.0-14+deb12u1) ...
Setting up libglib-perl:amd64 (3:1.329.3-2+b2) ...
Setting up libgeoclue-2-0:amd64 (2.6.0-2+deb12u1) ...
Setting up libxcb1:amd64 (1.15-1) ...
Setting up libfile-basedir-perl (0.09-2) ...
Setting up libnewt0.52:amd64 (0.52.23-1+b1) ...
Setting up exim4-base (4.96-15+deb12u7) ...
debconf: unable to initialize frontend: Dialog
debconf: (No usable dialog-like program is installed, so the dialog based frontend cannot be used. at /usr/share/perl5/Debconf/FrontEnd/Dialog.pm line 78.)
debconf: falling back to frontend: Readline
exim: DB upgrade, deleting hints-db
Created symlink /etc/systemd/system/timers.target.wants/exim4-base.timer → /lib/systemd/system/exim4-base.timer.
Setting up libfftw3-single3:amd64 (3.3.10-1) ...
Setting up libopenni2-0:amd64 (2.2.0.33+dfsg-15+b1) ...
Setting up libxcb-xfixes0:amd64 (1.15-1) ...
Setting up libplacebo208:amd64 (4.208.0-3) ...
Setting up libwps-0.4-4:amd64 (0.4.13-1) ...
Setting up desktop-file-utils (0.26-1) ...
Setting up libportal1:amd64 (0.6-4) ...
Setting up libfile-listing-perl (6.15-1) ...
Setting up libzmq5:amd64 (4.3.4-6) ...
Setting up mokutil (0.6.0-2) ...
Setting up dconf-cli (0.40.0-4) ...
Setting up libcolamd2:amd64 (1:5.12.0+dfsg-2) ...
Setting up libjxr-tools (1.2~git20170615.f752187-5) ...
Setting up libblockdev-swap2:amd64 (2.28-2+deb12u1) ...
Setting up libcaca0:amd64 (0.99.beta20-3) ...
Setting up libavif15:amd64 (0.11.1-1+deb12u1) ...
Setting up realmd (0.17.1-1) ...
Setting up libexttextcat-2.0-0:amd64 (3.4.5-1) ...
Setting up libxcb-xinput0:amd64 (1.15-1) ...
Setting up squashfs-tools (1:4.5.1-1) ...
Setting up libdee-1.0-4:amd64 (1.2.7+17.10.20170616-7+b2) ...
Setting up libtss2-sys1:amd64 (3.2.1-3) ...
Setting up bind9-libs:amd64 (1:9.18.44-1~deb12u1) ...
Setting up dictionaries-common (1.29.5) ...
debconf: unable to initialize frontend: Dialog
debconf: (No usable dialog-like program is installed, so the dialog based frontend cannot be used. at /usr/share/perl5/Debconf/FrontEnd/Dialog.pm line 78.)
debconf: falling back to frontend: Readline
Setting up libmspub-0.1-1:amd64 (0.1.4-3+b3) ...
Setting up alsa-ucm-conf (1.2.8-1) ...
Setting up libarchive13:amd64 (3.6.2-1+deb12u3) ...
Setting up bogofilter-bdb (1.2.5-1+b2) ...
Setting up libxcb-render0:amd64 (1.15-1) ...
Setting up libsoxr0:amd64 (0.1.3-4) ...
Setting up libwacom9:amd64 (2.6.0-1) ...
Setting up libcdio-cdda2:amd64 (10.2+2.0.1-1) ...
Setting up libjq1:amd64 (1.6-2.1+deb12u1) ...
Setting up fontconfig-config (2.14.1-4) ...
debconf: unable to initialize frontend: Dialog
debconf: (No usable dialog-like program is installed, so the dialog based frontend cannot be used. at /usr/share/perl5/Debconf/FrontEnd/Dialog.pm line 78.)
debconf: falling back to frontend: Readline
Setting up iproute2 (6.1.0-3) ...
debconf: unable to initialize frontend: Dialog
debconf: (No usable dialog-like program is installed, so the dialog based frontend cannot be used. at /usr/share/perl5/Debconf/FrontEnd/Dialog.pm line 78.)
debconf: falling back to frontend: Readline
Setting up libgusb2:amd64 (0.3.10-1) ...
Setting up libcdio-paranoia2:amd64 (10.2+2.0.1-1) ...
Setting up libgom-1.0-0:amd64 (0.4-1) ...
Setting up libxcb-glx0:amd64 (1.15-1) ...
Setting up libwebpdemux2:amd64 (1.2.4-0.2+deb12u1) ...
Setting up btrfs-progs (6.2-1+deb12u2) ...
Setting up libmanette-0.2-0:amd64 (0.2.6-3+b1) ...
Setting up power-profiles-daemon (0.12-1+b1) ...
Created symlink /etc/systemd/system/graphical.target.wants/power-profiles-daemon.service → /lib/systemd/system/power-profiles-daemon.service.
Setting up libedit2:amd64 (3.1-20221030-2) ...
Setting up libreadline8:amd64 (8.2-1.3) ...
Setting up cron (3.0pl1-162) ...
Running in chroot, ignoring request.
invoke-rc.d: policy-rc.d denied execution of start.
Created symlink /etc/systemd/system/multi-user.target.wants/cron.service → /lib/systemd/system/cron.service.
Setting up libxcb-keysyms1:amd64 (0.4.0-1+b2) ...
Setting up libxcb-shape0:amd64 (1.15-1) ...
Setting up libgnome-autoar-0-0:amd64 (0.4.3-1) ...
Setting up libdjvulibre21:amd64 (3.5.28-2.2~deb12u1) ...
Setting up libavahi-common3:amd64 (0.8-10+deb12u1) ...
Setting up lp-solve (5.5.2.5-2) ...
Setting up upower (0.99.20-2) ...
Setting up libgnome-bluetooth-3.0-13:amd64 (42.5-3) ...
Setting up libjavascriptcoregtk-4.0-18:amd64 (2.50.4-1~deb12u1) ...
Setting up bc (1.07.1-3+b1) ...
Setting up libglib2.0-bin (2.74.6-2+deb12u8) ...
Setting up libnet-http-perl (6.22-1) ...
Setting up libcolorhug2:amd64 (1.4.6-2.2) ...
Setting up libxcb-render-util0:amd64 (0.3.9-1+b1) ...
Setting up libjaylink0:amd64 (0.3.1-1) ...
Setting up libblockdev-loop2:amd64 (2.28-2+deb12u1) ...
Setting up libnftnl11:amd64 (1.2.4-2) ...
Setting up libefiboot1:amd64 (37-6) ...
Setting up mythes-en-us (1:7.5.0-1) ...
Setting up p7zip-full (16.02+dfsg-8) ...
Setting up libpagemaker-0.0-0:amd64 (0.0.4-1) ...
Setting up libnss3:amd64 (2:3.87.1-1+deb12u1) ...
Setting up libblockdev2:amd64 (2.28-2+deb12u1) ...
Setting up libxcb-shm0:amd64 (1.15-1) ...
Setting up libxcb-icccm4:amd64 (0.4.1-1.1) ...
Setting up libmwaw-0.3-3:amd64 (0.3.21-1) ...
Setting up libmbim-proxy (1.28.2-1) ...
Setting up libaprutil1-ldap:amd64 (1.6.3-1) ...
Setting up libcdr-0.1-1:amd64 (0.1.6-2+b2) ...
Setting up liblangtag1:amd64 (0.6.4-2) ...
Setting up libzmf-0.0-0:amd64 (0.0.2-1+b5) ...
Setting up libaprutil1-dbd-sqlite3:amd64 (1.6.3-1) ...
Setting up libappstream4:amd64 (0.16.1-2) ...
Setting up hyphen-en-us (2.8.8-7) ...
Setting up usbutils (1:014-1+deb12u1) ...
Setting up libwbclient0:amd64 (2:4.17.12+dfsg-0+deb12u3) ...
Setting up libqxp-0.0-0 (0.0.2-1+b3) ...
Setting up live-config (11.0.3+nmu1) ...
Setting up fdisk (2.38.1-5+deb12u3) ...
Setting up libspandsp2:amd64 (0.0.6+dfsg-2+b1) ...
Setting up libxcb-util1:amd64 (0.4.0-1+b1) ...
Setting up bluez-obexd (5.66-1+deb12u2) ...
Created symlink /etc/systemd/user/dbus-org.bluez.obex.service → /usr/lib/systemd/user/obex.service.
Setting up liborcus-0.17-0:amd64 (0.17.2-2+b2) ...
Setting up live-boot (1:20230131+deb12u1) ...
Setting up libjson-glib-1.0-0:amd64 (1.6.6-1) ...
Setting up libproxy1-plugin-webkit:amd64 (0.4.18-1.2) ...
Setting up libinput-bin (1.22.1-1) ...
Setting up libxcb-xkb1:amd64 (1.15-1) ...
Setting up libxcb-image0:amd64 (0.4.0-2) ...
Setting up libgsf-1-114:amd64 (1.14.50-1+deb12u1) ...
Setting up libnl-route-3-200:amd64 (3.7.0-0.2+b1) ...
Setting up xcvt (0.1.2-1) ...
Setting up fuse3 (3.14.0-4) ...
Setting up librist4:amd64 (0.2.7+dfsg-1) ...
Setting up libphonenumber8:amd64 (8.12.57+ds-3) ...
Setting up libxcb-present0:amd64 (1.15-1) ...
Setting up libv4l-0:amd64 (1.22.1-5+b2) ...
Setting up gdisk (1.0.9-2.1) ...
Setting up coinor-libcoinutils3v5:amd64 (2.11.4+repack1-2) ...
Setting up libthai0:amd64 (0.1.29-1) ...
Setting up liblouisutdml9:amd64 (2.11.0-2) ...
Setting up libftdi1-2:amd64 (1.5-6+b2) ...
Setting up libvorbisfile3:amd64 (1.3.7-1) ...
Setting up alsa-utils (1.2.8-1) ...
Setting up cracklib-runtime (2.9.6-5+b1) ...
Setting up dbus-user-session (1.14.10-1~deb12u1) ...
Setting up bluez (5.66-1+deb12u2) ...
Running in chroot, ignoring request.
invoke-rc.d: policy-rc.d denied execution of force-reload.
Running in chroot, ignoring request.
invoke-rc.d: policy-rc.d denied execution of start.
Created symlink /etc/systemd/system/dbus-org.bluez.service → /lib/systemd/system/bluetooth.service.
Created symlink /etc/systemd/system/bluetooth.target.wants/bluetooth.service → /lib/systemd/system/bluetooth.service.
Setting up libflashrom1:amd64 (1.3.0-2.1) ...
Setting up libsecret-1-0:amd64 (0.20.5-3) ...
Setting up libtss2-esys-3.0.2-0:amd64 (3.2.1-3) ...
Setting up libxcb-xinerama0:amd64 (1.15-1) ...
Setting up libjavascriptcoregtk-4.1-0:amd64 (2.50.4-1~deb12u1) ...
Setting up libunbound8:amd64 (1.17.1-2+deb12u4) ...
Setting up libpwquality1:amd64 (1.4.5-1+b1) ...
Setting up libfreetype6:amd64 (2.12.1+dfsg-5+deb12u4) ...
Setting up liblouisutdml-bin (2.11.0-2) ...
Setting up libxkbregistry0:amd64 (1.5.0-1) ...
Setting up libspa-0.2-modules:amd64 (0.3.65-3+deb12u1) ...
Setting up libjavascriptcoregtk-6.0-1:amd64 (2.50.4-1~deb12u1) ...
Setting up libxcb-sync1:amd64 (1.15-1) ...
Setting up libuno-cppu3 (4:7.4.7-1+deb12u10) ...
Setting up libtotem-plparser18:amd64 (3.26.6-1+b1) ...
Setting up libpipewire-0.3-0:amd64 (0.3.65-3+deb12u1) ...
Setting up shared-mime-info (2.2-1) ...
Setting up libxkbcommon-x11-0:amd64 (1.5.0-1) ...
Setting up libdc1394-25:amd64 (2.2.6-4) ...
Setting up shim-signed-common (1.44~1+deb12u1+15.8-1~deb12u1) ...
debconf: unable to initialize frontend: Dialog
debconf: (No usable dialog-like program is installed, so the dialog based frontend cannot be used. at /usr/share/perl5/Debconf/FrontEnd/Dialog.pm line 78.)
debconf: falling back to frontend: Readline
No DKMS packages installed: not changing Secure Boot validation state.
Setting up libclucene-contribs1v5:amd64 (2.3.3.4+dfsg-1.1) ...
Setting up libmpeg2encpp-2.1-0:amd64 (1:2.1.0+debian-7) ...
Setting up libtss2-tctildr0:amd64 (3.2.1-3) ...
Setting up ucf (3.0043+nmu1+deb12u1) ...
debconf: unable to initialize frontend: Dialog
debconf: (No usable dialog-like program is installed, so the dialog based frontend cannot be used. at /usr/share/perl5/Debconf/FrontEnd/Dialog.pm line 78.)
debconf: falling back to frontend: Readline
Setting up gir1.2-glib-2.0:amd64 (1.74.0-3) ...
Setting up aspell (0.60.8-4+b1) ...
Setting up usbmuxd (1.1.1-2+deb12u1) ...
adduser: Warning: The home dir /var/lib/usbmux you specified can't be accessed: No such file or directory
Adding system user `usbmux' (UID 104) ...
Adding new user `usbmux' (UID 104) with group `plugdev' ...
Not creating home directory `/var/lib/usbmux'.
Setting up pciutils (1:3.9.0-4) ...
Setting up libqt5core5a:amd64 (5.15.8+dfsg-11+deb12u3) ...
Setting up shim-helpers-amd64-signed (1+15.8+1~deb12u1) ...
Setting up coinor-libosi1v5:amd64 (0.108.6+repack1-2) ...
Setting up libfile-desktopentry-perl (0.22-3) ...
Setting up lsof (4.95.0-1) ...
Setting up libx265-199:amd64 (3.5-2+b1) ...
Setting up ppp (2.4.9-1+1.1+b1) ...
Setting up libwpg-0.3-3:amd64 (0.3.3-1) ...
Setting up libkf5kiontlm5:amd64 (5.103.0-1+deb12u1) ...
Setting up libsndio7.0:amd64 (1.9.0-0.3+b2) ...
Setting up libxcb-dri2-0:amd64 (1.15-1) ...
Setting up libwww-robotrules-perl (6.02-1) ...
Setting up libjack-jackd2-0:amd64 (1.9.21~dfsg-3) ...
Setting up libparted2:amd64 (3.5-3) ...
Setting up libdrm2:amd64 (2.4.114-1+b1) ...
Setting up libflite1:amd64 (2.2-5) ...
Setting up libparted-fs-resize0:amd64 (3.5-3) ...
Setting up libva-drm2:amd64 (2.17.0-1) ...
Setting up libnetfilter-conntrack3:amd64 (1.0.9-3) ...
Setting up groff-base (1.22.4-10) ...
Setting up libneon27:amd64 (0.32.5-1) ...
Setting up libqt5dbus5:amd64 (5.15.8+dfsg-11+deb12u3) ...
Setting up libsord-0-0:amd64 (0.16.14+git221008-1) ...
Setting up libwayland-cursor0:amd64 (1.21.0-1) ...
Setting up libxcb-randr0:amd64 (1.15-1) ...
Setting up cpp (4:12.2.0-3) ...
Setting up xml-core (0.18+nmu1) ...
Setting up libxcb-xv0:amd64 (1.15-1) ...
Setting up libsratom-0-0:amd64 (0.6.14-1) ...
Setting up libhtml-parser-perl:amd64 (3.81-1) ...
Setting up jq (1.6-2.1+deb12u1) ...
Setting up libllvm15:amd64 (1:15.0.6-4+b1) ...
Setting up libnl-genl-3-200:amd64 (3.7.0-0.2+b1) ...
Setting up libspa-0.2-bluetooth:amd64 (0.3.65-3+deb12u1) ...
Setting up libnsl2:amd64 (1.3.0-2) ...
Setting up libabw-0.1-1:amd64 (0.1.3-1) ...
Setting up libxslt1.1:amd64 (1.1.35-1+deb12u3) ...
Setting up switcheroo-control (2.6-1+b1) ...
Created symlink /etc/systemd/system/graphical.target.wants/switcheroo-control.service → /lib/systemd/system/switcheroo-control.service.
Setting up gir1.2-gmenu-3.0:amd64 (3.36.0-1.1) ...
Setting up gpgconf (2.2.40-1.1+deb12u2) ...
Setting up gir1.2-upowerglib-1.0:amd64 (0.99.20-2) ...
Setting up hunspell-en-us (1:2020.12.07-2) ...
Setting up libdecor-0-0:amd64 (0.1.1-2) ...
Setting up libpolkit-agent-1-0:amd64 (122-3) ...
Setting up libx11-6:amd64 (2:1.8.4-2+deb12u2) ...
Setting up libharfbuzz0b:amd64 (6.0.0+dfsg-3) ...
Setting up libmtp9:amd64 (1.1.20-1) ...
Setting up gir1.2-json-1.0:amd64 (1.6.6-1) ...
Setting up libgdk-pixbuf-2.0-0:amd64 (2.42.10+dfsg-1+deb12u3) ...
Setting up libcamel-1.2-64:amd64 (3.46.4-2) ...
Setting up libavahi-glib1:amd64 (0.8-10+deb12u1) ...
Setting up libmplex2-2.1-0:amd64 (1:2.1.0+debian-7) ...
Setting up gir1.2-gnomebluetooth-3.0:amd64 (42.5-3) ...
Setting up usb-modeswitch (2.6.1-3+b1) ...
Setting up libfontconfig1:amd64 (2.14.1-4) ...
Setting up libsndfile1:amd64 (1.2.0-1+deb12u1) ...
Setting up libxkbfile1:amd64 (1:1.1.0-1) ...
Setting up lynx (2.9.0dev.12-1) ...
update-alternatives: using /usr/bin/lynx to provide /usr/bin/www-browser (www-browser) in auto mode
Setting up libatkmm-1.6-1v5:amd64 (2.28.3-1) ...
Setting up libgupnp-av-1.0-3 (0.14.1-1) ...
Setting up libmbim-utils (1.28.2-1) ...
Setting up libkf5coreaddons5:amd64 (5.103.0-1) ...
Setting up gir1.2-nm-1.0:amd64 (1.42.4-1+deb12u1) ...
Setting up libqt5sensors5:amd64 (5.15.8-2) ...
Setting up libxmlsec1:amd64 (1.2.37-2) ...
Setting up iw (5.19-1) ...
Setting up libbluray2:amd64 (1:1.3.4-1) ...
Setting up libboost-locale1.74.0:amd64 (1.74.0+ds1-21) ...
Setting up libmtp-runtime (1.1.20-1) ...
Setting up libqt5test5:amd64 (5.15.8+dfsg-11+deb12u3) ...
Setting up libavahi-core7:amd64 (0.8-10+deb12u1) ...
Setting up libqca-qt5-2:amd64 (2.3.5-2) ...
Setting up bind9-host (1:9.18.44-1~deb12u1) ...
Setting up gvfs-common (1.50.3-1) ...
Setting up gir1.2-ibus-1.0:amd64 (1.5.27-5) ...
Setting up libxcomposite1:amd64 (1:0.4.5-1) ...
Setting up libsm6:amd64 (2:1.2.3-1) ...
Setting up liblilv-0-0:amd64 (0.24.14-1) ...
Setting up libxfont2:amd64 (1:2.0.6-1) ...
Setting up libopenmpt0:amd64 (0.6.9-1) ...
Setting up libinstpatch-1.0-2:amd64 (1.1.6-1) ...
Setting up libavahi-client3:amd64 (0.8-10+deb12u1) ...
Setting up libxmuu1:amd64 (2:1.1.3-3) ...
Setting up libunity-protocol-private0:amd64 (7.1.4+19.04.20190319-6+b1) ...
Setting up libio-socket-ssl-perl (2.081-2) ...
Setting up accountsservice (22.08.8-6) ...
Created symlink /etc/systemd/system/graphical.target.wants/accounts-daemon.service → /lib/systemd/system/accounts-daemon.service.
Setting up gpg (2.2.40-1.1+deb12u2) ...
Setting up libhfstospell11:amd64 (0.5.3-1+b2) ...
Setting up libgstreamer1.0-0:amd64 (1.22.0-2+deb12u1) ...
Setcap worked! gst-ptp-helper is not suid!
Setting up rsync (3.2.7-1+deb12u4) ...
Running in chroot, ignoring request.
invoke-rc.d: policy-rc.d denied execution of start.
Setting up libaa1:amd64 (1.4p5-50) ...
Setting up gnupg-utils (2.2.40-1.1+deb12u2) ...
Setting up libhttp-message-perl (6.44-1) ...
Setting up libgpod4:amd64 (0.8.3-17+b1) ...
Setting up libdrm-amdgpu1:amd64 (2.4.114-1+b1) ...
Setting up libkf5sonnetcore5:amd64 (5.103.0-1) ...
Setting up libxcb-damage0:amd64 (1.15-1) ...
Setting up libhtml-form-perl (6.11-1) ...
Setting up libxcb-record0:amd64 (1.15-1) ...
Setting up gir1.2-graphene-1.0:amd64 (1.10.8-1) ...
Setting up libvoikko1:amd64 (4.3.1-1+b1) ...
Setting up libglib-object-introspection-perl (0.049-3) ...
Setting up libxcb-dri3-0:amd64 (1.15-1) ...
Setting up libinput10:amd64 (1.22.1-1) ...
Setting up libfile-mimeinfo-perl (0.33-1) ...
Setting up efibootmgr (17-2) ...
Setting up libpaper1:amd64 (1.1.29) ...
debconf: unable to initialize frontend: Dialog
debconf: (No usable dialog-like program is installed, so the dialog based frontend cannot be used. at /usr/share/perl5/Debconf/FrontEnd/Dialog.pm line 78.)
debconf: falling back to frontend: Readline

Creating config file /etc/papersize with new version
Setting up gtk-update-icon-cache (3.24.38-2~deb12u3) ...
Setting up libcanberra0:amd64 (0.30-10) ...
Setting up libx11-xcb1:amd64 (2:1.8.4-2+deb12u2) ...
Setting up gir1.2-gstreamer-1.0:amd64 (1.22.0-2+deb12u1) ...
Setting up libxcb-res0:amd64 (1.15-1) ...
Setting up libhttp-negotiate-perl (6.01-2) ...
Setting up libuno-purpenvhelpergcc3-3 (4:7.4.7-1+deb12u10) ...
Setting up fontconfig (2.14.1-4) ...
Regenerating fonts cache... done.
Setting up libgnutls-dane0:amd64 (3.7.9-2+deb12u5) ...
Setting up libdrm-nouveau2:amd64 (2.4.114-1+b1) ...
Setting up gir1.2-freedesktop:amd64 (1.74.0-3) ...
Setting up gir1.2-totemplparser-1.0:amd64 (3.26.6-1+b1) ...
Setting up libharfbuzz-icu0:amd64 (6.0.0+dfsg-3) ...
Setting up libnftables1:amd64 (1.0.6-2+deb12u2) ...
Setting up bogofilter (1.2.5-1+b2) ...
Setting up xdg-desktop-portal (1.16.0-2) ...
Created symlink /etc/systemd/user/graphical-session-pre.target.wants/xdg-desktop-portal-rewrite-launchers.service → /usr/lib/systemd/user/xdg-desktop-portal-rewrite-launchers.service.
Setting up libxdamage1:amd64 (1:1.1.6-1) ...
Setting up gpg-agent (2.2.40-1.1+deb12u2) ...
Created symlink /etc/systemd/user/sockets.target.wants/gpg-agent-browser.socket → /usr/lib/systemd/user/gpg-agent-browser.socket.
Created symlink /etc/systemd/user/sockets.target.wants/gpg-agent-extra.socket → /usr/lib/systemd/user/gpg-agent-extra.socket.
Created symlink /etc/systemd/user/sockets.target.wants/gpg-agent-ssh.socket → /usr/lib/systemd/user/gpg-agent-ssh.socket.
Created symlink /etc/systemd/user/sockets.target.wants/gpg-agent.socket → /usr/lib/systemd/user/gpg-agent.socket.
Setting up uno-libs-private (4:7.4.7-1+deb12u10) ...
Setting up libxpm4:amd64 (1:3.5.12-1.1+deb12u1) ...
Setting up liboauth0:amd64 (1.0.3-5) ...
Setting up libxrender1:amd64 (1:0.9.10-1.1) ...
Setting up gir1.2-gdkpixbuf-2.0:amd64 (2.42.10+dfsg-1+deb12u3) ...
Setting up libwireplumber-0.4-0:amd64 (0.4.13-1) ...
Setting up xkbset (0.6-3) ...
Setting up libgbm1:amd64 (22.3.6-1+deb12u1) ...
Setting up libhttp-cookies-perl (6.10-1) ...
Setting up libpulse0:amd64 (16.1+dfsg1-2+b1) ...
Setting up sane-airscan (0.99.27-1+b1) ...
Setting up libenchant-2-2:amd64 (2.3.3-2) ...
Setting up guile-3.0-libs:amd64 (3.0.8-2) ...
Setting up gir1.2-atk-1.0:amd64 (2.46.0-5) ...
Setting up plymouth (22.02.122-3) ...
Setting up libzbar0:amd64 (0.23.92-7+deb12u1) ...
Setting up libgpod-common (0.8.3-17+b1) ...
Setting up libdrm-radeon1:amd64 (2.4.114-1+b1) ...
Setting up openssh-client (1:9.2p1-2+deb12u7) ...
Setting up libkf5codecs5:amd64 (5.103.0-1) ...
Setting up gir1.2-malcontent-0:amd64 (0.11.0-4) ...
Setting up libhtml-tree-perl (5.07-3) ...
Setting up libpython3.11-stdlib:amd64 (3.11.2-6+deb12u6) ...
Setting up libqt5positioning5:amd64 (5.15.8+dfsg-3+deb12u1) ...
Setting up gpgsm (2.2.40-1.1+deb12u2) ...
Setting up libpango-1.0-0:amd64 (1.50.12+ds-1) ...
Setting up libsrtp2-1:amd64 (2.5.0-3) ...
Setting up libdrm-intel1:amd64 (2.4.114-1+b1) ...
Setting up libgl1-mesa-dri:amd64 (22.3.6-1+deb12u1) ...
Setting up libheif1:amd64 (1.15.1-1+deb12u1) ...
Setting up libraptor2-0:amd64 (2.0.15-4+deb12u1) ...
Setting up libkf5archive5:amd64 (5.103.0-1) ...
Setting up aspell-en (2020.12.07-0-1) ...
Setting up libkf5configcore5:amd64 (5.103.0-2) ...
Setting up libxext6:amd64 (2:1.3.4-1+b1) ...
Setting up cdrdao (1:1.2.4-3) ...
Setting up enchant-2 (2.3.3-2) ...
Setting up parted (3.5-3) ...
Setting up samba-libs:amd64 (2:4.17.12+dfsg-0+deb12u3) ...
Setting up libetonyek-0.1-1:amd64 (0.1.10-3+b1) ...
Setting up libqca-qt5-2-plugins:amd64 (2.3.5-2) ...
Setting up libgstreamer-plugins-base1.0-0:amd64 (1.22.0-3+deb12u5) ...
Setting up libqmi-glib5:amd64 (1.32.2-1) ...
Setting up inxi (3.3.26-1-1) ...
Setting up dconf-service (0.40.0-4) ...
Setting up libhtml-format-perl (2.16-2) ...
Setting up libopenal1:amd64 (1:1.19.1-2) ...
Setting up libpaper-utils (1.1.29) ...
Setting up gir1.2-javascriptcoregtk-4.0:amd64 (2.50.4-1~deb12u1) ...
Setting up dnsmasq-base (2.90-4~deb12u1) ...
Setting up libe-book-0.1-1:amd64 (0.1.3-2+b2) ...
Setting up libblockdev-part2:amd64 (2.28-2+deb12u1) ...
Setting up xfonts-utils (1:7.7+6) ...
Setting up gir1.2-accountsservice-1.0:amd64 (22.08.8-6) ...
Setting up apache2-bin (2.4.66-1~deb12u1) ...
Setting up man-db (2.11.2-2) ...
debconf: unable to initialize frontend: Dialog
debconf: (No usable dialog-like program is installed, so the dialog based frontend cannot be used. at /usr/share/perl5/Debconf/FrontEnd/Dialog.pm line 78.)
debconf: falling back to frontend: Readline
Building database of manual pages ...
Created symlink /etc/systemd/system/timers.target.wants/man-db.timer → /lib/systemd/system/man-db.timer.
Setting up libxvmc1:amd64 (2:1.0.12-2) ...
Setting up gir1.2-harfbuzz-0.0:amd64 (6.0.0+dfsg-3) ...
Setting up libgpgme11:amd64 (1.18.0-3+b1) ...
Setting up libcairo2:amd64 (1.16.0-7) ...
Setting up ntfs-3g (1:2022.10.3-1+deb12u2) ...
Setting up libjcat1:amd64 (0.1.9-1) ...
Setting up libqt5network5:amd64 (5.15.8+dfsg-11+deb12u3) ...
Setting up gir1.2-javascriptcoregtk-4.1:amd64 (2.50.4-1~deb12u1) ...
Setting up libkf5itemmodels5:amd64 (5.103.0-1) ...
Setting up libkf5kcmutils-bin (5.103.0-3) ...
Setting up libxxf86vm1:amd64 (1:1.1.4-1+b2) ...
Setting up libxatracker2:amd64 (22.3.6-1+deb12u1) ...
Setting up webp-pixbuf-loader:amd64 (0.2.1-1) ...
Setting up libcairomm-1.0-1v5:amd64 (1.14.4-2) ...
Setting up libqt5sql5:amd64 (5.15.8+dfsg-11+deb12u3) ...
Setting up libpipewire-0.3-modules:amd64 (0.3.65-3+deb12u1) ...
Setting up grub-common (2.06-13+deb12u1) ...
Setting up wpasupplicant (2:2.10-12+deb12u3) ...
Created symlink /etc/systemd/system/dbus-fi.w1.wpa_supplicant1.service → /lib/systemd/system/wpa_supplicant.service.
Created symlink /etc/systemd/system/multi-user.target.wants/wpa_supplicant.service → /lib/systemd/system/wpa_supplicant.service.
Setting up dirmngr (2.2.40-1.1+deb12u2) ...
Created symlink /etc/systemd/user/sockets.target.wants/dirmngr.socket → /usr/lib/systemd/user/dirmngr.socket.
Setting up gir1.2-packagekitglib-1.0 (1.2.6-5) ...
Setting up libmagickcore-6.q16-6:amd64 (8:6.9.11.60+dfsg-1.6+deb12u6) ...
Setting up libqt5texttospeech5:amd64 (5.15.8-2) ...
Setting up libgupnp-dlna-2.0-4 (0.12.0-3) ...
Setting up sonnet-plugins:amd64 (5.103.0-1) ...
Setting up libqt5xml5:amd64 (5.15.8+dfsg-11+deb12u3) ...
Setting up xfonts-base (1:1.0.5+nmu1) ...
Setting up libegl-mesa0:amd64 (22.3.6-1+deb12u1) ...
Setting up libmediaart-2.0-0:amd64 (1.9.6-1) ...
Setting up gir1.2-gck-1:amd64 (3.41.1-1+b1) ...
Setting up os-prober (1.81) ...
Setting up libass9:amd64 (1:0.17.1-1) ...
Setting up gir1.2-secret-1:amd64 (0.20.5-3) ...
Setting up appstream (0.16.1-2) ...
✔ Metadata cache was updated successfully.
Setting up libnet-smtp-ssl-perl (1.04-2) ...
Setting up adwaita-icon-theme (43-1) ...
update-alternatives: using /usr/share/icons/Adwaita/cursor.theme to provide /usr/share/icons/default/index.theme (x-cursor-theme) in auto mode
Setting up libwrap0:amd64 (7.6.q-32) ...
Setting up libmailtools-perl (2.21-2) ...
Setting up libxfixes3:amd64 (1:6.0.0-2) ...
Setting up libqt5qml5:amd64 (5.15.8+dfsg-3) ...
Setting up libgsound0:amd64 (1.0.3-2) ...
Setting up libnotify4:amd64 (0.8.1-1) ...
Setting up coinor-libclp1:amd64 (1.17.6-3) ...
Setting up libpulse-mainloop-glib0:amd64 (16.1+dfsg1-2+b1) ...
Setting up libpcaudio0:amd64 (1.2-2) ...
Setting up libkf5syndication5abi1:amd64 (1:5.103.0-1) ...
Setting up libxinerama1:amd64 (2:1.1.4-3) ...
Setting up libgd3:amd64 (2.3.3-9) ...
Setting up libxv1:amd64 (2:1.0.11-1.1) ...
Setting up gtk2-engines-pixbuf:amd64 (2.24.33-2+deb12u1) ...
Setting up libgsf-bin (1.14.50-1+deb12u1) ...
Setting up libkf5threadweaver5:amd64 (5.103.0-1) ...
Setting up libxrandr2:amd64 (2:1.5.2-2+b1) ...
Setting up gir1.2-geoclue-2.0:amd64 (2.6.0-2+deb12u1) ...
Setting up libqt5webchannel5:amd64 (5.15.8-2) ...
Setting up libblockdev-fs2:amd64 (2.28-2+deb12u1) ...
Setting up libxt6:amd64 (1:1.2.1-1.1) ...
Setting up libaudio2:amd64 (1.9.4-7) ...
Setting up libkf5dbusaddons-bin (5.103.0-1) ...
Setting up libpoppler126:amd64 (22.12.0-2+deb12u1) ...
Setting up libsmbclient:amd64 (2:4.17.12+dfsg-0+deb12u3) ...
Setting up libkf5activities5:amd64 (5.103.0-1) ...
Setting up gpg-wks-server (2.2.40-1.1+deb12u2) ...
Setting up libcups2:amd64 (2.4.2-3+deb12u9) ...
Setting up libxmlsec1-nss:amd64 (1.2.37-2) ...
Setting up gir1.2-notify-0.7:amd64 (0.8.1-1) ...
Setting up avahi-daemon (0.8-10+deb12u1) ...
Running in chroot, ignoring request.
invoke-rc.d: policy-rc.d denied execution of force-reload.
Created symlink /etc/systemd/system/dbus-org.freedesktop.Avahi.service → /lib/systemd/system/avahi-daemon.service.
Created symlink /etc/systemd/system/multi-user.target.wants/avahi-daemon.service → /lib/systemd/system/avahi-daemon.service.
Created symlink /etc/systemd/system/sockets.target.wants/avahi-daemon.socket → /lib/systemd/system/avahi-daemon.socket.
Setting up libhttp-daemon-perl (6.16-1) ...
Setting up qtspeech5-speechd-plugin:amd64 (5.15.8-2) ...
Setting up xauth (1:1.1.2-1) ...
Setting up libgdk-pixbuf2.0-bin (2.42.10+dfsg-1+deb12u3) ...
Setting up gir1.2-polkit-1.0 (122-3) ...
Setting up libvdpau1:amd64 (1.5-2) ...
Setting up libtheora0:amd64 (1.1.1+dfsg.1-16.1+deb12u1) ...
Setting up cups-pk-helper (0.2.6-1+b1) ...
Setting up libkf5config-bin (5.103.0-2) ...
Setting up libegl1:amd64 (1.6.0-1) ...
Setting up libmagickwand-6.q16-6:amd64 (8:6.9.11.60+dfsg-1.6+deb12u6) ...
Setting up gstreamer1.0-plugins-ugly:amd64 (1.22.0-2+deb12u1) ...
Setting up libgxps2:amd64 (0.3.2-2+b1) ...
Setting up libcairo-perl (1.109-3+b1) ...
Setting up libcairo-gobject2:amd64 (1.16.0-7) ...
Setting up libxss1:amd64 (1:1.2.3-1) ...
Setting up poppler-utils (22.12.0-2+deb12u1) ...
Setting up coinor-libcgl1:amd64 (0.60.3+repack1-4) ...
Setting up bind9-dnsutils (1:9.18.44-1~deb12u1) ...
Setting up xfonts-75dpi (1:1.0.5) ...
Setting up mesa-va-drivers:amd64 (22.3.6-1+deb12u1) ...
Setting up libpangoft2-1.0-0:amd64 (1.50.12+ds-1) ...
Setting up grub-efi-amd64-bin (2.06-13+deb12u1) ...
Setting up libcairo-gobject-perl (1.005-4) ...
Setting up libva-x11-2:amd64 (2.17.0-1) ...
Setting up libpoppler-cpp0v5:amd64 (22.12.0-2+deb12u1) ...
Setting up exim4-daemon-light (4.96-15+deb12u7) ...
debconf: unable to initialize frontend: Dialog
debconf: (No usable dialog-like program is installed, so the dialog based frontend cannot be used. at /usr/share/perl5/Debconf/FrontEnd/Dialog.pm line 78.)
debconf: falling back to frontend: Readline
Running in chroot, ignoring request.
invoke-rc.d: policy-rc.d denied execution of start.
Setting up apt-config-icons (0.16.1-2) ...
Setting up libcupsfilters1:amd64 (1.28.17-3+deb12u2) ...
Setting up xfonts-scalable (1:1.0.3-1.3) ...
Setting up i965-va-driver:amd64 (2.4.1+dfsg1-1) ...
Setting up libpangocairo-1.0-0:amd64 (1.50.12+ds-1) ...
Setting up libpython3-stdlib:amd64 (3.11.2-1+b1) ...
Setting up plymouth-label (22.02.122-3) ...
Setting up libxres1:amd64 (2:1.2.1-1) ...
Setting up gir1.2-mediaart-2.0:amd64 (1.9.6-1) ...
Setting up libstartup-notification0:amd64 (0.12-6+b1) ...
Setting up libkf5attica5:amd64 (5.103.0-1) ...
Setting up cups-ipp-utils (2.4.2-3+deb12u9) ...
Setting up libuno-cppuhelpergcc3-3 (4:7.4.7-1+deb12u10) ...
Setting up libcairo-script-interpreter2:amd64 (1.16.0-7) ...
Setting up speech-dispatcher-audio-plugins:amd64 (0.11.4-2) ...
Setting up xinit (1.4.0-1) ...
Setting up mesa-vulkan-drivers:amd64 (22.3.6-1+deb12u1) ...
Setting up mesa-vdpau-drivers:amd64 (22.3.6-1+deb12u1) ...
Setting up kactivities-bin (5.103.0-1) ...
Setting up ipp-usb (0.9.23-1+b4) ...
Setting up coinor-libcbc3:amd64 (2.10.8+ds1-1) ...
Setting up udisks2 (2.9.4-4+deb12u2) ...
Running in chroot, ignoring request.
Created symlink /etc/systemd/system/graphical.target.wants/udisks2.service → /lib/systemd/system/udisks2.service.
Setting up python3.11 (3.11.2-6+deb12u6) ...
Setting up fonts-cantarell (0.303.1-1) ...
Setting up cups-ppdc (2.4.2-3+deb12u9) ...
Setting up libxft2:amd64 (2.3.6-1) ...
Setting up libdbusmenu-gtk3-4:amd64 (18.10.20180917~bzr492+repack1-3) ...
Setting up libxmu6:amd64 (2:1.1.3-3) ...
Setting up libqt5qmlmodels5:amd64 (5.15.8+dfsg-3) ...
Setting up libkf5i18n5:amd64 (5.103.0-1) ...
Setting up libglx-mesa0:amd64 (22.3.6-1+deb12u1) ...
Setting up xfonts-100dpi (1:1.0.5) ...
Setting up libpoppler-glib8:amd64 (22.12.0-2+deb12u1) ...
Setting up libapache2-mod-dnssd (0.6-4) ...
Setting up libgjs0g:amd64 (1.74.2-1+deb12u1) ...
Setting up libqt5sql5-sqlite:amd64 (5.15.8+dfsg-11+deb12u3) ...
Setting up libpython3.11:amd64 (3.11.2-6+deb12u6) ...
Setting up libpangoxft-1.0-0:amd64 (1.50.12+ds-1) ...
Setting up libxi6:amd64 (2:1.8-1+b1) ...
Setting up grub-efi-amd64-signed (1+2.06+13+deb12u1) ...
Setting up gpg-wks-client (2.2.40-1.1+deb12u2) ...
Setting up libkf5xmlgui-bin:amd64 (5.103.0-1) ...
Setting up libglx0:amd64 (1.6.0-1) ...
Setting up dconf-gsettings-backend:amd64 (0.40.0-4) ...
Setting up libgpgmepp6:amd64 (1.18.0-3+b1) ...
Setting up libmagickcore-6.q16-6-extra:amd64 (8:6.9.11.60+dfsg-1.6+deb12u6) ...
Setting up libgdm1 (43.0-3) ...
Setting up perl-tk (1:804.036-1+b2) ...
Setting up libsphinxbase3:amd64 (0.8+5prealpha+1-16) ...
Setting up totem-common (43.0-2) ...
Setting up qml-module-qtqml:amd64 (5.15.8+dfsg-3) ...
Setting up shotwell-common (0.30.17-1) ...
Setting up grub2-common (2.06-13+deb12u1) ...
Setting up liblrdf0:amd64 (0.6.1-4) ...
Setting up libxtst6:amd64 (2:1.2.3-1.1) ...
Setting up libxcursor1:amd64 (1:1.2.1-1) ...
Setting up librasqal3:amd64 (0.9.33-2) ...
Setting up libfwupd2:amd64 (1.8.12-2) ...
Setting up libostree-1-1:amd64 (2022.7-2+deb12u1) ...
Setting up libkf5doctools5:amd64 (5.103.0-1) ...
Setting up qml-module-org-kde-kitemmodels:amd64 (5.103.0-1) ...
Setting up libxxf86dga1:amd64 (2:1.1.5-1) ...
Setting up gnome-shell-common (43.9-0+deb12u2) ...
Setting up libqmi-proxy (1.32.2-1) ...
Setting up python3 (3.11.2-1+b1) ...
running python rtupdate hooks for python3.11...
running python post-rtupdate hooks for python3.11...
Setting up libxaw7:amd64 (2:1.0.14-1) ...
Setting up libatspi2.0-0:amd64 (2.46.0-5) ...
Setting up libespeak-ng1:amd64 (1.51+dfsg-10+deb12u2) ...
Setting up nautilus-data (43.2-1) ...
Setting up fonts-urw-base35 (20200910-7) ...
Setting up dnsutils (1:9.18.44-1~deb12u1) ...
Setting up python3-xdg (0.28-2) ...
Setting up x11-xserver-utils (7.7+9+b1) ...
Setting up python3-markupsafe (2.1.2-1+b1) ...
Setting up wmctrl (1.07-7+b1) ...
Setting up gnome-themes-extra:amd64 (3.28-2) ...
Setting up cups-filters-core-drivers (1.28.17-3+deb12u2) ...
Setting up shim-signed:amd64 (1.44~1+deb12u1+15.8-1~deb12u1) ...
Setting up pipewire-bin (0.3.65-3+deb12u1) ...
Setting up cups-client (2.4.2-3+deb12u9) ...
Adding group `lpadmin' (GID 115) ...
Done.
Setting up speech-dispatcher (0.11.4-2) ...
Setting up libqt5qmlworkerscript5:amd64 (5.15.8+dfsg-3) ...
Setting up librsvg2-2:amd64 (2.54.7+dfsg-1~deb12u1) ...
Setting up evolution-common (3.46.4-2+deb12u1) ...
Setting up python3-six (1.16.0-4) ...
Setting up libpocketsphinx3:amd64 (0.8+5prealpha+1-15) ...
Setting up libatk-bridge2.0-0:amd64 (2.46.0-5) ...
Setting up python3-cups:amd64 (2.0.1-5+b4) ...
Setting up libavutil57:amd64 (7:5.1.8-0+deb12u1) ...
Setting up mutter-common (43.8-0+deb12u1) ...
Setting up gir1.2-pango-1.0:amd64 (1.50.12+ds-1) ...
Setting up libgphoto2-6:amd64 (2.5.30-1) ...
Setting up libsnmp40:amd64 (5.9.3+dfsg-2+deb12u1) ...
Setting up gstreamer1.0-plugins-base:amd64 (1.22.0-3+deb12u5) ...
Setting up libgnomekbd-common (3.28.1-1) ...
Setting up libgl1:amd64 (1.6.0-1) ...
Setting up python3-louis (3.24.0-1) ...
Setting up python3-pyparsing (3.0.9-1) ...
Setting up mesa-utils-bin:amd64 (8.5.0-1) ...
Setting up python3-certifi (2022.9.24-1) ...
Setting up gnome-control-center-data (1:43.6-2~deb12u1) ...
Setting up libswresample4:amd64 (7:5.1.8-0+deb12u1) ...
Setting up va-driver-all:amd64 (2.17.0-1) ...
Setting up librdf0:amd64 (1.0.17-3) ...
Setting up gsfonts (2:20200910-7) ...
Setting up bsd-mailx (8.1.2-0.20220412cvs-1) ...
update-alternatives: using /usr/bin/bsd-mailx to provide /usr/bin/mailx (mailx) in auto mode
Setting up python3-gi (3.42.2-3+b1) ...
Setting up libunity9:amd64 (7.1.4+19.04.20190319-6+b1) ...
Setting up cups-daemon (2.4.2-3+deb12u9) ...
Running in chroot, ignoring request.
invoke-rc.d: policy-rc.d denied execution of start.
Created symlink /etc/systemd/system/multi-user.target.wants/cups.path → /lib/systemd/system/cups.path.
Created symlink /etc/systemd/system/printer.target.wants/cups.service → /lib/systemd/system/cups.service.
Created symlink /etc/systemd/system/multi-user.target.wants/cups.service → /lib/systemd/system/cups.service.
Created symlink /etc/systemd/system/sockets.target.wants/cups.socket → /lib/systemd/system/cups.socket.
Setting up grub-efi-amd64 (2.06-13+deb12u1) ...
debconf: unable to initialize frontend: Dialog
debconf: (No usable dialog-like program is installed, so the dialog based frontend cannot be used. at /usr/share/perl5/Debconf/FrontEnd/Dialog.pm line 78.)
debconf: falling back to frontend: Readline

Creating config file /etc/default/grub with new version
Setting up libshout3:amd64 (2.4.6-1+b1) ...
Setting up coinor-libcoinmp1v5:amd64 (1.8.3-3) ...
Setting up python3-brlapi:amd64 (6.5-7+deb12u1) ...
Setting up python3-idna (3.3-1+deb12u1) ...
Setting up libdecor-0-plugin-1-cairo:amd64 (0.1.1-2) ...
Setting up libnma-common (1.10.6-1) ...
Setting up brasero-common (3.12.3-2) ...
Setting up librsvg2-common:amd64 (2.54.7+dfsg-1~deb12u1) ...
Setting up speech-dispatcher-espeak-ng (0.11.4-2) ...
Setting up libpangomm-1.4-1v5:amd64 (2.46.3-1) ...
Setting up plymouth-themes (22.02.122-3) ...
Setting up python3-urllib3 (1.26.12-1+deb12u3) ...
Setting up libflatpak0:amd64 (1.14.10-1~deb12u1) ...
Setting up libgweather-4-common (4.2.0-2) ...
Setting up zutty (0.14.0.20230218+dfsg1-1) ...
update-alternatives: using /usr/bin/zutty to provide /usr/bin/x-terminal-emulator (x-terminal-emulator) in auto mode
Setting up python3-pyqt5.sip (12.11.1-1) ...
Setting up qml-module-qtqml-models2:amd64 (5.15.8+dfsg-3) ...
Setting up gnupg (2.2.40-1.1+deb12u2) ...
Setting up x11-utils (7.7+5) ...
Setting up python3-httplib2 (0.20.4-3) ...
Setting up ure (4:7.4.7-1+deb12u10) ...
Setting up cheese-common (43.0-1) ...
Setting up python3-dateutil (2.8.2-2) ...
Setting up x11-session-utils (7.7+5) ...
Setting up libpostproc56:amd64 (7:5.1.8-0+deb12u1) ...
Setting up libvolume-key1:amd64 (0.3.12-5+b1) ...
Setting up gir1.2-gdm-1.0 (43.0-3) ...
Setting up libgtk-4-common (4.8.3+ds-2+deb12u1) ...
Setting up gnome-user-share (43.0-1) ...
Setting up gir1.2-rsvg-2.0:amd64 (2.54.7+dfsg-1~deb12u1) ...
Setting up libavcodec59:amd64 (7:5.1.8-0+deb12u1) ...
Setting up pipewire:amd64 (0.3.65-3+deb12u1) ...
Created symlink /etc/systemd/user/default.target.wants/pipewire.service → /usr/lib/systemd/user/pipewire.service.
Created symlink /etc/systemd/user/sockets.target.wants/pipewire.socket → /usr/lib/systemd/user/pipewire.socket.
Setting up libsdl2-2.0-0:amd64 (2.26.5+dfsg-1) ...
Setting up python3-ibus-1.0 (1.5.27-5) ...
Setting up libswscale6:amd64 (7:5.1.8-0+deb12u1) ...
Setting up libdirectfb-1.7-7:amd64 (1.7.7-11) ...
Setting up libvdpau-va-gl1:amd64 (0.4.2-1+b1) ...
Setting up evolution-data-server-common (3.46.4-2) ...
Setting up libqmi-utils (1.32.2-1) ...
Setting up python3-distro-info (1.5+deb12u1) ...
Setting up folks-common (0.15.5-2) ...
Setting up libkf5package5:amd64 (5.103.0-1) ...
Setting up fwupd (1.8.12-2) ...
Created symlink /etc/systemd/system/timers.target.wants/fwupd-refresh.timer → /lib/systemd/system/fwupd-refresh.timer.
Setting up libgtk-3-common (3.24.38-2~deb12u3) ...
Setting up python3-cffi-backend:amd64 (1.15.1-5+b1) ...
Setting up libfluidsynth3:amd64 (2.3.1-2) ...
Setting up libatk-adaptor:amd64 (2.46.0-5) ...
Setting up python3-blinker (1.5-1) ...
Setting up kpackagetool5 (5.103.0-1) ...
Setting up python3-pkg-resources (66.1.1-1+deb12u2) ...
Setting up python3-smbc (1.0.23-2+b4) ...
Setting up libchromaprint1:amd64 (1.5.1-2+b1) ...
Setting up libgoa-1.0-common (3.46.0-1) ...
Setting up gsettings-desktop-schemas (43.0-1) ...
Setting up libgs10-common (10.0.0~dfsg-11+deb12u8) ...
Setting up cups-browsed (1.28.17-3+deb12u2) ...
Running in chroot, ignoring request.
invoke-rc.d: policy-rc.d denied execution of start.
Created symlink /etc/systemd/system/multi-user.target.wants/cups-browsed.service → /lib/systemd/system/cups-browsed.service.
Setting up python3-dbus (1.3.2-4+b1) ...
Setting up cups-core-drivers (2.4.2-3+deb12u9) ...
Setting up libblockdev-crypto2:amd64 (2.28-2+deb12u1) ...
Setting up gstreamer1.0-x:amd64 (1.22.0-3+deb12u5) ...
Setting up python3-cairo:amd64 (1.20.1-5+b1) ...
Setting up python3-distro (1.8.0-1) ...
Setting up gnome-settings-daemon-common (43.0-4) ...
Setting up libavformat59:amd64 (7:5.1.8-0+deb12u1) ...
Setting up rhythmbox-data (3.4.6-2) ...
Setting up xbrlapi (6.5-7+deb12u1) ...
Setting up python3-jwt (2.6.0-1) ...
Setting up python3-speechd (0.11.4-2) ...
Setting up xapps-common (2.4.2-3) ...
Setting up gnome-menus (3.36.0-1.1) ...
Setting up python3-apt (2.6.0) ...
Setting up python3-charset-normalizer (3.0.1-2) ...
Setting up libgtk-3-0:amd64 (3.24.38-2~deb12u3) ...
Setting up x11-xkb-utils (7.7+7) ...
Setting up gnome-tetravex (1:3.38.2-3) ...
Setting up libgtk2.0-0:amd64 (2.24.33-2+deb12u1) ...
Setting up libfreerdp2-2:amd64 (2.11.7+dfsg1-6~deb12u1) ...
Setting up python3-debconf (1.5.82) ...
Setting up libqt5gui5:amd64 (5.15.8+dfsg-11+deb12u3) ...
Setting up libnma0:amd64 (1.10.6-1) ...
Setting up gir1.2-gtk-3.0:amd64 (3.24.38-2~deb12u3) ...
Setting up x11-apps (7.7+9) ...
Setting up gstreamer1.0-pipewire:amd64 (0.3.65-3+deb12u1) ...
Setting up libgtk-3-bin (3.24.38-2~deb12u3) ...
Setting up libqt5widgets5:amd64 (5.15.8+dfsg-11+deb12u3) ...
Setting up python3-lazr.uri (1.0.6-3) ...
Setting up libcanberra-gtk3-0:amd64 (0.30-10) ...
Setting up gir1.2-atspi-2.0:amd64 (2.46.0-5) ...
Setting up gnome-mahjongg (1:3.38.3-2) ...
Setting up ibus-data (1.5.27-5) ...
Setting up libvte-2.91-0:amd64 (0.70.6-2~deb12u1) ...
Setting up libayatana-ido3-0.4-0:amd64 (0.9.3-1) ...
Setting up libcogl20:amd64 (1.22.8-3+b1) ...
Setting up libcogl-pango20:amd64 (1.22.8-3+b1) ...
Setting up libqt5help5:amd64 (5.15.8-2) ...
Setting up qt5-gtk-platformtheme:amd64 (5.15.8+dfsg-11+deb12u3) ...
Setting up libsane1:amd64 (1.2.1-2) ...
Adding scanner group...
Setting up libcanberra-gtk3-module:amd64 (0.30-10) ...
Setting up gnome-icon-theme (3.12.0-5) ...
update-alternatives: using /usr/share/icons/gnome/scalable/places/debian-swirl.svg to provide /usr/share/icons/gnome/scalable/places/start-here.svg (start-here.svg) in auto mode
Setting up libqt5waylandclient5:amd64 (5.15.8-2) ...
Setting up notification-daemon (3.20.0-4+b1) ...
Setting up libavfilter8:amd64 (7:5.1.8-0+deb12u1) ...
Setting up python3-cupshelpers (1.5.18-1) ...
Setting up libproxy1-plugin-gsettings:amd64 (0.4.18-1.2) ...
Setting up libqt5printsupport5:amd64 (5.15.8+dfsg-11+deb12u3) ...
Setting up libkf5configgui5:amd64 (5.103.0-2) ...
Setting up aisleriot (1:3.22.23-1) ...
Setting up desktop-base (12.0.6+nmu1~deb12u1) ...
update-alternatives: using /usr/share/desktop-base/debian-logos to provide /usr/share/images/vendor-logos (vendor-logos) in auto mode
update-alternatives: using /usr/share/desktop-base/emerald-theme to provide /usr/share/desktop-base/active-theme (desktop-theme) in auto mode
update-alternatives: using /usr/share/desktop-base/active-theme/wallpaper/contents/images/1920x1080.svg to provide /usr/share/images/desktop-base/desktop-background (desktop-background) in auto mode
update-alternatives: using /usr/share/desktop-base/active-theme/wallpaper/gnome-background.xml to provide /usr/share/images/desktop-base/desktop-background.xml (desktop-background.xml) in auto mode
update-alternatives: using /usr/share/desktop-base/active-theme/lockscreen/gnome-background.xml to provide /usr/share/images/desktop-base/desktop-lockscreen.xml (desktop-lockscreen.xml) in auto mode
update-alternatives: using /usr/share/desktop-base/active-theme/wallpaper to provide /usr/share/wallpapers/DebianTheme (desktop-plasma5-wallpaper) in auto mode
update-alternatives: using /usr/share/desktop-base/active-theme/login/background.svg to provide /usr/share/images/desktop-base/login-background.svg (desktop-login-background) in auto mode
grub-efi* packages found, using 16/9 as default grub background ratio
update-alternatives: using /usr/share/desktop-base/active-theme/grub/grub-16x9.png to provide /usr/share/images/desktop-base/desktop-grub.png (desktop-grub) in auto mode
Generating grub configuration file ...
Found linux image: /boot/vmlinuz-6.1.0-43-amd64
Found linux image: /boot/vmlinuz-6.1.0-42-amd64
Found initrd image: /boot/initrd.img-6.1.0-42-amd64
Warning: os-prober will not be executed to detect other bootable partitions.
Systems on them will not be added to the GRUB boot configuration.
Check GRUB_DISABLE_OS_PROBER documentation entry.
done
Setting up unattended-upgrades (2.9.1+nmu3) ...
debconf: unable to initialize frontend: Dialog
debconf: (No usable dialog-like program is installed, so the dialog based frontend cannot be used. at /usr/share/perl5/Debconf/FrontEnd/Dialog.pm line 78.)
debconf: falling back to frontend: Readline

Creating config file /etc/apt/apt.conf.d/20auto-upgrades with new version

Creating config file /etc/apt/apt.conf.d/50unattended-upgrades with new version
Created symlink /etc/systemd/system/multi-user.target.wants/unattended-upgrades.service → /lib/systemd/system/unattended-upgrades.service.
Setting up libgtksourceview-4-0:amd64 (4.8.4-4) ...
Setting up libgstreamer-gl1.0-0:amd64 (1.22.0-3+deb12u5) ...
Setting up python3-chardet (5.1.0+dfsg-2) ...
Setting up mesa-utils (8.5.0-1) ...
Setting up libgnome-autoar-gtk-0-0:amd64 (0.4.3-1) ...
Setting up libreoffice-common (4:7.4.7-1+deb12u10) ...
debconf: unable to initialize frontend: Dialog
debconf: (No usable dialog-like program is installed, so the dialog based frontend cannot be used. at /usr/share/perl5/Debconf/FrontEnd/Dialog.pm line 78.)
debconf: falling back to frontend: Readline

Creating config file /etc/libreoffice/registry/main.xcd with new version
debconf: unable to initialize frontend: Dialog
debconf: (No usable dialog-like program is installed, so the dialog based frontend cannot be used. at /usr/share/perl5/Debconf/FrontEnd/Dialog.pm line 78.)
debconf: falling back to frontend: Readline

Creating config file /etc/libreoffice/registry/pdfimport.xcd with new version
debconf: unable to initialize frontend: Dialog
debconf: (No usable dialog-like program is installed, so the dialog based frontend cannot be used. at /usr/share/perl5/Debconf/FrontEnd/Dialog.pm line 78.)
debconf: falling back to frontend: Readline

Creating config file /etc/libreoffice/registry/xsltfilter.xcd with new version
debconf: unable to initialize frontend: Dialog
debconf: (No usable dialog-like program is installed, so the dialog based frontend cannot be used. at /usr/share/perl5/Debconf/FrontEnd/Dialog.pm line 78.)
debconf: falling back to frontend: Readline

Creating config file /etc/libreoffice/registry/lingucomponent.xcd with new version
debconf: unable to initialize frontend: Dialog
debconf: (No usable dialog-like program is installed, so the dialog based frontend cannot be used. at /usr/share/perl5/Debconf/FrontEnd/Dialog.pm line 78.)
debconf: falling back to frontend: Readline

Creating config file /etc/libreoffice/registry/Langpack-en-US.xcd with new version
debconf: unable to initialize frontend: Dialog
debconf: (No usable dialog-like program is installed, so the dialog based frontend cannot be used. at /usr/share/perl5/Debconf/FrontEnd/Dialog.pm line 78.)
debconf: falling back to frontend: Readline

Creating config file /etc/libreoffice/registry/res/fcfg_langpack_en-US.xcd with new version
Setting up pipewire-alsa:amd64 (0.3.65-3+deb12u1) ...
Setting up python3-cryptography (38.0.4-3+deb12u1) ...
Setting up python3-wadllib (1.3.6-4) ...
Setting up python3-requests (2.28.1+dfsg-1) ...
Setting up libkf5sonnetui5:amd64 (5.103.0-1) ...
Setting up libkf5waylandclient5:amd64 (4:5.103.0-1) ...
Setting up libgoa-1.0-0b:amd64 (3.46.0-1) ...
Setting up gvfs-libs:amd64 (1.50.3-1) ...
Setting up libfolks26:amd64 (0.15.5-2+b1) ...
Setting up wireplumber (0.4.13-1) ...
Created symlink /etc/systemd/user/pipewire.service.wants/wireplumber.service → /usr/lib/systemd/user/wireplumber.service.
Setting up libgnome-desktop-4-2:amd64 (43.2-2) ...
Setting up gnome-taquin (3.38.1-2+b1) ...
Setting up libgail18:amd64 (2.24.33-2+deb12u1) ...
Setting up gnome-sudoku (1:43.1-1) ...
Setting up vdpau-driver-all:amd64 (1.5-2) ...
Setting up at-spi2-core (2.46.0-5) ...
Setting up ibus-gtk:amd64 (1.5.27-5) ...
Setting up libgtk2.0-bin (2.24.33-2+deb12u1) ...
Setting up ibus (1.5.27-5) ...
Created symlink /etc/systemd/user/gnome-session.target.wants/org.freedesktop.IBus.session.GNOME.service → /usr/lib/systemd/user/org.freedesktop.IBus.session.GNOME.service.
Setting up libwnck-3-0:amd64 (43.0-3) ...
Setting up libpeas-1.0-0:amd64 (1.34.0-1+b1) ...
Setting up libfreerdp-server2-2:amd64 (2.11.7+dfsg1-6~deb12u1) ...
Setting up libgtk-4-1:amd64 (4.8.3+ds-2+deb12u1) ...
Setting up libgnome-bg-4-2:amd64 (43.2-2) ...
Setting up hitori (3.38.4-2) ...
Setting up libgtk-4-bin (4.8.3+ds-2+deb12u1) ...
Setting up libkf5guiaddons-bin (5.103.0-1) ...
Setting up libportal-gtk3-1:amd64 (0.6-4) ...
Setting up ibus-gtk4:amd64 (1.5.27-5) ...
Setting up pipewire-pulse (0.3.65-3+deb12u1) ...
Created symlink /etc/systemd/user/default.target.wants/pipewire-pulse.service → /usr/lib/systemd/user/pipewire-pulse.service.
Created symlink /etc/systemd/user/sockets.target.wants/pipewire-pulse.socket → /usr/lib/systemd/user/pipewire-pulse.socket.
Setting up gir1.2-gnomedesktop-4.0:amd64 (43.2-2) ...
Setting up apt-listchanges (3.24) ...
debconf: unable to initialize frontend: Dialog
debconf: (No usable dialog-like program is installed, so the dialog based frontend cannot be used. at /usr/share/perl5/Debconf/FrontEnd/Dialog.pm line 78.)
debconf: falling back to frontend: Readline

Creating config file /etc/apt/listchanges.conf with new version
Setting up lightsoff (1:40.0.1-1) ...
Setting up xserver-common (2:21.1.7-3+deb12u11) ...
Setting up glib-networking:amd64 (2.74.0-4) ...
Setting up sane-utils (1.2.1-2) ...
debconf: unable to initialize frontend: Dialog
debconf: (No usable dialog-like program is installed, so the dialog based frontend cannot be used. at /usr/share/perl5/Debconf/FrontEnd/Dialog.pm line 78.)
debconf: falling back to frontend: Readline
Adding saned group and user...
Running in chroot, ignoring request.
invoke-rc.d: policy-rc.d denied execution of start.
Setting up xwayland (2:22.1.9-1) ...
Setting up libdbusmenu-qt5-2:amd64 (0.9.3+16.04.20160218-2+b1) ...
Setting up ibus-gtk3:amd64 (1.5.27-5) ...
Setting up libayatana-indicator3-7:amd64 (0.9.3-1) ...
Setting up python3-gi-cairo (3.42.2-3+b1) ...
Setting up libqt5quick5:amd64 (5.15.8+dfsg-3) ...
Setting up xserver-xorg-legacy (2:21.1.7-3+deb12u11) ...
debconf: unable to initialize frontend: Dialog
debconf: (No usable dialog-like program is installed, so the dialog based frontend cannot be used. at /usr/share/perl5/Debconf/FrontEnd/Dialog.pm line 78.)
debconf: falling back to frontend: Readline
Setting up gir1.2-cogl-1.0:amd64 (1.22.8-3+b1) ...
Setting up gstreamer1.0-libav:amd64 (1.22.0-2) ...
Setting up libreoffice-core (4:7.4.7-1+deb12u10) ...
Setting up firefox-esr (140.7.0esr-1~deb12u1) ...
update-alternatives: using /usr/bin/firefox-esr to provide /usr/bin/x-www-browser (x-www-browser) in auto mode
update-alternatives: using /usr/bin/firefox-esr to provide /usr/bin/gnome-www-browser (gnome-www-browser) in auto mode
Setting up xdg-user-dirs-gtk (0.11-1) ...
Setting up libpolkit-qt5-1-1:amd64 (0.114.0-2) ...
Setting up libportal-gtk4-1:amd64 (0.6-4) ...
Setting up libgtk3-perl (0.038-3) ...
Setting up libgspell-1-2:amd64 (1.12.0-1+b2) ...
Setting up python3-mako (1.2.4+ds-1) ...
Setting up libhandy-1-0:amd64 (1.8.1-1) ...
Setting up iagno (1:3.38.1-2) ...
Setting up libgnome-rr-4-2:amd64 (43.2-2) ...
Setting up libkf5solid5:amd64 (5.103.0-1) ...
Setting up libgs10:amd64 (10.0.0~dfsg-11+deb12u8) ...
Setting up libxklavier16:amd64 (5.4-4) ...
Setting up libkf5itemviews5:amd64 (5.103.0-1) ...
Setting up gstreamer1.0-gl:amd64 (1.22.0-3+deb12u5) ...
Setting up gir1.2-gtk-4.0:amd64 (4.8.3+ds-2+deb12u1) ...
Setting up libreoffice-math (4:7.4.7-1+deb12u10) ...
debconf: unable to initialize frontend: Dialog
debconf: (No usable dialog-like program is installed, so the dialog based frontend cannot be used. at /usr/share/perl5/Debconf/FrontEnd/Dialog.pm line 78.)
debconf: falling back to frontend: Readline

Creating config file /etc/libreoffice/registry/math.xcd with new version
Setting up libqt5quickshapes5:amd64 (5.15.8+dfsg-3) ...
Setting up gnome-terminal (3.46.8-1) ...
Setting up libkf5authcore5:amd64 (5.103.0-1) ...
Setting up xdg-desktop-portal-gtk (1.14.1-1) ...
Setting up libreoffice-gtk3 (4:7.4.7-1+deb12u10) ...
Setting up libcanberra-pulse:amd64 (0.30-10) ...
Setting up gir1.2-gtksource-4:amd64 (4.8.4-4) ...
Setting up libqt5x11extras5:amd64 (5.15.8-2) ...
Setting up libgcr-ui-3-1:amd64 (3.41.1-1+b1) ...
Setting up libkf5widgetsaddons5:amd64 (5.103.0-1) ...
Setting up system-config-printer-common (1.5.18-1) ...
Setting up libgnome-desktop-3-20:amd64 (43.2-2) ...
Setting up libcogl-path20:amd64 (1.22.8-3+b1) ...
Setting up libgtksourceview-5-0:amd64 (5.6.2-1) ...
Setting up libgnome-games-support-1-3:amd64 (1.8.2-1+b1) ...
Setting up gir1.2-nma-1.0:amd64 (1.10.6-1) ...
Setting up libsoup2.4-1:amd64 (2.74.3-1+deb12u1) ...
Setting up four-in-a-row (1:3.38.1-1+b1) ...
Setting up libnma-gtk4-0:amd64 (1.10.6-1) ...
Setting up libkf5guiaddons5:amd64 (5.103.0-1) ...
Setting up libkworkspace5-5 (4:5.27.5-2+deb12u2) ...
Setting up libkf5configwidgets5:amd64 (5.103.0-1) ...
Setting up libqt5designer5:amd64 (5.15.8-2) ...
Setting up file-roller (43.0-1) ...
Setting up libkf5jobwidgets5:amd64 (5.103.0-1) ...
Setting up libreoffice-draw (4:7.4.7-1+deb12u10) ...
debconf: unable to initialize frontend: Dialog
debconf: (No usable dialog-like program is installed, so the dialog based frontend cannot be used. at /usr/share/perl5/Debconf/FrontEnd/Dialog.pm line 78.)
debconf: falling back to frontend: Readline

Creating config file /etc/libreoffice/registry/draw.xcd with new version
debconf: unable to initialize frontend: Dialog
debconf: (No usable dialog-like program is installed, so the dialog based frontend cannot be used. at /usr/share/perl5/Debconf/FrontEnd/Dialog.pm line 78.)
debconf: falling back to frontend: Readline

Creating config file /etc/libreoffice/registry/graphicfilter.xcd with new version
Setting up libgail-common:amd64 (2.24.33-2+deb12u1) ...
Setting up tali (1:40.9-1) ...
Setting up libgtkmm-3.0-1v5:amd64 (3.24.7-1) ...
Setting up gir1.2-coglpango-1.0:amd64 (1.22.8-3+b1) ...
Setting up gjs (1.74.2-1+deb12u1) ...
Setting up gstreamer1.0-plugins-good:amd64 (1.22.0-5+deb12u3) ...
Setting up gir1.2-gst-plugins-base-1.0:amd64 (1.22.0-3+deb12u5) ...
Setting up libbrasero-media3-1:amd64 (3.12.3-2) ...
Setting up system-config-printer-udev (1.5.18-1) ...
Setting up gnome-session-bin (43.0-1+deb12u1) ...
Setting up libkf5dbusaddons5:amd64 (5.103.0-1) ...
Setting up libqt5svg5:amd64 (5.15.8-3) ...
Setting up libsoup-3.0-0:amd64 (3.2.3-0+deb12u2) ...
Setting up xserver-xorg-core (2:21.1.7-3+deb12u11) ...
Setting up qml-module-qtquick-window2:amd64 (5.15.8+dfsg-3) ...
Setting up libspectre1:amd64 (0.2.12-1) ...
Setting up gstreamer1.0-gtk3:amd64 (1.22.0-5+deb12u3) ...
Setting up geoclue-2.0 (2.6.0-2+deb12u1) ...
Setting up libqt5webkit5:amd64 (5.212.0~alpha4-30) ...
Setting up xserver-xorg-video-radeon (1:19.1.0-3) ...
Setting up libadwaita-1-0:amd64 (1.2.2-1) ...
Setting up ghostscript (10.0.0~dfsg-11+deb12u8) ...
Setting up qml-module-qtquick-layouts:amd64 (5.15.8+dfsg-3) ...
Setting up pipewire-audio (0.3.65-3+deb12u1) ...
Setting up gnome-font-viewer (43.0-1) ...
Setting up gnome-mines (1:40.1-1) ...
Setting up gvfs-daemons (1.50.3-1) ...
Setting up libreoffice-help-common (4:7.4.7-1+deb12u10) ...
Setting up gcr (3.41.1-1+b1) ...
Created symlink /etc/systemd/user/graphical-session-pre.target.wants/gcr-ssh-agent.service → /usr/lib/systemd/user/gcr-ssh-agent.service.
Created symlink /etc/systemd/user/sockets.target.wants/gcr-ssh-agent.socket → /usr/lib/systemd/user/gcr-ssh-agent.socket.
Setting up libqt5quickwidgets5:amd64 (5.15.8+dfsg-3) ...
Setting up gir1.2-peas-1.0:amd64 (1.34.0-1+b1) ...
Setting up libqt5waylandcompositor5:amd64 (5.15.8-2) ...
Setting up gir1.2-wnck-3.0:amd64 (43.0-3) ...
Setting up xserver-xorg-input-wacom (1.1.0-1) ...
Setting up five-or-more (1:3.32.3-1) ...
Setting up libcolord-gtk4-1:amd64 (0.3.0-3.1) ...
Setting up libgssdp-1.6-0:amd64 (1.6.2-2) ...
Setting up gir1.2-gcr-3:amd64 (3.41.1-1+b1) ...
Setting up libgail-3-0:amd64 (3.24.38-2~deb12u3) ...
Setting up libkf5globalaccel5:amd64 (5.103.0-1) ...
Setting up libgnomekbd8:amd64 (3.28.1-1) ...
Setting up xserver-xorg-video-fbdev (1:0.5.0-2) ...
Setting up python3-oauthlib (3.2.2-1) ...
Setting up libshumate-1.0-1:amd64 (1.0.3-2) ...
Setting up pinentry-gnome3 (1.2.1-1) ...
Setting up libosinfo-1.0-0:amd64 (1.10.0-2) ...
Setting up xserver-xephyr (2:21.1.7-3+deb12u11) ...
Setting up gir1.2-gnomedesktop-3.0:amd64 (43.2-2) ...
Setting up gnome-system-monitor (42.0-2) ...
Setting up xserver-xorg-video-vmware (1:13.3.0-3.1+b1) ...
Setting up libayatana-appindicator3-1 (0.5.92-1) ...
Setting up xserver-xorg-video-intel (2:2.99.917+git20210115-1) ...
Setting up python3-pyatspi (2.46.0-2) ...
Setting up gir1.2-goa-1.0:amd64 (3.46.0-1) ...
Setting up gnome-bluetooth-sendto (42.5-3) ...
Setting up libkf5crash5:amd64 (5.103.0-1) ...
Setting up nautilus-extension-gnome-terminal:amd64 (3.46.8-1) ...
Setting up libgrilo-0.3-0:amd64 (0.3.15-1) ...
Setting up libgeocode-glib-2-0:amd64 (3.26.3-6) ...
Setting up libmalcontent-ui-1-1:amd64 (0.11.0-4) ...
Setting up baobab (43.0-1) ...
Setting up libgnome-bluetooth-ui-3.0-13:amd64 (42.5-3) ...
Setting up qml-module-org-kde-kcmutils:amd64 (5.103.0-3) ...
Setting up libreoffice-gnome (4:7.4.7-1+deb12u10) ...
debconf: unable to initialize frontend: Dialog
debconf: (No usable dialog-like program is installed, so the dialog based frontend cannot be used. at /usr/share/perl5/Debconf/FrontEnd/Dialog.pm line 78.)
debconf: falling back to frontend: Readline

Creating config file /etc/libreoffice/registry/gnome.xcd with new version
Setting up librhythmbox-core10:amd64 (3.4.6-2+b1) ...
Setting up gir1.2-soup-3.0:amd64 (3.2.3-0+deb12u2) ...
Setting up gir1.2-handy-1:amd64 (1.8.1-1) ...
Setting up librest-1.0-0:amd64 (0.9.1-6) ...
Setting up libsnapd-glib-2-1:amd64 (1.63-5) ...
Setting up libreoffice-impress (4:7.4.7-1+deb12u10) ...
debconf: unable to initialize frontend: Dialog
debconf: (No usable dialog-like program is installed, so the dialog based frontend cannot be used. at /usr/share/perl5/Debconf/FrontEnd/Dialog.pm line 78.)
debconf: falling back to frontend: Readline

Creating config file /etc/libreoffice/registry/impress.xcd with new version
debconf: unable to initialize frontend: Dialog
debconf: (No usable dialog-like program is installed, so the dialog based frontend cannot be used. at /usr/share/perl5/Debconf/FrontEnd/Dialog.pm line 78.)
debconf: falling back to frontend: Readline

Creating config file /etc/libreoffice/registry/ogltrans.xcd with new version
Setting up libwebkit2gtk-4.0-37:amd64 (2.50.4-1~deb12u1) ...
Setting up simple-scan (42.5-2) ...
Setting up xserver-xorg-video-vesa (1:2.5.0-1+b1) ...
Setting up gnome-text-editor (43.2-1) ...
Setting up gnome-disk-utility (43.0-1) ...
Setting up libreoffice-base-core (4:7.4.7-1+deb12u10) ...
Setting up libevdocument3-4:amd64 (43.1-2+b1) ...
Setting up libreoffice-help-en-us (4:7.4.7-1+deb12u10) ...
Setting up libqt5quicktemplates2-5:amd64 (5.15.8+dfsg-2) ...
Setting up orca (43.1-1) ...
Setting up cups-filters (1.28.17-3+deb12u2) ...
Setting up python3-uno (4:7.4.7-1+deb12u10) ...
debconf: unable to initialize frontend: Dialog
debconf: (No usable dialog-like program is installed, so the dialog based frontend cannot be used. at /usr/share/perl5/Debconf/FrontEnd/Dialog.pm line 78.)
debconf: falling back to frontend: Readline

Creating config file /etc/libreoffice/registry/pyuno.xcd with new version
Setting up libkf5service5:amd64 (5.103.0-1) ...
Setting up libedataserver-1.2-27:amd64 (3.46.4-2) ...
Setting up libsoup-gnome2.4-1:amd64 (2.74.3-1+deb12u1) ...
Setting up libkf5completion5:amd64 (5.103.0-1) ...
Setting up libkf5windowsystem5:amd64 (5.103.0-1) ...
Setting up rhythmbox (3.4.6-2+b1) ...
Setting up python3-lazr.restfulclient (0.14.5-1) ...
Setting up libkpmcore12 (22.12.3-1) ...
Setting up gir1.2-geocodeglib-2.0:amd64 (3.26.3-6) ...
Setting up qml-module-qtquick2:amd64 (5.15.8+dfsg-3) ...
Setting up libkf5iconthemes5:amd64 (5.103.0-1) ...
Setting up gnome-klotski (1:3.38.2-1) ...
Setting up libclutter-1.0-0:amd64 (1.26.4+dfsg-4) ...
Setting up libkf5auth5:amd64 (5.103.0-1) ...
Setting up gir1.2-rest-1.0:amd64 (0.9.1-6) ...
Setting up gnome-robots (1:40.0-2) ...
Setting up eog (43.2-1) ...
Setting up libgdata22:amd64 (0.18.1-2) ...
Setting up python3-pyqt5 (5.15.9+dfsg-1) ...
Setting up kwayland-integration:amd64 (5.27.5-2) ...
Setting up libtotem0:amd64 (43.0-2) ...
Setting up libreoffice-calc (4:7.4.7-1+deb12u10) ...
debconf: unable to initialize frontend: Dialog
debconf: (No usable dialog-like program is installed, so the dialog based frontend cannot be used. at /usr/share/perl5/Debconf/FrontEnd/Dialog.pm line 78.)
debconf: falling back to frontend: Readline

Creating config file /etc/libreoffice/registry/calc.xcd with new version
Setting up libecal-2.0-2:amd64 (3.46.4-2) ...
Setting up gnome-calculator (1:43.0.1-2) ...
Setting up gir1.2-rb-3.0:amd64 (3.4.6-2+b1) ...
Setting up libdmapsharing-3.0-2:amd64 (2.9.41-3+b1) ...
Setting up libxapp1:amd64 (2.4.2-3) ...
Setting up libmutter-11-0:amd64 (43.8-0+deb12u1) ...
Setting up libwebkit2gtk-4.1-0:amd64 (2.50.4-1~deb12u1) ...
Setting up shotwell (0.30.17-1+b1) ...
Setting up libclutter-gtk-1.0-0:amd64 (1.8.4-4+b1) ...
Setting up libgweather-4-0:amd64 (4.2.0-2) ...
Setting up gvfs:amd64 (1.50.3-1) ...
Setting up libreoffice-writer (4:7.4.7-1+deb12u10) ...
debconf: unable to initialize frontend: Dialog
debconf: (No usable dialog-like program is installed, so the dialog based frontend cannot be used. at /usr/share/perl5/Debconf/FrontEnd/Dialog.pm line 78.)
debconf: falling back to frontend: Readline

Creating config file /etc/libreoffice/registry/writer.xcd with new version
Setting up xserver-xorg-video-qxl (0.1.5+git20200331-3) ...
Setting up gir1.2-webkit2-4.1:amd64 (2.50.4-1~deb12u1) ...
Setting up libkf5notifications5:amd64 (5.103.0-1) ...
Setting up gnome-keyring (42.1-1+b2) ...
Created symlink /etc/systemd/user/graphical-session-pre.target.wants/gnome-keyring-daemon.service → /usr/lib/systemd/user/gnome-keyring-daemon.service.
Created symlink /etc/systemd/user/sockets.target.wants/gnome-keyring-daemon.socket → /usr/lib/systemd/user/gnome-keyring-daemon.socket.
Setting up cups (2.4.2-3+deb12u9) ...
debconf: unable to initialize frontend: Dialog
debconf: (No usable dialog-like program is installed, so the dialog based frontend cannot be used. at /usr/share/perl5/Debconf/FrontEnd/Dialog.pm line 78.)
debconf: falling back to frontend: Readline
Setting up libwebkitgtk-6.0-4:amd64 (2.50.4-1~deb12u1) ...
Setting up xserver-xorg-video-amdgpu (23.0.0-1) ...
Setting up xdg-desktop-portal-gnome (43.1-2) ...
Setting up qml-module-qtquick-templates2:amd64 (5.15.8+dfsg-2) ...
Setting up gnome-settings-daemon (43.0-4) ...
Setting up xapp-sn-watcher (2.4.2-3) ...
Setting up libkwalletbackend5-5:amd64 (5.103.0-1) ...
Setting up libkf5service-bin (5.103.0-1) ...
Setting up xserver-xorg (1:7.7+23) ...
Setting up libtracker-sparql-3.0-0:amd64 (3.4.2-1) ...
Setting up qtwayland5:amd64 (5.15.8-2) ...
Setting up libevview3-3:amd64 (43.1-2+b1) ...
Setting up xserver-xorg-video-nouveau (1:1.0.17-2) ...
Setting up libebook-contacts-1.2-4:amd64 (3.46.4-2) ...
Setting up xserver-xorg-input-libinput (1.2.1-1+b1) ...
Setting up libqt5quickcontrols2-5:amd64 (5.15.8+dfsg-2) ...
Setting up gnome-chess (1:43.1-1) ...
Setting up gnome-logs (43.0-1) ...
Setting up libgupnp-1.6-0:amd64 (1.6.3-1) ...
Setting up xserver-xorg-video-ati (1:19.1.0-3) ...
Setting up qml-module-qtquick-shapes:amd64 (5.15.8+dfsg-3) ...
Setting up gir1.2-shumate-1.0:amd64 (1.0.3-2) ...
Setting up kded5 (5.103.0-1) ...
Setting up libyelp0:amd64 (42.2-1+deb12u1) ...
Setting up seahorse (43.0-1) ...
Setting up gir1.2-adw-1:amd64 (1.2.2-1) ...
Setting up gir1.2-gweather-4.0:amd64 (4.2.0-2) ...
Setting up libkf5kcmutilscore5:amd64 (5.103.0-3) ...
Setting up libkf5textwidgets5:amd64 (5.103.0-1) ...
Setting up gir1.2-clutter-1.0:amd64 (1.26.4+dfsg-4) ...
Setting up zenity (3.44.0-1) ...
Setting up gir1.2-soup-2.4:amd64 (2.74.3-1+deb12u1) ...
Setting up libkf5iconthemes-bin (5.103.0-1) ...
Setting up xorg (1:7.7+23) ...
Setting up gkbd-capplet (3.28.1-1) ...
Setting up libkf5kirigami2-5 (5.103.0-1) ...
Setting up libgupnp-igd-1.0-4:amd64 (1.2.0-3) ...
Setting up gvfs-backends (1.50.3-1) ...
Setting up transmission-gtk (3.00-2.1+deb12u1) ...
Setting up libnice10:amd64 (0.1.21-1) ...
Setting up librygel-core-2.8-0:amd64 (0.42.1-1) ...
Setting up swell-foop (1:41.1-1) ...
Setting up python3-software-properties (0.99.30-4.1~deb12u1) ...
Setting up gir1.2-mutter-11:amd64 (43.8-0+deb12u1) ...
Setting up gnome-tweaks (42~beta-4) ...
Setting up libxapp-gtk3-module:amd64 (2.4.2-3) ...
Setting up libkf5kiocore5:amd64 (5.103.0-1+deb12u1) ...
Setting up gir1.2-totem-1.0:amd64 (43.0-2) ...
Setting up qml-module-qtgraphicaleffects:amd64 (5.15.8-2) ...
Setting up libkf5globalaccelprivate5:amd64 (5.103.0-1) ...
Setting up gir1.2-gtkclutter-1.0:amd64 (1.8.4-4+b1) ...
Setting up gir1.2-tracker-3.0:amd64 (3.4.2-1) ...
Setting up libedataserverui-1.2-4:amd64 (3.46.4-2) ...
Setting up libebackend-1.2-11:amd64 (3.46.4-2) ...
Setting up gnome-remote-desktop (43.3-1) ...
Setting up xserver-xorg-video-all (1:7.7+23) ...
Setting up rhythmbox-plugin-cdrecorder (3.4.6-2+b1) ...
Setting up gnome-2048 (3.38.2-3) ...
Setting up evince (43.1-2+b1) ...
Setting up gnome-shell (43.9-0+deb12u2) ...
Setting up gnome-shell-extension-appindicator (46-1) ...
Setting up gnome-nibbles (1:3.38.2-2+b1) ...
Setting up grilo-plugins-0.3:amd64 (0.3.15-2) ...
Setting up librygel-server-2.8-0:amd64 (0.42.1-1) ...
Setting up gnome-shell-extension-dashtodock (75-1) ...
Setting up quadrapassel (1:40.2-1) ...
Setting up gir1.2-evince-3.0:amd64 (43.1-2+b1) ...
Setting up gnome-characters (43.1-1+deb12u1) ...
Setting up libedata-cal-2.0-2:amd64 (3.46.4-2) ...
Setting up gnome-browser-connector (42.1-3) ...
Setting up libkf5wallet5:amd64 (5.103.0-1) ...
Setting up gvfs-fuse (1.50.3-1) ...
Setting up libclutter-gst-3.0-0:amd64 (3.0.27-3) ...
Setting up gnome-shell-extension-prefs (43.9-0+deb12u2) ...
Setting up libgoa-backend-1.0-1:amd64 (3.46.0-1) ...
Setting up gnome-session (43.0-1+deb12u1) ...
update-alternatives: using /usr/bin/gnome-session to provide /usr/bin/x-session-manager (x-session-manager) in auto mode
Setting up gnome-clocks (43.0-1) ...
Setting up gnome-games (1:43+1) ...
Setting up libkf5globalaccel-bin (5.103.0-1) ...
Setting up tracker (3.4.2-1) ...
Setting up libedataserverui4-1.0-0:amd64 (3.46.4-2) ...
Setting up gir1.2-webkit2-4.0:amd64 (2.50.4-1~deb12u1) ...
Setting up qml-module-qtquick-controls2:amd64 (5.15.8+dfsg-2) ...
Setting up gir1.2-grilo-0.3:amd64 (0.3.15-1) ...
Setting up gnome-maps (43.5-2~deb12u1) ...
Setting up xserver-xorg-input-all (1:7.7+23) ...
Setting up tracker-extract (3.4.3-1) ...
Created symlink /etc/systemd/user/default.target.wants/tracker-extract-3.service → /usr/lib/systemd/user/tracker-extract-3.service.
Setting up gnome-calendar (43.1-2) ...
Setting up gnome-online-accounts (3.46.0-1) ...
Setting up librygel-db-2.8-0:amd64 (0.42.1-1) ...
Setting up gnome-weather (43.0-1) ...
Setting up rhythmbox-plugins (3.4.6-2+b1) ...
Setting up qml-module-qtquick-controls:amd64 (5.15.8-2) ...
Setting up gnome-shell-extensions (43.1-1) ...
Setting up chrome-gnome-shell (42.1-3) ...
Setting up yelp (42.2-1+deb12u1) ...
Setting up totem (43.0-2) ...
Setting up libkf5xmlgui5:amd64 (5.103.0-1) ...
Setting up qml-module-org-kde-kirigami2 (5.103.0-1) ...
Setting up tracker-miner-fs (3.4.3-1) ...
Created symlink /etc/systemd/user/gnome-session.target.wants/tracker-miner-fs-3.service → /usr/lib/systemd/user/tracker-miner-fs-3.service.
Setting up libedata-book-1.2-27:amd64 (3.46.4-2) ...
Setting up librygel-renderer-2.8-0:amd64 (0.42.1-1) ...
Setting up libgstreamer-plugins-bad1.0-0:amd64 (1.22.0-4+deb12u6) ...
Setting up libkf5kiogui5:amd64 (5.103.0-1+deb12u1) ...
Setting up gstreamer1.0-plugins-bad:amd64 (1.22.0-4+deb12u6) ...
Setting up gir1.2-gst-plugins-bad-1.0:amd64 (1.22.0-4+deb12u6) ...
Setting up librygel-renderer-gst-2.8-0:amd64 (0.42.1-1) ...
Setting up libkf5wallet-bin (5.103.0-1) ...
Setting up gstreamer1.0-clutter-3.0:amd64 (3.0.27-3) ...
Setting up libebook-1.2-21:amd64 (3.46.4-2) ...
Setting up libcheese8:amd64 (43.0-1) ...
Setting up libges-1.0-0 (1.22.0-2) ...
Setting up gnome-sound-recorder (43~beta-1) ...
Setting up nautilus (43.2-1) ...
Setting up gnome-music (42.1-1) ...
Setting up libevolution (3.46.4-2+deb12u1) ...
Setting up evolution-data-server (3.46.4-2) ...
Setting up gnome-video-effects (0.5.0-1) ...
Setting up totem-plugins (43.0-2) ...
Setting up libkf5kiowidgets5:amd64 (5.103.0-1+deb12u1) ...
Setting up evolution (3.46.4-2+deb12u1) ...
Setting up gnome-user-docs (43.0-2) ...
Setting up evolution-plugins (3.46.4-2+deb12u1) ...
Setting up evolution-plugin-bogofilter (3.46.4-2+deb12u1) ...
Setting up rygel (0.42.1-1) ...
Setting up libcheese-gtk25:amd64 (43.0-1) ...
Setting up rygel-tracker (0.42.1-1) ...
Setting up kio (5.103.0-1+deb12u1) ...
Setting up libfolks-eds26:amd64 (0.15.5-2+b1) ...
Setting up gnome-sushi (43.0-2) ...
Setting up evolution-plugin-pstimport (3.46.4-2+deb12u1) ...
Setting up cheese (43.0-1) ...
Setting up libkf5parts5:amd64 (5.103.0-1) ...
Setting up rygel-playbin (0.42.1-1) ...
Setting up kactivitymanagerd (5.27.5-2) ...
Setting up libkf5plasma5:amd64 (5.103.0-1+deb12u1) ...
Setting up gnome-contacts (43.1-1) ...
Setting up libkf5runner5:amd64 (5.103.0-1) ...
Setting up libkf5declarative5:amd64 (5.103.0-1) ...
Setting up libkf5quickaddons5:amd64 (5.103.0-1) ...
Setting up libkf5newstuffcore5:amd64 (5.103.0-1) ...
Setting up libkf5kcmutils5:amd64 (5.103.0-3) ...
Setting up calamares (3.2.61-1+b1) ...
Setting up libkf5parts-plugins (5.103.0-1) ...
Setting up qml-module-org-kde-newstuff (5.103.0-1) ...
Setting up qml-module-org-kde-runnermodel (5.103.0-1) ...
Setting up qml-module-org-kde-kcm:amd64 (5.103.0-1) ...
Setting up kpackagelauncherqml (5.103.0-1) ...
Setting up systemsettings (4:5.27.5-2) ...
Setting up libwww-perl (6.68-1) ...
Setting up tasksel (3.73) ...
debconf: unable to initialize frontend: Dialog
debconf: (No usable dialog-like program is installed, so the dialog based frontend cannot be used. at /usr/share/perl5/Debconf/FrontEnd/Dialog.pm line 78.)
debconf: falling back to frontend: Readline
Setting up tasksel-data (3.73) ...
Setting up task-desktop (3.73) ...
Setting up liblwp-protocol-https-perl (6.10-1) ...
Setting up libxml-parser-perl (2.46-4) ...
Setting up libxml-twig-perl (1:3.52-2) ...
Setting up libnet-dbus-perl (1.2.0-2) ...
Processing triggers for systemd (252.39-1~deb12u1) ...
Processing triggers for dbus (1.14.10-1~deb12u1) ...
Processing triggers for udev (252.39-1~deb12u1) ...
Processing triggers for initramfs-tools (0.142+deb12u3) ...
Processing triggers for libc-bin (2.36-9+deb12u13) ...
Processing triggers for sgml-base (1.31) ...
Setting up sgml-data (2.0.11+nmu1) ...
Setting up polkitd (122-3) ...
Creating group 'polkitd' with GID 997.
Creating user 'polkitd' (polkit) with UID 997 and GID 997.
Running in chroot, ignoring request.
invoke-rc.d: policy-rc.d denied execution of reload.
start-stop-daemon: unable to stat /usr/libexec/polkitd (No such file or directory)
Setting up policykit-1-gnome (0.105-8) ...
Setting up rtkit (0.13-5) ...
Running in chroot, ignoring request.
invoke-rc.d: policy-rc.d denied execution of force-reload.
Setting up colord (1.4.6-2.2) ...
Setting up pkexec (122-3) ...
Setting up network-manager (1.42.4-1+deb12u1) ...
Created symlink /etc/systemd/system/dbus-org.freedesktop.nm-dispatcher.service → /lib/systemd/system/NetworkManager-dispatcher.service.
Created symlink /etc/systemd/system/network-online.target.wants/NetworkManager-wait-online.service → /lib/systemd/system/NetworkManager-wait-online.service.
Created symlink /etc/systemd/system/multi-user.target.wants/NetworkManager.service → /lib/systemd/system/NetworkManager.service.
Setting up malcontent (0.11.0-4) ...
Setting up malcontent-gui (0.11.0-4) ...
Setting up synaptic (0.91.3) ...
Setting up gnome-initial-setup (43.2-6) ...
Setting up gdm3 (43.0-3) ...
debconf: unable to initialize frontend: Dialog
debconf: (No usable dialog-like program is installed, so the dialog based frontend cannot be used. at /usr/share/perl5/Debconf/FrontEnd/Dialog.pm line 78.)
debconf: falling back to frontend: Readline

Creating config file /etc/gdm3/greeter.dconf-defaults with new version
update-alternatives: using /etc/pam.d/gdm-smartcard-sssd-exclusive to provide /etc/pam.d/gdm-smartcard (gdm-smartcard) in auto mode
Running in chroot, ignoring request.
invoke-rc.d: policy-rc.d denied execution of reload.
Setting up packagekit (1.2.6-5) ...
Running in chroot, ignoring request.
invoke-rc.d: policy-rc.d denied execution of force-reload.
Failed to open connection to "system" message bus: Failed to connect to socket /run/dbus/system_bus_socket: No such file or directory
Created symlink /etc/systemd/user/sockets.target.wants/pk-debconf-helper.socket → /usr/lib/systemd/user/pk-debconf-helper.socket.
Setting up gnome-color-manager (3.36.0-1+b1) ...
Setting up modemmanager (1.20.4-1) ...
Created symlink /etc/systemd/system/dbus-org.freedesktop.ModemManager1.service → /lib/systemd/system/ModemManager.service.
Created symlink /etc/systemd/system/multi-user.target.wants/ModemManager.service → /lib/systemd/system/ModemManager.service.
Setting up packagekit-tools (1.2.6-5) ...
Setting up gnome-control-center (1:43.6-2~deb12u1) ...
Setting up timeshift (22.11.2-1+deb12u1) ...
Setting up network-manager-gnome (1.30.0-2) ...
Setting up software-properties-common (0.99.30-4.1~deb12u1) ...
Setting up gstreamer1.0-packagekit (1.2.6-5) ...
update-alternatives: using /usr/libexec/pk-gstreamer-install to provide /usr/bin/gstreamer-codec-install (gstreamer-codec-install) in auto mode
Setting up software-properties-gtk (0.99.30-4.1~deb12u1) ...
Setting up gnome-software (43.5-1~deb12u1) ...
Setting up gnome-core (1:43+1) ...
Setting up gnome (1:43+1) ...
Setting up task-gnome-desktop (3.73) ...
Processing triggers for sgml-base (1.31) ...
Setting up docbook-xml (4.5-12) ...
Processing triggers for dictionaries-common (1.29.5) ...
debconf: unable to initialize frontend: Dialog
debconf: (No usable dialog-like program is installed, so the dialog based frontend cannot be used. at /usr/share/perl5/Debconf/FrontEnd/Dialog.pm line 78.)
debconf: falling back to frontend: Readline
aspell-autobuildhash: processing: en [en-common].
aspell-autobuildhash: processing: en [en-variant_0].
aspell-autobuildhash: processing: en [en-variant_1].
aspell-autobuildhash: processing: en [en-variant_2].
aspell-autobuildhash: processing: en [en-w_accents-only].
aspell-autobuildhash: processing: en [en-wo_accents-only].
aspell-autobuildhash: processing: en [en_AU-variant_0].
aspell-autobuildhash: processing: en [en_AU-variant_1].
aspell-autobuildhash: processing: en [en_AU-w_accents-only].
aspell-autobuildhash: processing: en [en_AU-wo_accents-only].
aspell-autobuildhash: processing: en [en_CA-variant_0].
aspell-autobuildhash: processing: en [en_CA-variant_1].
aspell-autobuildhash: processing: en [en_CA-w_accents-only].
aspell-autobuildhash: processing: en [en_CA-wo_accents-only].
aspell-autobuildhash: processing: en [en_GB-ise-w_accents-only].
aspell-autobuildhash: processing: en [en_GB-ise-wo_accents-only].
aspell-autobuildhash: processing: en [en_GB-ize-w_accents-only].
aspell-autobuildhash: processing: en [en_GB-ize-wo_accents-only].
aspell-autobuildhash: processing: en [en_GB-variant_0].
aspell-autobuildhash: processing: en [en_GB-variant_1].
aspell-autobuildhash: processing: en [en_US-w_accents-only].
aspell-autobuildhash: processing: en [en_US-wo_accents-only].
Processing triggers for shim-signed:amd64 (1.44~1+deb12u1+15.8-1~deb12u1) ...
Processing triggers for libgdk-pixbuf-2.0-0:amd64 (2.42.10+dfsg-1+deb12u3) ...
Processing triggers for rygel (0.42.1-1) ...
Processing triggers for dbus (1.14.10-1~deb12u1) ...
Processing triggers for libc-bin (2.36-9+deb12u13) ...
Processing triggers for sgml-base (1.31) ...
Package installation attempt 2 of 3...
Reading package lists...
Building dependency tree...
Reading state information...
sudo is already the newest version (1.9.13p3-1+deb12u3).
systemd is already the newest version (252.39-1~deb12u1).
systemd-sysv is already the newest version (252.39-1~deb12u1).
linux-image-amd64 is already the newest version (6.1.162-1).
grub-efi-amd64 is already the newest version (2.06-13+deb12u1).
grub-efi-amd64-bin is already the newest version (2.06-13+deb12u1).
shim-signed is already the newest version (1.44~1+deb12u1+15.8-1~deb12u1).
plymouth is already the newest version (22.02.122-3).
plymouth-themes is already the newest version (22.02.122-3).
calamares is already the newest version (3.2.61-1+b1).
network-manager is already the newest version (1.42.4-1+deb12u1).
xdg-utils is already the newest version (1.1.3-4.1).
python3 is already the newest version (3.11.2-1+b1).
python3-pyqt5 is already the newest version (5.15.9+dfsg-1).
curl is already the newest version (7.88.1-10+deb12u14).
ca-certificates is already the newest version (20230311+deb12u1).
unzip is already the newest version (6.0-28).
timeshift is already the newest version (22.11.2-1+deb12u1).
power-profiles-daemon is already the newest version (0.12-1+b1).
unattended-upgrades is already the newest version (2.9.1+nmu3).
apt-listchanges is already the newest version (3.24).
fwupd is already the newest version (1.8.12-2).
mesa-vulkan-drivers is already the newest version (22.3.6-1+deb12u1).
mesa-utils is already the newest version (8.5.0-1).
firmware-linux is already the newest version (20230210-5).
firmware-linux-nonfree is already the newest version (20230210-5).
firmware-iwlwifi is already the newest version (20230210-5).
live-boot is already the newest version (1:20230131+deb12u1).
live-boot-initramfs-tools is already the newest version (1:20230131+deb12u1).
live-config is already the newest version (11.0.3+nmu1).
live-config-systemd is already the newest version (11.0.3+nmu1).
wmctrl is already the newest version (1.07-7+b1).
task-gnome-desktop is already the newest version (3.73).
gdm3 is already the newest version (43.0-3).
gnome-initial-setup is already the newest version (43.2-6).
gnome-software is already the newest version (43.5-1~deb12u1).
gnome-tweaks is already the newest version (42~beta-4).
gnome-shell-extension-dashtodock is already the newest version (75-1).
gnome-shell-extension-appindicator is already the newest version (46-1).
0 upgraded, 0 newly installed, 0 to remove and 2 not upgraded.
Package installation successful on attempt 2
===== PACKAGE INSTALLATION COMPLETE =====
Installing live-tools with conflict workaround...
Reading package lists...
Building dependency tree...
Reading state information...
Suggested packages:
  debian-installer-launcher
The following NEW packages will be installed:
  live-tools
0 upgraded, 1 newly installed, 0 to remove and 2 not upgraded.
Need to get 26.1 kB of archives.
After this operation, 108 kB of additional disk space will be used.
Get:1 http://deb.debian.org/debian bookworm/main amd64 live-tools all 1:20190831.1 [26.1 kB]
debconf: delaying package configuration, since apt-utils is not installed
Fetched 26.1 kB in 1s (39.7 kB/s)
(Reading database ... (Reading database ... 5%(Reading database ... 10%(Reading database ... 15%(Reading database ... 20%(Reading database ... 25%(Reading database ... 30%(Reading database ... 35%(Reading database ... 40%(Reading database ... 45%(Reading database ... 50%(Reading database ... 55%(Reading database ... 60%(Reading database ... 65%(Reading database ... 70%(Reading database ... 75%(Reading database ... 80%(Reading database ... 85%(Reading database ... 90%(Reading database ... 95%(Reading database ... 100%(Reading database ... 155669 files and directories currently installed.)
Preparing to unpack .../live-tools_1%3a20190831.1_all.deb ...
dpkg-divert: error: 'diversion of /usr/sbin/update-initramfs to /usr/sbin/update-initramfs.orig.initramfs-tools by live-tools' clashes with 'local diversion of /usr/sbin/update-initramfs to /usr/sbin/update-initramfs.disabled'
dpkg: error processing archive /var/cache/apt/archives/live-tools_1%3a20190831.1_all.deb (--unpack):
 new live-tools package pre-installation script subprocess returned error exit status 2
Errors were encountered while processing:
 /var/cache/apt/archives/live-tools_1%3a20190831.1_all.deb
E: Sub-process /usr/bin/dpkg returned an error code (1)
Detected dpkg diversion conflict, applying workaround...
Removing 'local diversion of /usr/sbin/update-initramfs to /usr/sbin/update-initramfs.disabled'
Reading package lists...
Building dependency tree...
Reading state information...
Suggested packages:
  debian-installer-launcher
The following NEW packages will be installed:
  live-tools
debconf: delaying package configuration, since apt-utils is not installed
0 upgraded, 1 newly installed, 0 to remove and 2 not upgraded.
Need to get 0 B/26.1 kB of archives.
After this operation, 108 kB of additional disk space will be used.
(Reading database ... (Reading database ... 5%(Reading database ... 10%(Reading database ... 15%(Reading database ... 20%(Reading database ... 25%(Reading database ... 30%(Reading database ... 35%(Reading database ... 40%(Reading database ... 45%(Reading database ... 50%(Reading database ... 55%(Reading database ... 60%(Reading database ... 65%(Reading database ... 70%(Reading database ... 75%(Reading database ... 80%(Reading database ... 85%(Reading database ... 90%(Reading database ... 95%(Reading database ... 100%(Reading database ... 155668 files and directories currently installed.)
Preparing to unpack .../live-tools_1%3a20190831.1_all.deb ...
Unpacking live-tools (1:20190831.1) ...
Setting up live-tools (1:20190831.1) ...
update-rc.d: warning: start and stop actions are no longer supported; falling back to defaults
update-rc.d: warning: start runlevel arguments (none) do not match live-tools Default-Start values (S)
Created symlink /etc/systemd/system/multi-user.target.wants/live-tools.service → /lib/systemd/system/live-tools.service.
Processing triggers for man-db (2.11.2-2) ...
Skipping live-tools (broken package in Debian 12)
Removing 'diversion of /usr/sbin/update-initramfs to /usr/sbin/update-initramfs.orig.initramfs-tools by live-tools'
Removing 'local diversion of /sbin/depmod to /sbin/depmod.disabled'
[BUILD] Reconfiguring live-boot-initramfs-tools to register hooks
Reading package lists...
Building dependency tree...
Reading state information...
0 upgraded, 0 newly installed, 0 to remove and 2 not upgraded.
[BUILD] Generating initramfs with live-boot support
[BUILD] Creating fresh initramfs for 6.1.0-42-amd64 with live-boot hooks
[BUILD] Creating fresh initramfs for 6.1.0-43-amd64 with live-boot hooks
===== CHROOT INSTALLATION SCRIPT COMPLETE =====
[BUILD] Writing Solvionyx OS identity
[BUILD] Installing Solvionyx logo + wallpapers + GNOME overrides
[BUILD] Syncing Plymouth → GDM → Desktop visuals (Solvionyx Aurora)
[BUILD] Installing Solvionyx GDM theme override (CSS)
[BUILD] Rebranding GNOME Software (hide original launcher)
[BUILD] Installing Solvionyx Control Center (if present)
[BUILD] Configuring Plymouth (Solvionyx OEM splash)
update-alternatives: using /usr/share/plymouth/themes/solvionyx/solvionyx.plymouth to provide /usr/share/plymouth/themes/default.plymouth (default.plymouth) in auto mode
[BUILD] Removing Debian branding and enforcing Solvionyx identity
[BUILD] Installing Solvionyx audio branding (if present)
[BUILD] Configuring Calamares (branding + slideshow + post-install cleanup)
[BUILD] Configuring Calamares with repository settings
[BUILD]   Copied module configs from branding
[BUILD] Copying additional Calamares module configurations from repository root
[BUILD]   Copied partition.conf
[BUILD]   Copied bootloader.conf
[BUILD]   Copied keyboard.conf
[BUILD]   Copied locale.conf
[BUILD]   Copied unpackfs.conf
[BUILD]   Copied welcome.conf
[BUILD]   Copied finished.conf
[BUILD]   Copied displaymanager.conf
[BUILD]   Copied network.conf as networkcfg.conf
[BUILD]   Copied services.conf as services-systemd.conf
[BUILD]   Created OEM OOBE-compatible settings.conf
[BUILD] WARNING: Missing Calamares branding.desc in repo copy; creating minimal fallback.
[BUILD] Installing Solvionyx OEM OOBE (first boot user creation)
[BUILD] Configuring live user via systemd (no live-boot needed)
Created symlink /etc/systemd/system/graphical.target.wants/solvionyx-gdm-config.service → /etc/systemd/system/solvionyx-gdm-config.service.
Running in chroot, ignoring command 'daemon-reload'
Created symlink /etc/systemd/system/multi-user.target.wants/dev-pts.mount → /etc/systemd/system/dev-pts.mount.
Running in chroot, ignoring command 'daemon-reexec'
Running in chroot, ignoring command 'daemon-reload'
[BUILD] Installing TTY fallback helper
[BUILD] Enabling unattended upgrades + performance services
[BUILD] Cleaning apt cache + machine-id (live hygiene)
[BUILD] Initrd not found, generating manually...
[BUILD] Generating initrd for kernel 6.1.0-42-amd64
W: No zstd in /usr/bin:/sbin:/bin, using gzip
live-boot: core filesystems dm-verity devices utils udev blockdev dns.
[BUILD] Detected kernel version: 6.1.0-42-amd64
[BUILD] Unmounting chroot virtual filesystems before SquashFS
[BUILD] Creating filesystem.squashfs
[BUILD] squashfs-tools lacks zstd support; falling back to xz
Parallel mksquashfs: Using 8 processors
Creating 4.0 filesystem on /root/solvionyx-build/solvionyx_build/iso/live/filesystem.squashfs, block size 131072.
[/                                                           ]     0/10501   0%[=\                                                        ]   3200/164441   1%[===-                                                      ]  10000/164441   6%[=====\                                                    ]  16400/164441   9%[========\                                                 ]  23600/164441  14%[=========-                                                ]  26200/164441  15%[=================-                                        ]  49100/164441  29%[=================\                                        ]  49200/164441  29%[===============================================|          ] 137300/164441  83%Unrecognised xattr prefix system.posix_acl_access
Unrecognised xattr prefix system.posix_acl_default

[=========================================================|] 164441/164441 100%

Exportable Squashfs 4.0 filesystem, gzip compressed, data block size 131072
	compressed data, compressed metadata, compressed fragments,
	compressed xattrs, compressed ids
	duplicates are removed
Filesystem size 1734001.42 Kbytes (1693.36 Mbytes)
	34.47% of uncompressed filesystem size (5030854.23 Kbytes)
Inode table size 1798535 bytes (1756.38 Kbytes)
	29.87% of uncompressed inode table size (6020385 bytes)
Directory table size 1781312 bytes (1739.56 Kbytes)
	40.45% of uncompressed directory table size (4403526 bytes)
Xattr table size 36 bytes (0.04 Kbytes)
	90.00% of uncompressed xattr table size (40 bytes)
Number of duplicate files found 7863
Number of inodes 167186
Number of files 137397
Number of fragments 11750
Number of symbolic links 17522
Number of device nodes 8
Number of fifo nodes 0
Number of socket nodes 0
Number of directories 12259
Number of hard-links 32
Number of ids (unique uids + gids) 29
Number of uids 13
	root (0)
	moonbridge (1000)
	unknown (109)
	_apt (42)
	unknown (997)
	unknown (108)
	unknown (999)
	syslog (102)
	unknown (106)
	man (6)
	unknown (111)
	uuidd (103)
	messagebus (101)
Number of gids 23
	root (0)
	moonbridge (1000)
	dip (30)
	unknown (109)
	shadow (42)
	unknown (108)
	systemd-journal (999)
	nogroup (65534)
	admin (106)
	audio (29)
	mail (8)
	unknown (112)
	landscape (105)
	staff (50)
	unknown (115)
	man (12)
	unknown (122)
	unknown (120)
	unknown (110)
	unknown (119)
	netdev (107)
	adm (4)
	utmp (43)
[BUILD] Placing EFI bootloaders
[BUILD] Checking for systemd UKI stub (optional)
[BUILD] UKI stub not present — skipping UKI (Debian-safe)
[BUILD] Creating EFI System Partition image
256+0 records in
256+0 records out
268435456 bytes (268 MB, 256 MiB) copied, 0.361199 s, 743 MB/s
mkfs.fat 4.2 (2021-01-31)
[BUILD] Building ISO (UEFI bootable)
xorriso 1.5.6 : RockRidge filesystem manipulator, libburnia project.

Drive current: -outdev 'stdio:/root/solvionyx-build/solvionyx_build/Solvionyx-Aurora-gnome-2026.02.15.iso'
Media current: stdio file, overwriteable
Media status : is blank
Media summary: 0 sessions, 0 data blocks, 0 data,  944g free
xorriso : WARNING : -volid text does not comply to ISO 9660 / ECMA 119 rules
Added to ISO image: directory '/'='/root/solvionyx-build/solvionyx_build/iso'
xorriso : UPDATE :      10 files added in 1 seconds
xorriso : UPDATE :      10 files added in 1 seconds
xorriso : WARNING : Boot image load size exceeds 65535 blocks of 512 bytes. Will record 0 in El Torito to extend ESP to end-of-medium.
xorriso : UPDATE :  2.32% done
xorriso : UPDATE :  14.87% done
xorriso : UPDATE :  19.23% done
xorriso : UPDATE :  23.49% done, estimate finish Sun Feb 15 03:39:10 2026
xorriso : UPDATE :  32.28% done, estimate finish Sun Feb 15 03:39:08 2026
xorriso : UPDATE :  41.98% done, estimate finish Sun Feb 15 03:39:08 2026
xorriso : UPDATE :  61.18% done, estimate finish Sun Feb 15 03:39:07 2026
xorriso : UPDATE :  82.09% done, estimate finish Sun Feb 15 03:39:06 2026
xorriso : UPDATE :  92.74% done
ISO image produced: 1056144 sectors
Written to medium : 1056144 sectors at LBA 0
Writing to 'stdio:/root/solvionyx-build/solvionyx_build/Solvionyx-Aurora-gnome-2026.02.15.iso' completed successfully.

[BUILD] Preparing Secure Boot signed ISO payload
xorriso 1.5.6 : RockRidge filesystem manipulator, libburnia project.

Copying of file objects from ISO image to disk filesystem is: Enabled
xorriso : NOTE : Loading ISO image tree from LBA 0
xorriso : UPDATE :      11 nodes read in 1 seconds
xorriso : NOTE : Detected El-Torito boot information which currently is set to be discarded
Drive current: -indev '/root/solvionyx-build/solvionyx_build/Solvionyx-Aurora-gnome-2026.02.15.iso'
Media current: stdio file, overwriteable
Media status : is written , is appendable
Boot record  : El Torito
Media summary: 1 session, 1056144 data blocks, 2063m data,  942g free
Volume id    : 'Solvionyx-gnome-20260215'
xorriso : UPDATE :       7 files restored ( 180.1m) in 1 seconds , 136.2xD
xorriso : UPDATE :       7 files restored ( 344.0m) in 2 seconds , 124.1xD
xorriso : UPDATE :       7 files restored ( 614.0m) in 3 seconds , 204.4xD
xorriso : UPDATE :       7 files restored (1153.6m) in 4 seconds , 408.5xD
xorriso : UPDATE :       8 files restored (1708.3m) in 5 seconds , 419.8xD
xorriso : UPDATE :      11 files restored (2062.4m) in 6 seconds = 265.1xD
Extracted from ISO image: file '/'='/root/solvionyx-build/solvionyx_build/signed-iso'
warning: data remaining[833960 vs 960080]: gaps between PE/COFF sections?
Image was already signed; adding additional signature
Image was already signed; adding additional signature
256+0 records in
256+0 records out
268435456 bytes (268 MB, 256 MiB) copied, 0.470645 s, 570 MB/s
mkfs.fat 4.2 (2021-01-31)
[BUILD] Building final signed ISO
xorriso 1.5.6 : RockRidge filesystem manipulator, libburnia project.

Drive current: -outdev 'stdio:/root/solvionyx-build/solvionyx_build/secureboot-Solvionyx-Aurora-gnome-2026.02.15.iso'
Media current: stdio file, overwriteable
Media status : is blank
Media summary: 0 sessions, 0 data blocks, 0 data,  940g free
xorriso : WARNING : -volid text does not comply to ISO 9660 / ECMA 119 rules
Added to ISO image: directory '/'='/root/solvionyx-build/solvionyx_build/signed-iso'
xorriso : UPDATE :      11 files added in 1 seconds
xorriso : UPDATE :      11 files added in 1 seconds
xorriso : WARNING : Boot image load size exceeds 65535 blocks of 512 bytes. Will record 0 in El Torito to extend ESP to end-of-medium.
xorriso : UPDATE :  1.99% done
xorriso : UPDATE :  41.58% done
xorriso : UPDATE :  72.06% done
ISO image produced: 1056146 sectors
Written to medium : 1056146 sectors at LBA 0
Writing to 'stdio:/root/solvionyx-build/solvionyx_build/secureboot-Solvionyx-Aurora-gnome-2026.02.15.iso' completed successfully.

[BUILD] SIGNED BUILD COMPLETE — gnome → /root/solvionyx-build/solvionyx_build/secureboot-Solvionyx-Aurora-gnome-2026.02.15.iso.xz
